[CMD] pytest -m "avg_pool2d" --record json --output accuracy_avg_pool2d.json --ref cpu --continue-on-collection-errors -vs
[CWD] /workspace/FlagGems/tests

XCCL /root/miniconda/envs/python310_torch29_cuda/lib/python3.10/site-packages/torch_xmlir/libbkcl.so loaded
[35mSYMBOL_REWRITE [0m[32mtorch success[0m
Processing function: avg_pool2d_forward_kernel
Removed 196 operations, kept essential structure
Processing function: avg_pool2d_forward_kernel
Removed 193 operations, kept essential structure
Processing function: avg_pool2d_forward_kernel
Removed 269 operations, kept essential structure
Processing function: avg_pool2d_forward_kernel
Removed 196 operations, kept essential structure
Processing function: avg_pool2d_forward_kernel
Removed 122 operations, kept essential structure
Processing function: avg_pool2d_forward_kernel
Removed 196 operations, kept essential structure
Processing function: avg_pool2d_forward_kernel
Removed 130 operations, kept essential structure
Processing function: avg_pool2d_forward_kernel
Removed 133 operations, kept essential structure
Processing function: avg_pool2d_forward_kernel
Removed 185 operations, kept essential structure
Processing function: avg_pool2d_forward_kernel
Removed 182 operations, kept essential structure
Processing function: avg_pool2d_forward_kernel
Removed 252 operations, kept essential structure
Processing function: avg_pool2d_forward_kernel
Removed 185 operations, kept essential structure
Processing function: avg_pool2d_forward_kernel
Removed 116 operations, kept essential structure
Processing function: avg_pool2d_forward_kernel
Removed 185 operations, kept essential structure
Processing function: avg_pool2d_forward_kernel
Removed 124 operations, kept essential structure
Processing function: avg_pool2d_forward_kernel
Removed 127 operations, kept essential structure
Processing function: avg_pool2d_forward_kernel
Removed 196 operations, kept essential structure
Processing function: avg_pool2d_forward_kernel
Removed 193 operations, kept essential structure
Processing function: avg_pool2d_forward_kernel
Removed 269 operations, kept essential structure
Processing function: avg_pool2d_forward_kernel
Removed 196 operations, kept essential structure
Processing function: avg_pool2d_forward_kernel
Removed 122 operations, kept essential structure
Processing function: avg_pool2d_forward_kernel
Removed 196 operations, kept essential structure
Processing function: avg_pool2d_forward_kernel
Removed 130 operations, kept essential structure
Processing function: avg_pool2d_forward_kernel
Removed 133 operations, kept essential structure
