============================= test session starts ==============================
platform linux -- Python 3.10.18, pytest-9.1.1, pluggy-1.6.0
rootdir: /workspace/FlagGems
configfile: pytest.ini
plugins: anyio-4.9.0, typeguard-4.3.0
collected 951 items / 950 deselected / 1 selected

test_fmod_.py F                                                          [100%]

=================================== FAILURES ===================================
__________________________________ test_fmod_ __________________________________

a = tensor([[-1.2031, -0.2207,  0.0786,  ...,  0.3848,  0.4062, -1.4375],
        [ 0.9414,  0.8555,  0.2236,  ...,  0.898...],
        [ 0.2217,  0.3008, -0.5469,  ...,  1.3281,  1.2656, -0.3398]],
       device='cuda:0', dtype=torch.bfloat16)
b = tensor([[ 1.5938, -0.5234,  1.6875,  ...,  1.9922,  0.9023, -0.4648],
        [-1.1641,  0.0309,  0.8984,  ...,  0.640...],
        [-0.8633, -0.2461,  0.7188,  ..., -0.2852, -0.2754, -1.8906]],
       device='cuda:0', dtype=torch.bfloat16)

>       torch_op=lambda a, b: a.fmod_(b),
        dtypes=consts.FLOAT_DTYPES,
    )
E   RuntimeError: [NOT IMPLEMENTED]: error code= 4(at /home/agent/xpytorch/workspace/8ba19c15-fc11-4377-85f3-84daf8eaab09/XMLIR/build/python/torch_xmlir/csrc/aten_codegen/generated/CUDANativeFunctions.cpp:7293)

test_fmod_.py:29: RuntimeError

During handling of the above exception, another exception occurred:

    @pytest.mark.fmod_
    @pytest.mark.skipif(
        flag_gems.vendor_name == "tsingmicro", reason="Issue #4131: not working"
    )
    def test_fmod_():
        bench = base.BinaryPointwiseBenchmark(
            op_name="fmod_",
            torch_op=lambda a, b: a.fmod_(b),
            dtypes=consts.FLOAT_DTYPES,
        )
>       bench.run()

test_fmod_.py:32: 
_ _ _ _ _ _ _ _ _ _ _ _ _ _ _ _ _ _ _ _ _ _ _ _ _ _ _ _ _ _ _ _ _ _ _ _ _ _ _ _ 

self = <benchmark.base.BinaryPointwiseBenchmark object at 0x7f49520975e0>

    def run(self):
        if Config.query:
            self.init_default_config()
            attri = OperationAttribute(
                op_name=self.op_name,
                recommended_core_shapes=self.shapes,
                shape_desc=self.shape_desc,
            )
            print(attri)
            emit_record_logger(attri.to_dict())
            return
    
        self.init_user_config()
        for dtype in self.to_bench_dtypes:
            metrics = []
            input_iter = self.get_input_iter(dtype)
    
            done = False
            while not done:
                try:
                    input = next(input_iter)
                except StopIteration:
                    done = True
                    continue
                except (RuntimeError, Exception) as e:
                    print(
                        f"\033[31mFAILED\033[0m: Operator={self.op_name} "
                        "dtype={dtype} err=<<<{e}>>>"
                    )
                    pytest.fail(str(e))
    
                metric = BenchmarkMetrics()
                try:
                    args, kwargs = self.unpack_to_args_kwargs(input)
                    metric.shape_detail = self.record_shapes(*args, **kwargs)
                    if "latency_base" in self.to_bench_metrics:
                        metric.latency_base = self.get_latency(
                            self.torch_op, *args, **kwargs
                        )
                    if "latency" in self.to_bench_metrics:
                        if self.gems_op:
                            metric.latency = self.get_latency(
                                self.gems_op, *args, **kwargs
                            )
                        else:
                            if self.op_name == "zero_":
                                with flag_gems.use_gems():
                                    metric.latency = self.get_latency(
                                        self.torch_op, *args, **kwargs
                                    )
                            else:
                                # exclude flaggems' zero_ to avoid the overhead of zero_
                                # in do_bench's clear_cache
                                with flag_gems.use_gems(exclude=["zero_"]):
                                    metric.latency = self.get_latency(
                                        self.torch_op, *args, **kwargs
                                    )
                    if "speedup" in self.to_bench_metrics:
                        metric.speedup = metric.latency_base / metric.latency
    
                    if "gbps" in self.to_bench_metrics:
                        metric.gbps_base = self.get_gbps(
                            args, latency=metric.latency_base
                        )
                        metric.gbps = self.get_gbps(args, latency=metric.latency)
    
                    if "tflops" in self.to_bench_metrics:
                        metric.tflops = (
                            self.get_tflops(self.torch_op, *args, **kwargs)
                            / metric.latency
                            / 1e12
                            * 1e3
                        )
                        # utilization = metric.tflops / metric.latency / 1e12 * 1e3
                except (RuntimeError, Exception) as e:
                    metric.error_msg = str(e)
>                   pytest.fail(str(e))  # raise exception again
E                   Failed: [NOT IMPLEMENTED]: error code= 4(at /home/agent/xpytorch/workspace/8ba19c15-fc11-4377-85f3-84daf8eaab09/XMLIR/build/python/torch_xmlir/csrc/aten_codegen/generated/CUDANativeFunctions.cpp:7293)

base.py:480: Failed
----------------------------- Captured stdout call -----------------------------

Operator: fmod_  Performance Test (dtype=torch.float16, mode=kernel,level=core)
Status       Torch Latency (ms)    Gems Latency (ms)         Gems Speedup               TFLOPS          Size Detail
--------------------------------------------------------------------------------------------------------------------
SUCCESS               0.006806            0.006845               0.994               0.001          [torch.Size([64, 64]), torch.Size([64, 64])]
SUCCESS               0.597284            5.080096               0.118               0.007          [torch.Size([4096, 4096]), torch.Size([4096, 4096])]
SUCCESS               0.597657            5.122039               0.117               0.007          [torch.Size([64, 512, 512]), torch.Size([64, 512, 512])]


Operator: fmod_  Performance Test (dtype=torch.float32, mode=kernel,level=core)
Status       Torch Latency (ms)    Gems Latency (ms)         Gems Speedup               TFLOPS          Size Detail
--------------------------------------------------------------------------------------------------------------------
SUCCESS               0.006639            0.005679               1.169               0.001          [torch.Size([64, 64]), torch.Size([64, 64])]
SUCCESS               0.578528            3.514768               0.165               0.010          [torch.Size([4096, 4096]), torch.Size([4096, 4096])]
SUCCESS               0.576966            3.500201               0.165               0.010          [torch.Size([64, 512, 512]), torch.Size([64, 512, 512])]

[[31mERROR[0m][XDNN_PYTORCH][/home/agent/xpytorch/workspace/8ba19c15-fc11-4377-85f3-84daf8eaab09/XMLIR/xdnn_pytorch/src/xdnn_pytorch_wrapper/fmod.cpp:56]scalar type of ret : kbfloat16 is unsupported in xdnn_pytorch_wrapper !

[XDNN_UNIMPLEMENTED][/home/agent/xpytorch/workspace/8ba19c15-fc11-4377-85f3-84daf8eaab09/XMLIR/xdnn_pytorch/src/xdnn_pytorch_wrapper/fmod.cpp:56]
=========================== short test summary info ============================
FAILED test_fmod_.py::test_fmod_ - Failed: [NOT IMPLEMENTED]: error code= 4(a...
====================== 1 failed, 950 deselected in 18.87s ======================
