============================= test session starts ==============================
platform linux -- Python 3.10.18, pytest-9.1.1, pluggy-1.6.0
rootdir: /workspace/FlagGems
configfile: pytest.ini
plugins: anyio-4.9.0, typeguard-4.3.0
collected 951 items / 950 deselected / 1 selected

test_conv_depthwise2d.py F                                               [100%]

=================================== FAILURES ===================================
____________________________ test_conv_depthwise2d _____________________________

shape = (64, 64), dtype = torch.float16, device = 'cuda'

    def _input_fn(shape, dtype, device):
>       (
            batch,
            channels,
            input_h,
            input_w,
            kernel_h,
            kernel_w,
            stride,
            padding,
            dilation,
        ) = shape
E       ValueError: not enough values to unpack (expected 9, got 2)

test_conv_depthwise2d.py:33: ValueError

During handling of the above exception, another exception occurred:

    @pytest.mark.conv_depthwise2d
    def test_conv_depthwise2d():
        torch.backends.cudnn.allow_tf32 = False
    
        bench = ConvDepthwise2DBenchmark(
            op_name="conv_depthwise2d",
            input_fn=_input_fn,
            torch_op=torch.ops.aten._conv_depthwise2d,
            gems_op=flag_gems._conv_depthwise2d,
            dtypes=consts.FLOAT_DTYPES,
        )
    
>       bench.run()

test_conv_depthwise2d.py:73: 
_ _ _ _ _ _ _ _ _ _ _ _ _ _ _ _ _ _ _ _ _ _ _ _ _ _ _ _ _ _ _ _ _ _ _ _ _ _ _ _ 

self = <benchmark.test_conv_depthwise2d.ConvDepthwise2DBenchmark object at 0x7f4e266a4b50>

    def run(self):
        if Config.query:
            self.init_default_config()
            attri = OperationAttribute(
                op_name=self.op_name,
                recommended_core_shapes=self.shapes,
                shape_desc=self.shape_desc,
            )
            print(attri)
            emit_record_logger(attri.to_dict())
            return
    
        self.init_user_config()
        for dtype in self.to_bench_dtypes:
            metrics = []
            input_iter = self.get_input_iter(dtype)
    
            done = False
            while not done:
                try:
                    input = next(input_iter)
                except StopIteration:
                    done = True
                    continue
                except (RuntimeError, Exception) as e:
                    print(
                        f"\033[31mFAILED\033[0m: Operator={self.op_name} "
                        "dtype={dtype} err=<<<{e}>>>"
                    )
>                   pytest.fail(str(e))
E                   Failed: not enough values to unpack (expected 9, got 2)

base.py:433: Failed
----------------------------- Captured stdout call -----------------------------
[31mFAILED[0m: Operator=conv_depthwise2d dtype={dtype} err=<<<{e}>>>
=============================== warnings summary ===============================
benchmark/test_conv_depthwise2d.py::test_conv_depthwise2d
  /root/miniconda/envs/python310_torch29_cuda/lib/python3.10/site-packages/torch/backends/__init__.py:46: UserWarning: Please use the new API settings to control TF32 behavior, such as torch.backends.cudnn.conv.fp32_precision = 'tf32' or torch.backends.cuda.matmul.fp32_precision = 'ieee'. Old settings, e.g, torch.backends.cuda.matmul.allow_tf32 = True, torch.backends.cudnn.allow_tf32 = True, allowTF32CuDNN() and allowTF32CuBLAS() will be deprecated after Pytorch 2.9. Please see https://pytorch.org/docs/main/notes/cuda.html#tensorfloat-32-tf32-on-ampere-and-later-devices (Triggered internally at /pytorch/aten/src/ATen/Context.cpp:80.)
    self.setter(val)

-- Docs: https://docs.pytest.org/en/stable/how-to/capture-warnings.html
=========================== short test summary info ============================
FAILED test_conv_depthwise2d.py::test_conv_depthwise2d - Failed: not enough v...
================= 1 failed, 950 deselected, 1 warning in 7.65s =================
