============================= test session starts ==============================
platform linux -- Python 3.10.18, pytest-9.1.1, pluggy-1.6.0
rootdir: /workspace/FlagGems
configfile: pytest.ini
plugins: anyio-4.9.0, typeguard-4.3.0
collected 951 items / 950 deselected / 1 selected

test_nll_loss_nd.py FE                                                   [100%]

==================================== ERRORS ====================================
________________ ERROR at teardown of test_nll_loss_nd_forward _________________
  + Exception Group Traceback (most recent call last):
  |   File "/root/miniconda/envs/python310_torch29_cuda/lib/python3.10/site-packages/_pytest/runner.py", line 361, in from_call
  |     result: TResult | None = func()
  |   File "/root/miniconda/envs/python310_torch29_cuda/lib/python3.10/site-packages/_pytest/runner.py", line 250, in <lambda>
  |     lambda: runtest_hook(item=item, **kwds),
  |   File "/root/miniconda/envs/python310_torch29_cuda/lib/python3.10/site-packages/pluggy/_hooks.py", line 512, in __call__
  |     return self._hookexec(self.name, self._hookimpls.copy(), kwargs, firstresult)
  |   File "/root/miniconda/envs/python310_torch29_cuda/lib/python3.10/site-packages/pluggy/_manager.py", line 120, in _hookexec
  |     return self._inner_hookexec(hook_name, methods, kwargs, firstresult)
  |   File "/root/miniconda/envs/python310_torch29_cuda/lib/python3.10/site-packages/pluggy/_callers.py", line 167, in _multicall
  |     raise exception
  |   File "/root/miniconda/envs/python310_torch29_cuda/lib/python3.10/site-packages/pluggy/_callers.py", line 139, in _multicall
  |     teardown.throw(exception)
  |   File "/root/miniconda/envs/python310_torch29_cuda/lib/python3.10/site-packages/_pytest/logging.py", line 873, in pytest_runtest_teardown
  |     yield
  |   File "/root/miniconda/envs/python310_torch29_cuda/lib/python3.10/site-packages/pluggy/_callers.py", line 139, in _multicall
  |     teardown.throw(exception)
  |   File "/root/miniconda/envs/python310_torch29_cuda/lib/python3.10/site-packages/_pytest/capture.py", line 905, in pytest_runtest_teardown
  |     return (yield)
  |   File "/root/miniconda/envs/python310_torch29_cuda/lib/python3.10/site-packages/pluggy/_callers.py", line 121, in _multicall
  |     res = hook_impl.function(*args)
  |   File "/root/miniconda/envs/python310_torch29_cuda/lib/python3.10/site-packages/_pytest/runner.py", line 199, in pytest_runtest_teardown
  |     item.session._setupstate.teardown_exact(nextitem)
  |   File "/root/miniconda/envs/python310_torch29_cuda/lib/python3.10/site-packages/_pytest/runner.py", line 581, in teardown_exact
  |     raise BaseExceptionGroup("errors during test teardown", exceptions[::-1])
  | exceptiongroup.ExceptionGroup: errors during test teardown (2 sub-exceptions)
  +-+---------------- 1 ----------------
    | Traceback (most recent call last):
    |   File "/root/miniconda/envs/python310_torch29_cuda/lib/python3.10/site-packages/_pytest/runner.py", line 568, in teardown_exact
    |     fin()
    |   File "/root/miniconda/envs/python310_torch29_cuda/lib/python3.10/site-packages/_pytest/fixtures.py", line 1166, in finish
    |     raise exceptions[0]
    |   File "/root/miniconda/envs/python310_torch29_cuda/lib/python3.10/site-packages/_pytest/fixtures.py", line 1156, in finish
    |     fin()
    |   File "/root/miniconda/envs/python310_torch29_cuda/lib/python3.10/site-packages/_pytest/fixtures.py", line 1014, in _teardown_yield_fixture
    |     next(it)
    |   File "/workspace/FlagGems/benchmark/conftest.py", line 305, in clear_module_cache
    |     torch_device_fn.empty_cache()
    |   File "/root/miniconda/envs/python310_torch29_cuda/lib/python3.10/site-packages/torch/cuda/memory.py", line 224, in empty_cache
    |     torch._C._cuda_emptyCache()
    | torch.AcceleratorError: CUDA error: unspecified launch failure
    | Search for `cudaErrorLaunchFailure' in https://docs.nvidia.com/cuda/cuda-runtime-api/group__CUDART__TYPES.html for more information.
    | CUDA kernel errors might be asynchronously reported at some other API call, so the stacktrace below might be incorrect.
    | For debugging consider passing CUDA_LAUNCH_BLOCKING=1
    | Compile with `TORCH_USE_CUDA_DSA` to enable device-side assertions.
    | 
    +---------------- 2 ----------------
    | Traceback (most recent call last):
    |   File "/root/miniconda/envs/python310_torch29_cuda/lib/python3.10/site-packages/_pytest/runner.py", line 568, in teardown_exact
    |     fin()
    |   File "/root/miniconda/envs/python310_torch29_cuda/lib/python3.10/site-packages/_pytest/fixtures.py", line 1166, in finish
    |     raise exceptions[0]
    |   File "/root/miniconda/envs/python310_torch29_cuda/lib/python3.10/site-packages/_pytest/fixtures.py", line 1156, in finish
    |     fin()
    |   File "/root/miniconda/envs/python310_torch29_cuda/lib/python3.10/site-packages/_pytest/fixtures.py", line 1014, in _teardown_yield_fixture
    |     next(it)
    |   File "/workspace/FlagGems/benchmark/conftest.py", line 299, in clear_function_cache
    |     torch_device_fn.empty_cache()
    |   File "/root/miniconda/envs/python310_torch29_cuda/lib/python3.10/site-packages/torch/cuda/memory.py", line 224, in empty_cache
    |     torch._C._cuda_emptyCache()
    | torch.AcceleratorError: CUDA error: unspecified launch failure
    | Search for `cudaErrorLaunchFailure' in https://docs.nvidia.com/cuda/cuda-runtime-api/group__CUDART__TYPES.html for more information.
    | CUDA kernel errors might be asynchronously reported at some other API call, so the stacktrace below might be incorrect.
    | For debugging consider passing CUDA_LAUNCH_BLOCKING=1
    | Compile with `TORCH_USE_CUDA_DSA` to enable device-side assertions.
    | 
    +------------------------------------
----------------------------- Captured stderr call -----------------------------
XX: (pid 1845741,tid 140249706579776)cuda/src/cui/hal/kl3/kl3_gpfifo.cc:183:kl3ChannelCheckErrors kl3ChannelCheckErrors failed, error set to 2097866, status= 719
XX: (pid 1845741,tid 140249706579776)cuda/src/cui/hal/kl3/kl3_gpfifo.cc:184:kl3ChannelCheckErrors A kernel exception has occurred, please check dmesg for details.
XX: (pid 1845741,tid 140249706579776)cuda/src/cui/hal/kl3/kl3_gpfifo.cc:183:kl3ChannelCheckErrors kl3ChannelCheckErrors failed, error set to 2097866, status= 719
XX: (pid 1845741,tid 140249706579776)cuda/src/cui/hal/kl3/kl3_gpfifo.cc:184:kl3ChannelCheckErrors A kernel exception has occurred, please check dmesg for details.
--------------------------- Captured stderr teardown ---------------------------
XX: (pid 1845741,tid 140249706579776)cuda/src/api/apimem.cc:302:cuapiMemFree_common cuapiMemFree() failed in cuiInitCheckCtx, Incompatible context or Context error, status= 719
XX: (pid 1845741,tid 140249706579776)cuda/src/api/apimem.cc:302:cuapiMemFree_common cuapiMemFree() failed in cuiInitCheckCtx, Incompatible context or Context error, status= 719
=================================== FAILURES ===================================
___________________________ test_nll_loss_nd_forward ___________________________

self = <benchmark.test_nll_loss_nd.NLLLossNDBenchmark object at 0x7f8950bf8f40>

    def run(self):
        if Config.query:
            self.init_default_config()
            attri = OperationAttribute(
                op_name=self.op_name,
                recommended_core_shapes=self.shapes,
                shape_desc=self.shape_desc,
            )
            print(attri)
            emit_record_logger(attri.to_dict())
            return
    
        self.init_user_config()
        for dtype in self.to_bench_dtypes:
            metrics = []
            input_iter = self.get_input_iter(dtype)
    
            done = False
            while not done:
                try:
                    input = next(input_iter)
                except StopIteration:
                    done = True
                    continue
                except (RuntimeError, Exception) as e:
                    print(
                        f"\033[31mFAILED\033[0m: Operator={self.op_name} "
                        "dtype={dtype} err=<<<{e}>>>"
                    )
                    pytest.fail(str(e))
    
                metric = BenchmarkMetrics()
                try:
                    args, kwargs = self.unpack_to_args_kwargs(input)
                    metric.shape_detail = self.record_shapes(*args, **kwargs)
                    if "latency_base" in self.to_bench_metrics:
                        metric.latency_base = self.get_latency(
                            self.torch_op, *args, **kwargs
                        )
                    if "latency" in self.to_bench_metrics:
                        if self.gems_op:
                            metric.latency = self.get_latency(
                                self.gems_op, *args, **kwargs
                            )
                        else:
                            if self.op_name == "zero_":
                                with flag_gems.use_gems():
                                    metric.latency = self.get_latency(
                                        self.torch_op, *args, **kwargs
                                    )
                            else:
                                # exclude flaggems' zero_ to avoid the overhead of zero_
                                # in do_bench's clear_cache
                                with flag_gems.use_gems(exclude=["zero_"]):
>                                   metric.latency = self.get_latency(
                                        self.torch_op, *args, **kwargs
                                    )

base.py:458: 
_ _ _ _ _ _ _ _ _ _ _ _ _ _ _ _ _ _ _ _ _ _ _ _ _ _ _ _ _ _ _ _ _ _ _ _ _ _ _ _ 
base.py:318: in get_latency
    latency = do_bench(
/root/miniconda/envs/python310_torch29_cuda/lib/python3.10/site-packages/triton/testing.py:104: in do_bench
    torch.cuda.synchronize()
_ _ _ _ _ _ _ _ _ _ _ _ _ _ _ _ _ _ _ _ _ _ _ _ _ _ _ _ _ _ _ _ _ _ _ _ _ _ _ _ 

device = None

    def synchronize(device: "Device" = None) -> None:
        r"""Wait for all kernels in all streams on a CUDA device to complete.
    
        Args:
            device (torch.device or int, optional): device for which to synchronize.
                It uses the current device, given by :func:`~torch.cuda.current_device`,
                if :attr:`device` is ``None`` (default).
        """
        _lazy_init()
        with torch.cuda.device(device):
>           return torch._C._cuda_synchronize()
E           torch.AcceleratorError: CUDA error: unspecified launch failure
E           Search for `cudaErrorLaunchFailure' in https://docs.nvidia.com/cuda/cuda-runtime-api/group__CUDART__TYPES.html for more information.
E           CUDA kernel errors might be asynchronously reported at some other API call, so the stacktrace below might be incorrect.
E           For debugging consider passing CUDA_LAUNCH_BLOCKING=1
E           Compile with `TORCH_USE_CUDA_DSA` to enable device-side assertions.

/root/miniconda/envs/python310_torch29_cuda/lib/python3.10/site-packages/torch/cuda/__init__.py:1083: AcceleratorError

During handling of the above exception, another exception occurred:

    @pytest.mark.nll_loss_nd_forward
    def test_nll_loss_nd_forward():
        bench = NLLLossNDBenchmark(
            input_fn=nll_loss_nd_input_fn,
            op_name="nll_loss_nd_forward",
            torch_op=torch.nn.functional.nll_loss,
            dtypes=consts.FLOAT_DTYPES,
        )
    
>       bench.run()

test_nll_loss_nd.py:71: 
_ _ _ _ _ _ _ _ _ _ _ _ _ _ _ _ _ _ _ _ _ _ _ _ _ _ _ _ _ _ _ _ _ _ _ _ _ _ _ _ 

self = <benchmark.test_nll_loss_nd.NLLLossNDBenchmark object at 0x7f8950bf8f40>

    def run(self):
        if Config.query:
            self.init_default_config()
            attri = OperationAttribute(
                op_name=self.op_name,
                recommended_core_shapes=self.shapes,
                shape_desc=self.shape_desc,
            )
            print(attri)
            emit_record_logger(attri.to_dict())
            return
    
        self.init_user_config()
        for dtype in self.to_bench_dtypes:
            metrics = []
            input_iter = self.get_input_iter(dtype)
    
            done = False
            while not done:
                try:
                    input = next(input_iter)
                except StopIteration:
                    done = True
                    continue
                except (RuntimeError, Exception) as e:
                    print(
                        f"\033[31mFAILED\033[0m: Operator={self.op_name} "
                        "dtype={dtype} err=<<<{e}>>>"
                    )
                    pytest.fail(str(e))
    
                metric = BenchmarkMetrics()
                try:
                    args, kwargs = self.unpack_to_args_kwargs(input)
                    metric.shape_detail = self.record_shapes(*args, **kwargs)
                    if "latency_base" in self.to_bench_metrics:
                        metric.latency_base = self.get_latency(
                            self.torch_op, *args, **kwargs
                        )
                    if "latency" in self.to_bench_metrics:
                        if self.gems_op:
                            metric.latency = self.get_latency(
                                self.gems_op, *args, **kwargs
                            )
                        else:
                            if self.op_name == "zero_":
                                with flag_gems.use_gems():
                                    metric.latency = self.get_latency(
                                        self.torch_op, *args, **kwargs
                                    )
                            else:
                                # exclude flaggems' zero_ to avoid the overhead of zero_
                                # in do_bench's clear_cache
                                with flag_gems.use_gems(exclude=["zero_"]):
                                    metric.latency = self.get_latency(
                                        self.torch_op, *args, **kwargs
                                    )
                    if "speedup" in self.to_bench_metrics:
                        metric.speedup = metric.latency_base / metric.latency
    
                    if "gbps" in self.to_bench_metrics:
                        metric.gbps_base = self.get_gbps(
                            args, latency=metric.latency_base
                        )
                        metric.gbps = self.get_gbps(args, latency=metric.latency)
    
                    if "tflops" in self.to_bench_metrics:
                        metric.tflops = (
                            self.get_tflops(self.torch_op, *args, **kwargs)
                            / metric.latency
                            / 1e12
                            * 1e3
                        )
                        # utilization = metric.tflops / metric.latency / 1e12 * 1e3
                except (RuntimeError, Exception) as e:
                    metric.error_msg = str(e)
>                   pytest.fail(str(e))  # raise exception again
E                   Failed: CUDA error: unspecified launch failure
E                   Search for `cudaErrorLaunchFailure' in https://docs.nvidia.com/cuda/cuda-runtime-api/group__CUDART__TYPES.html for more information.
E                   CUDA kernel errors might be asynchronously reported at some other API call, so the stacktrace below might be incorrect.
E                   For debugging consider passing CUDA_LAUNCH_BLOCKING=1
E                   Compile with `TORCH_USE_CUDA_DSA` to enable device-side assertions.

base.py:480: Failed
----------------------------- Captured stderr call -----------------------------
XX: (pid 1845741,tid 140249706579776)cuda/src/cui/hal/kl3/kl3_gpfifo.cc:183:kl3ChannelCheckErrors kl3ChannelCheckErrors failed, error set to 2097866, status= 719
XX: (pid 1845741,tid 140249706579776)cuda/src/cui/hal/kl3/kl3_gpfifo.cc:184:kl3ChannelCheckErrors A kernel exception has occurred, please check dmesg for details.
XX: (pid 1845741,tid 140249706579776)cuda/src/cui/hal/kl3/kl3_gpfifo.cc:183:kl3ChannelCheckErrors kl3ChannelCheckErrors failed, error set to 2097866, status= 719
XX: (pid 1845741,tid 140249706579776)cuda/src/cui/hal/kl3/kl3_gpfifo.cc:184:kl3ChannelCheckErrors A kernel exception has occurred, please check dmesg for details.
=============================== warnings summary ===============================
benchmark/test_nll_loss_nd.py::test_nll_loss_nd_forward
  /root/miniconda/envs/python310_torch29_cuda/lib/python3.10/site-packages/triton/backends/xpu/compiler.py:222: UserWarning: XRE Version Must Be More than 5.0.21.37 (After 2025.07.22). And echo 1 > /proc/kunlun/dev4/dma_excp_mask
    warnings.warn(

-- Docs: https://docs.pytest.org/en/stable/how-to/capture-warnings.html
=========================== short test summary info ============================
FAILED test_nll_loss_nd.py::test_nll_loss_nd_forward - Failed: CUDA error: un...
ERROR test_nll_loss_nd.py::test_nll_loss_nd_forward - exceptiongroup.Exceptio...
============ 1 failed, 950 deselected, 1 warning, 1 error in 9.23s =============
