============================= test session starts ==============================
platform linux -- Python 3.10.18, pytest-9.1.1, pluggy-1.6.0
rootdir: /workspace/FlagGems
configfile: pytest.ini
plugins: anyio-4.9.0, typeguard-4.3.0
collected 951 items / 950 deselected / 1 selected

test_flash_attention_forward.py F                                        [100%]

=================================== FAILURES ===================================
_________________________ test_flash_attention_forward _________________________

    @pytest.mark.skipif(utils.SkipVersion("torch", "<2.4"), reason="Low Pytorch Version.")
    @pytest.mark.skipif(not torch.cuda.is_available(), reason="CUDA is not available")
    @pytest.mark.skipif(flag_gems.device == "cpu", reason="Unsupported in CPU mode")
    @pytest.mark.flash_attention_forward
    def test_flash_attention_forward():
        bench = FlashAttentionForwardBenchmark(
            op_name="flash_attention_forward",
            input_fn=flash_attention_forward_input_fn,
            torch_op=torch_flash_attention_forward,
            dtypes=[torch.float16, torch.bfloat16],
        )
        bench.set_gems(gems_flash_attention_forward)
>       bench.run()

test_flash_attention_forward.py:266: 
_ _ _ _ _ _ _ _ _ _ _ _ _ _ _ _ _ _ _ _ _ _ _ _ _ _ _ _ _ _ _ _ _ _ _ _ _ _ _ _ 
base.py:416: in run
    self.init_user_config()
base.py:282: in init_user_config
    self.set_shapes(Config.shape_file)
test_flash_attention_forward.py:138: in set_shapes
    supports_alibi = torch_flash_attention_supports_alibi(self.device)
test_flash_attention_forward.py:73: in torch_flash_attention_supports_alibi
    torch.ops.aten._flash_attention_forward(
_ _ _ _ _ _ _ _ _ _ _ _ _ _ _ _ _ _ _ _ _ _ _ _ _ _ _ _ _ _ _ _ _ _ _ _ _ _ _ _ 

self = <OpOverloadPacket(op='aten._flash_attention_forward')>
args = (tensor([[[[ 0.1013, -0.7695,  0.6528,  ...,  0.2705, -0.3240,  0.4282]],

         [[ 0.4897,  0.9482, -0.6382,  ...,....4014,  1.0039,  ...,  0.4548, -0.6377,  1.6426]]]],
       device='cuda:0', dtype=torch.float16), None, None, 16, ...)
kwargs = {'scale': 0.125, 'alibi_slopes': tensor([[0.3000]], device='cuda:0')}

    def __call__(self, /, *args: _P.args, **kwargs: _P.kwargs) -> _T:
        # overloading __call__ to ensure torch.ops.foo.bar()
        # is still callable from JIT
        # We save the function ptr as the `op` attribute on
        # OpOverloadPacket to access it here.
    
        # Directly calling OverloadPacket goes into C++, which will check
        # the schema and cause an error for torchbind op when inputs consist of FakeScriptObject so we
        # intercept it here and call TorchBindOpverload instead.
        if self._has_torchbind_op_overload and _must_dispatch_in_python(args, kwargs):
            return _call_overload_packet_from_python(self, *args, **kwargs)
>       return self._op(*args, **kwargs)
E       NotImplementedError: Could not run 'aten::_flash_attention_forward' with arguments from the 'CPU' backend. This could be because the operator doesn't exist for this backend, or was omitted during the selective/custom build process (if using custom build). If you are a Facebook employee using PyTorch on mobile, please visit https://fburl.com/ptmfixes for possible resolutions. 'aten::_flash_attention_forward' is only available for these backends: [CUDA, XLA, XPU, Meta, BackendSelect, Python, FuncTorchDynamicLayerBackMode, Functionalize, Named, Conjugate, Negative, ZeroTensor, ADInplaceOrView, AutogradOther, AutogradCPU, AutogradCUDA, AutogradHIP, AutogradXLA, AutogradMPS, AutogradIPU, AutogradXPU, AutogradHPU, AutogradVE, AutogradLazy, AutogradMTIA, AutogradMAIA, AutogradPrivateUse1, AutogradPrivateUse2, AutogradPrivateUse3, AutogradMeta, AutogradNestedTensor, Tracer, AutocastCPU, AutocastMTIA, AutocastMAIA, AutocastXPU, AutocastMPS, AutocastCUDA, FuncTorchBatched, BatchedNestedTensor, FuncTorchVmapMode, Batched, VmapMode, FuncTorchGradWrapper, PythonTLSSnapshot, FuncTorchDynamicLayerFrontMode, PreDispatch, PythonDispatcher].
E       
E       CUDA: registered at /home/agent/xpytorch/workspace/8ba19c15-fc11-4377-85f3-84daf8eaab09/XMLIR/python/torch_xmlir/csrc/lazy_tensor/ts_backend/ts_eager_fallback.cpp:375 [backend fallback]
E       XLA: registered at /home/agent/xpytorch/workspace/8ba19c15-fc11-4377-85f3-84daf8eaab09/XMLIR/python/torch_xmlir/csrc/lazy_tensor/ts_backend/ts_eager_fallback.cpp:364 [backend fallback]
E       XPU: registered at /home/agent/xpytorch/workspace/8ba19c15-fc11-4377-85f3-84daf8eaab09/XMLIR/python/torch_xmlir/csrc/lazy_tensor/ts_backend/ts_eager_fallback.cpp:371 [backend fallback]
E       Meta: registered at /root/miniconda/envs/python310_torch29_cuda/lib/python3.10/site-packages/torch/_meta_registrations.py:50 [kernel]
E       BackendSelect: fallthrough registered at /pytorch/aten/src/ATen/core/BackendSelectFallbackKernel.cpp:3 [backend fallback]
E       Python: registered at /pytorch/aten/src/ATen/core/PythonFallbackKernel.cpp:194 [backend fallback]
E       FuncTorchDynamicLayerBackMode: registered at /pytorch/aten/src/ATen/functorch/DynamicLayer.cpp:479 [backend fallback]
E       Functionalize: registered at /pytorch/aten/src/ATen/FunctionalizeFallbackKernel.cpp:387 [backend fallback]
E       Named: registered at /pytorch/aten/src/ATen/core/NamedRegistrations.cpp:7 [backend fallback]
E       Conjugate: registered at /pytorch/aten/src/ATen/ConjugateFallback.cpp:17 [backend fallback]
E       Negative: registered at /pytorch/aten/src/ATen/native/NegateFallback.cpp:18 [backend fallback]
E       ZeroTensor: registered at /pytorch/aten/src/ATen/ZeroTensorFallback.cpp:115 [backend fallback]
E       ADInplaceOrView: fallthrough registered at /pytorch/aten/src/ATen/core/VariableFallbackKernel.cpp:104 [backend fallback]
E       AutogradOther: registered at /pytorch/torch/csrc/autograd/generated/VariableType_0.cpp:18228 [autograd kernel]
E       AutogradCPU: registered at /pytorch/torch/csrc/autograd/generated/VariableType_0.cpp:18228 [autograd kernel]
E       AutogradCUDA: registered at /pytorch/torch/csrc/autograd/generated/VariableType_0.cpp:18228 [autograd kernel]
E       AutogradHIP: registered at /pytorch/torch/csrc/autograd/generated/VariableType_0.cpp:18228 [autograd kernel]
E       AutogradXLA: registered at /pytorch/torch/csrc/autograd/generated/VariableType_0.cpp:18228 [autograd kernel]
E       AutogradMPS: registered at /pytorch/torch/csrc/autograd/generated/VariableType_0.cpp:18228 [autograd kernel]
E       AutogradIPU: registered at /pytorch/torch/csrc/autograd/generated/VariableType_0.cpp:18228 [autograd kernel]
E       AutogradXPU: registered at /pytorch/torch/csrc/autograd/generated/VariableType_0.cpp:18228 [autograd kernel]
E       AutogradHPU: registered at /pytorch/torch/csrc/autograd/generated/VariableType_0.cpp:18228 [autograd kernel]
E       AutogradVE: registered at /pytorch/torch/csrc/autograd/generated/VariableType_0.cpp:18228 [autograd kernel]
E       AutogradLazy: registered at /pytorch/torch/csrc/autograd/generated/VariableType_0.cpp:18228 [autograd kernel]
E       AutogradMTIA: registered at /pytorch/torch/csrc/autograd/generated/VariableType_0.cpp:18228 [autograd kernel]
E       AutogradMAIA: registered at /pytorch/torch/csrc/autograd/generated/VariableType_0.cpp:18228 [autograd kernel]
E       AutogradPrivateUse1: registered at /pytorch/torch/csrc/autograd/generated/VariableType_0.cpp:18228 [autograd kernel]
E       AutogradPrivateUse2: registered at /pytorch/torch/csrc/autograd/generated/VariableType_0.cpp:18228 [autograd kernel]
E       AutogradPrivateUse3: registered at /pytorch/torch/csrc/autograd/generated/VariableType_0.cpp:18228 [autograd kernel]
E       AutogradMeta: registered at /pytorch/torch/csrc/autograd/generated/VariableType_0.cpp:18228 [autograd kernel]
E       AutogradNestedTensor: registered at /pytorch/torch/csrc/autograd/generated/VariableType_0.cpp:18228 [autograd kernel]
E       Tracer: registered at /pytorch/torch/csrc/autograd/generated/TraceType_0.cpp:17237 [kernel]
E       AutocastCPU: fallthrough registered at /pytorch/aten/src/ATen/autocast_mode.cpp:324 [backend fallback]
E       AutocastMTIA: fallthrough registered at /pytorch/aten/src/ATen/autocast_mode.cpp:468 [backend fallback]
E       AutocastMAIA: fallthrough registered at /pytorch/aten/src/ATen/autocast_mode.cpp:506 [backend fallback]
E       AutocastXPU: fallthrough registered at /pytorch/aten/src/ATen/autocast_mode.cpp:544 [backend fallback]
E       AutocastMPS: fallthrough registered at /pytorch/aten/src/ATen/autocast_mode.cpp:209 [backend fallback]
E       AutocastCUDA: fallthrough registered at /pytorch/aten/src/ATen/autocast_mode.cpp:165 [backend fallback]
E       FuncTorchBatched: registered at /pytorch/aten/src/ATen/functorch/LegacyBatchingRegistrations.cpp:731 [backend fallback]
E       BatchedNestedTensor: registered at /pytorch/aten/src/ATen/functorch/LegacyBatchingRegistrations.cpp:758 [backend fallback]
E       FuncTorchVmapMode: fallthrough registered at /pytorch/aten/src/ATen/functorch/VmapModeRegistrations.cpp:27 [backend fallback]
E       Batched: registered at /pytorch/aten/src/ATen/LegacyBatchingRegistrations.cpp:1075 [backend fallback]
E       VmapMode: fallthrough registered at /pytorch/aten/src/ATen/VmapModeRegistrations.cpp:33 [backend fallback]
E       FuncTorchGradWrapper: registered at /pytorch/aten/src/ATen/functorch/TensorWrapper.cpp:210 [backend fallback]
E       PythonTLSSnapshot: registered at /pytorch/aten/src/ATen/core/PythonFallbackKernel.cpp:202 [backend fallback]
E       FuncTorchDynamicLayerFrontMode: registered at /pytorch/aten/src/ATen/functorch/DynamicLayer.cpp:475 [backend fallback]
E       PreDispatch: registered at /pytorch/aten/src/ATen/core/PythonFallbackKernel.cpp:206 [backend fallback]
E       PythonDispatcher: registered at /pytorch/aten/src/ATen/core/PythonFallbackKernel.cpp:198 [backend fallback]

/root/miniconda/envs/python310_torch29_cuda/lib/python3.10/site-packages/torch/_ops.py:1255: NotImplementedError
=========================== short test summary info ============================
FAILED test_flash_attention_forward.py::test_flash_attention_forward - NotImp...
====================== 1 failed, 950 deselected in 7.89s =======================
