============================= test session starts ==============================
platform linux -- Python 3.10.18, pytest-9.1.1, pluggy-1.6.0
rootdir: /workspace/FlagGems
configfile: pytest.ini
plugins: anyio-4.9.0, typeguard-4.3.0
collected 951 items / 950 deselected / 1 selected

test_per_token_group_quant_fp8.py F                                      [100%]

=================================== FAILURES ===================================
________________________ test_per_token_group_quant_fp8 ________________________

shape = (64, 64), dtype = torch.bfloat16, device = 'cuda'

    def _input_fn(shape, dtype, device):
>       num_tokens, d, group_size = shape
E       ValueError: not enough values to unpack (expected 3, got 2)

test_per_token_group_quant_fp8.py:31: ValueError

During handling of the above exception, another exception occurred:

    @pytest.mark.per_token_group_quant_fp8
    def test_per_token_group_quant_fp8():
        bench = PerTokenGroupQuantFp8Benchmark(
            op_name="per_token_group_quant_fp8",
            input_fn=_input_fn,
            torch_op=torch_per_token_group_quant_fp8_ref,
            dtypes=[torch.bfloat16],
        )
        bench.set_gems(flag_gems.per_token_group_quant_fp8)
>       bench.run()

test_per_token_group_quant_fp8.py:71: 
_ _ _ _ _ _ _ _ _ _ _ _ _ _ _ _ _ _ _ _ _ _ _ _ _ _ _ _ _ _ _ _ _ _ _ _ _ _ _ _ 

self = <benchmark.test_per_token_group_quant_fp8.PerTokenGroupQuantFp8Benchmark object at 0x7f56e7ab7e80>

    def run(self):
        if Config.query:
            self.init_default_config()
            attri = OperationAttribute(
                op_name=self.op_name,
                recommended_core_shapes=self.shapes,
                shape_desc=self.shape_desc,
            )
            print(attri)
            emit_record_logger(attri.to_dict())
            return
    
        self.init_user_config()
        for dtype in self.to_bench_dtypes:
            metrics = []
            input_iter = self.get_input_iter(dtype)
    
            done = False
            while not done:
                try:
                    input = next(input_iter)
                except StopIteration:
                    done = True
                    continue
                except (RuntimeError, Exception) as e:
                    print(
                        f"\033[31mFAILED\033[0m: Operator={self.op_name} "
                        "dtype={dtype} err=<<<{e}>>>"
                    )
>                   pytest.fail(str(e))
E                   Failed: not enough values to unpack (expected 3, got 2)

base.py:433: Failed
----------------------------- Captured stdout call -----------------------------
[31mFAILED[0m: Operator=per_token_group_quant_fp8 dtype={dtype} err=<<<{e}>>>
=========================== short test summary info ============================
FAILED test_per_token_group_quant_fp8.py::test_per_token_group_quant_fp8 - Fa...
====================== 1 failed, 950 deselected in 8.00s =======================
