[CMD] pytest -m "upsample_bilinear2d_aa" --record json --output accuracy_upsample_bilinear2d_aa.json --ref cpu --continue-on-collection-errors -vs
[CWD] /workspace/FlagGems/tests

XCCL /root/miniconda/envs/python310_torch29_cuda/lib/python3.10/site-packages/torch_xmlir/libbkcl.so loaded
[35mSYMBOL_REWRITE [0m[32mtorch success[0m
loc("/workspace/FlagGems/src/flag_gems/ops/_upsample_bilinear2d_aa.py":119:35): error: 'arith.addi' op requires the same type for all operands and results
loc("/workspace/FlagGems/src/flag_gems/ops/_upsample_bilinear2d_aa.py":119:35): error: 'arith.addi' op requires the same type for all operands and results
loc("/workspace/FlagGems/src/flag_gems/ops/_upsample_bilinear2d_aa.py":119:35): error: 'arith.addi' op requires the same type for all operands and results
loc("/workspace/FlagGems/src/flag_gems/ops/_upsample_bilinear2d_aa.py":119:35): error: 'arith.addi' op requires the same type for all operands and results
loc("/workspace/FlagGems/src/flag_gems/ops/_upsample_bilinear2d_aa.py":119:35): error: 'arith.addi' op requires the same type for all operands and results
loc("/workspace/FlagGems/src/flag_gems/ops/_upsample_bilinear2d_aa.py":119:35): error: 'arith.addi' op requires the same type for all operands and results
loc("/workspace/FlagGems/src/flag_gems/ops/_upsample_bilinear2d_aa.py":119:35): error: 'arith.addi' op requires the same type for all operands and results
loc("/workspace/FlagGems/src/flag_gems/ops/_upsample_bilinear2d_aa.py":119:35): error: 'arith.addi' op requires the same type for all operands and results
loc("/workspace/FlagGems/src/flag_gems/ops/_upsample_bilinear2d_aa.py":119:35): error: 'arith.addi' op requires the same type for all operands and results
loc("/workspace/FlagGems/src/flag_gems/ops/_upsample_bilinear2d_aa.py":119:35): error: 'arith.addi' op requires the same type for all operands and results
loc("/workspace/FlagGems/src/flag_gems/ops/_upsample_bilinear2d_aa.py":119:35): error: 'arith.addi' op requires the same type for all operands and results
loc("/workspace/FlagGems/src/flag_gems/ops/_upsample_bilinear2d_aa.py":119:35): error: 'arith.addi' op requires the same type for all operands and results
loc("/workspace/FlagGems/src/flag_gems/ops/_upsample_bilinear2d_aa.py":119:35): error: 'arith.addi' op requires the same type for all operands and results
loc("/workspace/FlagGems/src/flag_gems/ops/_upsample_bilinear2d_aa.py":119:35): error: 'arith.addi' op requires the same type for all operands and results
loc("/workspace/FlagGems/src/flag_gems/ops/_upsample_bilinear2d_aa.py":119:35): error: 'arith.addi' op requires the same type for all operands and results
loc("/workspace/FlagGems/src/flag_gems/ops/_upsample_bilinear2d_aa.py":119:35): error: 'arith.addi' op requires the same type for all operands and results
loc("/workspace/FlagGems/src/flag_gems/ops/_upsample_bilinear2d_aa.py":119:35): error: 'arith.addi' op requires the same type for all operands and results
loc("/workspace/FlagGems/src/flag_gems/ops/_upsample_bilinear2d_aa.py":119:35): error: 'arith.addi' op requires the same type for all operands and results
loc("/workspace/FlagGems/src/flag_gems/ops/_upsample_bilinear2d_aa.py":119:35): error: 'arith.addi' op requires the same type for all operands and results
loc("/workspace/FlagGems/src/flag_gems/ops/_upsample_bilinear2d_aa.py":119:35): error: 'arith.addi' op requires the same type for all operands and results
loc("/workspace/FlagGems/src/flag_gems/ops/_upsample_bilinear2d_aa.py":119:35): error: 'arith.addi' op requires the same type for all operands and results
loc("/workspace/FlagGems/src/flag_gems/ops/_upsample_bilinear2d_aa.py":119:35): error: 'arith.addi' op requires the same type for all operands and results
loc("/workspace/FlagGems/src/flag_gems/ops/_upsample_bilinear2d_aa.py":119:35): error: 'arith.addi' op requires the same type for all operands and results
loc("/workspace/FlagGems/src/flag_gems/ops/_upsample_bilinear2d_aa.py":119:35): error: 'arith.addi' op requires the same type for all operands and results
loc("/workspace/FlagGems/src/flag_gems/ops/_upsample_bilinear2d_aa.py":119:35): error: 'arith.addi' op requires the same type for all operands and results
loc("/workspace/FlagGems/src/flag_gems/ops/_upsample_bilinear2d_aa.py":119:35): error: 'arith.addi' op requires the same type for all operands and results
loc("/workspace/FlagGems/src/flag_gems/ops/_upsample_bilinear2d_aa.py":119:35): error: 'arith.addi' op requires the same type for all operands and results
loc("/workspace/FlagGems/src/flag_gems/ops/_upsample_bilinear2d_aa.py":119:35): error: 'arith.addi' op requires the same type for all operands and results
loc("/workspace/FlagGems/src/flag_gems/ops/_upsample_bilinear2d_aa.py":119:35): error: 'arith.addi' op requires the same type for all operands and results
loc("/workspace/FlagGems/src/flag_gems/ops/_upsample_bilinear2d_aa.py":119:35): error: 'arith.addi' op requires the same type for all operands and results
loc("/workspace/FlagGems/src/flag_gems/ops/_upsample_bilinear2d_aa.py":119:35): error: 'arith.addi' op requires the same type for all operands and results
loc("/workspace/FlagGems/src/flag_gems/ops/_upsample_bilinear2d_aa.py":119:35): error: 'arith.addi' op requires the same type for all operands and results
loc("/workspace/FlagGems/src/flag_gems/ops/_upsample_bilinear2d_aa.py":119:35): error: 'arith.addi' op requires the same type for all operands and results
loc("/workspace/FlagGems/src/flag_gems/ops/_upsample_bilinear2d_aa.py":119:35): error: 'arith.addi' op requires the same type for all operands and results
loc("/workspace/FlagGems/src/flag_gems/ops/_upsample_bilinear2d_aa.py":119:35): error: 'arith.addi' op requires the same type for all operands and results
loc("/workspace/FlagGems/src/flag_gems/ops/_upsample_bilinear2d_aa.py":119:35): error: 'arith.addi' op requires the same type for all operands and results
loc("/workspace/FlagGems/src/flag_gems/ops/_upsample_bilinear2d_aa.py":119:35): error: 'arith.addi' op requires the same type for all operands and results
loc("/workspace/FlagGems/src/flag_gems/ops/_upsample_bilinear2d_aa.py":119:35): error: 'arith.addi' op requires the same type for all operands and results
loc("/workspace/FlagGems/src/flag_gems/ops/_upsample_bilinear2d_aa.py":119:35): error: 'arith.addi' op requires the same type for all operands and results
loc("/workspace/FlagGems/src/flag_gems/ops/_upsample_bilinear2d_aa.py":119:35): error: 'arith.addi' op requires the same type for all operands and results
loc("/workspace/FlagGems/src/flag_gems/ops/_upsample_bilinear2d_aa.py":119:35): error: 'arith.addi' op requires the same type for all operands and results
loc("/workspace/FlagGems/src/flag_gems/ops/_upsample_bilinear2d_aa.py":119:35): error: 'arith.addi' op requires the same type for all operands and results
loc("/workspace/FlagGems/src/flag_gems/ops/_upsample_bilinear2d_aa.py":119:35): error: 'arith.addi' op requires the same type for all operands and results
loc("/workspace/FlagGems/src/flag_gems/ops/_upsample_bilinear2d_aa.py":119:35): error: 'arith.addi' op requires the same type for all operands and results
loc("/workspace/FlagGems/src/flag_gems/ops/_upsample_bilinear2d_aa.py":119:35): error: 'arith.addi' op requires the same type for all operands and results
loc("/workspace/FlagGems/src/flag_gems/ops/_upsample_bilinear2d_aa.py":119:35): error: 'arith.addi' op requires the same type for all operands and results
loc("/workspace/FlagGems/src/flag_gems/ops/_upsample_bilinear2d_aa.py":119:35): error: 'arith.addi' op requires the same type for all operands and results
loc("/workspace/FlagGems/src/flag_gems/ops/_upsample_bilinear2d_aa.py":119:35): error: 'arith.addi' op requires the same type for all operands and results
loc("/workspace/FlagGems/src/flag_gems/ops/_upsample_bilinear2d_aa.py":119:35): error: 'arith.addi' op requires the same type for all operands and results
loc("/workspace/FlagGems/src/flag_gems/ops/_upsample_bilinear2d_aa.py":119:35): error: 'arith.addi' op requires the same type for all operands and results
loc("/workspace/FlagGems/src/flag_gems/ops/_upsample_bilinear2d_aa.py":119:35): error: 'arith.addi' op requires the same type for all operands and results
loc("/workspace/FlagGems/src/flag_gems/ops/_upsample_bilinear2d_aa.py":119:35): error: 'arith.addi' op requires the same type for all operands and results
loc("/workspace/FlagGems/src/flag_gems/ops/_upsample_bilinear2d_aa.py":119:35): error: 'arith.addi' op requires the same type for all operands and results
loc("/workspace/FlagGems/src/flag_gems/ops/_upsample_bilinear2d_aa.py":119:35): error: 'arith.addi' op requires the same type for all operands and results
loc("/workspace/FlagGems/src/flag_gems/ops/_upsample_bilinear2d_aa.py":119:35): error: 'arith.addi' op requires the same type for all operands and results
loc("/workspace/FlagGems/src/flag_gems/ops/_upsample_bilinear2d_aa.py":119:35): error: 'arith.addi' op requires the same type for all operands and results
loc("/workspace/FlagGems/src/flag_gems/ops/_upsample_bilinear2d_aa.py":119:35): error: 'arith.addi' op requires the same type for all operands and results
loc("/workspace/FlagGems/src/flag_gems/ops/_upsample_bilinear2d_aa.py":119:35): error: 'arith.addi' op requires the same type for all operands and results
loc("/workspace/FlagGems/src/flag_gems/ops/_upsample_bilinear2d_aa.py":119:35): error: 'arith.addi' op requires the same type for all operands and results
loc("/workspace/FlagGems/src/flag_gems/ops/_upsample_bilinear2d_aa.py":119:35): error: 'arith.addi' op requires the same type for all operands and results
loc("/workspace/FlagGems/src/flag_gems/ops/_upsample_bilinear2d_aa.py":119:35): error: 'arith.addi' op requires the same type for all operands and results
loc("/workspace/FlagGems/src/flag_gems/ops/_upsample_bilinear2d_aa.py":119:35): error: 'arith.addi' op requires the same type for all operands and results
loc("/workspace/FlagGems/src/flag_gems/ops/_upsample_bilinear2d_aa.py":119:35): error: 'arith.addi' op requires the same type for all operands and results
loc("/workspace/FlagGems/src/flag_gems/ops/_upsample_bilinear2d_aa.py":119:35): error: 'arith.addi' op requires the same type for all operands and results
loc("/workspace/FlagGems/src/flag_gems/ops/_upsample_bilinear2d_aa.py":119:35): error: 'arith.addi' op requires the same type for all operands and results
loc("/workspace/FlagGems/src/flag_gems/ops/_upsample_bilinear2d_aa.py":119:35): error: 'arith.addi' op requires the same type for all operands and results
loc("/workspace/FlagGems/src/flag_gems/ops/_upsample_bilinear2d_aa.py":119:35): error: 'arith.addi' op requires the same type for all operands and results
loc("/workspace/FlagGems/src/flag_gems/ops/_upsample_bilinear2d_aa.py":119:35): error: 'arith.addi' op requires the same type for all operands and results
loc("/workspace/FlagGems/src/flag_gems/ops/_upsample_bilinear2d_aa.py":119:35): error: 'arith.addi' op requires the same type for all operands and results
loc("/workspace/FlagGems/src/flag_gems/ops/_upsample_bilinear2d_aa.py":119:35): error: 'arith.addi' op requires the same type for all operands and results
loc("/workspace/FlagGems/src/flag_gems/ops/_upsample_bilinear2d_aa.py":119:35): error: 'arith.addi' op requires the same type for all operands and results
loc("/workspace/FlagGems/src/flag_gems/ops/_upsample_bilinear2d_aa.py":119:35): error: 'arith.addi' op requires the same type for all operands and results
loc("/workspace/FlagGems/src/flag_gems/ops/_upsample_bilinear2d_aa.py":119:35): error: 'arith.addi' op requires the same type for all operands and results
loc("/workspace/FlagGems/src/flag_gems/ops/_upsample_bilinear2d_aa.py":119:35): error: 'arith.addi' op requires the same type for all operands and results
loc("/workspace/FlagGems/src/flag_gems/ops/_upsample_bilinear2d_aa.py":119:35): error: 'arith.addi' op requires the same type for all operands and results
loc("/workspace/FlagGems/src/flag_gems/ops/_upsample_bilinear2d_aa.py":119:35): error: 'arith.addi' op requires the same type for all operands and results
loc("/workspace/FlagGems/src/flag_gems/ops/_upsample_bilinear2d_aa.py":119:35): error: 'arith.addi' op requires the same type for all operands and results
loc("/workspace/FlagGems/src/flag_gems/ops/_upsample_bilinear2d_aa.py":119:35): error: 'arith.addi' op requires the same type for all operands and results
loc("/workspace/FlagGems/src/flag_gems/ops/_upsample_bilinear2d_aa.py":119:35): error: 'arith.addi' op requires the same type for all operands and results
loc("/workspace/FlagGems/src/flag_gems/ops/_upsample_bilinear2d_aa.py":119:35): error: 'arith.addi' op requires the same type for all operands and results
loc("/workspace/FlagGems/src/flag_gems/ops/_upsample_bilinear2d_aa.py":119:35): error: 'arith.addi' op requires the same type for all operands and results
loc("/workspace/FlagGems/src/flag_gems/ops/_upsample_bilinear2d_aa.py":119:35): error: 'arith.addi' op requires the same type for all operands and results
loc("/workspace/FlagGems/src/flag_gems/ops/_upsample_bilinear2d_aa.py":119:35): error: 'arith.addi' op requires the same type for all operands and results
loc("/workspace/FlagGems/src/flag_gems/ops/_upsample_bilinear2d_aa.py":119:35): error: 'arith.addi' op requires the same type for all operands and results
loc("/workspace/FlagGems/src/flag_gems/ops/_upsample_bilinear2d_aa.py":119:35): error: 'arith.addi' op requires the same type for all operands and results
loc("/workspace/FlagGems/src/flag_gems/ops/_upsample_bilinear2d_aa.py":119:35): error: 'arith.addi' op requires the same type for all operands and results
loc("/workspace/FlagGems/src/flag_gems/ops/_upsample_bilinear2d_aa.py":119:35): error: 'arith.addi' op requires the same type for all operands and results
loc("/workspace/FlagGems/src/flag_gems/ops/_upsample_bilinear2d_aa.py":119:35): error: 'arith.addi' op requires the same type for all operands and results
loc("/workspace/FlagGems/src/flag_gems/ops/_upsample_bilinear2d_aa.py":119:35): error: 'arith.addi' op requires the same type for all operands and results
loc("/workspace/FlagGems/src/flag_gems/ops/_upsample_bilinear2d_aa.py":119:35): error: 'arith.addi' op requires the same type for all operands and results
