============================= test session starts ==============================
platform linux -- Python 3.10.18, pytest-9.1.1, pluggy-1.6.0
rootdir: /workspace/FlagGems
configfile: pytest.ini
plugins: anyio-4.9.0, typeguard-4.3.0
collected 951 items / 950 deselected / 1 selected

test_special_chebyshev_polynomial_w.py F                                 [100%]

=================================== FAILURES ===================================
_____________________ test_special_chebyshev_polynomial_w ______________________
triton.compiler.errors.CompilationError: at 23:4:
    # W_0(x) = 1
    w0 = 1.0 + 0.0 * x_f32  # broadcast 1.0 to shape
    # W_1(x) = 2x + 1
    w1 = 2.0 * x_f32 + 1.0

    result = w0
    result = tl.where(n_i32 == 1, w1, result)

    # Compute W_k for k >= 2 using recurrence
    w_km2 = w0
    w_km1 = w1
    for k in tl.static_range(2, _MAX_POLY_DEGREE):
    ^
AssertionError()

The above exception was the direct cause of the following exception:

self = <benchmark.test_special_chebyshev_polynomial_w.ChebyshevPolynomialWBenchmark object at 0x7f26822fb730>

    def run(self):
        if Config.query:
            self.init_default_config()
            attri = OperationAttribute(
                op_name=self.op_name,
                recommended_core_shapes=self.shapes,
                shape_desc=self.shape_desc,
            )
            print(attri)
            emit_record_logger(attri.to_dict())
            return
    
        self.init_user_config()
        for dtype in self.to_bench_dtypes:
            metrics = []
            input_iter = self.get_input_iter(dtype)
    
            done = False
            while not done:
                try:
                    input = next(input_iter)
                except StopIteration:
                    done = True
                    continue
                except (RuntimeError, Exception) as e:
                    print(
                        f"\033[31mFAILED\033[0m: Operator={self.op_name} "
                        "dtype={dtype} err=<<<{e}>>>"
                    )
                    pytest.fail(str(e))
    
                metric = BenchmarkMetrics()
                try:
                    args, kwargs = self.unpack_to_args_kwargs(input)
                    metric.shape_detail = self.record_shapes(*args, **kwargs)
                    if "latency_base" in self.to_bench_metrics:
                        metric.latency_base = self.get_latency(
                            self.torch_op, *args, **kwargs
                        )
                    if "latency" in self.to_bench_metrics:
                        if self.gems_op:
                            metric.latency = self.get_latency(
                                self.gems_op, *args, **kwargs
                            )
                        else:
                            if self.op_name == "zero_":
                                with flag_gems.use_gems():
                                    metric.latency = self.get_latency(
                                        self.torch_op, *args, **kwargs
                                    )
                            else:
                                # exclude flaggems' zero_ to avoid the overhead of zero_
                                # in do_bench's clear_cache
                                with flag_gems.use_gems(exclude=["zero_"]):
>                                   metric.latency = self.get_latency(
                                        self.torch_op, *args, **kwargs
                                    )

base.py:458: 
_ _ _ _ _ _ _ _ _ _ _ _ _ _ _ _ _ _ _ _ _ _ _ _ _ _ _ _ _ _ _ _ _ _ _ _ _ _ _ _ 
base.py:318: in get_latency
    latency = do_bench(
/root/miniconda/envs/python310_torch29_cuda/lib/python3.10/site-packages/triton/testing.py:103: in do_bench
    fn()
base.py:288: in <lambda>
    fn = lambda: op(*args, **kwargs)
../src/flag_gems/ops/special_chebyshev_polynomial_w.py:72: in special_chebyshev_polynomial_w
    return chebyshev_polynomial_w_func(x, n)
../src/flag_gems/utils/pointwise_dynamic.py:1317: in __call__
    return self._call_real_impl(*args, **kwargs)
../src/flag_gems/utils/pointwise_dynamic.py:1323: in _call_real_impl
    out = overload(*args, **kwargs)
/root/.flaggems/code_cache/pointwise_dynamic_2bc56e487dd421aa5310846e2e6926f5c5ff60dda3e5a96d596c89bb2c5f24b430_chebyshev_polynomial_w_func_kernel_rank_2_1d_tile__t512.py:39: in chebyshev_polynomial_w_func_wrapper_rank_2
    chebyshev_polynomial_w_func_kernel_rank_2[grid](
/root/miniconda/envs/python310_torch29_cuda/lib/python3.10/site-packages/triton/runtime/jit.py:364: in <lambda>
    return lambda *args, **kwargs: self.run(grid=grid, warmup=False, *args, **kwargs)
../src/flag_gems/utils/libentry.py:889: in run
    kernel = self.fn.run(*args, **kwargs)
/root/miniconda/envs/python310_torch29_cuda/lib/python3.10/site-packages/triton/runtime/jit.py:795: in run
    kernel = self.default_run(*args, **kwargs)
/root/miniconda/envs/python310_torch29_cuda/lib/python3.10/site-packages/triton/runtime/jit.py:686: in default_run
    kernel = self.compile(
/root/miniconda/envs/python310_torch29_cuda/lib/python3.10/site-packages/triton/compiler/compiler.py:285: in compile
    module = src.make_ir(options, codegen_fns, context)
_ _ _ _ _ _ _ _ _ _ _ _ _ _ _ _ _ _ _ _ _ _ _ _ _ _ _ _ _ _ _ _ _ _ _ _ _ _ _ _ 

self = <triton.compiler.compiler.ASTSource object at 0x7f26824ac4f0>
options = XPUOptions(arch=3, grid=(2048, 1, 1), debug=None, cluster_num=12, core_num=64, buffer_size_limit=512, groups_per_clust...wed_dot_input_precisions=('ieee', 'tf32'), exp_range=':0', num_warps=4, num_ctas=-1, num_stages=1, use_int4_w4a8=False)
codegen_fns = {}
context = <triton._C.libtriton.ir.context object at 0x7f2682c77230>

    def make_ir(self, options, codegen_fns, context):
>       return ast_to_ttir(self.fn, self, context=context, options=options, codegen_fns=codegen_fns)
E       triton.compiler.errors.CompilationError: at 28:15:
E               tid = tile_id * tile_size + tl.arange(0, tile_size)
E               mask = tid < num_tasks
E               i1 = tid % s1
E               tid //= s1
E               i0 = tid
E       
E               # loads
E               in0 = tl.load(in0_ptr + i0 * in0_stride0 + i1 * in0_stride1, mask=mask).to(in0_ptr.type.element_ty)
E               in1 = tl.load(in1_ptr + i0 * in1_stride0 + i1 * in1_stride1, mask=mask).to(in1_ptr.type.element_ty)
E       
E               # compute
E               out0 = chebyshev_polynomial_w_func(in0, in1)
E                      ^

/root/miniconda/envs/python310_torch29_cuda/lib/python3.10/site-packages/triton/compiler/compiler.py:122: CompilationError

During handling of the above exception, another exception occurred:

    @pytest.mark.special_chebyshev_polynomial_w
    def test_special_chebyshev_polynomial_w():
        bench = ChebyshevPolynomialWBenchmark(
            op_name="special_chebyshev_polynomial_w",
            torch_op=torch.special.chebyshev_polynomial_w,
            # special.* operators only support float32
            dtypes=[torch.float32],
        )
>       bench.run()

test_special_chebyshev_polynomial_w.py:76: 
_ _ _ _ _ _ _ _ _ _ _ _ _ _ _ _ _ _ _ _ _ _ _ _ _ _ _ _ _ _ _ _ _ _ _ _ _ _ _ _ 

self = <benchmark.test_special_chebyshev_polynomial_w.ChebyshevPolynomialWBenchmark object at 0x7f26822fb730>

    def run(self):
        if Config.query:
            self.init_default_config()
            attri = OperationAttribute(
                op_name=self.op_name,
                recommended_core_shapes=self.shapes,
                shape_desc=self.shape_desc,
            )
            print(attri)
            emit_record_logger(attri.to_dict())
            return
    
        self.init_user_config()
        for dtype in self.to_bench_dtypes:
            metrics = []
            input_iter = self.get_input_iter(dtype)
    
            done = False
            while not done:
                try:
                    input = next(input_iter)
                except StopIteration:
                    done = True
                    continue
                except (RuntimeError, Exception) as e:
                    print(
                        f"\033[31mFAILED\033[0m: Operator={self.op_name} "
                        "dtype={dtype} err=<<<{e}>>>"
                    )
                    pytest.fail(str(e))
    
                metric = BenchmarkMetrics()
                try:
                    args, kwargs = self.unpack_to_args_kwargs(input)
                    metric.shape_detail = self.record_shapes(*args, **kwargs)
                    if "latency_base" in self.to_bench_metrics:
                        metric.latency_base = self.get_latency(
                            self.torch_op, *args, **kwargs
                        )
                    if "latency" in self.to_bench_metrics:
                        if self.gems_op:
                            metric.latency = self.get_latency(
                                self.gems_op, *args, **kwargs
                            )
                        else:
                            if self.op_name == "zero_":
                                with flag_gems.use_gems():
                                    metric.latency = self.get_latency(
                                        self.torch_op, *args, **kwargs
                                    )
                            else:
                                # exclude flaggems' zero_ to avoid the overhead of zero_
                                # in do_bench's clear_cache
                                with flag_gems.use_gems(exclude=["zero_"]):
                                    metric.latency = self.get_latency(
                                        self.torch_op, *args, **kwargs
                                    )
                    if "speedup" in self.to_bench_metrics:
                        metric.speedup = metric.latency_base / metric.latency
    
                    if "gbps" in self.to_bench_metrics:
                        metric.gbps_base = self.get_gbps(
                            args, latency=metric.latency_base
                        )
                        metric.gbps = self.get_gbps(args, latency=metric.latency)
    
                    if "tflops" in self.to_bench_metrics:
                        metric.tflops = (
                            self.get_tflops(self.torch_op, *args, **kwargs)
                            / metric.latency
                            / 1e12
                            * 1e3
                        )
                        # utilization = metric.tflops / metric.latency / 1e12 * 1e3
                except (RuntimeError, Exception) as e:
                    metric.error_msg = str(e)
>                   pytest.fail(str(e))  # raise exception again
E                   Failed: at 28:15:
E                           tid = tile_id * tile_size + tl.arange(0, tile_size)
E                           mask = tid < num_tasks
E                           i1 = tid % s1
E                           tid //= s1
E                           i0 = tid
E                   
E                           # loads
E                           in0 = tl.load(in0_ptr + i0 * in0_stride0 + i1 * in0_stride1, mask=mask).to(in0_ptr.type.element_ty)
E                           in1 = tl.load(in1_ptr + i0 * in1_stride0 + i1 * in1_stride1, mask=mask).to(in1_ptr.type.element_ty)
E                   
E                           # compute
E                           out0 = chebyshev_polynomial_w_func(in0, in1)
E                                  ^

base.py:480: Failed
=========================== short test summary info ============================
FAILED test_special_chebyshev_polynomial_w.py::test_special_chebyshev_polynomial_w
====================== 1 failed, 950 deselected in 8.92s =======================
