============================= test session starts ==============================
platform linux -- Python 3.10.18, pytest-9.1.1, pluggy-1.6.0
rootdir: /workspace/FlagGems
configfile: pytest.ini
plugins: anyio-4.9.0, typeguard-4.3.0
collected 951 items / 950 deselected / 1 selected

test_flash_attention_backward.py F                                       [100%]

=================================== FAILURES ===================================
____________________ test_perf_efficient_attention_backward ____________________

config = (4, 16, 1024, 64, 0, False, ...), dtype = torch.float16
device = 'cuda'

    def efficient_attn_bwd_input_fn(config, dtype, device):
        batch, num_heads, seq_len, head_size, custom_mask_type, has_bias, _ = config
        is_causal = custom_mask_type == 1
        if _is_unsafe_decode_causal(seq_len, is_causal):
            return
        scale = 1.0 / math.sqrt(head_size)
    
        dev_idx = _device_index(device)
        set_philox_state(1234567890, 0, dev_idx)
    
        Q_bhsd = torch.empty(
            batch, num_heads, seq_len, head_size, dtype=dtype, device=device
        ).uniform_(-0.05, 0.05)
        K_bhsd = torch.empty(
            batch, num_heads, seq_len, head_size, dtype=dtype, device=device
        ).uniform_(-0.05, 0.05)
        V_bhsd = torch.empty(
            batch, num_heads, seq_len, head_size, dtype=dtype, device=device
        ).uniform_(-0.05, 0.05)
        bias = (
            torch.randn(batch, num_heads, seq_len, seq_len, device=device, dtype=dtype)
            * 0.1
            if has_bias
            else None
        )
        dOut_bhsd = torch.randn(
            batch, num_heads, seq_len, head_size, dtype=dtype, device=device
        )
    
        (
            out_bhsd_tmp,
            lse_aligned,
            lse,
            philox_seed,
            philox_offset,
>       ) = efficient_attn_forward_native(
            Q_bhsd,
            K_bhsd,
            V_bhsd,
            bias=bias,
            is_causal=is_causal,
            softmax_scale=scale,
        )

test_flash_attention_backward.py:826: 
_ _ _ _ _ _ _ _ _ _ _ _ _ _ _ _ _ _ _ _ _ _ _ _ _ _ _ _ _ _ _ _ _ _ _ _ _ _ _ _ 
test_flash_attention_backward.py:173: in efficient_attn_forward_native
    results = torch.ops.aten._efficient_attention_forward(
_ _ _ _ _ _ _ _ _ _ _ _ _ _ _ _ _ _ _ _ _ _ _ _ _ _ _ _ _ _ _ _ _ _ _ _ _ _ _ _ 

self = <OpOverloadPacket(op='aten._efficient_attention_forward')>
args = (tensor([[[[-3.2867e-02, -2.4414e-02,  3.3264e-02,  ...,  3.2471e-02,
           -3.9185e-02, -4.2175e-02],
          ...480, -0.0221,  ..., -0.0472,  0.0233,  0.0182]]]],
       device='cuda:0', dtype=torch.float16), None, None, None, ...)
kwargs = {'dropout_p': 0.0, 'custom_mask_type': 0, 'compute_log_sumexp': True, 'scale': 0.125}

    def __call__(self, /, *args: _P.args, **kwargs: _P.kwargs) -> _T:
        # overloading __call__ to ensure torch.ops.foo.bar()
        # is still callable from JIT
        # We save the function ptr as the `op` attribute on
        # OpOverloadPacket to access it here.
    
        # Directly calling OverloadPacket goes into C++, which will check
        # the schema and cause an error for torchbind op when inputs consist of FakeScriptObject so we
        # intercept it here and call TorchBindOpverload instead.
        if self._has_torchbind_op_overload and _must_dispatch_in_python(args, kwargs):
            return _call_overload_packet_from_python(self, *args, **kwargs)
>       return self._op(*args, **kwargs)
E       ValueError: Check failed, max_seqlen_q not supported yet

/root/miniconda/envs/python310_torch29_cuda/lib/python3.10/site-packages/torch/_ops.py:1255: ValueError

During handling of the above exception, another exception occurred:

    @pytest.mark.skipif(not torch.cuda.is_available(), reason="CUDA is not available")
    @pytest.mark.efficient_attention_backward
    def test_perf_efficient_attention_backward():
        bench = EfficientAttentionBackwardBenchmark(
            op_name="efficient_attention_backward",
            input_fn=efficient_attn_bwd_input_fn,
            torch_op=_efficient_attn_bwd_aten,
            dtypes=[torch.float16, torch.bfloat16],
        )
        bench.set_gems(_efficient_attn_bwd_gems)
>       bench.run()

test_flash_attention_backward.py:958: 
_ _ _ _ _ _ _ _ _ _ _ _ _ _ _ _ _ _ _ _ _ _ _ _ _ _ _ _ _ _ _ _ _ _ _ _ _ _ _ _ 

self = <benchmark.test_flash_attention_backward.EfficientAttentionBackwardBenchmark object at 0x7f6c811df8e0>

    def run(self):
        if Config.query:
            self.init_default_config()
            attri = OperationAttribute(
                op_name=self.op_name,
                recommended_core_shapes=self.shapes,
                shape_desc=self.shape_desc,
            )
            print(attri)
            emit_record_logger(attri.to_dict())
            return
    
        self.init_user_config()
        for dtype in self.to_bench_dtypes:
            metrics = []
            input_iter = self.get_input_iter(dtype)
    
            done = False
            while not done:
                try:
                    input = next(input_iter)
                except StopIteration:
                    done = True
                    continue
                except (RuntimeError, Exception) as e:
                    print(
                        f"\033[31mFAILED\033[0m: Operator={self.op_name} "
                        "dtype={dtype} err=<<<{e}>>>"
                    )
>                   pytest.fail(str(e))
E                   Failed: Check failed, max_seqlen_q not supported yet

base.py:433: Failed
----------------------------- Captured stdout call -----------------------------
[31mFAILED[0m: Operator=efficient_attention_backward dtype={dtype} err=<<<{e}>>>
=========================== short test summary info ============================
FAILED test_flash_attention_backward.py::test_perf_efficient_attention_backward
====================== 1 failed, 950 deselected in 8.30s =======================
