[CMD] pytest -m "special_digamma" --record json --output accuracy_special_digamma.json --ref cpu --continue-on-collection-errors -vs
[CWD] /workspace/FlagGems/tests

XCCL /root/miniconda/envs/python310_torch29_cuda/lib/python3.10/site-packages/torch_xmlir/libbkcl.so loaded
[35mSYMBOL_REWRITE [0m[32mtorch success[0m
loc("/workspace/FlagGems/src/flag_gems/ops/digamma_.py":130:16): error: 'arith.cmpf' op operand #0 must be floating-point-like, but got 'tensor<64xvector<16xf32>, #triton_xpu.cluster<{sizePerCore = [1], coresPerGroup = [64], groupsPerCluster = [1], order = [0]}>}>>'
loc("/workspace/FlagGems/src/flag_gems/ops/digamma_.py":130:16): error: 'arith.cmpf' op operand #0 must be floating-point-like, but got 'tensor<64xvector<16xf32>, #triton_xpu.cluster<{sizePerCore = [1], coresPerGroup = [64], groupsPerCluster = [1], order = [0]}>}>>'
loc("/workspace/FlagGems/src/flag_gems/ops/digamma_.py":130:16): error: 'arith.cmpf' op operand #0 must be floating-point-like, but got 'tensor<64xvector<16xf32>, #triton_xpu.cluster<{sizePerCore = [1], coresPerGroup = [64], groupsPerCluster = [1], order = [0]}>}>>'
loc("/workspace/FlagGems/src/flag_gems/ops/digamma_.py":130:16): error: 'arith.cmpf' op operand #0 must be floating-point-like, but got 'tensor<64xvector<16xf32>, #triton_xpu.cluster<{sizePerCore = [1], coresPerGroup = [64], groupsPerCluster = [1], order = [0]}>}>>'
loc("/workspace/FlagGems/src/flag_gems/ops/digamma_.py":130:16): error: 'arith.cmpf' op operand #0 must be floating-point-like, but got 'tensor<64xvector<16xf32>, #triton_xpu.cluster<{sizePerCore = [1], coresPerGroup = [64], groupsPerCluster = [1], order = [0]}>}>>'
loc("/workspace/FlagGems/src/flag_gems/ops/digamma_.py":130:16): error: 'arith.cmpf' op operand #0 must be floating-point-like, but got 'tensor<64xvector<16xf32>, #triton_xpu.cluster<{sizePerCore = [1], coresPerGroup = [64], groupsPerCluster = [1], order = [0]}>}>>'
loc("/workspace/FlagGems/src/flag_gems/ops/digamma_.py":130:16): error: 'arith.cmpf' op operand #0 must be floating-point-like, but got 'tensor<64xvector<16xf32>, #triton_xpu.cluster<{sizePerCore = [1], coresPerGroup = [64], groupsPerCluster = [1], order = [0]}>}>>'
loc("/workspace/FlagGems/src/flag_gems/ops/digamma_.py":130:16): error: 'arith.cmpf' op operand #0 must be floating-point-like, but got 'tensor<64xvector<16xf32>, #triton_xpu.cluster<{sizePerCore = [1], coresPerGroup = [64], groupsPerCluster = [1], order = [0]}>}>>'
loc("/workspace/FlagGems/src/flag_gems/ops/digamma_.py":130:16): error: 'arith.cmpf' op operand #0 must be floating-point-like, but got 'tensor<64xvector<16xf32>, #triton_xpu.cluster<{sizePerCore = [1], coresPerGroup = [64], groupsPerCluster = [1], order = [0]}>}>>'
loc("/workspace/FlagGems/src/flag_gems/ops/digamma_.py":130:16): error: 'arith.cmpf' op operand #0 must be floating-point-like, but got 'tensor<64xvector<16xf32>, #triton_xpu.cluster<{sizePerCore = [1], coresPerGroup = [64], groupsPerCluster = [1], order = [0]}>}>>'
loc("/workspace/FlagGems/src/flag_gems/ops/digamma_.py":130:16): error: 'arith.cmpf' op operand #0 must be floating-point-like, but got 'tensor<64xvector<16xf32>, #triton_xpu.cluster<{sizePerCore = [1], coresPerGroup = [64], groupsPerCluster = [1], order = [0]}>}>>'
loc("/workspace/FlagGems/src/flag_gems/ops/digamma_.py":130:16): error: 'arith.cmpf' op operand #0 must be floating-point-like, but got 'tensor<64xvector<16xf32>, #triton_xpu.cluster<{sizePerCore = [1], coresPerGroup = [64], groupsPerCluster = [1], order = [0]}>}>>'
loc("/workspace/FlagGems/src/flag_gems/ops/digamma_.py":130:16): error: 'arith.cmpf' op operand #0 must be floating-point-like, but got 'tensor<64xvector<16xf32>, #triton_xpu.cluster<{sizePerCore = [1], coresPerGroup = [64], groupsPerCluster = [1], order = [0]}>}>>'
loc("/workspace/FlagGems/src/flag_gems/ops/digamma_.py":130:16): error: 'arith.cmpf' op operand #0 must be floating-point-like, but got 'tensor<64xvector<16xf32>, #triton_xpu.cluster<{sizePerCore = [1], coresPerGroup = [64], groupsPerCluster = [1], order = [0]}>}>>'
loc("/workspace/FlagGems/src/flag_gems/ops/digamma_.py":130:16): error: 'arith.cmpf' op operand #0 must be floating-point-like, but got 'tensor<64xvector<16xf32>, #triton_xpu.cluster<{sizePerCore = [1], coresPerGroup = [64], groupsPerCluster = [1], order = [0]}>}>>'
loc("/workspace/FlagGems/src/flag_gems/ops/digamma_.py":130:16): error: 'arith.cmpf' op operand #0 must be floating-point-like, but got 'tensor<64xvector<16xf32>, #triton_xpu.cluster<{sizePerCore = [1], coresPerGroup = [64], groupsPerCluster = [1], order = [0]}>}>>'
loc("/workspace/FlagGems/src/flag_gems/ops/digamma_.py":130:16): error: 'arith.cmpf' op operand #0 must be floating-point-like, but got 'tensor<64xvector<16xf32>, #triton_xpu.cluster<{sizePerCore = [1], coresPerGroup = [64], groupsPerCluster = [1], order = [0]}>}>>'
loc("/workspace/FlagGems/src/flag_gems/ops/digamma_.py":130:16): error: 'arith.cmpf' op operand #0 must be floating-point-like, but got 'tensor<64xvector<16xf32>, #triton_xpu.cluster<{sizePerCore = [1], coresPerGroup = [64], groupsPerCluster = [1], order = [0]}>}>>'
loc("/workspace/FlagGems/src/flag_gems/ops/digamma_.py":130:16): error: 'arith.cmpf' op operand #0 must be floating-point-like, but got 'tensor<64xvector<16xf32>, #triton_xpu.cluster<{sizePerCore = [1], coresPerGroup = [64], groupsPerCluster = [1], order = [0]}>}>>'
loc("/workspace/FlagGems/src/flag_gems/ops/digamma_.py":130:16): error: 'arith.cmpf' op operand #0 must be floating-point-like, but got 'tensor<64xvector<16xf32>, #triton_xpu.cluster<{sizePerCore = [1], coresPerGroup = [64], groupsPerCluster = [1], order = [0]}>}>>'
loc("/workspace/FlagGems/src/flag_gems/ops/digamma_.py":130:16): error: 'arith.cmpf' op operand #0 must be floating-point-like, but got 'tensor<64xvector<16xf32>, #triton_xpu.cluster<{sizePerCore = [1], coresPerGroup = [64], groupsPerCluster = [1], order = [0]}>}>>'
loc("/workspace/FlagGems/src/flag_gems/ops/digamma_.py":130:16): error: 'arith.cmpf' op operand #0 must be floating-point-like, but got 'tensor<64xvector<16xf32>, #triton_xpu.cluster<{sizePerCore = [1], coresPerGroup = [64], groupsPerCluster = [1], order = [0]}>}>>'
loc("/workspace/FlagGems/src/flag_gems/ops/digamma_.py":130:16): error: 'arith.cmpf' op operand #0 must be floating-point-like, but got 'tensor<64xvector<16xf32>, #triton_xpu.cluster<{sizePerCore = [1], coresPerGroup = [64], groupsPerCluster = [1], order = [0]}>}>>'
loc("/workspace/FlagGems/src/flag_gems/ops/digamma_.py":130:16): error: 'arith.cmpf' op operand #0 must be floating-point-like, but got 'tensor<64xvector<16xf32>, #triton_xpu.cluster<{sizePerCore = [1], coresPerGroup = [64], groupsPerCluster = [1], order = [0]}>}>>'
loc("/workspace/FlagGems/src/flag_gems/ops/digamma_.py":130:16): error: 'arith.cmpf' op operand #0 must be floating-point-like, but got 'tensor<64xvector<16xf32>, #triton_xpu.cluster<{sizePerCore = [1], coresPerGroup = [64], groupsPerCluster = [1], order = [0]}>}>>'
loc("/workspace/FlagGems/src/flag_gems/ops/digamma_.py":130:16): error: 'arith.cmpf' op operand #0 must be floating-point-like, but got 'tensor<64xvector<16xf32>, #triton_xpu.cluster<{sizePerCore = [1], coresPerGroup = [64], groupsPerCluster = [1], order = [0]}>}>>'
loc("/workspace/FlagGems/src/flag_gems/ops/digamma_.py":130:16): error: 'arith.cmpf' op operand #0 must be floating-point-like, but got 'tensor<64xvector<16xf32>, #triton_xpu.cluster<{sizePerCore = [1], coresPerGroup = [64], groupsPerCluster = [1], order = [0]}>}>>'
loc("/workspace/FlagGems/src/flag_gems/ops/digamma_.py":130:16): error: 'arith.cmpf' op operand #0 must be floating-point-like, but got 'tensor<64xvector<16xf32>, #triton_xpu.cluster<{sizePerCore = [1], coresPerGroup = [64], groupsPerCluster = [1], order = [0]}>}>>'
loc("/workspace/FlagGems/src/flag_gems/ops/digamma_.py":130:16): error: 'arith.cmpf' op operand #0 must be floating-point-like, but got 'tensor<64xvector<16xf32>, #triton_xpu.cluster<{sizePerCore = [1], coresPerGroup = [64], groupsPerCluster = [1], order = [0]}>}>>'
loc("/workspace/FlagGems/src/flag_gems/ops/digamma_.py":130:16): error: 'arith.cmpf' op operand #0 must be floating-point-like, but got 'tensor<64xvector<16xf32>, #triton_xpu.cluster<{sizePerCore = [1], coresPerGroup = [64], groupsPerCluster = [1], order = [0]}>}>>'
loc("/workspace/FlagGems/src/flag_gems/ops/digamma_.py":130:16): error: 'arith.cmpf' op operand #0 must be floating-point-like, but got 'tensor<64xvector<16xf32>, #triton_xpu.cluster<{sizePerCore = [1], coresPerGroup = [64], groupsPerCluster = [1], order = [0]}>}>>'
loc("/workspace/FlagGems/src/flag_gems/ops/digamma_.py":130:16): error: 'arith.cmpf' op operand #0 must be floating-point-like, but got 'tensor<64xvector<16xf32>, #triton_xpu.cluster<{sizePerCore = [1], coresPerGroup = [64], groupsPerCluster = [1], order = [0]}>}>>'
loc("/workspace/FlagGems/src/flag_gems/ops/digamma_.py":130:16): error: 'arith.cmpf' op operand #0 must be floating-point-like, but got 'tensor<64xvector<16xf32>, #triton_xpu.cluster<{sizePerCore = [1], coresPerGroup = [64], groupsPerCluster = [1], order = [0]}>}>>'
loc("/workspace/FlagGems/src/flag_gems/ops/digamma_.py":130:16): error: 'arith.cmpf' op operand #0 must be floating-point-like, but got 'tensor<64xvector<16xf32>, #triton_xpu.cluster<{sizePerCore = [1], coresPerGroup = [64], groupsPerCluster = [1], order = [0]}>}>>'
loc("/workspace/FlagGems/src/flag_gems/ops/digamma_.py":130:16): error: 'arith.cmpf' op operand #0 must be floating-point-like, but got 'tensor<64xvector<16xf32>, #triton_xpu.cluster<{sizePerCore = [1], coresPerGroup = [64], groupsPerCluster = [1], order = [0]}>}>>'
loc("/workspace/FlagGems/src/flag_gems/ops/digamma_.py":130:16): error: 'arith.cmpf' op operand #0 must be floating-point-like, but got 'tensor<64xvector<16xf32>, #triton_xpu.cluster<{sizePerCore = [1], coresPerGroup = [64], groupsPerCluster = [1], order = [0]}>}>>'
loc("/workspace/FlagGems/src/flag_gems/ops/digamma_.py":130:16): error: 'arith.cmpf' op operand #0 must be floating-point-like, but got 'tensor<64xvector<16xf32>, #triton_xpu.cluster<{sizePerCore = [1], coresPerGroup = [64], groupsPerCluster = [1], order = [0]}>}>>'
loc("/workspace/FlagGems/src/flag_gems/ops/digamma_.py":130:16): error: 'arith.cmpf' op operand #0 must be floating-point-like, but got 'tensor<64xvector<16xf32>, #triton_xpu.cluster<{sizePerCore = [1], coresPerGroup = [64], groupsPerCluster = [1], order = [0]}>}>>'
loc("/workspace/FlagGems/src/flag_gems/ops/digamma_.py":130:16): error: 'arith.cmpf' op operand #0 must be floating-point-like, but got 'tensor<64xvector<16xf32>, #triton_xpu.cluster<{sizePerCore = [1], coresPerGroup = [64], groupsPerCluster = [1], order = [0]}>}>>'
loc("/workspace/FlagGems/src/flag_gems/ops/digamma_.py":130:16): error: 'arith.cmpf' op operand #0 must be floating-point-like, but got 'tensor<64xvector<16xf32>, #triton_xpu.cluster<{sizePerCore = [1], coresPerGroup = [64], groupsPerCluster = [1], order = [0]}>}>>'
loc("/workspace/FlagGems/src/flag_gems/ops/digamma_.py":130:16): error: 'arith.cmpf' op operand #0 must be floating-point-like, but got 'tensor<64xvector<16xf32>, #triton_xpu.cluster<{sizePerCore = [1], coresPerGroup = [64], groupsPerCluster = [1], order = [0]}>}>>'
loc("/workspace/FlagGems/src/flag_gems/ops/digamma_.py":130:16): error: 'arith.cmpf' op operand #0 must be floating-point-like, but got 'tensor<64xvector<16xf32>, #triton_xpu.cluster<{sizePerCore = [1], coresPerGroup = [64], groupsPerCluster = [1], order = [0]}>}>>'
loc("/workspace/FlagGems/src/flag_gems/ops/digamma_.py":130:16): error: 'arith.cmpf' op operand #0 must be floating-point-like, but got 'tensor<64xvector<16xf32>, #triton_xpu.cluster<{sizePerCore = [1], coresPerGroup = [64], groupsPerCluster = [1], order = [0]}>}>>'
loc("/workspace/FlagGems/src/flag_gems/ops/digamma_.py":130:16): error: 'arith.cmpf' op operand #0 must be floating-point-like, but got 'tensor<64xvector<16xf32>, #triton_xpu.cluster<{sizePerCore = [1], coresPerGroup = [64], groupsPerCluster = [1], order = [0]}>}>>'
loc("/workspace/FlagGems/src/flag_gems/ops/digamma_.py":130:16): error: 'arith.cmpf' op operand #0 must be floating-point-like, but got 'tensor<64xvector<16xf32>, #triton_xpu.cluster<{sizePerCore = [1], coresPerGroup = [64], groupsPerCluster = [1], order = [0]}>}>>'
loc("/workspace/FlagGems/src/flag_gems/ops/digamma_.py":130:16): error: 'arith.cmpf' op operand #0 must be floating-point-like, but got 'tensor<64xvector<16xf32>, #triton_xpu.cluster<{sizePerCore = [1], coresPerGroup = [64], groupsPerCluster = [1], order = [0]}>}>>'
loc("/workspace/FlagGems/src/flag_gems/ops/digamma_.py":130:16): error: 'arith.cmpf' op operand #0 must be floating-point-like, but got 'tensor<64xvector<16xf32>, #triton_xpu.cluster<{sizePerCore = [1], coresPerGroup = [64], groupsPerCluster = [1], order = [0]}>}>>'
loc("/workspace/FlagGems/src/flag_gems/ops/digamma_.py":130:16): error: 'arith.cmpf' op operand #0 must be floating-point-like, but got 'tensor<64xvector<16xf32>, #triton_xpu.cluster<{sizePerCore = [1], coresPerGroup = [64], groupsPerCluster = [1], order = [0]}>}>>'
