============================= test session starts ==============================
platform linux -- Python 3.10.18, pytest-9.1.1, pluggy-1.6.0
rootdir: /workspace/FlagGems
configfile: pytest.ini
plugins: anyio-4.9.0, typeguard-4.3.0
collected 951 items / 950 deselected / 1 selected

test_cumprod.py F                                                        [100%]

=================================== FAILURES ===================================
__________________________ test_cumprod_inplace_perf ___________________________

self = <benchmark.base.GenericBenchmark2DOnly object at 0x7febd4af25f0>

    def run(self):
        if Config.query:
            self.init_default_config()
            attri = OperationAttribute(
                op_name=self.op_name,
                recommended_core_shapes=self.shapes,
                shape_desc=self.shape_desc,
            )
            print(attri)
            emit_record_logger(attri.to_dict())
            return
    
        self.init_user_config()
        for dtype in self.to_bench_dtypes:
            metrics = []
            input_iter = self.get_input_iter(dtype)
    
            done = False
            while not done:
                try:
                    input = next(input_iter)
                except StopIteration:
                    done = True
                    continue
                except (RuntimeError, Exception) as e:
                    print(
                        f"\033[31mFAILED\033[0m: Operator={self.op_name} "
                        "dtype={dtype} err=<<<{e}>>>"
                    )
                    pytest.fail(str(e))
    
                metric = BenchmarkMetrics()
                try:
                    args, kwargs = self.unpack_to_args_kwargs(input)
                    metric.shape_detail = self.record_shapes(*args, **kwargs)
                    if "latency_base" in self.to_bench_metrics:
>                       metric.latency_base = self.get_latency(
                            self.torch_op, *args, **kwargs
                        )

base.py:440: 
_ _ _ _ _ _ _ _ _ _ _ _ _ _ _ _ _ _ _ _ _ _ _ _ _ _ _ _ _ _ _ _ _ _ _ _ _ _ _ _ 
base.py:318: in get_latency
    latency = do_bench(
/root/miniconda/envs/python310_torch29_cuda/lib/python3.10/site-packages/triton/testing.py:103: in do_bench
    fn()
_ _ _ _ _ _ _ _ _ _ _ _ _ _ _ _ _ _ _ _ _ _ _ _ _ _ _ _ _ _ _ _ _ _ _ _ _ _ _ _ 

>   fn = lambda: op(*args, **kwargs)
E   RuntimeError: [NOT IMPLEMENTED]: error code= 4(at /home/agent/xpytorch/workspace/8ba19c15-fc11-4377-85f3-84daf8eaab09/XMLIR/build/python/torch_xmlir/csrc/aten_codegen/generated/CUDANativeFunctions.cpp:5875)

base.py:288: RuntimeError

During handling of the above exception, another exception occurred:

    @pytest.mark.cumprod_
    def test_cumprod_inplace_perf():
        bench = base.GenericBenchmark2DOnly(
            op_name="cumprod_",
            input_fn=input_fn,
            torch_op=torch.Tensor.cumprod_,
            dtypes=CUMPROD_INPLACE_DTYPES,
            is_inplace=True,
        )
>       bench.run()

test_cumprod.py:88: 
_ _ _ _ _ _ _ _ _ _ _ _ _ _ _ _ _ _ _ _ _ _ _ _ _ _ _ _ _ _ _ _ _ _ _ _ _ _ _ _ 

self = <benchmark.base.GenericBenchmark2DOnly object at 0x7febd4af25f0>

    def run(self):
        if Config.query:
            self.init_default_config()
            attri = OperationAttribute(
                op_name=self.op_name,
                recommended_core_shapes=self.shapes,
                shape_desc=self.shape_desc,
            )
            print(attri)
            emit_record_logger(attri.to_dict())
            return
    
        self.init_user_config()
        for dtype in self.to_bench_dtypes:
            metrics = []
            input_iter = self.get_input_iter(dtype)
    
            done = False
            while not done:
                try:
                    input = next(input_iter)
                except StopIteration:
                    done = True
                    continue
                except (RuntimeError, Exception) as e:
                    print(
                        f"\033[31mFAILED\033[0m: Operator={self.op_name} "
                        "dtype={dtype} err=<<<{e}>>>"
                    )
                    pytest.fail(str(e))
    
                metric = BenchmarkMetrics()
                try:
                    args, kwargs = self.unpack_to_args_kwargs(input)
                    metric.shape_detail = self.record_shapes(*args, **kwargs)
                    if "latency_base" in self.to_bench_metrics:
                        metric.latency_base = self.get_latency(
                            self.torch_op, *args, **kwargs
                        )
                    if "latency" in self.to_bench_metrics:
                        if self.gems_op:
                            metric.latency = self.get_latency(
                                self.gems_op, *args, **kwargs
                            )
                        else:
                            if self.op_name == "zero_":
                                with flag_gems.use_gems():
                                    metric.latency = self.get_latency(
                                        self.torch_op, *args, **kwargs
                                    )
                            else:
                                # exclude flaggems' zero_ to avoid the overhead of zero_
                                # in do_bench's clear_cache
                                with flag_gems.use_gems(exclude=["zero_"]):
                                    metric.latency = self.get_latency(
                                        self.torch_op, *args, **kwargs
                                    )
                    if "speedup" in self.to_bench_metrics:
                        metric.speedup = metric.latency_base / metric.latency
    
                    if "gbps" in self.to_bench_metrics:
                        metric.gbps_base = self.get_gbps(
                            args, latency=metric.latency_base
                        )
                        metric.gbps = self.get_gbps(args, latency=metric.latency)
    
                    if "tflops" in self.to_bench_metrics:
                        metric.tflops = (
                            self.get_tflops(self.torch_op, *args, **kwargs)
                            / metric.latency
                            / 1e12
                            * 1e3
                        )
                        # utilization = metric.tflops / metric.latency / 1e12 * 1e3
                except (RuntimeError, Exception) as e:
                    metric.error_msg = str(e)
>                   pytest.fail(str(e))  # raise exception again
E                   Failed: [NOT IMPLEMENTED]: error code= 4(at /home/agent/xpytorch/workspace/8ba19c15-fc11-4377-85f3-84daf8eaab09/XMLIR/build/python/torch_xmlir/csrc/aten_codegen/generated/CUDANativeFunctions.cpp:5875)

base.py:480: Failed
----------------------------- Captured stdout call -----------------------------

Operator: cumprod_  Performance Test (dtype=torch.float16, mode=kernel,level=core)
Status       Torch Latency (ms)    Gems Latency (ms)         Gems Speedup          Size Detail
-----------------------------------------------------------------------------------------------
SUCCESS               0.043909            0.079027               0.556          [torch.Size([64, 64]), 1]
SUCCESS               0.209560            0.136724               1.533          [torch.Size([256, 256]), 1]
SUCCESS               3.001863            0.140343              21.389          [torch.Size([1024, 1024]), 1]
SUCCESS              38.068901            1.018186              37.389          [torch.Size([4096, 4096]), 1]
SUCCESS             167.717529           19.294727               8.692          [torch.Size([1024, 65536]), 1]


Operator: cumprod_  Performance Test (dtype=torch.float32, mode=kernel,level=core)
Status       Torch Latency (ms)    Gems Latency (ms)         Gems Speedup          Size Detail
-----------------------------------------------------------------------------------------------
SUCCESS               0.043581            0.065926               0.661          [torch.Size([64, 64]), 1]
SUCCESS               0.209402            0.089154               2.349          [torch.Size([256, 256]), 1]
SUCCESS               2.742154            0.144561              18.969          [torch.Size([1024, 1024]), 1]
SUCCESS              37.799446            1.081760              34.943          [torch.Size([4096, 4096]), 1]
SUCCESS             162.459885           18.709221               8.683          [torch.Size([1024, 65536]), 1]


Operator: cumprod_  Performance Test (dtype=torch.bfloat16, mode=kernel,level=core)
Status       Torch Latency (ms)    Gems Latency (ms)         Gems Speedup          Size Detail
-----------------------------------------------------------------------------------------------
SUCCESS               0.045318            0.078856               0.575          [torch.Size([64, 64]), 1]
SUCCESS               0.198663            0.136662               1.454          [torch.Size([256, 256]), 1]
SUCCESS               3.002731            0.148293              20.249          [torch.Size([1024, 1024]), 1]
SUCCESS              38.419403            1.028672              37.349          [torch.Size([4096, 4096]), 1]
SUCCESS             167.071030           18.871389               8.853          [torch.Size([1024, 65536]), 1]

[[31mERROR[0m][XDNN_PYTORCH][/home/agent/xpytorch/workspace/8ba19c15-fc11-4377-85f3-84daf8eaab09/XMLIR/xdnn_pytorch/src/xdnn_pytorch_wrapper/cumprod.cpp:45]scalar type of ret : kint16 is unsupported in xdnn_pytorch_wrapper !

[XDNN_UNIMPLEMENTED][/home/agent/xpytorch/workspace/8ba19c15-fc11-4377-85f3-84daf8eaab09/XMLIR/xdnn_pytorch/src/xdnn_pytorch_wrapper/cumprod.cpp:45]
=========================== short test summary info ============================
FAILED test_cumprod.py::test_cumprod_inplace_perf - Failed: [NOT IMPLEMENTED]...
====================== 1 failed, 950 deselected in 40.72s ======================
