============================= test session starts ==============================
platform linux -- Python 3.10.18, pytest-9.1.1, pluggy-1.6.0
rootdir: /workspace/FlagGems
configfile: pytest.ini
plugins: anyio-4.9.0, typeguard-4.3.0
collected 951 items / 949 deselected / 2 selected

test_nextafter.py F                                                      [ 50%]
test_nextafter_.py F                                                     [100%]

=================================== FAILURES ===================================
_______________________________ test_nextafter_ ________________________________

args = (<triton.language.core.tensor object at 0x7f88c4c7f520>, triton.language.float16)
kwargs = {'_builder': <triton._C.libtriton.ir.builder object at 0x7f88c3965300>, 'bitcast': constexpr[True]}

    @wraps(fn)
    def wrapper(*args, **kwargs):
        if "_builder" not in kwargs or kwargs["_builder"] is None:
            raise ValueError("Did you forget to add @triton.jit ? "
                             "(`_builder` argument must be provided outside of JIT functions.)")
>       return fn(*args, **kwargs)

/root/miniconda/envs/python310_torch29_cuda/lib/python3.10/site-packages/triton/language/core.py:38: 
_ _ _ _ _ _ _ _ _ _ _ _ _ _ _ _ _ _ _ _ _ _ _ _ _ _ _ _ _ _ _ _ _ _ _ _ _ _ _ _ 
/root/miniconda/envs/python310_torch29_cuda/lib/python3.10/site-packages/triton/language/core.py:995: in to
    return semantic.bitcast(self, dtype, _builder)
_ _ _ _ _ _ _ _ _ _ _ _ _ _ _ _ _ _ _ _ _ _ _ _ _ _ _ _ _ _ _ _ _ _ _ _ _ _ _ _ 

input = <triton.language.core.tensor object at 0x7f88c4c7f520>
dst_ty = <[512], fp16>
builder = <triton._C.libtriton.ir.builder object at 0x7f88c3965300>

    def bitcast(input: tl.tensor, dst_ty: tl.dtype, builder: ir.builder) -> tl.tensor:
        src_ty = input.type
        if src_ty.is_block():
            dst_ty = tl.block_type(dst_ty.scalar, input.type.get_block_shapes())
        if src_ty == dst_ty:
            return input
        src_sca_ty = src_ty.scalar
        dst_sca_ty = dst_ty.scalar
        if src_sca_ty.is_ptr() or dst_sca_ty.is_ptr():
            return cast(input, dst_ty, builder)
        # Bitcast
        src_bits = src_sca_ty.primitive_bitwidth
        dst_bits = dst_sca_ty.primitive_bitwidth
        if src_bits != dst_bits:
>           raise ValueError("Cannot bitcast data-type of size " + str(src_bits) + " to "
                             "data-type of size " + str(dst_bits))
E           ValueError: Cannot bitcast data-type of size 32 to data-type of size 16

/root/miniconda/envs/python310_torch29_cuda/lib/python3.10/site-packages/triton/language/semantic.py:741: ValueError

The above exception was the direct cause of the following exception:
Traceback (most recent call last):
  File "/root/miniconda/envs/python310_torch29_cuda/lib/python3.10/site-packages/triton/language/core.py", line 38, in wrapper
    return fn(*args, **kwargs)
  File "/root/miniconda/envs/python310_torch29_cuda/lib/python3.10/site-packages/triton/language/core.py", line 995, in to
    return semantic.bitcast(self, dtype, _builder)
  File "/root/miniconda/envs/python310_torch29_cuda/lib/python3.10/site-packages/triton/language/semantic.py", line 741, in bitcast
    raise ValueError("Cannot bitcast data-type of size " + str(src_bits) + " to "
ValueError: Cannot bitcast data-type of size 32 to data-type of size 16

The above exception was the direct cause of the following exception:

triton.compiler.errors.CompilationError: at 74:15:
        #   0x8000 + 0x8001 = 0x0001  (wraps around in uint16)
        pos_zero_down = is_positive & ~is_going_up & (x_int == 0)
        neg_zero_up = ~is_positive & is_going_up & (x_int == 0x8000)
        is_zero_cross = pos_zero_down | neg_zero_up

        result_int = tl.where(
            is_nan | is_equal,
            x_int,  # return input bits as-is (NaN or self)
            tl.where(is_zero_cross, x_int + cross_const, x_int + normal_inc),
        )

        return result_int.to(input.dtype, bitcast=True)
               ^

The above exception was the direct cause of the following exception:

self = <benchmark.base.BinaryPointwiseBenchmark object at 0x7f88c3b21570>

    def run(self):
        if Config.query:
            self.init_default_config()
            attri = OperationAttribute(
                op_name=self.op_name,
                recommended_core_shapes=self.shapes,
                shape_desc=self.shape_desc,
            )
            print(attri)
            emit_record_logger(attri.to_dict())
            return
    
        self.init_user_config()
        for dtype in self.to_bench_dtypes:
            metrics = []
            input_iter = self.get_input_iter(dtype)
    
            done = False
            while not done:
                try:
                    input = next(input_iter)
                except StopIteration:
                    done = True
                    continue
                except (RuntimeError, Exception) as e:
                    print(
                        f"\033[31mFAILED\033[0m: Operator={self.op_name} "
                        "dtype={dtype} err=<<<{e}>>>"
                    )
                    pytest.fail(str(e))
    
                metric = BenchmarkMetrics()
                try:
                    args, kwargs = self.unpack_to_args_kwargs(input)
                    metric.shape_detail = self.record_shapes(*args, **kwargs)
                    if "latency_base" in self.to_bench_metrics:
                        metric.latency_base = self.get_latency(
                            self.torch_op, *args, **kwargs
                        )
                    if "latency" in self.to_bench_metrics:
                        if self.gems_op:
                            metric.latency = self.get_latency(
                                self.gems_op, *args, **kwargs
                            )
                        else:
                            if self.op_name == "zero_":
                                with flag_gems.use_gems():
                                    metric.latency = self.get_latency(
                                        self.torch_op, *args, **kwargs
                                    )
                            else:
                                # exclude flaggems' zero_ to avoid the overhead of zero_
                                # in do_bench's clear_cache
                                with flag_gems.use_gems(exclude=["zero_"]):
>                                   metric.latency = self.get_latency(
                                        self.torch_op, *args, **kwargs
                                    )

base.py:458: 
_ _ _ _ _ _ _ _ _ _ _ _ _ _ _ _ _ _ _ _ _ _ _ _ _ _ _ _ _ _ _ _ _ _ _ _ _ _ _ _ 
base.py:318: in get_latency
    latency = do_bench(
/root/miniconda/envs/python310_torch29_cuda/lib/python3.10/site-packages/triton/testing.py:103: in do_bench
    fn()
base.py:288: in <lambda>
    fn = lambda: op(*args, **kwargs)
../src/flag_gems/ops/nextafter.py:116: in nextafter_
    return nextafter_func(input, other, out0=input)
../src/flag_gems/utils/pointwise_dynamic.py:1317: in __call__
    return self._call_real_impl(*args, **kwargs)
../src/flag_gems/utils/pointwise_dynamic.py:1323: in _call_real_impl
    out = overload(*args, **kwargs)
/root/.flaggems/code_cache/pointwise_dynamic_2c598f26d05958e095745ef7a3da7a76d08401ed69010a0d9c1947175e65352226_nextafter_func_kernel_rank_1_1d_tile__t512.py:39: in nextafter_func_wrapper_rank_1
    nextafter_func_kernel_rank_1[grid](
/root/miniconda/envs/python310_torch29_cuda/lib/python3.10/site-packages/triton/runtime/jit.py:364: in <lambda>
    return lambda *args, **kwargs: self.run(grid=grid, warmup=False, *args, **kwargs)
../src/flag_gems/utils/libentry.py:889: in run
    kernel = self.fn.run(*args, **kwargs)
/root/miniconda/envs/python310_torch29_cuda/lib/python3.10/site-packages/triton/runtime/jit.py:795: in run
    kernel = self.default_run(*args, **kwargs)
/root/miniconda/envs/python310_torch29_cuda/lib/python3.10/site-packages/triton/runtime/jit.py:686: in default_run
    kernel = self.compile(
/root/miniconda/envs/python310_torch29_cuda/lib/python3.10/site-packages/triton/compiler/compiler.py:285: in compile
    module = src.make_ir(options, codegen_fns, context)
_ _ _ _ _ _ _ _ _ _ _ _ _ _ _ _ _ _ _ _ _ _ _ _ _ _ _ _ _ _ _ _ _ _ _ _ _ _ _ _ 

self = <triton.compiler.compiler.ASTSource object at 0x7f88c38c7850>
options = XPUOptions(arch=3, grid=(8, 1, 1), debug=None, cluster_num=12, core_num=64, buffer_size_limit=512, groups_per_cluster=...wed_dot_input_precisions=('ieee', 'tf32'), exp_range=':0', num_warps=4, num_ctas=-1, num_stages=1, use_int4_w4a8=False)
codegen_fns = {}
context = <triton._C.libtriton.ir.context object at 0x7f88c4d8aa30>

    def make_ir(self, options, codegen_fns, context):
>       return ast_to_ttir(self.fn, self, context=context, options=options, codegen_fns=codegen_fns)
E       triton.compiler.errors.CompilationError: at 26:15:
E           if one_tile_per_cta: # monolitic kernel style
E               tile_id = pid
E               tid = tile_id * tile_size + tl.arange(0, tile_size)
E               mask = tid < num_tasks
E               i0 = tid
E       
E               # loads
E               in0 = tl.load(in0_ptr + i0 * in0_stride0, mask=mask).to(in0_ptr.type.element_ty)
E               in1 = tl.load(in1_ptr + i0 * in1_stride0, mask=mask).to(in1_ptr.type.element_ty)
E       
E               # compute
E               out0 = nextafter_func(in0, in1)
E                      ^

/root/miniconda/envs/python310_torch29_cuda/lib/python3.10/site-packages/triton/compiler/compiler.py:122: CompilationError

During handling of the above exception, another exception occurred:

    @pytest.mark.nextafter_
    def test_nextafter_():
        bench = base.BinaryPointwiseBenchmark(
            op_name="nextafter_",
            torch_op=torch.Tensor.nextafter_,
            dtypes=consts.FLOAT_DTYPES,
        )
>       bench.run()

test_nextafter.py:24: 
_ _ _ _ _ _ _ _ _ _ _ _ _ _ _ _ _ _ _ _ _ _ _ _ _ _ _ _ _ _ _ _ _ _ _ _ _ _ _ _ 

self = <benchmark.base.BinaryPointwiseBenchmark object at 0x7f88c3b21570>

    def run(self):
        if Config.query:
            self.init_default_config()
            attri = OperationAttribute(
                op_name=self.op_name,
                recommended_core_shapes=self.shapes,
                shape_desc=self.shape_desc,
            )
            print(attri)
            emit_record_logger(attri.to_dict())
            return
    
        self.init_user_config()
        for dtype in self.to_bench_dtypes:
            metrics = []
            input_iter = self.get_input_iter(dtype)
    
            done = False
            while not done:
                try:
                    input = next(input_iter)
                except StopIteration:
                    done = True
                    continue
                except (RuntimeError, Exception) as e:
                    print(
                        f"\033[31mFAILED\033[0m: Operator={self.op_name} "
                        "dtype={dtype} err=<<<{e}>>>"
                    )
                    pytest.fail(str(e))
    
                metric = BenchmarkMetrics()
                try:
                    args, kwargs = self.unpack_to_args_kwargs(input)
                    metric.shape_detail = self.record_shapes(*args, **kwargs)
                    if "latency_base" in self.to_bench_metrics:
                        metric.latency_base = self.get_latency(
                            self.torch_op, *args, **kwargs
                        )
                    if "latency" in self.to_bench_metrics:
                        if self.gems_op:
                            metric.latency = self.get_latency(
                                self.gems_op, *args, **kwargs
                            )
                        else:
                            if self.op_name == "zero_":
                                with flag_gems.use_gems():
                                    metric.latency = self.get_latency(
                                        self.torch_op, *args, **kwargs
                                    )
                            else:
                                # exclude flaggems' zero_ to avoid the overhead of zero_
                                # in do_bench's clear_cache
                                with flag_gems.use_gems(exclude=["zero_"]):
                                    metric.latency = self.get_latency(
                                        self.torch_op, *args, **kwargs
                                    )
                    if "speedup" in self.to_bench_metrics:
                        metric.speedup = metric.latency_base / metric.latency
    
                    if "gbps" in self.to_bench_metrics:
                        metric.gbps_base = self.get_gbps(
                            args, latency=metric.latency_base
                        )
                        metric.gbps = self.get_gbps(args, latency=metric.latency)
    
                    if "tflops" in self.to_bench_metrics:
                        metric.tflops = (
                            self.get_tflops(self.torch_op, *args, **kwargs)
                            / metric.latency
                            / 1e12
                            * 1e3
                        )
                        # utilization = metric.tflops / metric.latency / 1e12 * 1e3
                except (RuntimeError, Exception) as e:
                    metric.error_msg = str(e)
>                   pytest.fail(str(e))  # raise exception again
E                   Failed: at 26:15:
E                       if one_tile_per_cta: # monolitic kernel style
E                           tile_id = pid
E                           tid = tile_id * tile_size + tl.arange(0, tile_size)
E                           mask = tid < num_tasks
E                           i0 = tid
E                   
E                           # loads
E                           in0 = tl.load(in0_ptr + i0 * in0_stride0, mask=mask).to(in0_ptr.type.element_ty)
E                           in1 = tl.load(in1_ptr + i0 * in1_stride0, mask=mask).to(in1_ptr.type.element_ty)
E                   
E                           # compute
E                           out0 = nextafter_func(in0, in1)
E                                  ^

base.py:480: Failed
_______________________________ test_nextafter_ ________________________________

a = tensor([[-2.2340e-01,  5.9415e-01, -1.9463e+00,  ...,  1.3108e+00,
         -8.9186e-01,  1.3475e+00],
        [ 1.537...       [-8.5234e-01, -1.6563e+00, -1.4851e+00,  ...,  9.7440e-01,
         -8.4780e-01, -1.0028e+00]], device='cuda:0')
b = tensor([[ 0.2484, -0.6716, -0.3374,  ..., -1.1448,  0.3872,  0.5952],
        [-0.5802,  0.0835,  1.0690,  ..., -1.793...1913, -1.0520, -0.7709],
        [ 1.5812,  0.1140, -1.3556,  ..., -1.9181, -1.5804,  0.1837]],
       device='cuda:0')

>       torch_op=lambda a, b: a.nextafter_(b),
        # Kernel uses generic int bitcast based on dtype bitwidth; all float dtypes supported.
        dtypes=[torch.float32],
        is_inplace=True,
    )

test_nextafter_.py:25: 
_ _ _ _ _ _ _ _ _ _ _ _ _ _ _ _ _ _ _ _ _ _ _ _ _ _ _ _ _ _ _ _ _ _ _ _ _ _ _ _ 
../src/flag_gems/ops/nextafter.py:116: in nextafter_
    return nextafter_func(input, other, out0=input)
../src/flag_gems/utils/pointwise_dynamic.py:1317: in __call__
    return self._call_real_impl(*args, **kwargs)
../src/flag_gems/utils/pointwise_dynamic.py:1323: in _call_real_impl
    out = overload(*args, **kwargs)
/root/.flaggems/code_cache/pointwise_dynamic_2c598f26d05958e095745ef7a3da7a76d08401ed69010a0d9c1947175e65352226_nextafter_func_kernel_rank_1_1d_tile__t512.py:39: in nextafter_func_wrapper_rank_1
    nextafter_func_kernel_rank_1[grid](
/root/miniconda/envs/python310_torch29_cuda/lib/python3.10/site-packages/triton/runtime/jit.py:364: in <lambda>
    return lambda *args, **kwargs: self.run(grid=grid, warmup=False, *args, **kwargs)
../src/flag_gems/utils/libentry.py:889: in run
    kernel = self.fn.run(*args, **kwargs)
/root/miniconda/envs/python310_torch29_cuda/lib/python3.10/site-packages/triton/runtime/jit.py:795: in run
    kernel = self.default_run(*args, **kwargs)
/root/miniconda/envs/python310_torch29_cuda/lib/python3.10/site-packages/triton/runtime/jit.py:686: in default_run
    kernel = self.compile(
/root/miniconda/envs/python310_torch29_cuda/lib/python3.10/site-packages/triton/compiler/compiler.py:336: in compile
    next_module = compile_ir(module, metadata)
/root/miniconda/envs/python310_torch29_cuda/lib/python3.10/site-packages/triton/backends/xpu/compiler.py:519: in <lambda>
    stages["xpubin"] = lambda src, metadata: self.make_xpubin(src, metadata, options)
/root/miniconda/envs/python310_torch29_cuda/lib/python3.10/site-packages/triton/backends/xpu/compiler.py:487: in make_xpubin
    out = subprocess.run(cmd, check=True, capture_output=True)
_ _ _ _ _ _ _ _ _ _ _ _ _ _ _ _ _ _ _ _ _ _ _ _ _ _ _ _ _ _ _ _ _ _ _ _ _ _ _ _ 

input = None, capture_output = True, timeout = None, check = True
popenargs = (['/root/miniconda/envs/python310_torch29_cuda/lib/python3.10/site-packages/triton/backends/xpu/xpu3-elfconv', '/tmp/t...kernel.bin', '/root/miniconda/envs/python310_torch29_cuda/lib/python3.10/site-packages/triton/backends/xpu/xpu3/bin'],)
kwargs = {'stdout': -1, 'stderr': -1}

    def run(*popenargs,
            input=None, capture_output=False, timeout=None, check=False, **kwargs):
        """Run command with arguments and return a CompletedProcess instance.
    
        The returned instance will have attributes args, returncode, stdout and
        stderr. By default, stdout and stderr are not captured, and those attributes
        will be None. Pass stdout=PIPE and/or stderr=PIPE in order to capture them,
        or pass capture_output=True to capture both.
    
        If check is True and the exit code was non-zero, it raises a
        CalledProcessError. The CalledProcessError object will have the return code
        in the returncode attribute, and output & stderr attributes if those streams
        were captured.
    
        If timeout is given, and the process takes too long, a TimeoutExpired
        exception will be raised.
    
        There is an optional argument "input", allowing you to
        pass bytes or a string to the subprocess's stdin.  If you use this argument
        you may not also use the Popen constructor's "stdin" argument, as
        it will be used internally.
    
        By default, all communication is in bytes, and therefore any "input" should
        be bytes, and the stdout and stderr will be bytes. If in text mode, any
        "input" should be a string, and stdout and stderr will be strings decoded
        according to locale encoding, or by "encoding" if set. Text mode is
        triggered by setting any of text, encoding, errors or universal_newlines.
    
        The other arguments are the same as for the Popen constructor.
        """
        if input is not None:
            if kwargs.get('stdin') is not None:
                raise ValueError('stdin and input arguments may not both be used.')
            kwargs['stdin'] = PIPE
    
        if capture_output:
            if kwargs.get('stdout') is not None or kwargs.get('stderr') is not None:
                raise ValueError('stdout and stderr arguments may not be used '
                                 'with capture_output.')
            kwargs['stdout'] = PIPE
            kwargs['stderr'] = PIPE
    
        with Popen(*popenargs, **kwargs) as process:
            try:
                stdout, stderr = process.communicate(input, timeout=timeout)
            except TimeoutExpired as exc:
                process.kill()
                if _mswindows:
                    # Windows accumulates the output in a single blocking
                    # read() call run on child threads, with the timeout
                    # being done in a join() on those threads.  communicate()
                    # _after_ kill() is required to collect that and add it
                    # to the exception.
                    exc.stdout, exc.stderr = process.communicate()
                else:
                    # POSIX _communicate already populated the output so
                    # far into the TimeoutExpired exception.
                    process.wait()
                raise
            except:  # Including KeyboardInterrupt, communicate handled that.
                process.kill()
                # We don't call process.wait() as .__exit__ does that for us.
                raise
            retcode = process.poll()
            if check and retcode:
>               raise CalledProcessError(retcode, process.args,
                                         output=stdout, stderr=stderr)
E               subprocess.CalledProcessError: Command '['/root/miniconda/envs/python310_torch29_cuda/lib/python3.10/site-packages/triton/backends/xpu/xpu3-elfconv', '/tmp/tmpg3hccp4a/kernel.o', '/tmp/tmpg3hccp4a/kernel.bin', '/root/miniconda/envs/python310_torch29_cuda/lib/python3.10/site-packages/triton/backends/xpu/xpu3/bin']' returned non-zero exit status 1.

/root/miniconda/envs/python310_torch29_cuda/lib/python3.10/subprocess.py:526: CalledProcessError

During handling of the above exception, another exception occurred:

    @pytest.mark.nextafter_
    def test_nextafter_():
        bench = base.BinaryPointwiseBenchmark(
            op_name="nextafter_",
            torch_op=lambda a, b: a.nextafter_(b),
            # Kernel uses generic int bitcast based on dtype bitwidth; all float dtypes supported.
            dtypes=[torch.float32],
            is_inplace=True,
        )
>       bench.run()

test_nextafter_.py:30: 
_ _ _ _ _ _ _ _ _ _ _ _ _ _ _ _ _ _ _ _ _ _ _ _ _ _ _ _ _ _ _ _ _ _ _ _ _ _ _ _ 

self = <benchmark.base.BinaryPointwiseBenchmark object at 0x7f88c2d79a80>

    def run(self):
        if Config.query:
            self.init_default_config()
            attri = OperationAttribute(
                op_name=self.op_name,
                recommended_core_shapes=self.shapes,
                shape_desc=self.shape_desc,
            )
            print(attri)
            emit_record_logger(attri.to_dict())
            return
    
        self.init_user_config()
        for dtype in self.to_bench_dtypes:
            metrics = []
            input_iter = self.get_input_iter(dtype)
    
            done = False
            while not done:
                try:
                    input = next(input_iter)
                except StopIteration:
                    done = True
                    continue
                except (RuntimeError, Exception) as e:
                    print(
                        f"\033[31mFAILED\033[0m: Operator={self.op_name} "
                        "dtype={dtype} err=<<<{e}>>>"
                    )
                    pytest.fail(str(e))
    
                metric = BenchmarkMetrics()
                try:
                    args, kwargs = self.unpack_to_args_kwargs(input)
                    metric.shape_detail = self.record_shapes(*args, **kwargs)
                    if "latency_base" in self.to_bench_metrics:
                        metric.latency_base = self.get_latency(
                            self.torch_op, *args, **kwargs
                        )
                    if "latency" in self.to_bench_metrics:
                        if self.gems_op:
                            metric.latency = self.get_latency(
                                self.gems_op, *args, **kwargs
                            )
                        else:
                            if self.op_name == "zero_":
                                with flag_gems.use_gems():
                                    metric.latency = self.get_latency(
                                        self.torch_op, *args, **kwargs
                                    )
                            else:
                                # exclude flaggems' zero_ to avoid the overhead of zero_
                                # in do_bench's clear_cache
                                with flag_gems.use_gems(exclude=["zero_"]):
                                    metric.latency = self.get_latency(
                                        self.torch_op, *args, **kwargs
                                    )
                    if "speedup" in self.to_bench_metrics:
                        metric.speedup = metric.latency_base / metric.latency
    
                    if "gbps" in self.to_bench_metrics:
                        metric.gbps_base = self.get_gbps(
                            args, latency=metric.latency_base
                        )
                        metric.gbps = self.get_gbps(args, latency=metric.latency)
    
                    if "tflops" in self.to_bench_metrics:
                        metric.tflops = (
                            self.get_tflops(self.torch_op, *args, **kwargs)
                            / metric.latency
                            / 1e12
                            * 1e3
                        )
                        # utilization = metric.tflops / metric.latency / 1e12 * 1e3
                except (RuntimeError, Exception) as e:
                    metric.error_msg = str(e)
>                   pytest.fail(str(e))  # raise exception again
E                   Failed: Command '['/root/miniconda/envs/python310_torch29_cuda/lib/python3.10/site-packages/triton/backends/xpu/xpu3-elfconv', '/tmp/tmpg3hccp4a/kernel.o', '/tmp/tmpg3hccp4a/kernel.bin', '/root/miniconda/envs/python310_torch29_cuda/lib/python3.10/site-packages/triton/backends/xpu/xpu3/bin']' returned non-zero exit status 1.

base.py:480: Failed
=========================== short test summary info ============================
FAILED test_nextafter.py::test_nextafter_ - Failed: at 26:15:
FAILED test_nextafter_.py::test_nextafter_ - Failed: Command '['/root/minicon...
====================== 2 failed, 949 deselected in 9.94s =======================
