============================= test session starts ==============================
platform linux -- Python 3.10.18, pytest-9.1.1, pluggy-1.6.0
rootdir: /workspace/FlagGems
configfile: pytest.ini
plugins: anyio-4.9.0, typeguard-4.3.0
collected 951 items / 950 deselected / 1 selected

test_nextafter.py F                                                      [100%]

=================================== FAILURES ===================================
________________________________ test_nextafter ________________________________

args = (<triton.language.core.tensor object at 0x7fe0beb49c90>, triton.language.float16)
kwargs = {'_builder': <triton._C.libtriton.ir.builder object at 0x7fe0bedd3d30>, 'bitcast': constexpr[True]}

    @wraps(fn)
    def wrapper(*args, **kwargs):
        if "_builder" not in kwargs or kwargs["_builder"] is None:
            raise ValueError("Did you forget to add @triton.jit ? "
                             "(`_builder` argument must be provided outside of JIT functions.)")
>       return fn(*args, **kwargs)

/root/miniconda/envs/python310_torch29_cuda/lib/python3.10/site-packages/triton/language/core.py:38: 
_ _ _ _ _ _ _ _ _ _ _ _ _ _ _ _ _ _ _ _ _ _ _ _ _ _ _ _ _ _ _ _ _ _ _ _ _ _ _ _ 
/root/miniconda/envs/python310_torch29_cuda/lib/python3.10/site-packages/triton/language/core.py:995: in to
    return semantic.bitcast(self, dtype, _builder)
_ _ _ _ _ _ _ _ _ _ _ _ _ _ _ _ _ _ _ _ _ _ _ _ _ _ _ _ _ _ _ _ _ _ _ _ _ _ _ _ 

input = <triton.language.core.tensor object at 0x7fe0beb49c90>
dst_ty = <[512], fp16>
builder = <triton._C.libtriton.ir.builder object at 0x7fe0bedd3d30>

    def bitcast(input: tl.tensor, dst_ty: tl.dtype, builder: ir.builder) -> tl.tensor:
        src_ty = input.type
        if src_ty.is_block():
            dst_ty = tl.block_type(dst_ty.scalar, input.type.get_block_shapes())
        if src_ty == dst_ty:
            return input
        src_sca_ty = src_ty.scalar
        dst_sca_ty = dst_ty.scalar
        if src_sca_ty.is_ptr() or dst_sca_ty.is_ptr():
            return cast(input, dst_ty, builder)
        # Bitcast
        src_bits = src_sca_ty.primitive_bitwidth
        dst_bits = dst_sca_ty.primitive_bitwidth
        if src_bits != dst_bits:
>           raise ValueError("Cannot bitcast data-type of size " + str(src_bits) + " to "
                             "data-type of size " + str(dst_bits))
E           ValueError: Cannot bitcast data-type of size 32 to data-type of size 16

/root/miniconda/envs/python310_torch29_cuda/lib/python3.10/site-packages/triton/language/semantic.py:741: ValueError

The above exception was the direct cause of the following exception:
Traceback (most recent call last):
  File "/root/miniconda/envs/python310_torch29_cuda/lib/python3.10/site-packages/triton/language/core.py", line 38, in wrapper
    return fn(*args, **kwargs)
  File "/root/miniconda/envs/python310_torch29_cuda/lib/python3.10/site-packages/triton/language/core.py", line 995, in to
    return semantic.bitcast(self, dtype, _builder)
  File "/root/miniconda/envs/python310_torch29_cuda/lib/python3.10/site-packages/triton/language/semantic.py", line 741, in bitcast
    raise ValueError("Cannot bitcast data-type of size " + str(src_bits) + " to "
ValueError: Cannot bitcast data-type of size 32 to data-type of size 16

The above exception was the direct cause of the following exception:

triton.compiler.errors.CompilationError: at 74:15:
        #   0x8000 + 0x8001 = 0x0001  (wraps around in uint16)
        pos_zero_down = is_positive & ~is_going_up & (x_int == 0)
        neg_zero_up = ~is_positive & is_going_up & (x_int == 0x8000)
        is_zero_cross = pos_zero_down | neg_zero_up

        result_int = tl.where(
            is_nan | is_equal,
            x_int,  # return input bits as-is (NaN or self)
            tl.where(is_zero_cross, x_int + cross_const, x_int + normal_inc),
        )

        return result_int.to(input.dtype, bitcast=True)
               ^

The above exception was the direct cause of the following exception:

self = <benchmark.base.BinaryPointwiseBenchmark object at 0x7fe0bec927a0>

    def run(self):
        if Config.query:
            self.init_default_config()
            attri = OperationAttribute(
                op_name=self.op_name,
                recommended_core_shapes=self.shapes,
                shape_desc=self.shape_desc,
            )
            print(attri)
            emit_record_logger(attri.to_dict())
            return
    
        self.init_user_config()
        for dtype in self.to_bench_dtypes:
            metrics = []
            input_iter = self.get_input_iter(dtype)
    
            done = False
            while not done:
                try:
                    input = next(input_iter)
                except StopIteration:
                    done = True
                    continue
                except (RuntimeError, Exception) as e:
                    print(
                        f"\033[31mFAILED\033[0m: Operator={self.op_name} "
                        "dtype={dtype} err=<<<{e}>>>"
                    )
                    pytest.fail(str(e))
    
                metric = BenchmarkMetrics()
                try:
                    args, kwargs = self.unpack_to_args_kwargs(input)
                    metric.shape_detail = self.record_shapes(*args, **kwargs)
                    if "latency_base" in self.to_bench_metrics:
                        metric.latency_base = self.get_latency(
                            self.torch_op, *args, **kwargs
                        )
                    if "latency" in self.to_bench_metrics:
                        if self.gems_op:
                            metric.latency = self.get_latency(
                                self.gems_op, *args, **kwargs
                            )
                        else:
                            if self.op_name == "zero_":
                                with flag_gems.use_gems():
                                    metric.latency = self.get_latency(
                                        self.torch_op, *args, **kwargs
                                    )
                            else:
                                # exclude flaggems' zero_ to avoid the overhead of zero_
                                # in do_bench's clear_cache
                                with flag_gems.use_gems(exclude=["zero_"]):
>                                   metric.latency = self.get_latency(
                                        self.torch_op, *args, **kwargs
                                    )

base.py:458: 
_ _ _ _ _ _ _ _ _ _ _ _ _ _ _ _ _ _ _ _ _ _ _ _ _ _ _ _ _ _ _ _ _ _ _ _ _ _ _ _ 
base.py:318: in get_latency
    latency = do_bench(
/root/miniconda/envs/python310_torch29_cuda/lib/python3.10/site-packages/triton/testing.py:103: in do_bench
    fn()
base.py:288: in <lambda>
    fn = lambda: op(*args, **kwargs)
../src/flag_gems/ops/nextafter.py:111: in nextafter
    return nextafter_func(input, other)
../src/flag_gems/utils/pointwise_dynamic.py:1317: in __call__
    return self._call_real_impl(*args, **kwargs)
../src/flag_gems/utils/pointwise_dynamic.py:1323: in _call_real_impl
    out = overload(*args, **kwargs)
/root/.flaggems/code_cache/pointwise_dynamic_2c598f26d05958e095745ef7a3da7a76d08401ed69010a0d9c1947175e65352226_nextafter_func_kernel_rank_1_1d_tile__t512.py:39: in nextafter_func_wrapper_rank_1
    nextafter_func_kernel_rank_1[grid](
/root/miniconda/envs/python310_torch29_cuda/lib/python3.10/site-packages/triton/runtime/jit.py:364: in <lambda>
    return lambda *args, **kwargs: self.run(grid=grid, warmup=False, *args, **kwargs)
../src/flag_gems/utils/libentry.py:889: in run
    kernel = self.fn.run(*args, **kwargs)
/root/miniconda/envs/python310_torch29_cuda/lib/python3.10/site-packages/triton/runtime/jit.py:795: in run
    kernel = self.default_run(*args, **kwargs)
/root/miniconda/envs/python310_torch29_cuda/lib/python3.10/site-packages/triton/runtime/jit.py:686: in default_run
    kernel = self.compile(
/root/miniconda/envs/python310_torch29_cuda/lib/python3.10/site-packages/triton/compiler/compiler.py:285: in compile
    module = src.make_ir(options, codegen_fns, context)
_ _ _ _ _ _ _ _ _ _ _ _ _ _ _ _ _ _ _ _ _ _ _ _ _ _ _ _ _ _ _ _ _ _ _ _ _ _ _ _ 

self = <triton.compiler.compiler.ASTSource object at 0x7fe0bed0bac0>
options = XPUOptions(arch=3, grid=(8, 1, 1), debug=None, cluster_num=12, core_num=64, buffer_size_limit=512, groups_per_cluster=...wed_dot_input_precisions=('ieee', 'tf32'), exp_range=':0', num_warps=4, num_ctas=-1, num_stages=1, use_int4_w4a8=False)
codegen_fns = {}
context = <triton._C.libtriton.ir.context object at 0x7fe0c0031ef0>

    def make_ir(self, options, codegen_fns, context):
>       return ast_to_ttir(self.fn, self, context=context, options=options, codegen_fns=codegen_fns)
E       triton.compiler.errors.CompilationError: at 26:15:
E           if one_tile_per_cta: # monolitic kernel style
E               tile_id = pid
E               tid = tile_id * tile_size + tl.arange(0, tile_size)
E               mask = tid < num_tasks
E               i0 = tid
E       
E               # loads
E               in0 = tl.load(in0_ptr + i0 * in0_stride0, mask=mask).to(in0_ptr.type.element_ty)
E               in1 = tl.load(in1_ptr + i0 * in1_stride0, mask=mask).to(in1_ptr.type.element_ty)
E       
E               # compute
E               out0 = nextafter_func(in0, in1)
E                      ^

/root/miniconda/envs/python310_torch29_cuda/lib/python3.10/site-packages/triton/compiler/compiler.py:122: CompilationError

During handling of the above exception, another exception occurred:

    @pytest.mark.nextafter
    def test_nextafter():
        bench = base.BinaryPointwiseBenchmark(
            op_name="nextafter",
            torch_op=torch.nextafter,
            dtypes=consts.FLOAT_DTYPES,
        )
>       bench.run()

test_nextafter.py:14: 
_ _ _ _ _ _ _ _ _ _ _ _ _ _ _ _ _ _ _ _ _ _ _ _ _ _ _ _ _ _ _ _ _ _ _ _ _ _ _ _ 

self = <benchmark.base.BinaryPointwiseBenchmark object at 0x7fe0bec927a0>

    def run(self):
        if Config.query:
            self.init_default_config()
            attri = OperationAttribute(
                op_name=self.op_name,
                recommended_core_shapes=self.shapes,
                shape_desc=self.shape_desc,
            )
            print(attri)
            emit_record_logger(attri.to_dict())
            return
    
        self.init_user_config()
        for dtype in self.to_bench_dtypes:
            metrics = []
            input_iter = self.get_input_iter(dtype)
    
            done = False
            while not done:
                try:
                    input = next(input_iter)
                except StopIteration:
                    done = True
                    continue
                except (RuntimeError, Exception) as e:
                    print(
                        f"\033[31mFAILED\033[0m: Operator={self.op_name} "
                        "dtype={dtype} err=<<<{e}>>>"
                    )
                    pytest.fail(str(e))
    
                metric = BenchmarkMetrics()
                try:
                    args, kwargs = self.unpack_to_args_kwargs(input)
                    metric.shape_detail = self.record_shapes(*args, **kwargs)
                    if "latency_base" in self.to_bench_metrics:
                        metric.latency_base = self.get_latency(
                            self.torch_op, *args, **kwargs
                        )
                    if "latency" in self.to_bench_metrics:
                        if self.gems_op:
                            metric.latency = self.get_latency(
                                self.gems_op, *args, **kwargs
                            )
                        else:
                            if self.op_name == "zero_":
                                with flag_gems.use_gems():
                                    metric.latency = self.get_latency(
                                        self.torch_op, *args, **kwargs
                                    )
                            else:
                                # exclude flaggems' zero_ to avoid the overhead of zero_
                                # in do_bench's clear_cache
                                with flag_gems.use_gems(exclude=["zero_"]):
                                    metric.latency = self.get_latency(
                                        self.torch_op, *args, **kwargs
                                    )
                    if "speedup" in self.to_bench_metrics:
                        metric.speedup = metric.latency_base / metric.latency
    
                    if "gbps" in self.to_bench_metrics:
                        metric.gbps_base = self.get_gbps(
                            args, latency=metric.latency_base
                        )
                        metric.gbps = self.get_gbps(args, latency=metric.latency)
    
                    if "tflops" in self.to_bench_metrics:
                        metric.tflops = (
                            self.get_tflops(self.torch_op, *args, **kwargs)
                            / metric.latency
                            / 1e12
                            * 1e3
                        )
                        # utilization = metric.tflops / metric.latency / 1e12 * 1e3
                except (RuntimeError, Exception) as e:
                    metric.error_msg = str(e)
>                   pytest.fail(str(e))  # raise exception again
E                   Failed: at 26:15:
E                       if one_tile_per_cta: # monolitic kernel style
E                           tile_id = pid
E                           tid = tile_id * tile_size + tl.arange(0, tile_size)
E                           mask = tid < num_tasks
E                           i0 = tid
E                   
E                           # loads
E                           in0 = tl.load(in0_ptr + i0 * in0_stride0, mask=mask).to(in0_ptr.type.element_ty)
E                           in1 = tl.load(in1_ptr + i0 * in1_stride0, mask=mask).to(in1_ptr.type.element_ty)
E                   
E                           # compute
E                           out0 = nextafter_func(in0, in1)
E                                  ^

base.py:480: Failed
=========================== short test summary info ============================
FAILED test_nextafter.py::test_nextafter - Failed: at 26:15:
====================== 1 failed, 950 deselected in 8.96s =======================
