============================= test session starts ==============================
platform linux -- Python 3.10.18, pytest-9.1.1, pluggy-1.6.0
rootdir: /workspace/FlagGems
configfile: pytest.ini
plugins: anyio-4.9.0, typeguard-4.3.0
collected 951 items / 948 deselected / 3 selected

test_nested_view_from_buffer_copy.py ...                                 [100%]

=============================== warnings summary ===============================
benchmark/test_nested_view_from_buffer_copy.py::test_nested_view_from_buffer_copy[dtype0]
  /workspace/FlagGems/src/flag_gems/runtime/configs_loader.py:584: UserWarning: No heuristics config found for amax
    warnings.warn(f"No heuristics config found for {op_name}")

benchmark/test_nested_view_from_buffer_copy.py::test_nested_view_from_buffer_copy[dtype0]
  /workspace/FlagGems/src/flag_gems/runtime/configs_loader.py:584: UserWarning: No heuristics config found for ones
    warnings.warn(f"No heuristics config found for {op_name}")

benchmark/test_nested_view_from_buffer_copy.py::test_nested_view_from_buffer_copy[dtype0]
  /workspace/FlagGems/src/flag_gems/runtime/configs_loader.py:584: UserWarning: No heuristics config found for zeros
    warnings.warn(f"No heuristics config found for {op_name}")

benchmark/test_nested_view_from_buffer_copy.py::test_nested_view_from_buffer_copy[dtype0]
  /root/miniconda/envs/python310_torch29_cuda/lib/python3.10/site-packages/torch/nested/__init__.py:250: UserWarning: The PyTorch API of nested tensors is in prototype stage and will change in the near future. We recommend specifying layout=torch.jagged when constructing a nested tensor, as this layout receives active development, has better operator coverage, and works with torch.compile. (Triggered internally at /pytorch/aten/src/ATen/NestedTensorImpl.cpp:178.)
    return _nested.nested_tensor(

-- Docs: https://docs.pytest.org/en/stable/how-to/capture-warnings.html
================ 3 passed, 948 deselected, 4 warnings in 24.44s ================
