============================= test session starts ==============================
platform linux -- Python 3.10.18, pytest-9.1.1, pluggy-1.6.0
rootdir: /workspace/FlagGems
configfile: pytest.ini
plugins: anyio-4.9.0, typeguard-4.3.0
collected 951 items / 950 deselected / 1 selected

test_flash_attention_backward.py F                                       [100%]

=================================== FAILURES ===================================
____________ test_perf_scaled_dot_product_cudnn_attention_backward _____________

config = (4, 16, 1024, 64, False, False), dtype = torch.float16, device = 'cuda'

    def cudnn_attn_bwd_input_fn(config, dtype, device):
        batch, num_heads, seq_len, head_size, is_causal, has_bias = config
        if _is_unsafe_decode_causal(seq_len, is_causal):
            return
        scale = 1.0 / math.sqrt(head_size)
    
        dev_idx = _device_index(device)
        set_philox_state(1234567890, 0, dev_idx)
    
        Q_bhsd = torch.empty(
            batch, num_heads, seq_len, head_size, dtype=dtype, device=device
        ).uniform_(-0.05, 0.05)
        K_bhsd = torch.empty(
            batch, num_heads, seq_len, head_size, dtype=dtype, device=device
        ).uniform_(-0.05, 0.05)
        V_bhsd = torch.empty(
            batch, num_heads, seq_len, head_size, dtype=dtype, device=device
        ).uniform_(-0.05, 0.05)
        dOut_bhsd = torch.randn(
            batch, num_heads, seq_len, head_size, dtype=dtype, device=device
        )
        bias = (
            torch.randn(batch, num_heads, seq_len, seq_len, device=device, dtype=dtype)
            * 0.1
            if has_bias
            else None
        )
    
>       out_bhsd, lse, philox_seed, philox_offset = cudnn_attn_forward_native(
            Q_bhsd,
            K_bhsd,
            V_bhsd,
            attn_bias=bias,
            is_causal=is_causal,
            softmax_scale=scale,
        )

test_flash_attention_backward.py:638: 
_ _ _ _ _ _ _ _ _ _ _ _ _ _ _ _ _ _ _ _ _ _ _ _ _ _ _ _ _ _ _ _ _ _ _ _ _ _ _ _ 
test_flash_attention_backward.py:136: in cudnn_attn_forward_native
    results = torch.ops.aten._scaled_dot_product_cudnn_attention(
_ _ _ _ _ _ _ _ _ _ _ _ _ _ _ _ _ _ _ _ _ _ _ _ _ _ _ _ _ _ _ _ _ _ _ _ _ _ _ _ 

self = <OpOverloadPacket(op='aten._scaled_dot_product_cudnn_attention')>
args = (tensor([[[[-3.2867e-02, -2.4414e-02,  3.3264e-02,  ...,  3.2471e-02,
           -3.9185e-02, -4.2175e-02],
          ...   [-0.0035, -0.0480, -0.0221,  ..., -0.0472,  0.0233,  0.0182]]]],
       device='cuda:0', dtype=torch.float16), None)
kwargs = {'compute_log_sumexp': True, 'dropout_p': 0.0, 'is_causal': False, 'return_debug_mask': False, ...}

    def __call__(self, /, *args: _P.args, **kwargs: _P.kwargs) -> _T:
        # overloading __call__ to ensure torch.ops.foo.bar()
        # is still callable from JIT
        # We save the function ptr as the `op` attribute on
        # OpOverloadPacket to access it here.
    
        # Directly calling OverloadPacket goes into C++, which will check
        # the schema and cause an error for torchbind op when inputs consist of FakeScriptObject so we
        # intercept it here and call TorchBindOpverload instead.
        if self._has_torchbind_op_overload and _must_dispatch_in_python(args, kwargs):
            return _call_overload_packet_from_python(self, *args, **kwargs)
>       return self._op(*args, **kwargs)
E       NotImplementedError: Could not run 'aten::_scaled_dot_product_cudnn_attention' with arguments from the 'CPU' backend. This could be because the operator doesn't exist for this backend, or was omitted during the selective/custom build process (if using custom build). If you are a Facebook employee using PyTorch on mobile, please visit https://fburl.com/ptmfixes for possible resolutions. 'aten::_scaled_dot_product_cudnn_attention' is only available for these backends: [CUDA, XLA, XPU, Meta, NestedTensorCUDA, BackendSelect, Python, FuncTorchDynamicLayerBackMode, Functionalize, Named, Conjugate, Negative, ZeroTensor, ADInplaceOrView, AutogradOther, AutogradCPU, AutogradCUDA, AutogradHIP, AutogradXLA, AutogradMPS, AutogradIPU, AutogradXPU, AutogradHPU, AutogradVE, AutogradLazy, AutogradMTIA, AutogradMAIA, AutogradPrivateUse1, AutogradPrivateUse2, AutogradPrivateUse3, AutogradMeta, AutogradNestedTensor, Tracer, AutocastCPU, AutocastMTIA, AutocastMAIA, AutocastXPU, AutocastMPS, AutocastCUDA, FuncTorchBatched, BatchedNestedTensor, FuncTorchVmapMode, Batched, VmapMode, FuncTorchGradWrapper, PythonTLSSnapshot, FuncTorchDynamicLayerFrontMode, PreDispatch, PythonDispatcher].
E       
E       CUDA: registered at /home/agent/xpytorch/workspace/8ba19c15-fc11-4377-85f3-84daf8eaab09/XMLIR/python/torch_xmlir/csrc/lazy_tensor/ts_backend/ts_eager_fallback.cpp:375 [backend fallback]
E       XLA: registered at /home/agent/xpytorch/workspace/8ba19c15-fc11-4377-85f3-84daf8eaab09/XMLIR/python/torch_xmlir/csrc/lazy_tensor/ts_backend/ts_eager_fallback.cpp:364 [backend fallback]
E       XPU: registered at /home/agent/xpytorch/workspace/8ba19c15-fc11-4377-85f3-84daf8eaab09/XMLIR/python/torch_xmlir/csrc/lazy_tensor/ts_backend/ts_eager_fallback.cpp:371 [backend fallback]
E       Meta: registered at /root/miniconda/envs/python310_torch29_cuda/lib/python3.10/site-packages/torch/_meta_registrations.py:50 [kernel]
E       NestedTensorCUDA: registered at /pytorch/build/aten/src/ATen/RegisterNestedTensorCUDA_0.cpp:2518 [kernel]
E       BackendSelect: fallthrough registered at /pytorch/aten/src/ATen/core/BackendSelectFallbackKernel.cpp:3 [backend fallback]
E       Python: registered at /pytorch/aten/src/ATen/core/PythonFallbackKernel.cpp:194 [backend fallback]
E       FuncTorchDynamicLayerBackMode: registered at /pytorch/aten/src/ATen/functorch/DynamicLayer.cpp:479 [backend fallback]
E       Functionalize: registered at /pytorch/aten/src/ATen/FunctionalizeFallbackKernel.cpp:387 [backend fallback]
E       Named: registered at /pytorch/aten/src/ATen/core/NamedRegistrations.cpp:7 [backend fallback]
E       Conjugate: registered at /pytorch/aten/src/ATen/ConjugateFallback.cpp:17 [backend fallback]
E       Negative: registered at /pytorch/aten/src/ATen/native/NegateFallback.cpp:18 [backend fallback]
E       ZeroTensor: registered at /pytorch/aten/src/ATen/ZeroTensorFallback.cpp:115 [backend fallback]
E       ADInplaceOrView: fallthrough registered at /pytorch/aten/src/ATen/core/VariableFallbackKernel.cpp:104 [backend fallback]
E       AutogradOther: registered at /pytorch/torch/csrc/autograd/generated/VariableType_2.cpp:20142 [autograd kernel]
E       AutogradCPU: registered at /pytorch/torch/csrc/autograd/generated/VariableType_2.cpp:20142 [autograd kernel]
E       AutogradCUDA: registered at /pytorch/torch/csrc/autograd/generated/VariableType_2.cpp:20142 [autograd kernel]
E       AutogradHIP: registered at /pytorch/torch/csrc/autograd/generated/VariableType_2.cpp:20142 [autograd kernel]
E       AutogradXLA: registered at /pytorch/torch/csrc/autograd/generated/VariableType_2.cpp:20142 [autograd kernel]
E       AutogradMPS: registered at /pytorch/torch/csrc/autograd/generated/VariableType_2.cpp:20142 [autograd kernel]
E       AutogradIPU: registered at /pytorch/torch/csrc/autograd/generated/VariableType_2.cpp:20142 [autograd kernel]
E       AutogradXPU: registered at /pytorch/torch/csrc/autograd/generated/VariableType_2.cpp:20142 [autograd kernel]
E       AutogradHPU: registered at /pytorch/torch/csrc/autograd/generated/VariableType_2.cpp:20142 [autograd kernel]
E       AutogradVE: registered at /pytorch/torch/csrc/autograd/generated/VariableType_2.cpp:20142 [autograd kernel]
E       AutogradLazy: registered at /pytorch/torch/csrc/autograd/generated/VariableType_2.cpp:20142 [autograd kernel]
E       AutogradMTIA: registered at /pytorch/torch/csrc/autograd/generated/VariableType_2.cpp:20142 [autograd kernel]
E       AutogradMAIA: registered at /pytorch/torch/csrc/autograd/generated/VariableType_2.cpp:20142 [autograd kernel]
E       AutogradPrivateUse1: registered at /pytorch/torch/csrc/autograd/generated/VariableType_2.cpp:20142 [autograd kernel]
E       AutogradPrivateUse2: registered at /pytorch/torch/csrc/autograd/generated/VariableType_2.cpp:20142 [autograd kernel]
E       AutogradPrivateUse3: registered at /pytorch/torch/csrc/autograd/generated/VariableType_2.cpp:20142 [autograd kernel]
E       AutogradMeta: registered at /pytorch/torch/csrc/autograd/generated/VariableType_2.cpp:20142 [autograd kernel]
E       AutogradNestedTensor: registered at /pytorch/torch/csrc/autograd/generated/VariableType_2.cpp:20142 [autograd kernel]
E       Tracer: registered at /pytorch/torch/csrc/autograd/generated/TraceType_2.cpp:17917 [kernel]
E       AutocastCPU: fallthrough registered at /pytorch/aten/src/ATen/autocast_mode.cpp:324 [backend fallback]
E       AutocastMTIA: fallthrough registered at /pytorch/aten/src/ATen/autocast_mode.cpp:468 [backend fallback]
E       AutocastMAIA: fallthrough registered at /pytorch/aten/src/ATen/autocast_mode.cpp:506 [backend fallback]
E       AutocastXPU: fallthrough registered at /pytorch/aten/src/ATen/autocast_mode.cpp:544 [backend fallback]
E       AutocastMPS: fallthrough registered at /pytorch/aten/src/ATen/autocast_mode.cpp:209 [backend fallback]
E       AutocastCUDA: fallthrough registered at /pytorch/aten/src/ATen/autocast_mode.cpp:165 [backend fallback]
E       FuncTorchBatched: registered at /pytorch/aten/src/ATen/functorch/BatchRulesLinearAlgebra.cpp:749 [kernel]
E       BatchedNestedTensor: registered at /pytorch/aten/src/ATen/functorch/LegacyBatchingRegistrations.cpp:758 [backend fallback]
E       FuncTorchVmapMode: fallthrough registered at /pytorch/aten/src/ATen/functorch/VmapModeRegistrations.cpp:27 [backend fallback]
E       Batched: registered at /pytorch/aten/src/ATen/LegacyBatchingRegistrations.cpp:1075 [backend fallback]
E       VmapMode: fallthrough registered at /pytorch/aten/src/ATen/VmapModeRegistrations.cpp:33 [backend fallback]
E       FuncTorchGradWrapper: registered at /pytorch/aten/src/ATen/functorch/TensorWrapper.cpp:210 [backend fallback]
E       PythonTLSSnapshot: registered at /pytorch/aten/src/ATen/core/PythonFallbackKernel.cpp:202 [backend fallback]
E       FuncTorchDynamicLayerFrontMode: registered at /pytorch/aten/src/ATen/functorch/DynamicLayer.cpp:475 [backend fallback]
E       PreDispatch: registered at /pytorch/aten/src/ATen/core/PythonFallbackKernel.cpp:206 [backend fallback]
E       PythonDispatcher: registered at /pytorch/aten/src/ATen/core/PythonFallbackKernel.cpp:198 [backend fallback]

/root/miniconda/envs/python310_torch29_cuda/lib/python3.10/site-packages/torch/_ops.py:1255: NotImplementedError

During handling of the above exception, another exception occurred:

    @pytest.mark.skipif(not torch.cuda.is_available(), reason="CUDA is not available")
    @pytest.mark.scaled_dot_product_cudnn_attention_backward
    def test_perf_scaled_dot_product_cudnn_attention_backward():
        bench = CudnnAttentionBackwardBenchmark(
            op_name="scaled_dot_product_cudnn_attention_backward",
            input_fn=cudnn_attn_bwd_input_fn,
            torch_op=_cudnn_attn_bwd_aten,
            dtypes=[torch.float16, torch.bfloat16],
        )
        bench.set_gems(_cudnn_attn_bwd_gems)
>       bench.run()

test_flash_attention_backward.py:754: 
_ _ _ _ _ _ _ _ _ _ _ _ _ _ _ _ _ _ _ _ _ _ _ _ _ _ _ _ _ _ _ _ _ _ _ _ _ _ _ _ 

self = <benchmark.test_flash_attention_backward.CudnnAttentionBackwardBenchmark object at 0x7f0ffe35f580>

    def run(self):
        if Config.query:
            self.init_default_config()
            attri = OperationAttribute(
                op_name=self.op_name,
                recommended_core_shapes=self.shapes,
                shape_desc=self.shape_desc,
            )
            print(attri)
            emit_record_logger(attri.to_dict())
            return
    
        self.init_user_config()
        for dtype in self.to_bench_dtypes:
            metrics = []
            input_iter = self.get_input_iter(dtype)
    
            done = False
            while not done:
                try:
                    input = next(input_iter)
                except StopIteration:
                    done = True
                    continue
                except (RuntimeError, Exception) as e:
                    print(
                        f"\033[31mFAILED\033[0m: Operator={self.op_name} "
                        "dtype={dtype} err=<<<{e}>>>"
                    )
>                   pytest.fail(str(e))
E                   Failed: Could not run 'aten::_scaled_dot_product_cudnn_attention' with arguments from the 'CPU' backend. This could be because the operator doesn't exist for this backend, or was omitted during the selective/custom build process (if using custom build). If you are a Facebook employee using PyTorch on mobile, please visit https://fburl.com/ptmfixes for possible resolutions. 'aten::_scaled_dot_product_cudnn_attention' is only available for these backends: [CUDA, XLA, XPU, Meta, NestedTensorCUDA, BackendSelect, Python, FuncTorchDynamicLayerBackMode, Functionalize, Named, Conjugate, Negative, ZeroTensor, ADInplaceOrView, AutogradOther, AutogradCPU, AutogradCUDA, AutogradHIP, AutogradXLA, AutogradMPS, AutogradIPU, AutogradXPU, AutogradHPU, AutogradVE, AutogradLazy, AutogradMTIA, AutogradMAIA, AutogradPrivateUse1, AutogradPrivateUse2, AutogradPrivateUse3, AutogradMeta, AutogradNestedTensor, Tracer, AutocastCPU, AutocastMTIA, AutocastMAIA, AutocastXPU, AutocastMPS, AutocastCUDA, FuncTorchBatched, BatchedNestedTensor, FuncTorchVmapMode, Batched, VmapMode, FuncTorchGradWrapper, PythonTLSSnapshot, FuncTorchDynamicLayerFrontMode, PreDispatch, PythonDispatcher].
E                   
E                   CUDA: registered at /home/agent/xpytorch/workspace/8ba19c15-fc11-4377-85f3-84daf8eaab09/XMLIR/python/torch_xmlir/csrc/lazy_tensor/ts_backend/ts_eager_fallback.cpp:375 [backend fallback]
E                   XLA: registered at /home/agent/xpytorch/workspace/8ba19c15-fc11-4377-85f3-84daf8eaab09/XMLIR/python/torch_xmlir/csrc/lazy_tensor/ts_backend/ts_eager_fallback.cpp:364 [backend fallback]
E                   XPU: registered at /home/agent/xpytorch/workspace/8ba19c15-fc11-4377-85f3-84daf8eaab09/XMLIR/python/torch_xmlir/csrc/lazy_tensor/ts_backend/ts_eager_fallback.cpp:371 [backend fallback]
E                   Meta: registered at /root/miniconda/envs/python310_torch29_cuda/lib/python3.10/site-packages/torch/_meta_registrations.py:50 [kernel]
E                   NestedTensorCUDA: registered at /pytorch/build/aten/src/ATen/RegisterNestedTensorCUDA_0.cpp:2518 [kernel]
E                   BackendSelect: fallthrough registered at /pytorch/aten/src/ATen/core/BackendSelectFallbackKernel.cpp:3 [backend fallback]
E                   Python: registered at /pytorch/aten/src/ATen/core/PythonFallbackKernel.cpp:194 [backend fallback]
E                   FuncTorchDynamicLayerBackMode: registered at /pytorch/aten/src/ATen/functorch/DynamicLayer.cpp:479 [backend fallback]
E                   Functionalize: registered at /pytorch/aten/src/ATen/FunctionalizeFallbackKernel.cpp:387 [backend fallback]
E                   Named: registered at /pytorch/aten/src/ATen/core/NamedRegistrations.cpp:7 [backend fallback]
E                   Conjugate: registered at /pytorch/aten/src/ATen/ConjugateFallback.cpp:17 [backend fallback]
E                   Negative: registered at /pytorch/aten/src/ATen/native/NegateFallback.cpp:18 [backend fallback]
E                   ZeroTensor: registered at /pytorch/aten/src/ATen/ZeroTensorFallback.cpp:115 [backend fallback]
E                   ADInplaceOrView: fallthrough registered at /pytorch/aten/src/ATen/core/VariableFallbackKernel.cpp:104 [backend fallback]
E                   AutogradOther: registered at /pytorch/torch/csrc/autograd/generated/VariableType_2.cpp:20142 [autograd kernel]
E                   AutogradCPU: registered at /pytorch/torch/csrc/autograd/generated/VariableType_2.cpp:20142 [autograd kernel]
E                   AutogradCUDA: registered at /pytorch/torch/csrc/autograd/generated/VariableType_2.cpp:20142 [autograd kernel]
E                   AutogradHIP: registered at /pytorch/torch/csrc/autograd/generated/VariableType_2.cpp:20142 [autograd kernel]
E                   AutogradXLA: registered at /pytorch/torch/csrc/autograd/generated/VariableType_2.cpp:20142 [autograd kernel]
E                   AutogradMPS: registered at /pytorch/torch/csrc/autograd/generated/VariableType_2.cpp:20142 [autograd kernel]
E                   AutogradIPU: registered at /pytorch/torch/csrc/autograd/generated/VariableType_2.cpp:20142 [autograd kernel]
E                   AutogradXPU: registered at /pytorch/torch/csrc/autograd/generated/VariableType_2.cpp:20142 [autograd kernel]
E                   AutogradHPU: registered at /pytorch/torch/csrc/autograd/generated/VariableType_2.cpp:20142 [autograd kernel]
E                   AutogradVE: registered at /pytorch/torch/csrc/autograd/generated/VariableType_2.cpp:20142 [autograd kernel]
E                   AutogradLazy: registered at /pytorch/torch/csrc/autograd/generated/VariableType_2.cpp:20142 [autograd kernel]
E                   AutogradMTIA: registered at /pytorch/torch/csrc/autograd/generated/VariableType_2.cpp:20142 [autograd kernel]
E                   AutogradMAIA: registered at /pytorch/torch/csrc/autograd/generated/VariableType_2.cpp:20142 [autograd kernel]
E                   AutogradPrivateUse1: registered at /pytorch/torch/csrc/autograd/generated/VariableType_2.cpp:20142 [autograd kernel]
E                   AutogradPrivateUse2: registered at /pytorch/torch/csrc/autograd/generated/VariableType_2.cpp:20142 [autograd kernel]
E                   AutogradPrivateUse3: registered at /pytorch/torch/csrc/autograd/generated/VariableType_2.cpp:20142 [autograd kernel]
E                   AutogradMeta: registered at /pytorch/torch/csrc/autograd/generated/VariableType_2.cpp:20142 [autograd kernel]
E                   AutogradNestedTensor: registered at /pytorch/torch/csrc/autograd/generated/VariableType_2.cpp:20142 [autograd kernel]
E                   Tracer: registered at /pytorch/torch/csrc/autograd/generated/TraceType_2.cpp:17917 [kernel]
E                   AutocastCPU: fallthrough registered at /pytorch/aten/src/ATen/autocast_mode.cpp:324 [backend fallback]
E                   AutocastMTIA: fallthrough registered at /pytorch/aten/src/ATen/autocast_mode.cpp:468 [backend fallback]
E                   AutocastMAIA: fallthrough registered at /pytorch/aten/src/ATen/autocast_mode.cpp:506 [backend fallback]
E                   AutocastXPU: fallthrough registered at /pytorch/aten/src/ATen/autocast_mode.cpp:544 [backend fallback]
E                   AutocastMPS: fallthrough registered at /pytorch/aten/src/ATen/autocast_mode.cpp:209 [backend fallback]
E                   AutocastCUDA: fallthrough registered at /pytorch/aten/src/ATen/autocast_mode.cpp:165 [backend fallback]
E                   FuncTorchBatched: registered at /pytorch/aten/src/ATen/functorch/BatchRulesLinearAlgebra.cpp:749 [kernel]
E                   BatchedNestedTensor: registered at /pytorch/aten/src/ATen/functorch/LegacyBatchingRegistrations.cpp:758 [backend fallback]
E                   FuncTorchVmapMode: fallthrough registered at /pytorch/aten/src/ATen/functorch/VmapModeRegistrations.cpp:27 [backend fallback]
E                   Batched: registered at /pytorch/aten/src/ATen/LegacyBatchingRegistrations.cpp:1075 [backend fallback]
E                   VmapMode: fallthrough registered at /pytorch/aten/src/ATen/VmapModeRegistrations.cpp:33 [backend fallback]
E                   FuncTorchGradWrapper: registered at /pytorch/aten/src/ATen/functorch/TensorWrapper.cpp:210 [backend fallback]
E                   PythonTLSSnapshot: registered at /pytorch/aten/src/ATen/core/PythonFallbackKernel.cpp:202 [backend fallback]
E                   FuncTorchDynamicLayerFrontMode: registered at /pytorch/aten/src/ATen/functorch/DynamicLayer.cpp:475 [backend fallback]
E                   PreDispatch: registered at /pytorch/aten/src/ATen/core/PythonFallbackKernel.cpp:206 [backend fallback]
E                   PythonDispatcher: registered at /pytorch/aten/src/ATen/core/PythonFallbackKernel.cpp:198 [backend fallback]

base.py:433: Failed
----------------------------- Captured stdout call -----------------------------
[31mFAILED[0m: Operator=scaled_dot_product_cudnn_attention_backward dtype={dtype} err=<<<{e}>>>
=========================== short test summary info ============================
FAILED test_flash_attention_backward.py::test_perf_scaled_dot_product_cudnn_attention_backward
====================== 1 failed, 950 deselected in 7.90s =======================
