============================= test session starts ==============================
platform linux -- Python 3.10.18, pytest-9.1.1, pluggy-1.6.0
rootdir: /workspace/FlagGems
configfile: pytest.ini
plugins: anyio-4.9.0, typeguard-4.3.0
collected 951 items / 950 deselected / 1 selected

test_bitwise_not.py F                                                    [100%]

=================================== FAILURES ===================================
_______________________________ test_bitwise_not _______________________________

self = <benchmark.base.UnaryPointwiseBenchmark object at 0x7f2a61163910>

    def run(self):
        if Config.query:
            self.init_default_config()
            attri = OperationAttribute(
                op_name=self.op_name,
                recommended_core_shapes=self.shapes,
                shape_desc=self.shape_desc,
            )
            print(attri)
            emit_record_logger(attri.to_dict())
            return
    
        self.init_user_config()
        for dtype in self.to_bench_dtypes:
            metrics = []
            input_iter = self.get_input_iter(dtype)
    
            done = False
            while not done:
                try:
                    input = next(input_iter)
                except StopIteration:
                    done = True
                    continue
                except (RuntimeError, Exception) as e:
                    print(
                        f"\033[31mFAILED\033[0m: Operator={self.op_name} "
                        "dtype={dtype} err=<<<{e}>>>"
                    )
                    pytest.fail(str(e))
    
                metric = BenchmarkMetrics()
                try:
                    args, kwargs = self.unpack_to_args_kwargs(input)
                    metric.shape_detail = self.record_shapes(*args, **kwargs)
                    if "latency_base" in self.to_bench_metrics:
                        metric.latency_base = self.get_latency(
                            self.torch_op, *args, **kwargs
                        )
                    if "latency" in self.to_bench_metrics:
                        if self.gems_op:
                            metric.latency = self.get_latency(
                                self.gems_op, *args, **kwargs
                            )
                        else:
                            if self.op_name == "zero_":
                                with flag_gems.use_gems():
                                    metric.latency = self.get_latency(
                                        self.torch_op, *args, **kwargs
                                    )
                            else:
                                # exclude flaggems' zero_ to avoid the overhead of zero_
                                # in do_bench's clear_cache
                                with flag_gems.use_gems(exclude=["zero_"]):
>                                   metric.latency = self.get_latency(
                                        self.torch_op, *args, **kwargs
                                    )

base.py:458: 
_ _ _ _ _ _ _ _ _ _ _ _ _ _ _ _ _ _ _ _ _ _ _ _ _ _ _ _ _ _ _ _ _ _ _ _ _ _ _ _ 
base.py:318: in get_latency
    latency = do_bench(
/root/miniconda/envs/python310_torch29_cuda/lib/python3.10/site-packages/triton/testing.py:103: in do_bench
    fn()
base.py:288: in <lambda>
    fn = lambda: op(*args, **kwargs)
../src/flag_gems/runtime/backend/_kunlunxin/ops/bitwise_not.py:44: in bitwise_not
    return bitwise_not_func(A)
../src/flag_gems/runtime/backend/_kunlunxin/utils/pointwise_dynamic.py:1186: in __call__
    out = overload(*args, **kwargs)
/root/.flaggems/code_cache/pointwise_dynamic_010d72733c149444dc9858835ff6d9c593f981f5ba3066cd2e56b35c005ad10f36_bitwise_not_func_kernel_rank_1_1d_tile_pid_1314770.py:44: in bitwise_not_func_wrapper_rank_1
    bitwise_not_func_kernel_rank_1[grid](
/root/miniconda/envs/python310_torch29_cuda/lib/python3.10/site-packages/triton/runtime/jit.py:364: in <lambda>
    return lambda *args, **kwargs: self.run(grid=grid, warmup=False, *args, **kwargs)
../src/flag_gems/utils/libentry.py:889: in run
    kernel = self.fn.run(*args, **kwargs)
/root/miniconda/envs/python310_torch29_cuda/lib/python3.10/site-packages/triton/runtime/jit.py:795: in run
    kernel = self.default_run(*args, **kwargs)
/root/miniconda/envs/python310_torch29_cuda/lib/python3.10/site-packages/triton/runtime/jit.py:686: in default_run
    kernel = self.compile(
/root/miniconda/envs/python310_torch29_cuda/lib/python3.10/site-packages/triton/compiler/compiler.py:318: in compile
    next_module = compile_ir(module, metadata)
/root/miniconda/envs/python310_torch29_cuda/lib/python3.10/site-packages/triton/backends/xpu/compiler.py:517: in <lambda>
    stages["llir"] = lambda src, metadata: self.make_llir(src, metadata, options)
_ _ _ _ _ _ _ _ _ _ _ _ _ _ _ _ _ _ _ _ _ _ _ _ _ _ _ _ _ _ _ _ _ _ _ _ _ _ _ _ 

mod = <triton._C.libtriton.ir.module object at 0x7f2a6239abb0>
metadata = {'hash': 'e37d1a153003863a799f92ce53954e3a16b77fb19947e8a973d11c860190a2f9', 'target': GPUTarget(backend='xpu', arch=3, warp_size=1), 'arch': 3, 'grid': (1, 1, 1), ...}
opt = XPUOptions(arch=3, grid=(1, 1, 1), debug=None, cluster_num=12, core_num=64, buffer_size_limit=2048, groups_per_cluster...ed_dot_input_precisions=('ieee', 'tf32'), exp_range=':0', num_warps=16, num_ctas=-1, num_stages=1, use_int4_w4a8=False)

    @staticmethod
    def make_llir(mod, metadata, opt):
        XPUBackend.make_ewtable(mod, metadata, opt)
        metadata["tensor_args"] = xpu.get_tensor_args(mod,
                                                      metadata["tensor_args"]) if metadata["is_sdnn"] is True else []
    
        # TritonXPU -> LLVM-IR (MLIR)
        pm = ir.pass_manager(mod.context)
        pm.enable_debug()
        # xpu.passes.ttxpuir.add_decompose_unsupported_conversions(pm, opt.arch)
        passes.convert.add_scf_to_cf(pm)  # cf->llvm exist  choose scf->cf->llvm
        # passes.convert.add_index_to_llvmir(pm) // TODO[dyq]: necessary?
    
        if metadata["is_sdnn"]:
            xpu.passes.ttsdnnir.add_convert_tritonsdnn_to_llvm_pass(pm, opt.arch)
        else:
            passes.ttgpuir.add_allocate_shared_memory(pm)
            xpu.passes.ttxpuir.add_convert_tritonxpu_to_llvm_pass(pm, opt.arch, XPUBackend.buffer_len,
                                                                  metadata["is_use_mask_zero"])
        passes.common.add_canonicalizer(pm)
        passes.common.add_cse(pm)
    
        # passes.convert.add_cf_to_llvmir(pm)
        # passes.convert.add_arith_to_llvmir(pm)
        # passes.common.add_canonicalizer(pm)
        # passes.common.add_cse(pm)
        passes.common.add_symbol_dce(pm)
        if os.environ.get("TRITON_DISABLE_LINE_INFO", "0") == "0":
            passes.llvmir.add_di_scope(pm)
    
        xpu.passes.llvmxpuir.insert_mfence_check(pm)
    
>       pm.run(mod)
E       RuntimeError: PassManager::run failed

/root/miniconda/envs/python310_torch29_cuda/lib/python3.10/site-packages/triton/backends/xpu/compiler.py:439: RuntimeError

During handling of the above exception, another exception occurred:

    @pytest.mark.bitwise_not
    def test_bitwise_not():
        bench = base.UnaryPointwiseBenchmark(
            op_name="bitwise_not", torch_op=torch.bitwise_not, dtypes=consts.INT_DTYPES
        )
>       bench.run()

test_bitwise_not.py:26: 
_ _ _ _ _ _ _ _ _ _ _ _ _ _ _ _ _ _ _ _ _ _ _ _ _ _ _ _ _ _ _ _ _ _ _ _ _ _ _ _ 

self = <benchmark.base.UnaryPointwiseBenchmark object at 0x7f2a61163910>

    def run(self):
        if Config.query:
            self.init_default_config()
            attri = OperationAttribute(
                op_name=self.op_name,
                recommended_core_shapes=self.shapes,
                shape_desc=self.shape_desc,
            )
            print(attri)
            emit_record_logger(attri.to_dict())
            return
    
        self.init_user_config()
        for dtype in self.to_bench_dtypes:
            metrics = []
            input_iter = self.get_input_iter(dtype)
    
            done = False
            while not done:
                try:
                    input = next(input_iter)
                except StopIteration:
                    done = True
                    continue
                except (RuntimeError, Exception) as e:
                    print(
                        f"\033[31mFAILED\033[0m: Operator={self.op_name} "
                        "dtype={dtype} err=<<<{e}>>>"
                    )
                    pytest.fail(str(e))
    
                metric = BenchmarkMetrics()
                try:
                    args, kwargs = self.unpack_to_args_kwargs(input)
                    metric.shape_detail = self.record_shapes(*args, **kwargs)
                    if "latency_base" in self.to_bench_metrics:
                        metric.latency_base = self.get_latency(
                            self.torch_op, *args, **kwargs
                        )
                    if "latency" in self.to_bench_metrics:
                        if self.gems_op:
                            metric.latency = self.get_latency(
                                self.gems_op, *args, **kwargs
                            )
                        else:
                            if self.op_name == "zero_":
                                with flag_gems.use_gems():
                                    metric.latency = self.get_latency(
                                        self.torch_op, *args, **kwargs
                                    )
                            else:
                                # exclude flaggems' zero_ to avoid the overhead of zero_
                                # in do_bench's clear_cache
                                with flag_gems.use_gems(exclude=["zero_"]):
                                    metric.latency = self.get_latency(
                                        self.torch_op, *args, **kwargs
                                    )
                    if "speedup" in self.to_bench_metrics:
                        metric.speedup = metric.latency_base / metric.latency
    
                    if "gbps" in self.to_bench_metrics:
                        metric.gbps_base = self.get_gbps(
                            args, latency=metric.latency_base
                        )
                        metric.gbps = self.get_gbps(args, latency=metric.latency)
    
                    if "tflops" in self.to_bench_metrics:
                        metric.tflops = (
                            self.get_tflops(self.torch_op, *args, **kwargs)
                            / metric.latency
                            / 1e12
                            * 1e3
                        )
                        # utilization = metric.tflops / metric.latency / 1e12 * 1e3
                except (RuntimeError, Exception) as e:
                    metric.error_msg = str(e)
>                   pytest.fail(str(e))  # raise exception again
E                   Failed: PassManager::run failed

base.py:480: Failed
----------------------------- Captured stderr call -----------------------------
loc(callsite("/workspace/FlagGems/src/flag_gems/runtime/backend/_kunlunxin/ops/bitwise_not.py":39:12 at "/root/.flaggems/code_cache/pointwise_dynamic_010d72733c149444dc9858835ff6d9c593f981f5ba3066cd2e56b35c005ad10f36_bitwise_not_func_kernel_rank_1_1d_tile_pid_1314770.py":89:32)): error: failed to legalize operation 'triton_xpu.svxori' that was explicitly marked illegal
=========================== short test summary info ============================
FAILED test_bitwise_not.py::test_bitwise_not - Failed: PassManager::run failed
====================== 1 failed, 950 deselected in 8.85s =======================
