============================= test session starts ==============================
platform linux -- Python 3.10.18, pytest-9.1.1, pluggy-1.6.0
rootdir: /workspace/FlagGems
configfile: pytest.ini
plugins: anyio-4.9.0, typeguard-4.3.0
collected 951 items / 950 deselected / 1 selected

test_lgamma_.py F                                                        [100%]

=================================== FAILURES ===================================
_________________________________ test_lgamma_ _________________________________

a = tensor([[ 2.3105,  0.9136, -0.1038,  ...,  3.9863,  0.4768,  0.4678],
        [ 0.0563,  2.3340,  1.8945,  ...,  3.091...1],
        [ 0.3420,  0.6382,  1.5332,  ...,  2.3477,  2.3105,  0.3694]],
       device='cuda:0', dtype=torch.float16)

>       torch_op=lambda a: a.lgamma_(),
        dtypes=consts.FLOAT_DTYPES,
        is_inplace=True,
    )

test_lgamma_.py:33: 
_ _ _ _ _ _ _ _ _ _ _ _ _ _ _ _ _ _ _ _ _ _ _ _ _ _ _ _ _ _ _ _ _ _ _ _ _ _ _ _ 
../src/flag_gems/ops/lgamma_.py:39: in lgamma_
    lgamma_func(A, out0=A)
../src/flag_gems/utils/pointwise_dynamic.py:1317: in __call__
    return self._call_real_impl(*args, **kwargs)
../src/flag_gems/utils/pointwise_dynamic.py:1323: in _call_real_impl
    out = overload(*args, **kwargs)
/root/.flaggems/code_cache/pointwise_dynamic_9dfc7583d1379d7c11ee263ce984b9e6951583db52ce5339432d070169297cc026_lgamma_func_kernel_rank_1_1d_tile__t512.py:38: in lgamma_func_wrapper_rank_1
    lgamma_func_kernel_rank_1[grid](
/root/miniconda/envs/python310_torch29_cuda/lib/python3.10/site-packages/triton/runtime/jit.py:364: in <lambda>
    return lambda *args, **kwargs: self.run(grid=grid, warmup=False, *args, **kwargs)
../src/flag_gems/utils/libentry.py:889: in run
    kernel = self.fn.run(*args, **kwargs)
/root/miniconda/envs/python310_torch29_cuda/lib/python3.10/site-packages/triton/runtime/jit.py:795: in run
    kernel = self.default_run(*args, **kwargs)
/root/miniconda/envs/python310_torch29_cuda/lib/python3.10/site-packages/triton/runtime/jit.py:686: in default_run
    kernel = self.compile(
/root/miniconda/envs/python310_torch29_cuda/lib/python3.10/site-packages/triton/compiler/compiler.py:336: in compile
    next_module = compile_ir(module, metadata)
/root/miniconda/envs/python310_torch29_cuda/lib/python3.10/site-packages/triton/backends/xpu/compiler.py:519: in <lambda>
    stages["xpubin"] = lambda src, metadata: self.make_xpubin(src, metadata, options)
/root/miniconda/envs/python310_torch29_cuda/lib/python3.10/site-packages/triton/backends/xpu/compiler.py:487: in make_xpubin
    out = subprocess.run(cmd, check=True, capture_output=True)
_ _ _ _ _ _ _ _ _ _ _ _ _ _ _ _ _ _ _ _ _ _ _ _ _ _ _ _ _ _ _ _ _ _ _ _ _ _ _ _ 

input = None, capture_output = True, timeout = None, check = True
popenargs = (['/root/miniconda/envs/python310_torch29_cuda/lib/python3.10/site-packages/triton/backends/xpu/xpu3-elfconv', '/tmp/t...kernel.bin', '/root/miniconda/envs/python310_torch29_cuda/lib/python3.10/site-packages/triton/backends/xpu/xpu3/bin'],)
kwargs = {'stdout': -1, 'stderr': -1}

    def run(*popenargs,
            input=None, capture_output=False, timeout=None, check=False, **kwargs):
        """Run command with arguments and return a CompletedProcess instance.
    
        The returned instance will have attributes args, returncode, stdout and
        stderr. By default, stdout and stderr are not captured, and those attributes
        will be None. Pass stdout=PIPE and/or stderr=PIPE in order to capture them,
        or pass capture_output=True to capture both.
    
        If check is True and the exit code was non-zero, it raises a
        CalledProcessError. The CalledProcessError object will have the return code
        in the returncode attribute, and output & stderr attributes if those streams
        were captured.
    
        If timeout is given, and the process takes too long, a TimeoutExpired
        exception will be raised.
    
        There is an optional argument "input", allowing you to
        pass bytes or a string to the subprocess's stdin.  If you use this argument
        you may not also use the Popen constructor's "stdin" argument, as
        it will be used internally.
    
        By default, all communication is in bytes, and therefore any "input" should
        be bytes, and the stdout and stderr will be bytes. If in text mode, any
        "input" should be a string, and stdout and stderr will be strings decoded
        according to locale encoding, or by "encoding" if set. Text mode is
        triggered by setting any of text, encoding, errors or universal_newlines.
    
        The other arguments are the same as for the Popen constructor.
        """
        if input is not None:
            if kwargs.get('stdin') is not None:
                raise ValueError('stdin and input arguments may not both be used.')
            kwargs['stdin'] = PIPE
    
        if capture_output:
            if kwargs.get('stdout') is not None or kwargs.get('stderr') is not None:
                raise ValueError('stdout and stderr arguments may not be used '
                                 'with capture_output.')
            kwargs['stdout'] = PIPE
            kwargs['stderr'] = PIPE
    
        with Popen(*popenargs, **kwargs) as process:
            try:
                stdout, stderr = process.communicate(input, timeout=timeout)
            except TimeoutExpired as exc:
                process.kill()
                if _mswindows:
                    # Windows accumulates the output in a single blocking
                    # read() call run on child threads, with the timeout
                    # being done in a join() on those threads.  communicate()
                    # _after_ kill() is required to collect that and add it
                    # to the exception.
                    exc.stdout, exc.stderr = process.communicate()
                else:
                    # POSIX _communicate already populated the output so
                    # far into the TimeoutExpired exception.
                    process.wait()
                raise
            except:  # Including KeyboardInterrupt, communicate handled that.
                process.kill()
                # We don't call process.wait() as .__exit__ does that for us.
                raise
            retcode = process.poll()
            if check and retcode:
>               raise CalledProcessError(retcode, process.args,
                                         output=stdout, stderr=stderr)
E               subprocess.CalledProcessError: Command '['/root/miniconda/envs/python310_torch29_cuda/lib/python3.10/site-packages/triton/backends/xpu/xpu3-elfconv', '/tmp/tmp_x8b68vp/kernel.o', '/tmp/tmp_x8b68vp/kernel.bin', '/root/miniconda/envs/python310_torch29_cuda/lib/python3.10/site-packages/triton/backends/xpu/xpu3/bin']' returned non-zero exit status 1.

/root/miniconda/envs/python310_torch29_cuda/lib/python3.10/subprocess.py:526: CalledProcessError

During handling of the above exception, another exception occurred:

    @pytest.mark.lgamma_
    def test_lgamma_():
        bench = base.UnaryPointwiseBenchmark(
            op_name="lgamma_",
            torch_op=lambda a: a.lgamma_(),
            dtypes=consts.FLOAT_DTYPES,
            is_inplace=True,
        )
>       bench.run()

test_lgamma_.py:37: 
_ _ _ _ _ _ _ _ _ _ _ _ _ _ _ _ _ _ _ _ _ _ _ _ _ _ _ _ _ _ _ _ _ _ _ _ _ _ _ _ 

self = <benchmark.base.UnaryPointwiseBenchmark object at 0x7fe19d798640>

    def run(self):
        if Config.query:
            self.init_default_config()
            attri = OperationAttribute(
                op_name=self.op_name,
                recommended_core_shapes=self.shapes,
                shape_desc=self.shape_desc,
            )
            print(attri)
            emit_record_logger(attri.to_dict())
            return
    
        self.init_user_config()
        for dtype in self.to_bench_dtypes:
            metrics = []
            input_iter = self.get_input_iter(dtype)
    
            done = False
            while not done:
                try:
                    input = next(input_iter)
                except StopIteration:
                    done = True
                    continue
                except (RuntimeError, Exception) as e:
                    print(
                        f"\033[31mFAILED\033[0m: Operator={self.op_name} "
                        "dtype={dtype} err=<<<{e}>>>"
                    )
                    pytest.fail(str(e))
    
                metric = BenchmarkMetrics()
                try:
                    args, kwargs = self.unpack_to_args_kwargs(input)
                    metric.shape_detail = self.record_shapes(*args, **kwargs)
                    if "latency_base" in self.to_bench_metrics:
                        metric.latency_base = self.get_latency(
                            self.torch_op, *args, **kwargs
                        )
                    if "latency" in self.to_bench_metrics:
                        if self.gems_op:
                            metric.latency = self.get_latency(
                                self.gems_op, *args, **kwargs
                            )
                        else:
                            if self.op_name == "zero_":
                                with flag_gems.use_gems():
                                    metric.latency = self.get_latency(
                                        self.torch_op, *args, **kwargs
                                    )
                            else:
                                # exclude flaggems' zero_ to avoid the overhead of zero_
                                # in do_bench's clear_cache
                                with flag_gems.use_gems(exclude=["zero_"]):
                                    metric.latency = self.get_latency(
                                        self.torch_op, *args, **kwargs
                                    )
                    if "speedup" in self.to_bench_metrics:
                        metric.speedup = metric.latency_base / metric.latency
    
                    if "gbps" in self.to_bench_metrics:
                        metric.gbps_base = self.get_gbps(
                            args, latency=metric.latency_base
                        )
                        metric.gbps = self.get_gbps(args, latency=metric.latency)
    
                    if "tflops" in self.to_bench_metrics:
                        metric.tflops = (
                            self.get_tflops(self.torch_op, *args, **kwargs)
                            / metric.latency
                            / 1e12
                            * 1e3
                        )
                        # utilization = metric.tflops / metric.latency / 1e12 * 1e3
                except (RuntimeError, Exception) as e:
                    metric.error_msg = str(e)
>                   pytest.fail(str(e))  # raise exception again
E                   Failed: Command '['/root/miniconda/envs/python310_torch29_cuda/lib/python3.10/site-packages/triton/backends/xpu/xpu3-elfconv', '/tmp/tmp_x8b68vp/kernel.o', '/tmp/tmp_x8b68vp/kernel.bin', '/root/miniconda/envs/python310_torch29_cuda/lib/python3.10/site-packages/triton/backends/xpu/xpu3/bin']' returned non-zero exit status 1.

base.py:480: Failed
=========================== short test summary info ============================
FAILED test_lgamma_.py::test_lgamma_ - Failed: Command '['/root/miniconda/env...
====================== 1 failed, 950 deselected in 8.62s =======================
