============================= test session starts ==============================
platform linux -- Python 3.10.18, pytest-9.1.1, pluggy-1.6.0
rootdir: /workspace/FlagGems
configfile: pytest.ini
plugins: anyio-4.9.0, typeguard-4.3.0
collected 951 items / 950 deselected / 1 selected

test_margin_ranking_loss.py F                                            [100%]

=================================== FAILURES ===================================
___________________________ test_margin_ranking_loss ___________________________

shape = (64, 64), dtype = torch.float16, device = 'cuda'

    def _input_fn(shape, dtype, device):
        inp1 = torch.randn(shape, dtype=dtype, device=device)
        inp2 = torch.randn(shape, dtype=dtype, device=device)
>       target = (torch.randint(0, 2, shape, device=device, dtype=torch.int8) * 2 - 1).to(
            dtype
        )
E       RuntimeError: [NOT IMPLEMENTED]: error code= 4(at /home/agent/xpytorch/workspace/8ba19c15-fc11-4377-85f3-84daf8eaab09/XMLIR/python/torch_xmlir/csrc/aten_capture/eager_customized/mul.cpp:39)

test_margin_ranking_loss.py:24: RuntimeError

During handling of the above exception, another exception occurred:

    @pytest.mark.margin_ranking_loss
    def test_margin_ranking_loss():
        bench = base.MarginRankingLossBenchmark(
            op_name="margin_ranking_loss",
            input_fn=_input_fn,
            torch_op=torch.ops.aten.margin_ranking_loss,
            dtypes=consts.FLOAT_DTYPES,
        )
>       bench.run()

test_margin_ranking_loss.py:47: 
_ _ _ _ _ _ _ _ _ _ _ _ _ _ _ _ _ _ _ _ _ _ _ _ _ _ _ _ _ _ _ _ _ _ _ _ _ _ _ _ 

self = <benchmark.base.MarginRankingLossBenchmark object at 0x7f0ed972ffa0>

    def run(self):
        if Config.query:
            self.init_default_config()
            attri = OperationAttribute(
                op_name=self.op_name,
                recommended_core_shapes=self.shapes,
                shape_desc=self.shape_desc,
            )
            print(attri)
            emit_record_logger(attri.to_dict())
            return
    
        self.init_user_config()
        for dtype in self.to_bench_dtypes:
            metrics = []
            input_iter = self.get_input_iter(dtype)
    
            done = False
            while not done:
                try:
                    input = next(input_iter)
                except StopIteration:
                    done = True
                    continue
                except (RuntimeError, Exception) as e:
                    print(
                        f"\033[31mFAILED\033[0m: Operator={self.op_name} "
                        "dtype={dtype} err=<<<{e}>>>"
                    )
>                   pytest.fail(str(e))
E                   Failed: [NOT IMPLEMENTED]: error code= 4(at /home/agent/xpytorch/workspace/8ba19c15-fc11-4377-85f3-84daf8eaab09/XMLIR/python/torch_xmlir/csrc/aten_capture/eager_customized/mul.cpp:39)

base.py:433: Failed
----------------------------- Captured stdout call -----------------------------
[[31mERROR[0m][XDNN_PYTORCH][/home/agent/xpytorch/workspace/8ba19c15-fc11-4377-85f3-84daf8eaab09/XMLIR/xdnn_pytorch/src/xdnn_pytorch_wrapper/mul.cpp:82]scalar type of ret : kint8 is unsupported in xdnn_pytorch_wrapper !

[XDNN_UNIMPLEMENTED][/home/agent/xpytorch/workspace/8ba19c15-fc11-4377-85f3-84daf8eaab09/XMLIR/xdnn_pytorch/src/xdnn_pytorch_wrapper/mul.cpp:82]
[31mFAILED[0m: Operator=margin_ranking_loss dtype={dtype} err=<<<{e}>>>
=========================== short test summary info ============================
FAILED test_margin_ranking_loss.py::test_margin_ranking_loss - Failed: [NOT I...
====================== 1 failed, 950 deselected in 7.78s =======================
