[CMD] pytest -m "replication_pad3d" --record json --output accuracy_replication_pad3d.json --ref cpu --continue-on-collection-errors -vs
[CWD] /workspace/FlagGems/tests

XCCL /root/miniconda/envs/python310_torch29_cuda/lib/python3.10/site-packages/torch_xmlir/libbkcl.so loaded
[35mSYMBOL_REWRITE [0m[32mtorch success[0m
loc("/workspace/FlagGems/src/flag_gems/ops/replication_pad3d.py":78:18): error: 'arith.subi' op requires the same type for all operands and results
loc("/workspace/FlagGems/src/flag_gems/ops/replication_pad3d.py":78:18): error: 'arith.subi' op requires the same type for all operands and results
loc("/workspace/FlagGems/src/flag_gems/ops/replication_pad3d.py":78:18): error: 'arith.subi' op requires the same type for all operands and results
loc("/workspace/FlagGems/src/flag_gems/ops/replication_pad3d.py":78:18): error: 'arith.subi' op requires the same type for all operands and results
loc("/workspace/FlagGems/src/flag_gems/ops/replication_pad3d.py":79:23): error: 'arith.cmpi' op requires all operands to have the same type
loc("/workspace/FlagGems/src/flag_gems/ops/replication_pad3d.py":79:23): error: 'arith.cmpi' op requires all operands to have the same type
loc("/workspace/FlagGems/src/flag_gems/ops/replication_pad3d.py":79:23): error: 'arith.cmpi' op requires all operands to have the same type
loc("/workspace/FlagGems/src/flag_gems/ops/replication_pad3d.py":79:23): error: 'arith.cmpi' op requires all operands to have the same type
loc("/workspace/FlagGems/src/flag_gems/ops/replication_pad3d.py":79:23): error: 'arith.cmpi' op requires all operands to have the same type
loc("/workspace/FlagGems/src/flag_gems/ops/replication_pad3d.py":79:23): error: 'arith.cmpi' op requires all operands to have the same type
loc("/workspace/FlagGems/src/flag_gems/ops/replication_pad3d.py":79:23): error: 'arith.cmpi' op requires all operands to have the same type
loc("/workspace/FlagGems/src/flag_gems/ops/replication_pad3d.py":79:23): error: 'arith.cmpi' op requires all operands to have the same type
loc("/workspace/FlagGems/src/flag_gems/ops/replication_pad3d.py":79:23): error: 'arith.cmpi' op requires all operands to have the same type
loc("/workspace/FlagGems/src/flag_gems/ops/replication_pad3d.py":79:23): error: 'arith.cmpi' op requires all operands to have the same type
loc("/workspace/FlagGems/src/flag_gems/ops/replication_pad3d.py":78:18): error: 'arith.subi' op requires the same type for all operands and results
loc("/workspace/FlagGems/src/flag_gems/ops/replication_pad3d.py":78:18): error: 'arith.subi' op requires the same type for all operands and results
loc("/workspace/FlagGems/src/flag_gems/ops/replication_pad3d.py":78:18): error: 'arith.subi' op requires the same type for all operands and results
loc("/workspace/FlagGems/src/flag_gems/ops/replication_pad3d.py":78:18): error: 'arith.subi' op requires the same type for all operands and results
loc("/workspace/FlagGems/src/flag_gems/ops/replication_pad3d.py":79:23): error: 'arith.cmpi' op requires all operands to have the same type
loc("/workspace/FlagGems/src/flag_gems/ops/replication_pad3d.py":79:23): error: 'arith.cmpi' op requires all operands to have the same type
loc("/workspace/FlagGems/src/flag_gems/ops/replication_pad3d.py":79:23): error: 'arith.cmpi' op requires all operands to have the same type
loc("/workspace/FlagGems/src/flag_gems/ops/replication_pad3d.py":79:23): error: 'arith.cmpi' op requires all operands to have the same type
loc("/workspace/FlagGems/src/flag_gems/ops/replication_pad3d.py":79:23): error: 'arith.cmpi' op requires all operands to have the same type
loc("/workspace/FlagGems/src/flag_gems/ops/replication_pad3d.py":79:23): error: 'arith.cmpi' op requires all operands to have the same type
loc("/workspace/FlagGems/src/flag_gems/ops/replication_pad3d.py":79:23): error: 'arith.cmpi' op requires all operands to have the same type
loc("/workspace/FlagGems/src/flag_gems/ops/replication_pad3d.py":79:23): error: 'arith.cmpi' op requires all operands to have the same type
loc("/workspace/FlagGems/src/flag_gems/ops/replication_pad3d.py":79:23): error: 'arith.cmpi' op requires all operands to have the same type
loc("/workspace/FlagGems/src/flag_gems/ops/replication_pad3d.py":79:23): error: 'arith.cmpi' op requires all operands to have the same type
loc("/workspace/FlagGems/src/flag_gems/ops/replication_pad3d.py":78:18): error: 'arith.subi' op requires the same type for all operands and results
loc("/workspace/FlagGems/src/flag_gems/ops/replication_pad3d.py":78:18): error: 'arith.subi' op requires the same type for all operands and results
loc("/workspace/FlagGems/src/flag_gems/ops/replication_pad3d.py":78:18): error: 'arith.subi' op requires the same type for all operands and results
loc("/workspace/FlagGems/src/flag_gems/ops/replication_pad3d.py":78:18): error: 'arith.subi' op requires the same type for all operands and results
loc("/workspace/FlagGems/src/flag_gems/ops/replication_pad3d.py":79:23): error: 'arith.cmpi' op requires all operands to have the same type
loc("/workspace/FlagGems/src/flag_gems/ops/replication_pad3d.py":79:23): error: 'arith.cmpi' op requires all operands to have the same type
loc("/workspace/FlagGems/src/flag_gems/ops/replication_pad3d.py":79:23): error: 'arith.cmpi' op requires all operands to have the same type
loc("/workspace/FlagGems/src/flag_gems/ops/replication_pad3d.py":79:23): error: 'arith.cmpi' op requires all operands to have the same type
loc("/workspace/FlagGems/src/flag_gems/ops/replication_pad3d.py":79:23): error: 'arith.cmpi' op requires all operands to have the same type
loc("/workspace/FlagGems/src/flag_gems/ops/replication_pad3d.py":79:23): error: 'arith.cmpi' op requires all operands to have the same type
loc("/workspace/FlagGems/src/flag_gems/ops/replication_pad3d.py":79:23): error: 'arith.cmpi' op requires all operands to have the same type
loc("/workspace/FlagGems/src/flag_gems/ops/replication_pad3d.py":79:23): error: 'arith.cmpi' op requires all operands to have the same type
loc("/workspace/FlagGems/src/flag_gems/ops/replication_pad3d.py":79:23): error: 'arith.cmpi' op requires all operands to have the same type
loc("/workspace/FlagGems/src/flag_gems/ops/replication_pad3d.py":79:23): error: 'arith.cmpi' op requires all operands to have the same type
