============================= test session starts ==============================
platform linux -- Python 3.10.18, pytest-9.1.1, pluggy-1.6.0
rootdir: /workspace/FlagGems
configfile: pytest.ini
plugins: anyio-4.9.0, typeguard-4.3.0
collected 951 items / 950 deselected / 1 selected

test_segment_reduce.py F                                                 [100%]

=================================== FAILURES ===================================
_____________________________ test_segment_reduce ______________________________

mod = <triton._C.libtriton.ir.module object at 0x7fce3b611fd0>
metadata = {'hash': '8fc20d057fbce7d457a081c9f3a3c3e5207fffbbac1d0d2c35d4487b05f2942e', 'target': GPUTarget(backend='xpu', arch=3, warp_size=1), 'arch': 3, 'grid': (1024, 8), ...}
opt = XPUOptions(arch=3, grid=(1024, 8), debug=None, cluster_num=12, core_num=64, buffer_size_limit=512, groups_per_cluster=...ed_dot_input_precisions=('ieee', 'tf32'), exp_range=':0', num_warps=-1, num_ctas=-1, num_stages=1, use_int4_w4a8=False)

    @staticmethod
    def make_ttxir(mod, metadata, opt):
        metadata["xpu_arch"] = opt.arch
        metadata["is_sdnn"] = opt.is_sdnn or xpu.is_sdnn_kernel(mod)
        metadata["tensor_args"] = xpu.get_tensor_args(mod, []) if metadata["is_sdnn"] is True else []
        metadata["shared"] = (-1)  # TODO: invalid value, just to keep CompiledKernel _init_handles() success
    
        max_buffer_size = metadata["buffer_size_limit"]
        elem_bytes = int(os.environ.get("TRITONXPU_ELEMBYTES", 0))
        groups_per_cluster = metadata["groups_per_cluster"]
        unroll_num = metadata["unroll_num"]
        XPUBackend.buffer_len = xpu.get_buffer_len(mod, max_buffer_size, elem_bytes)
        # print(f"XPUBackend.buffer_len = {XPUBackend.buffer_len}")
        core_num = metadata["core_num"]
        # F/O Prefix For Function/Optimization Macro
        is_use_mask_zero = metadata["is_use_mask_zero"]
        if is_use_mask_zero:
            warnings.warn(
                f'XRE Version Must Be More than 5.0.21.37 (After 2025.07.22). And echo 1 > /proc/kunlun/dev4/dma_excp_mask',
                UserWarning)
        TTXPU_F_INTERLEAVE = 0 if metadata["grid"] != (12, 1, 1) else int(os.environ.get("TRITONXPU_INTERLEAVE", 1))
        TTXPU_F_OHTER_VALUE_SIM = int(os.environ.get("TRITONXPU_OTHER_SIM", 0))
        TTXPU_F_STORE_MASK_SIM = int(os.environ.get("TRITONXPU_STORE_MASK_SIM", 0))
        TTXPU_F_DTYPE_CONVERT = 0 if metadata["isCloseDtypeConvert"] else int(
            os.environ.get("TRITONXPU_DTYPE_CONVERT", 1))
        TTXPU_O_ATOMIC_SIM = 0 if metadata["isCLOSE_TTXPU_O_ATOMIC_SIM"] else int(
            os.environ.get("TRITONXPU_ATOMIC_SIM", 1))
        TTXPU_O_CLOSE_OPT = int(os.environ.get("TRITONXPU_CLOSE_OPTIMIZE", 0))
        TTSDNN_F_SINGLE_CORE_MODE = int(os.environ.get("TRITON_SDNN_SINGLE_CODE_MODE", 0))
        TTSDNN_F_MATMUL_FAST_MODE = int(os.environ.get("XMLIR_MATMUL_FAST_MODE", 0))
        TTSDNN_F_DMA_MODE = int(os.environ.get("XMLIR_DMA_FAST_MODE", 0))
    
        if opt.isClusterOneCoreActOnly and TTXPU_F_OHTER_VALUE_SIM:
            assert 0, "isClusterOneCoreActOnly and TRITONXPU_OTHER_SIM can't act simultaneously"
    
        pm = ir.pass_manager(mod.context)
        pm.enable_debug()
        xpu.passes.ttsdnnir.add_tritonsdnn_strip_all_ops_pass(pm, opt.arch)
        if metadata["is_sdnn"]:
            if opt.arch < 4:
                if metadata["use_int4_w4a8"] == True:
                    xpu.passes.ttsdnnir.add_triton_convert_type_pass(pm, opt.arch, 2)
                else:
                    xpu.passes.ttsdnnir.add_triton_convert_type_pass(pm, opt.arch, TTSDNN_F_MATMUL_FAST_MODE)
            xpu.passes.ttsdnnir.add_convert_triton_to_tritonsdnn_pass(pm, opt.arch)
            xpu.passes.ttsdnnir.add_linalg_to_tritonsdnn_pass(pm, opt.arch)
            xpu.passes.ttsdnnir.add_tritonsdnn_legalize_pass(pm, opt.arch)
            xpu.passes.ttsdnnir.add_tritonsdnn_combine_before_pass(pm, opt.arch)
            xpu.passes.ttsdnnir.add_tritonsdnn_bufferize_pass(pm, opt.arch)
            xpu.passes.ttsdnnir.add_tritonsdnn_combine_pass(pm, opt.arch)
            if opt.exp_range != ":0":
                res = parse_floating_range_string(opt.exp_range)
                xpu.passes.ttsdnnir.add_tritonsdnn_ew_act_table_pass(pm, res)
            else:
                xpu.passes.ttsdnnir.add_tritonsdnn_ew_act_table_pass(pm, None)
            xpu.passes.ttsdnnir.add_tritonsdnn_loop_grid_pass(pm)
            if opt.arch == 4 and TTSDNN_F_DMA_MODE:
                xpu.passes.ttsdnnir.add_tritonsdnn_remove_ds_op_pass(pm, opt.arch)
            if not TTSDNN_F_SINGLE_CORE_MODE:
                xpu.passes.ttsdnnir.add_tritonsdnn_pipeline_pass(pm)
    
            xpu.passes.ttsdnnir.add_tritonsdnn_multi_buffer_pass(pm, opt.arch, opt.num_stages)
            passes.common.add_symbol_dce(pm)
            passes.common.add_canonicalizer(pm)
            passes.common.add_cse(pm)
        else:
            xpu.passes.ttxpuir.add_convert_triton_to_tritonxpu_pass(pm, opt.arch, XPUBackend.buffer_len, core_num)
            xpu.passes.ttxpuir.add_tritonxpu_print_pass(pm)
            xpu.passes.ttxpuir.add_tritonxpu_gm2lm_pass(pm, opt.arch, TTXPU_O_ATOMIC_SIM, opt.isClusterOneCoreActOnly,
                                                        is_use_mask_zero)
            if not metadata["isCloseMemoryCache"]:
                xpu.passes.ttxpuir.add_tritonxpu_memory_cache_pass(pm, XPUBackend.buffer_len,
                                                                   core_num) if not TTXPU_O_CLOSE_OPT else None
            passes.common.add_canonicalizer(pm)
            if TTXPU_F_DTYPE_CONVERT:
                xpu.passes.ttxpuir.add_tritonxpu_dtype_convert_pass(pm, opt.arch)
            if not metadata["isCloseCoreTiling"]:
                xpu.passes.ttxpuir.add_tritonxpu_core_tiling_pass(
                    pm, 0, XPUBackend.buffer_len, core_num,
                    groups_per_cluster) if not TTXPU_O_CLOSE_OPT else None  # dumpFlag=0
            # xpu.passes.ttxpuir.add_tritonxpu_lm_to_sm_pass(pm)
            passes.common.add_cse(pm)
            if not metadata["isCloseOffsetAnalysis"]:
                xpu.passes.ttxpuir.add_tritonxpu_offset_state_pass(
                    pm, 0, XPUBackend.buffer_len, is_use_mask_zero) if not TTXPU_O_CLOSE_OPT else None  # dumpFlag=0
            passes.common.add_canonicalizer(pm)
            xpu.passes.ttxpuir.add_tritonxpu_legalize_pass(pm, XPUBackend.buffer_len, core_num, groups_per_cluster,
                                                           is_use_mask_zero)
            passes.common.add_canonicalizer(pm)
            if not TTXPU_F_OHTER_VALUE_SIM:
                xpu.passes.ttxpuir.add_tritonxpu_mask_pass(pm, opt.isClusterOneCoreActOnly, is_use_mask_zero)
            passes.common.add_canonicalizer(pm)
            passes.common.add_cse(pm)
            passes.common.add_licm(pm)
            passes.common.add_symbol_dce(pm)
            if not metadata["isCloseInterleave"] and TTXPU_F_INTERLEAVE:
                xpu.passes.ttxpuir.add_tritonxpu_interleave_pass(pm) if not TTXPU_O_CLOSE_OPT else None
            passes.common.add_canonicalizer(pm)
            if not metadata["isCloseVectorization"]:
                compareFusion = int(os.environ.get("TRITONXPU_COMPARE_FUSION", 0))
                xpu.passes.ttxpuir.add_tritonxpu_vectorize_pass(
                    pm, 0, compareFusion) if not TTXPU_O_CLOSE_OPT else None  # dumpFlag=0
            passes.common.add_canonicalizer(pm)
            xpu.passes.ttxpuir.add_tritonxpu_alloca_pass(pm, XPUBackend.buffer_len, core_num)
            if not metadata["isCloseMemoryAsync"]:
                xpu.passes.ttxpuir.add_tritonxpu_memory_async_pass(pm,
                                                                   0) if not TTXPU_O_CLOSE_OPT else None  # dumpFlag=0
            if not metadata["isCloseUnrollControl"]:
                xpu.passes.ttxpuir.add_tritonxpu_unroll_control_pass(pm, XPUBackend.buffer_len, core_num,
                                                                     is_use_mask_zero,
                                                                     unroll_num) if not TTXPU_O_CLOSE_OPT else None
            xpu.passes.ttxpuir.add_tritonxpu_store_control_pass(pm) if not TTXPU_O_CLOSE_OPT else None
            if not TTXPU_F_OHTER_VALUE_SIM:
                xpu.passes.ttxpuir.add_tritonxpu_other_sim_pass(pm, XPUBackend.buffer_len, core_num)
            xpu.passes.ttxpuir.add_tritonxpu_memory_inplace_pass(pm, XPUBackend.buffer_len,
                                                                 core_num) if not TTXPU_O_CLOSE_OPT else None
            if not metadata["isCloseClusterLoopGrid"]:
                xpu.passes.ttxpuir.add_tritonxpu_cf_to_scf_pass(pm)
                xpu.passes.ttxpuir.add_tritonxpu_loop_grid_pass(pm)
            passes.common.add_cse(pm)
            passes.common.add_licm(pm)
            passes.common.add_symbol_dce(pm)
    
        try:
>           pm.run(mod)
E           RuntimeError: PassManager::run failed

/root/miniconda/envs/python310_torch29_cuda/lib/python3.10/site-packages/triton/backends/xpu/compiler.py:329: RuntimeError

During handling of the above exception, another exception occurred:

self = <benchmark.test_segment_reduce.SegmentReduceBenchmark object at 0x7fce3b532a40>

    def run(self):
        if Config.query:
            self.init_default_config()
            attri = OperationAttribute(
                op_name=self.op_name,
                recommended_core_shapes=self.shapes,
                shape_desc=self.shape_desc,
            )
            print(attri)
            emit_record_logger(attri.to_dict())
            return
    
        self.init_user_config()
        for dtype in self.to_bench_dtypes:
            metrics = []
            input_iter = self.get_input_iter(dtype)
    
            done = False
            while not done:
                try:
                    input = next(input_iter)
                except StopIteration:
                    done = True
                    continue
                except (RuntimeError, Exception) as e:
                    print(
                        f"\033[31mFAILED\033[0m: Operator={self.op_name} "
                        "dtype={dtype} err=<<<{e}>>>"
                    )
                    pytest.fail(str(e))
    
                metric = BenchmarkMetrics()
                try:
                    args, kwargs = self.unpack_to_args_kwargs(input)
                    metric.shape_detail = self.record_shapes(*args, **kwargs)
                    if "latency_base" in self.to_bench_metrics:
                        metric.latency_base = self.get_latency(
                            self.torch_op, *args, **kwargs
                        )
                    if "latency" in self.to_bench_metrics:
                        if self.gems_op:
                            metric.latency = self.get_latency(
                                self.gems_op, *args, **kwargs
                            )
                        else:
                            if self.op_name == "zero_":
                                with flag_gems.use_gems():
                                    metric.latency = self.get_latency(
                                        self.torch_op, *args, **kwargs
                                    )
                            else:
                                # exclude flaggems' zero_ to avoid the overhead of zero_
                                # in do_bench's clear_cache
                                with flag_gems.use_gems(exclude=["zero_"]):
>                                   metric.latency = self.get_latency(
                                        self.torch_op, *args, **kwargs
                                    )

base.py:458: 
_ _ _ _ _ _ _ _ _ _ _ _ _ _ _ _ _ _ _ _ _ _ _ _ _ _ _ _ _ _ _ _ _ _ _ _ _ _ _ _ 
base.py:318: in get_latency
    latency = do_bench(
/root/miniconda/envs/python310_torch29_cuda/lib/python3.10/site-packages/triton/testing.py:103: in do_bench
    fn()
base.py:288: in <lambda>
    fn = lambda: op(*args, **kwargs)
../src/flag_gems/ops/segment_reduce.py:944: in segment_reduce
    uniform_result = _segment_reduce_uniform_lengths(
../src/flag_gems/ops/segment_reduce.py:500: in _segment_reduce_uniform_lengths
    _segment_reduce_uniform_forward_kernel[grid](
/root/miniconda/envs/python310_torch29_cuda/lib/python3.10/site-packages/triton/runtime/jit.py:364: in <lambda>
    return lambda *args, **kwargs: self.run(grid=grid, warmup=False, *args, **kwargs)
../src/flag_gems/utils/libentry.py:889: in run
    kernel = self.fn.run(*args, **kwargs)
/root/miniconda/envs/python310_torch29_cuda/lib/python3.10/site-packages/triton/runtime/jit.py:795: in run
    kernel = self.default_run(*args, **kwargs)
/root/miniconda/envs/python310_torch29_cuda/lib/python3.10/site-packages/triton/runtime/jit.py:686: in default_run
    kernel = self.compile(
/root/miniconda/envs/python310_torch29_cuda/lib/python3.10/site-packages/triton/compiler/compiler.py:318: in compile
    next_module = compile_ir(module, metadata)
/root/miniconda/envs/python310_torch29_cuda/lib/python3.10/site-packages/triton/backends/xpu/compiler.py:516: in <lambda>
    stages["ttxir"] = lambda src, metadata: self.make_ttxir(src, metadata, options)
_ _ _ _ _ _ _ _ _ _ _ _ _ _ _ _ _ _ _ _ _ _ _ _ _ _ _ _ _ _ _ _ _ _ _ _ _ _ _ _ 

mod = <triton._C.libtriton.ir.module object at 0x7fce3b611fd0>
metadata = {'hash': '8fc20d057fbce7d457a081c9f3a3c3e5207fffbbac1d0d2c35d4487b05f2942e', 'target': GPUTarget(backend='xpu', arch=3, warp_size=1), 'arch': 3, 'grid': (1024, 8), ...}
opt = XPUOptions(arch=3, grid=(1024, 8), debug=None, cluster_num=12, core_num=64, buffer_size_limit=512, groups_per_cluster=...ed_dot_input_precisions=('ieee', 'tf32'), exp_range=':0', num_warps=-1, num_ctas=-1, num_stages=1, use_int4_w4a8=False)

    @staticmethod
    def make_ttxir(mod, metadata, opt):
        metadata["xpu_arch"] = opt.arch
        metadata["is_sdnn"] = opt.is_sdnn or xpu.is_sdnn_kernel(mod)
        metadata["tensor_args"] = xpu.get_tensor_args(mod, []) if metadata["is_sdnn"] is True else []
        metadata["shared"] = (-1)  # TODO: invalid value, just to keep CompiledKernel _init_handles() success
    
        max_buffer_size = metadata["buffer_size_limit"]
        elem_bytes = int(os.environ.get("TRITONXPU_ELEMBYTES", 0))
        groups_per_cluster = metadata["groups_per_cluster"]
        unroll_num = metadata["unroll_num"]
        XPUBackend.buffer_len = xpu.get_buffer_len(mod, max_buffer_size, elem_bytes)
        # print(f"XPUBackend.buffer_len = {XPUBackend.buffer_len}")
        core_num = metadata["core_num"]
        # F/O Prefix For Function/Optimization Macro
        is_use_mask_zero = metadata["is_use_mask_zero"]
        if is_use_mask_zero:
            warnings.warn(
                f'XRE Version Must Be More than 5.0.21.37 (After 2025.07.22). And echo 1 > /proc/kunlun/dev4/dma_excp_mask',
                UserWarning)
        TTXPU_F_INTERLEAVE = 0 if metadata["grid"] != (12, 1, 1) else int(os.environ.get("TRITONXPU_INTERLEAVE", 1))
        TTXPU_F_OHTER_VALUE_SIM = int(os.environ.get("TRITONXPU_OTHER_SIM", 0))
        TTXPU_F_STORE_MASK_SIM = int(os.environ.get("TRITONXPU_STORE_MASK_SIM", 0))
        TTXPU_F_DTYPE_CONVERT = 0 if metadata["isCloseDtypeConvert"] else int(
            os.environ.get("TRITONXPU_DTYPE_CONVERT", 1))
        TTXPU_O_ATOMIC_SIM = 0 if metadata["isCLOSE_TTXPU_O_ATOMIC_SIM"] else int(
            os.environ.get("TRITONXPU_ATOMIC_SIM", 1))
        TTXPU_O_CLOSE_OPT = int(os.environ.get("TRITONXPU_CLOSE_OPTIMIZE", 0))
        TTSDNN_F_SINGLE_CORE_MODE = int(os.environ.get("TRITON_SDNN_SINGLE_CODE_MODE", 0))
        TTSDNN_F_MATMUL_FAST_MODE = int(os.environ.get("XMLIR_MATMUL_FAST_MODE", 0))
        TTSDNN_F_DMA_MODE = int(os.environ.get("XMLIR_DMA_FAST_MODE", 0))
    
        if opt.isClusterOneCoreActOnly and TTXPU_F_OHTER_VALUE_SIM:
            assert 0, "isClusterOneCoreActOnly and TRITONXPU_OTHER_SIM can't act simultaneously"
    
        pm = ir.pass_manager(mod.context)
        pm.enable_debug()
        xpu.passes.ttsdnnir.add_tritonsdnn_strip_all_ops_pass(pm, opt.arch)
        if metadata["is_sdnn"]:
            if opt.arch < 4:
                if metadata["use_int4_w4a8"] == True:
                    xpu.passes.ttsdnnir.add_triton_convert_type_pass(pm, opt.arch, 2)
                else:
                    xpu.passes.ttsdnnir.add_triton_convert_type_pass(pm, opt.arch, TTSDNN_F_MATMUL_FAST_MODE)
            xpu.passes.ttsdnnir.add_convert_triton_to_tritonsdnn_pass(pm, opt.arch)
            xpu.passes.ttsdnnir.add_linalg_to_tritonsdnn_pass(pm, opt.arch)
            xpu.passes.ttsdnnir.add_tritonsdnn_legalize_pass(pm, opt.arch)
            xpu.passes.ttsdnnir.add_tritonsdnn_combine_before_pass(pm, opt.arch)
            xpu.passes.ttsdnnir.add_tritonsdnn_bufferize_pass(pm, opt.arch)
            xpu.passes.ttsdnnir.add_tritonsdnn_combine_pass(pm, opt.arch)
            if opt.exp_range != ":0":
                res = parse_floating_range_string(opt.exp_range)
                xpu.passes.ttsdnnir.add_tritonsdnn_ew_act_table_pass(pm, res)
            else:
                xpu.passes.ttsdnnir.add_tritonsdnn_ew_act_table_pass(pm, None)
            xpu.passes.ttsdnnir.add_tritonsdnn_loop_grid_pass(pm)
            if opt.arch == 4 and TTSDNN_F_DMA_MODE:
                xpu.passes.ttsdnnir.add_tritonsdnn_remove_ds_op_pass(pm, opt.arch)
            if not TTSDNN_F_SINGLE_CORE_MODE:
                xpu.passes.ttsdnnir.add_tritonsdnn_pipeline_pass(pm)
    
            xpu.passes.ttsdnnir.add_tritonsdnn_multi_buffer_pass(pm, opt.arch, opt.num_stages)
            passes.common.add_symbol_dce(pm)
            passes.common.add_canonicalizer(pm)
            passes.common.add_cse(pm)
        else:
            xpu.passes.ttxpuir.add_convert_triton_to_tritonxpu_pass(pm, opt.arch, XPUBackend.buffer_len, core_num)
            xpu.passes.ttxpuir.add_tritonxpu_print_pass(pm)
            xpu.passes.ttxpuir.add_tritonxpu_gm2lm_pass(pm, opt.arch, TTXPU_O_ATOMIC_SIM, opt.isClusterOneCoreActOnly,
                                                        is_use_mask_zero)
            if not metadata["isCloseMemoryCache"]:
                xpu.passes.ttxpuir.add_tritonxpu_memory_cache_pass(pm, XPUBackend.buffer_len,
                                                                   core_num) if not TTXPU_O_CLOSE_OPT else None
            passes.common.add_canonicalizer(pm)
            if TTXPU_F_DTYPE_CONVERT:
                xpu.passes.ttxpuir.add_tritonxpu_dtype_convert_pass(pm, opt.arch)
            if not metadata["isCloseCoreTiling"]:
                xpu.passes.ttxpuir.add_tritonxpu_core_tiling_pass(
                    pm, 0, XPUBackend.buffer_len, core_num,
                    groups_per_cluster) if not TTXPU_O_CLOSE_OPT else None  # dumpFlag=0
            # xpu.passes.ttxpuir.add_tritonxpu_lm_to_sm_pass(pm)
            passes.common.add_cse(pm)
            if not metadata["isCloseOffsetAnalysis"]:
                xpu.passes.ttxpuir.add_tritonxpu_offset_state_pass(
                    pm, 0, XPUBackend.buffer_len, is_use_mask_zero) if not TTXPU_O_CLOSE_OPT else None  # dumpFlag=0
            passes.common.add_canonicalizer(pm)
            xpu.passes.ttxpuir.add_tritonxpu_legalize_pass(pm, XPUBackend.buffer_len, core_num, groups_per_cluster,
                                                           is_use_mask_zero)
            passes.common.add_canonicalizer(pm)
            if not TTXPU_F_OHTER_VALUE_SIM:
                xpu.passes.ttxpuir.add_tritonxpu_mask_pass(pm, opt.isClusterOneCoreActOnly, is_use_mask_zero)
            passes.common.add_canonicalizer(pm)
            passes.common.add_cse(pm)
            passes.common.add_licm(pm)
            passes.common.add_symbol_dce(pm)
            if not metadata["isCloseInterleave"] and TTXPU_F_INTERLEAVE:
                xpu.passes.ttxpuir.add_tritonxpu_interleave_pass(pm) if not TTXPU_O_CLOSE_OPT else None
            passes.common.add_canonicalizer(pm)
            if not metadata["isCloseVectorization"]:
                compareFusion = int(os.environ.get("TRITONXPU_COMPARE_FUSION", 0))
                xpu.passes.ttxpuir.add_tritonxpu_vectorize_pass(
                    pm, 0, compareFusion) if not TTXPU_O_CLOSE_OPT else None  # dumpFlag=0
            passes.common.add_canonicalizer(pm)
            xpu.passes.ttxpuir.add_tritonxpu_alloca_pass(pm, XPUBackend.buffer_len, core_num)
            if not metadata["isCloseMemoryAsync"]:
                xpu.passes.ttxpuir.add_tritonxpu_memory_async_pass(pm,
                                                                   0) if not TTXPU_O_CLOSE_OPT else None  # dumpFlag=0
            if not metadata["isCloseUnrollControl"]:
                xpu.passes.ttxpuir.add_tritonxpu_unroll_control_pass(pm, XPUBackend.buffer_len, core_num,
                                                                     is_use_mask_zero,
                                                                     unroll_num) if not TTXPU_O_CLOSE_OPT else None
            xpu.passes.ttxpuir.add_tritonxpu_store_control_pass(pm) if not TTXPU_O_CLOSE_OPT else None
            if not TTXPU_F_OHTER_VALUE_SIM:
                xpu.passes.ttxpuir.add_tritonxpu_other_sim_pass(pm, XPUBackend.buffer_len, core_num)
            xpu.passes.ttxpuir.add_tritonxpu_memory_inplace_pass(pm, XPUBackend.buffer_len,
                                                                 core_num) if not TTXPU_O_CLOSE_OPT else None
            if not metadata["isCloseClusterLoopGrid"]:
                xpu.passes.ttxpuir.add_tritonxpu_cf_to_scf_pass(pm)
                xpu.passes.ttxpuir.add_tritonxpu_loop_grid_pass(pm)
            passes.common.add_cse(pm)
            passes.common.add_licm(pm)
            passes.common.add_symbol_dce(pm)
    
        try:
            pm.run(mod)
        except Exception as e:
            from triton import OutOfResources
>           raise OutOfResources(0, 0, f"uni_sram {e}")
E           triton.runtime.errors.OutOfResources: out of resource: uni_sram PassManager::run failed, Required: 0, Hardware limit: 0. Reducing block sizes or `num_stages` may help.

/root/miniconda/envs/python310_torch29_cuda/lib/python3.10/site-packages/triton/backends/xpu/compiler.py:332: OutOfResources

During handling of the above exception, another exception occurred:

    @pytest.mark.segment_reduce
    @pytest.mark.skipif(
        flag_gems.vendor_name == "tsingmicro", reason="Issue #4131: not working"
    )
    def test_segment_reduce():
        bench = SegmentReduceBenchmark(
            op_name="segment_reduce",
            torch_op=torch.segment_reduce,
            dtypes=consts.FLOAT_DTYPES,
        )
>       bench.run()

test_segment_reduce.py:108: 
_ _ _ _ _ _ _ _ _ _ _ _ _ _ _ _ _ _ _ _ _ _ _ _ _ _ _ _ _ _ _ _ _ _ _ _ _ _ _ _ 

self = <benchmark.test_segment_reduce.SegmentReduceBenchmark object at 0x7fce3b532a40>

    def run(self):
        if Config.query:
            self.init_default_config()
            attri = OperationAttribute(
                op_name=self.op_name,
                recommended_core_shapes=self.shapes,
                shape_desc=self.shape_desc,
            )
            print(attri)
            emit_record_logger(attri.to_dict())
            return
    
        self.init_user_config()
        for dtype in self.to_bench_dtypes:
            metrics = []
            input_iter = self.get_input_iter(dtype)
    
            done = False
            while not done:
                try:
                    input = next(input_iter)
                except StopIteration:
                    done = True
                    continue
                except (RuntimeError, Exception) as e:
                    print(
                        f"\033[31mFAILED\033[0m: Operator={self.op_name} "
                        "dtype={dtype} err=<<<{e}>>>"
                    )
                    pytest.fail(str(e))
    
                metric = BenchmarkMetrics()
                try:
                    args, kwargs = self.unpack_to_args_kwargs(input)
                    metric.shape_detail = self.record_shapes(*args, **kwargs)
                    if "latency_base" in self.to_bench_metrics:
                        metric.latency_base = self.get_latency(
                            self.torch_op, *args, **kwargs
                        )
                    if "latency" in self.to_bench_metrics:
                        if self.gems_op:
                            metric.latency = self.get_latency(
                                self.gems_op, *args, **kwargs
                            )
                        else:
                            if self.op_name == "zero_":
                                with flag_gems.use_gems():
                                    metric.latency = self.get_latency(
                                        self.torch_op, *args, **kwargs
                                    )
                            else:
                                # exclude flaggems' zero_ to avoid the overhead of zero_
                                # in do_bench's clear_cache
                                with flag_gems.use_gems(exclude=["zero_"]):
                                    metric.latency = self.get_latency(
                                        self.torch_op, *args, **kwargs
                                    )
                    if "speedup" in self.to_bench_metrics:
                        metric.speedup = metric.latency_base / metric.latency
    
                    if "gbps" in self.to_bench_metrics:
                        metric.gbps_base = self.get_gbps(
                            args, latency=metric.latency_base
                        )
                        metric.gbps = self.get_gbps(args, latency=metric.latency)
    
                    if "tflops" in self.to_bench_metrics:
                        metric.tflops = (
                            self.get_tflops(self.torch_op, *args, **kwargs)
                            / metric.latency
                            / 1e12
                            * 1e3
                        )
                        # utilization = metric.tflops / metric.latency / 1e12 * 1e3
                except (RuntimeError, Exception) as e:
                    metric.error_msg = str(e)
>                   pytest.fail(str(e))  # raise exception again
E                   Failed: out of resource: uni_sram PassManager::run failed, Required: 0, Hardware limit: 0. Reducing block sizes or `num_stages` may help.

base.py:480: Failed
----------------------------- Captured stderr call -----------------------------
loc("/workspace/FlagGems/src/flag_gems/ops/segment_reduce.py":421:38): error: 'arith.addi' op requires the same type for all operands and results
=========================== short test summary info ============================
FAILED test_segment_reduce.py::test_segment_reduce - Failed: out of resource:...
====================== 1 failed, 950 deselected in 13.70s ======================
