============================= test session starts ==============================
platform linux -- Python 3.10.18, pytest-9.1.1, pluggy-1.6.0
rootdir: /workspace/FlagGems
configfile: pytest.ini
plugins: anyio-4.9.0, typeguard-4.3.0
collected 951 items / 950 deselected / 1 selected

test_special_hermite_polynomial_h.py F                                   [100%]

=================================== FAILURES ===================================
______________________ test_special_hermite_polynomial_h _______________________
triton.compiler.errors.CompilationError: at 5:4:
def _hermite_Hn(x, n_int):
    xf = x.to(tl.float32)

    # H_0(x) = 1
    h0: tl.float32 = 1.0
    ^
AttributeError("'AnnAssign' object has no attribute 'targets'")

The above exception was the direct cause of the following exception:
triton.compiler.errors.CompilationError: at 5:4:
def _hermite_Hn(x, n_int):
    xf = x.to(tl.float32)

    # H_0(x) = 1
    h0: tl.float32 = 1.0
    ^
AttributeError("'AnnAssign' object has no attribute 'targets'")

The above exception was the direct cause of the following exception:

triton.compiler.errors.CompilationError: at 3:13:
def hermite_polynomial_h_func(x, n):
    n_int = n.to(tl.int32)
    result = _hermite_Hn(x, n_int)
             ^

The above exception was the direct cause of the following exception:

self = <benchmark.test_special_hermite_polynomial_h.test_special_hermite_polynomial_h.<locals>._HermiteBenchmark object at 0x7f06a49da920>

    def run(self):
        if Config.query:
            self.init_default_config()
            attri = OperationAttribute(
                op_name=self.op_name,
                recommended_core_shapes=self.shapes,
                shape_desc=self.shape_desc,
            )
            print(attri)
            emit_record_logger(attri.to_dict())
            return
    
        self.init_user_config()
        for dtype in self.to_bench_dtypes:
            metrics = []
            input_iter = self.get_input_iter(dtype)
    
            done = False
            while not done:
                try:
                    input = next(input_iter)
                except StopIteration:
                    done = True
                    continue
                except (RuntimeError, Exception) as e:
                    print(
                        f"\033[31mFAILED\033[0m: Operator={self.op_name} "
                        "dtype={dtype} err=<<<{e}>>>"
                    )
                    pytest.fail(str(e))
    
                metric = BenchmarkMetrics()
                try:
                    args, kwargs = self.unpack_to_args_kwargs(input)
                    metric.shape_detail = self.record_shapes(*args, **kwargs)
                    if "latency_base" in self.to_bench_metrics:
                        metric.latency_base = self.get_latency(
                            self.torch_op, *args, **kwargs
                        )
                    if "latency" in self.to_bench_metrics:
                        if self.gems_op:
                            metric.latency = self.get_latency(
                                self.gems_op, *args, **kwargs
                            )
                        else:
                            if self.op_name == "zero_":
                                with flag_gems.use_gems():
                                    metric.latency = self.get_latency(
                                        self.torch_op, *args, **kwargs
                                    )
                            else:
                                # exclude flaggems' zero_ to avoid the overhead of zero_
                                # in do_bench's clear_cache
                                with flag_gems.use_gems(exclude=["zero_"]):
>                                   metric.latency = self.get_latency(
                                        self.torch_op, *args, **kwargs
                                    )

base.py:458: 
_ _ _ _ _ _ _ _ _ _ _ _ _ _ _ _ _ _ _ _ _ _ _ _ _ _ _ _ _ _ _ _ _ _ _ _ _ _ _ _ 
base.py:318: in get_latency
    latency = do_bench(
/root/miniconda/envs/python310_torch29_cuda/lib/python3.10/site-packages/triton/testing.py:103: in do_bench
    fn()
base.py:288: in <lambda>
    fn = lambda: op(*args, **kwargs)
../src/flag_gems/ops/special_hermite_polynomial_h.py:124: in special_hermite_polynomial_h
    return hermite_polynomial_h_func(x, n)
../src/flag_gems/utils/pointwise_dynamic.py:1317: in __call__
    return self._call_real_impl(*args, **kwargs)
../src/flag_gems/utils/pointwise_dynamic.py:1323: in _call_real_impl
    out = overload(*args, **kwargs)
/root/.flaggems/code_cache/pointwise_dynamic_1da5951143f2bfed91609fb2efccfd3ef475a8ba30aef39fbb04de458eff004f81_hermite_polynomial_h_func_kernel_rank_1_1d_tile__t512.py:88: in hermite_polynomial_h_func_wrapper_rank_1
    hermite_polynomial_h_func_kernel_rank_1[grid](
/root/miniconda/envs/python310_torch29_cuda/lib/python3.10/site-packages/triton/runtime/jit.py:364: in <lambda>
    return lambda *args, **kwargs: self.run(grid=grid, warmup=False, *args, **kwargs)
../src/flag_gems/utils/libentry.py:889: in run
    kernel = self.fn.run(*args, **kwargs)
/root/miniconda/envs/python310_torch29_cuda/lib/python3.10/site-packages/triton/runtime/jit.py:795: in run
    kernel = self.default_run(*args, **kwargs)
/root/miniconda/envs/python310_torch29_cuda/lib/python3.10/site-packages/triton/runtime/jit.py:686: in default_run
    kernel = self.compile(
/root/miniconda/envs/python310_torch29_cuda/lib/python3.10/site-packages/triton/compiler/compiler.py:285: in compile
    module = src.make_ir(options, codegen_fns, context)
_ _ _ _ _ _ _ _ _ _ _ _ _ _ _ _ _ _ _ _ _ _ _ _ _ _ _ _ _ _ _ _ _ _ _ _ _ _ _ _ 

self = <triton.compiler.compiler.ASTSource object at 0x7f084ffb2770>
options = XPUOptions(arch=3, grid=(8, 1, 1), debug=None, cluster_num=12, core_num=64, buffer_size_limit=512, groups_per_cluster=...wed_dot_input_precisions=('ieee', 'tf32'), exp_range=':0', num_warps=4, num_ctas=-1, num_stages=1, use_int4_w4a8=False)
codegen_fns = {}
context = <triton._C.libtriton.ir.context object at 0x7f06a47a18f0>

    def make_ir(self, options, codegen_fns, context):
>       return ast_to_ttir(self.fn, self, context=context, options=options, codegen_fns=codegen_fns)
E       triton.compiler.errors.CompilationError: at 26:15:
E           if one_tile_per_cta: # monolitic kernel style
E               tile_id = pid
E               tid = tile_id * tile_size + tl.arange(0, tile_size)
E               mask = tid < num_tasks
E               i0 = tid
E       
E               # loads
E               in0 = tl.load(in0_ptr + i0 * in0_stride0, mask=mask).to(in0_ptr.type.element_ty)
E               in1 = tl.load(in1_ptr + i0 * in1_stride0, mask=mask).to(in1_ptr.type.element_ty)
E       
E               # compute
E               out0 = hermite_polynomial_h_func(in0, in1)
E                      ^

/root/miniconda/envs/python310_torch29_cuda/lib/python3.10/site-packages/triton/compiler/compiler.py:122: CompilationError

During handling of the above exception, another exception occurred:

    @pytest.mark.special_hermite_polynomial_h
    def test_special_hermite_polynomial_h():
        class _HermiteBenchmark(base.BinaryPointwiseBenchmark):
            def get_input_iter(self, dtype):
                for shape in self.shapes:
                    inp1 = base.generate_tensor_input(shape, dtype, self.device)
                    # n must be in [0, 9] per operator validation
                    inp2 = torch.randint(0, 10, shape, device=self.device).to(dtype)
                    yield inp1, inp2
    
        bench = _HermiteBenchmark(
            op_name="special_hermite_polynomial_h",
            torch_op=torch.special.hermite_polynomial_h,
            # special.* ops only support float32
            dtypes=[torch.float32],
        )
>       bench.run()

test_special_hermite_polynomial_h.py:37: 
_ _ _ _ _ _ _ _ _ _ _ _ _ _ _ _ _ _ _ _ _ _ _ _ _ _ _ _ _ _ _ _ _ _ _ _ _ _ _ _ 

self = <benchmark.test_special_hermite_polynomial_h.test_special_hermite_polynomial_h.<locals>._HermiteBenchmark object at 0x7f06a49da920>

    def run(self):
        if Config.query:
            self.init_default_config()
            attri = OperationAttribute(
                op_name=self.op_name,
                recommended_core_shapes=self.shapes,
                shape_desc=self.shape_desc,
            )
            print(attri)
            emit_record_logger(attri.to_dict())
            return
    
        self.init_user_config()
        for dtype in self.to_bench_dtypes:
            metrics = []
            input_iter = self.get_input_iter(dtype)
    
            done = False
            while not done:
                try:
                    input = next(input_iter)
                except StopIteration:
                    done = True
                    continue
                except (RuntimeError, Exception) as e:
                    print(
                        f"\033[31mFAILED\033[0m: Operator={self.op_name} "
                        "dtype={dtype} err=<<<{e}>>>"
                    )
                    pytest.fail(str(e))
    
                metric = BenchmarkMetrics()
                try:
                    args, kwargs = self.unpack_to_args_kwargs(input)
                    metric.shape_detail = self.record_shapes(*args, **kwargs)
                    if "latency_base" in self.to_bench_metrics:
                        metric.latency_base = self.get_latency(
                            self.torch_op, *args, **kwargs
                        )
                    if "latency" in self.to_bench_metrics:
                        if self.gems_op:
                            metric.latency = self.get_latency(
                                self.gems_op, *args, **kwargs
                            )
                        else:
                            if self.op_name == "zero_":
                                with flag_gems.use_gems():
                                    metric.latency = self.get_latency(
                                        self.torch_op, *args, **kwargs
                                    )
                            else:
                                # exclude flaggems' zero_ to avoid the overhead of zero_
                                # in do_bench's clear_cache
                                with flag_gems.use_gems(exclude=["zero_"]):
                                    metric.latency = self.get_latency(
                                        self.torch_op, *args, **kwargs
                                    )
                    if "speedup" in self.to_bench_metrics:
                        metric.speedup = metric.latency_base / metric.latency
    
                    if "gbps" in self.to_bench_metrics:
                        metric.gbps_base = self.get_gbps(
                            args, latency=metric.latency_base
                        )
                        metric.gbps = self.get_gbps(args, latency=metric.latency)
    
                    if "tflops" in self.to_bench_metrics:
                        metric.tflops = (
                            self.get_tflops(self.torch_op, *args, **kwargs)
                            / metric.latency
                            / 1e12
                            * 1e3
                        )
                        # utilization = metric.tflops / metric.latency / 1e12 * 1e3
                except (RuntimeError, Exception) as e:
                    metric.error_msg = str(e)
>                   pytest.fail(str(e))  # raise exception again
E                   Failed: at 26:15:
E                       if one_tile_per_cta: # monolitic kernel style
E                           tile_id = pid
E                           tid = tile_id * tile_size + tl.arange(0, tile_size)
E                           mask = tid < num_tasks
E                           i0 = tid
E                   
E                           # loads
E                           in0 = tl.load(in0_ptr + i0 * in0_stride0, mask=mask).to(in0_ptr.type.element_ty)
E                           in1 = tl.load(in1_ptr + i0 * in1_stride0, mask=mask).to(in1_ptr.type.element_ty)
E                   
E                           # compute
E                           out0 = hermite_polynomial_h_func(in0, in1)
E                                  ^

base.py:480: Failed
=========================== short test summary info ============================
FAILED test_special_hermite_polynomial_h.py::test_special_hermite_polynomial_h
====================== 1 failed, 950 deselected in 9.54s =======================
