============================= test session starts ==============================
platform linux -- Python 3.10.18, pytest-9.1.1, pluggy-1.6.0
rootdir: /workspace/FlagGems
configfile: pytest.ini
plugins: anyio-4.9.0, typeguard-4.3.0
collected 951 items / 948 deselected / 3 selected

test_grid_sample.py FFF                                                  [100%]

=================================== FAILURES ===================================
___________________________ test_grid_sample[dtype0] ___________________________

self = <benchmark.test_grid_sample.GridSampleBenchmark object at 0x7f8af4b14f10>

    def run(self):
        if Config.query:
            self.init_default_config()
            attri = OperationAttribute(
                op_name=self.op_name,
                recommended_core_shapes=self.shapes,
                shape_desc=self.shape_desc,
            )
            print(attri)
            emit_record_logger(attri.to_dict())
            return
    
        self.init_user_config()
        for dtype in self.to_bench_dtypes:
            metrics = []
            input_iter = self.get_input_iter(dtype)
    
            done = False
            while not done:
                try:
                    input = next(input_iter)
                except StopIteration:
                    done = True
                    continue
                except (RuntimeError, Exception) as e:
                    print(
                        f"\033[31mFAILED\033[0m: Operator={self.op_name} "
                        "dtype={dtype} err=<<<{e}>>>"
                    )
                    pytest.fail(str(e))
    
                metric = BenchmarkMetrics()
                try:
                    args, kwargs = self.unpack_to_args_kwargs(input)
                    metric.shape_detail = self.record_shapes(*args, **kwargs)
                    if "latency_base" in self.to_bench_metrics:
>                       metric.latency_base = self.get_latency(
                            self.torch_op, *args, **kwargs
                        )

base.py:440: 
_ _ _ _ _ _ _ _ _ _ _ _ _ _ _ _ _ _ _ _ _ _ _ _ _ _ _ _ _ _ _ _ _ _ _ _ _ _ _ _ 
base.py:318: in get_latency
    latency = do_bench(
/root/miniconda/envs/python310_torch29_cuda/lib/python3.10/site-packages/triton/testing.py:103: in do_bench
    fn()
base.py:288: in <lambda>
    fn = lambda: op(*args, **kwargs)
_ _ _ _ _ _ _ _ _ _ _ _ _ _ _ _ _ _ _ _ _ _ _ _ _ _ _ _ _ _ _ _ _ _ _ _ _ _ _ _ 

input = tensor([[[[[ 1.6582e+00,  8.1104e-01, -6.1572e-01,  ...,  3.9185e-01,
             3.9673e-01, -1.5332e+00],
         ... 9.8975e-01,  ..., -1.7129e+00,
            -5.8447e-01,  1.2311e-01]]]]], device='cuda:0',
       dtype=torch.float16)
grid = tensor([[[[[ 0.3269,  0.8999,  0.8223],
           [ 0.8999, -0.8999,  0.5967],
           [-0.8999, -0.8999,  0.1159]...  [-0.8999, -0.3892,  0.4092],
           [-0.3826, -0.7344,  0.0870]]]]], device='cuda:0',
       dtype=torch.float16)
mode = 'nearest', padding_mode = 'zeros', align_corners = False

    def grid_sample(
        input: Tensor,
        grid: Tensor,
        mode: str = "bilinear",
        padding_mode: str = "zeros",
        align_corners: Optional[bool] = None,
    ) -> Tensor:
        r"""Compute grid sample.
    
        Given an :attr:`input` and a flow-field :attr:`grid`, computes the
        ``output`` using :attr:`input` values and pixel locations from :attr:`grid`.
    
        Currently, only spatial (4-D) and volumetric (5-D) :attr:`input` are
        supported.
    
        In the spatial (4-D) case, for :attr:`input` with shape
        :math:`(N, C, H_\text{in}, W_\text{in})` and :attr:`grid` with shape
        :math:`(N, H_\text{out}, W_\text{out}, 2)`, the output will have shape
        :math:`(N, C, H_\text{out}, W_\text{out})`.
    
        For each output location ``output[n, :, h, w]``, the size-2 vector
        ``grid[n, h, w]`` specifies :attr:`input` pixel locations ``x`` and ``y``,
        which are used to interpolate the output value ``output[n, :, h, w]``.
        In the case of 5D inputs, ``grid[n, d, h, w]`` specifies the
        ``x``, ``y``, ``z`` pixel locations for interpolating
        ``output[n, :, d, h, w]``. :attr:`mode` argument specifies ``nearest`` or
        ``bilinear`` interpolation method to sample the input pixels.
    
        :attr:`grid` specifies the sampling pixel locations normalized by the
        :attr:`input` spatial dimensions. Therefore, it should have most values in
        the range of ``[-1, 1]``. For example, values ``x = -1, y = -1`` is the
        left-top pixel of :attr:`input`, and values  ``x = 1, y = 1`` is the
        right-bottom pixel of :attr:`input`.
    
        If :attr:`grid` has values outside the range of ``[-1, 1]``, the corresponding
        outputs are handled as defined by :attr:`padding_mode`. Options are
    
            * ``padding_mode="zeros"``: use ``0`` for out-of-bound grid locations,
            * ``padding_mode="border"``: use border values for out-of-bound grid locations,
            * ``padding_mode="reflection"``: use values at locations reflected by
              the border for out-of-bound grid locations. For location far away
              from the border, it will keep being reflected until becoming in bound,
              e.g., (normalized) pixel location ``x = -3.5`` reflects by border ``-1``
              and becomes ``x' = 1.5``, then reflects by border ``1`` and becomes
              ``x'' = -0.5``.
    
        Note:
            This function is often used in conjunction with :func:`affine_grid`
            to build `Spatial Transformer Networks`_ .
    
        Note:
            When using the CUDA backend, this operation may induce nondeterministic
            behaviour in its backward pass that is not easily switched off.
            Please see the notes on :doc:`/notes/randomness` for background.
    
        Note:
            NaN values in :attr:`grid` would be interpreted as ``-1``.
    
        Args:
            input (Tensor): input of shape :math:`(N, C, H_\text{in}, W_\text{in})` (4-D case)
                            or :math:`(N, C, D_\text{in}, H_\text{in}, W_\text{in})` (5-D case)
            grid (Tensor): flow-field of shape :math:`(N, H_\text{out}, W_\text{out}, 2)` (4-D case)
                           or :math:`(N, D_\text{out}, H_\text{out}, W_\text{out}, 3)` (5-D case)
            mode (str): interpolation mode to calculate output values
                ``'bilinear'`` | ``'nearest'`` | ``'bicubic'``. Default: ``'bilinear'``
                Note: ``mode='bicubic'`` supports only 4-D input.
                When ``mode='bilinear'`` and the input is 5-D, the interpolation mode
                used internally will actually be trilinear. However, when the input is 4-D,
                the interpolation mode will legitimately be bilinear.
            padding_mode (str): padding mode for outside grid values
                ``'zeros'`` | ``'border'`` | ``'reflection'``. Default: ``'zeros'``
            align_corners (bool, optional): Geometrically, we consider the pixels of the
                input  as squares rather than points.
                If set to ``True``, the extrema (``-1`` and ``1``) are considered as referring
                to the center points of the input's corner pixels. If set to ``False``, they
                are instead considered as referring to the corner points of the input's corner
                pixels, making the sampling more resolution agnostic.
                This option parallels the ``align_corners`` option in
                :func:`interpolate`, and so whichever option is used here
                should also be used there to resize the input image before grid sampling.
                Default: ``False``
    
        Returns:
            output (Tensor): output Tensor
    
        .. _`Spatial Transformer Networks`:
            https://arxiv.org/abs/1506.02025
    
        .. warning::
            When ``align_corners = True``, the grid positions depend on the pixel
            size relative to the input image size, and so the locations sampled by
            :func:`grid_sample` will differ for the same input given at different
            resolutions (that is, after being upsampled or downsampled).
            The default behavior up to version 1.2.0 was ``align_corners = True``.
            Since then, the default behavior has been changed to ``align_corners = False``,
            in order to bring it in line with the default for :func:`interpolate`.
    
        .. note::
            ``mode='bicubic'`` is implemented using the `cubic convolution algorithm`_ with :math:`\alpha=-0.75`.
            The constant :math:`\alpha` might be different from packages to packages.
            For example, `PIL`_ and `OpenCV`_ use -0.5 and -0.75 respectively.
            This algorithm may "overshoot" the range of values it's interpolating.
            For example, it may produce negative values or values greater than 255 when interpolating input in [0, 255].
            Clamp the results with :func:`torch.clamp` to ensure they are within the valid range.
        .. _`cubic convolution algorithm`: https://en.wikipedia.org/wiki/Bicubic_interpolation
        .. _`PIL`: https://github.com/python-pillow/Pillow/blob/4634eafe3c695a014267eefdce830b4a825beed7/src/libImaging/Resample.c#L51
        .. _`OpenCV`: https://github.com/opencv/opencv/blob/f345ed564a06178670750bad59526cfa4033be55/modules/imgproc/src/resize.cpp#L908
        """
        if has_torch_function_variadic(input, grid):
            return handle_torch_function(
                grid_sample,
                (input, grid),
                input,
                grid,
                mode=mode,
                padding_mode=padding_mode,
                align_corners=align_corners,
            )
        if mode != "bilinear" and mode != "nearest" and mode != "bicubic":
            raise ValueError(
                f"nn.functional.grid_sample(): expected mode to be 'bilinear', 'nearest' or 'bicubic', but got: '{mode}'"
            )
        if (
            padding_mode != "zeros"
            and padding_mode != "border"
            and padding_mode != "reflection"
        ):
            raise ValueError(
                "nn.functional.grid_sample(): expected padding_mode "
                "to be 'zeros', 'border', or 'reflection', "
                f"but got: '{padding_mode}'"
            )
    
        if mode == "bilinear":
            mode_enum = 0
        elif mode == "nearest":
            mode_enum = 1
        else:  # mode == 'bicubic'
            mode_enum = 2
    
        if padding_mode == "zeros":
            padding_mode_enum = 0
        elif padding_mode == "border":
            padding_mode_enum = 1
        else:  # padding_mode == 'reflection'
            padding_mode_enum = 2
    
        if align_corners is None:
            warnings.warn(
                "Default grid_sample and affine_grid behavior has changed "
                "to align_corners=False since 1.3.0. Please specify "
                "align_corners=True if the old behavior is desired. "
                "See the documentation of grid_sample for details."
            )
            align_corners = False
    
>       return torch.grid_sampler(input, grid, mode_enum, padding_mode_enum, align_corners)
E       RuntimeError: [NOT IMPLEMENTED]: error code= 4(at /home/agent/xpytorch/workspace/8ba19c15-fc11-4377-85f3-84daf8eaab09/XMLIR/build/python/torch_xmlir/csrc/aten_codegen/generated/CUDANativeFunctions.cpp:7637)

/root/miniconda/envs/python310_torch29_cuda/lib/python3.10/site-packages/torch/nn/functional.py:5108: RuntimeError

During handling of the above exception, another exception occurred:

dtype = torch.float16

    @pytest.mark.grid_sample
    @pytest.mark.skipif(
        flag_gems.vendor_name == "tsingmicro", reason="Issue #4131: not working"
    )
    @pytest.mark.parametrize("dtype", consts.FLOAT_DTYPES)
    def test_grid_sample(dtype):
        """Benchmark grid_sample forward operation."""
        bench = GridSampleBenchmark(
            op_name="grid_sample",
            torch_op=torch.nn.functional.grid_sample,
            gems_op=flag_gems.grid_sample,
            dtypes=[dtype],
        )
>       bench.run()

test_grid_sample.py:214: 
_ _ _ _ _ _ _ _ _ _ _ _ _ _ _ _ _ _ _ _ _ _ _ _ _ _ _ _ _ _ _ _ _ _ _ _ _ _ _ _ 

self = <benchmark.test_grid_sample.GridSampleBenchmark object at 0x7f8af4b14f10>

    def run(self):
        if Config.query:
            self.init_default_config()
            attri = OperationAttribute(
                op_name=self.op_name,
                recommended_core_shapes=self.shapes,
                shape_desc=self.shape_desc,
            )
            print(attri)
            emit_record_logger(attri.to_dict())
            return
    
        self.init_user_config()
        for dtype in self.to_bench_dtypes:
            metrics = []
            input_iter = self.get_input_iter(dtype)
    
            done = False
            while not done:
                try:
                    input = next(input_iter)
                except StopIteration:
                    done = True
                    continue
                except (RuntimeError, Exception) as e:
                    print(
                        f"\033[31mFAILED\033[0m: Operator={self.op_name} "
                        "dtype={dtype} err=<<<{e}>>>"
                    )
                    pytest.fail(str(e))
    
                metric = BenchmarkMetrics()
                try:
                    args, kwargs = self.unpack_to_args_kwargs(input)
                    metric.shape_detail = self.record_shapes(*args, **kwargs)
                    if "latency_base" in self.to_bench_metrics:
                        metric.latency_base = self.get_latency(
                            self.torch_op, *args, **kwargs
                        )
                    if "latency" in self.to_bench_metrics:
                        if self.gems_op:
                            metric.latency = self.get_latency(
                                self.gems_op, *args, **kwargs
                            )
                        else:
                            if self.op_name == "zero_":
                                with flag_gems.use_gems():
                                    metric.latency = self.get_latency(
                                        self.torch_op, *args, **kwargs
                                    )
                            else:
                                # exclude flaggems' zero_ to avoid the overhead of zero_
                                # in do_bench's clear_cache
                                with flag_gems.use_gems(exclude=["zero_"]):
                                    metric.latency = self.get_latency(
                                        self.torch_op, *args, **kwargs
                                    )
                    if "speedup" in self.to_bench_metrics:
                        metric.speedup = metric.latency_base / metric.latency
    
                    if "gbps" in self.to_bench_metrics:
                        metric.gbps_base = self.get_gbps(
                            args, latency=metric.latency_base
                        )
                        metric.gbps = self.get_gbps(args, latency=metric.latency)
    
                    if "tflops" in self.to_bench_metrics:
                        metric.tflops = (
                            self.get_tflops(self.torch_op, *args, **kwargs)
                            / metric.latency
                            / 1e12
                            * 1e3
                        )
                        # utilization = metric.tflops / metric.latency / 1e12 * 1e3
                except (RuntimeError, Exception) as e:
                    metric.error_msg = str(e)
>                   pytest.fail(str(e))  # raise exception again
E                   Failed: [NOT IMPLEMENTED]: error code= 4(at /home/agent/xpytorch/workspace/8ba19c15-fc11-4377-85f3-84daf8eaab09/XMLIR/build/python/torch_xmlir/csrc/aten_codegen/generated/CUDANativeFunctions.cpp:7637)

base.py:480: Failed
----------------------------- Captured stdout call -----------------------------
[[31mERROR[0m][XDNN_PYTORCH][/home/agent/xpytorch/workspace/8ba19c15-fc11-4377-85f3-84daf8eaab09/XMLIR/xdnn_pytorch/src/xdnn_pytorch_wrapper/grid_sampler_3d.cpp:63]scalar type of input : kfloat16 is unsupported in xdnn_pytorch_wrapper !

[XDNN_UNIMPLEMENTED][/home/agent/xpytorch/workspace/8ba19c15-fc11-4377-85f3-84daf8eaab09/XMLIR/xdnn_pytorch/src/xdnn_pytorch_wrapper/grid_sampler_3d.cpp:63]
___________________________ test_grid_sample[dtype1] ___________________________

self = <benchmark.test_grid_sample.GridSampleBenchmark object at 0x7f8aec233790>

    def run(self):
        if Config.query:
            self.init_default_config()
            attri = OperationAttribute(
                op_name=self.op_name,
                recommended_core_shapes=self.shapes,
                shape_desc=self.shape_desc,
            )
            print(attri)
            emit_record_logger(attri.to_dict())
            return
    
        self.init_user_config()
        for dtype in self.to_bench_dtypes:
            metrics = []
            input_iter = self.get_input_iter(dtype)
    
            done = False
            while not done:
                try:
                    input = next(input_iter)
                except StopIteration:
                    done = True
                    continue
                except (RuntimeError, Exception) as e:
                    print(
                        f"\033[31mFAILED\033[0m: Operator={self.op_name} "
                        "dtype={dtype} err=<<<{e}>>>"
                    )
                    pytest.fail(str(e))
    
                metric = BenchmarkMetrics()
                try:
                    args, kwargs = self.unpack_to_args_kwargs(input)
                    metric.shape_detail = self.record_shapes(*args, **kwargs)
                    if "latency_base" in self.to_bench_metrics:
>                       metric.latency_base = self.get_latency(
                            self.torch_op, *args, **kwargs
                        )

base.py:440: 
_ _ _ _ _ _ _ _ _ _ _ _ _ _ _ _ _ _ _ _ _ _ _ _ _ _ _ _ _ _ _ _ _ _ _ _ _ _ _ _ 
base.py:318: in get_latency
    latency = do_bench(
/root/miniconda/envs/python310_torch29_cuda/lib/python3.10/site-packages/triton/testing.py:103: in do_bench
    fn()
base.py:288: in <lambda>
    fn = lambda: op(*args, **kwargs)
_ _ _ _ _ _ _ _ _ _ _ _ _ _ _ _ _ _ _ _ _ _ _ _ _ _ _ _ _ _ _ _ _ _ _ _ _ _ _ _ 

input = tensor([[[[[ 1.5595e+00, -3.4542e-02,  1.7458e+00,  ...,  4.3870e-01,
             7.3080e-02,  1.0489e+00],
         ... [ 9.5534e-01, -1.2422e+00,  1.6535e+00,  ..., -3.4526e-01,
            -1.2955e+00,  1.8411e+00]]]]], device='cuda:0')
grid = tensor([[[[[ 0.9000,  0.1320,  0.9000],
           [ 0.9000, -0.0320, -0.0242],
           [ 0.2324,  0.0658,  0.9000]...-0.9000, -0.2536],
           [-0.3565,  0.9000,  0.2915],
           [-0.2291,  0.8346,  0.9000]]]]], device='cuda:0')
mode = 'nearest', padding_mode = 'zeros', align_corners = False

    def grid_sample(
        input: Tensor,
        grid: Tensor,
        mode: str = "bilinear",
        padding_mode: str = "zeros",
        align_corners: Optional[bool] = None,
    ) -> Tensor:
        r"""Compute grid sample.
    
        Given an :attr:`input` and a flow-field :attr:`grid`, computes the
        ``output`` using :attr:`input` values and pixel locations from :attr:`grid`.
    
        Currently, only spatial (4-D) and volumetric (5-D) :attr:`input` are
        supported.
    
        In the spatial (4-D) case, for :attr:`input` with shape
        :math:`(N, C, H_\text{in}, W_\text{in})` and :attr:`grid` with shape
        :math:`(N, H_\text{out}, W_\text{out}, 2)`, the output will have shape
        :math:`(N, C, H_\text{out}, W_\text{out})`.
    
        For each output location ``output[n, :, h, w]``, the size-2 vector
        ``grid[n, h, w]`` specifies :attr:`input` pixel locations ``x`` and ``y``,
        which are used to interpolate the output value ``output[n, :, h, w]``.
        In the case of 5D inputs, ``grid[n, d, h, w]`` specifies the
        ``x``, ``y``, ``z`` pixel locations for interpolating
        ``output[n, :, d, h, w]``. :attr:`mode` argument specifies ``nearest`` or
        ``bilinear`` interpolation method to sample the input pixels.
    
        :attr:`grid` specifies the sampling pixel locations normalized by the
        :attr:`input` spatial dimensions. Therefore, it should have most values in
        the range of ``[-1, 1]``. For example, values ``x = -1, y = -1`` is the
        left-top pixel of :attr:`input`, and values  ``x = 1, y = 1`` is the
        right-bottom pixel of :attr:`input`.
    
        If :attr:`grid` has values outside the range of ``[-1, 1]``, the corresponding
        outputs are handled as defined by :attr:`padding_mode`. Options are
    
            * ``padding_mode="zeros"``: use ``0`` for out-of-bound grid locations,
            * ``padding_mode="border"``: use border values for out-of-bound grid locations,
            * ``padding_mode="reflection"``: use values at locations reflected by
              the border for out-of-bound grid locations. For location far away
              from the border, it will keep being reflected until becoming in bound,
              e.g., (normalized) pixel location ``x = -3.5`` reflects by border ``-1``
              and becomes ``x' = 1.5``, then reflects by border ``1`` and becomes
              ``x'' = -0.5``.
    
        Note:
            This function is often used in conjunction with :func:`affine_grid`
            to build `Spatial Transformer Networks`_ .
    
        Note:
            When using the CUDA backend, this operation may induce nondeterministic
            behaviour in its backward pass that is not easily switched off.
            Please see the notes on :doc:`/notes/randomness` for background.
    
        Note:
            NaN values in :attr:`grid` would be interpreted as ``-1``.
    
        Args:
            input (Tensor): input of shape :math:`(N, C, H_\text{in}, W_\text{in})` (4-D case)
                            or :math:`(N, C, D_\text{in}, H_\text{in}, W_\text{in})` (5-D case)
            grid (Tensor): flow-field of shape :math:`(N, H_\text{out}, W_\text{out}, 2)` (4-D case)
                           or :math:`(N, D_\text{out}, H_\text{out}, W_\text{out}, 3)` (5-D case)
            mode (str): interpolation mode to calculate output values
                ``'bilinear'`` | ``'nearest'`` | ``'bicubic'``. Default: ``'bilinear'``
                Note: ``mode='bicubic'`` supports only 4-D input.
                When ``mode='bilinear'`` and the input is 5-D, the interpolation mode
                used internally will actually be trilinear. However, when the input is 4-D,
                the interpolation mode will legitimately be bilinear.
            padding_mode (str): padding mode for outside grid values
                ``'zeros'`` | ``'border'`` | ``'reflection'``. Default: ``'zeros'``
            align_corners (bool, optional): Geometrically, we consider the pixels of the
                input  as squares rather than points.
                If set to ``True``, the extrema (``-1`` and ``1``) are considered as referring
                to the center points of the input's corner pixels. If set to ``False``, they
                are instead considered as referring to the corner points of the input's corner
                pixels, making the sampling more resolution agnostic.
                This option parallels the ``align_corners`` option in
                :func:`interpolate`, and so whichever option is used here
                should also be used there to resize the input image before grid sampling.
                Default: ``False``
    
        Returns:
            output (Tensor): output Tensor
    
        .. _`Spatial Transformer Networks`:
            https://arxiv.org/abs/1506.02025
    
        .. warning::
            When ``align_corners = True``, the grid positions depend on the pixel
            size relative to the input image size, and so the locations sampled by
            :func:`grid_sample` will differ for the same input given at different
            resolutions (that is, after being upsampled or downsampled).
            The default behavior up to version 1.2.0 was ``align_corners = True``.
            Since then, the default behavior has been changed to ``align_corners = False``,
            in order to bring it in line with the default for :func:`interpolate`.
    
        .. note::
            ``mode='bicubic'`` is implemented using the `cubic convolution algorithm`_ with :math:`\alpha=-0.75`.
            The constant :math:`\alpha` might be different from packages to packages.
            For example, `PIL`_ and `OpenCV`_ use -0.5 and -0.75 respectively.
            This algorithm may "overshoot" the range of values it's interpolating.
            For example, it may produce negative values or values greater than 255 when interpolating input in [0, 255].
            Clamp the results with :func:`torch.clamp` to ensure they are within the valid range.
        .. _`cubic convolution algorithm`: https://en.wikipedia.org/wiki/Bicubic_interpolation
        .. _`PIL`: https://github.com/python-pillow/Pillow/blob/4634eafe3c695a014267eefdce830b4a825beed7/src/libImaging/Resample.c#L51
        .. _`OpenCV`: https://github.com/opencv/opencv/blob/f345ed564a06178670750bad59526cfa4033be55/modules/imgproc/src/resize.cpp#L908
        """
        if has_torch_function_variadic(input, grid):
            return handle_torch_function(
                grid_sample,
                (input, grid),
                input,
                grid,
                mode=mode,
                padding_mode=padding_mode,
                align_corners=align_corners,
            )
        if mode != "bilinear" and mode != "nearest" and mode != "bicubic":
            raise ValueError(
                f"nn.functional.grid_sample(): expected mode to be 'bilinear', 'nearest' or 'bicubic', but got: '{mode}'"
            )
        if (
            padding_mode != "zeros"
            and padding_mode != "border"
            and padding_mode != "reflection"
        ):
            raise ValueError(
                "nn.functional.grid_sample(): expected padding_mode "
                "to be 'zeros', 'border', or 'reflection', "
                f"but got: '{padding_mode}'"
            )
    
        if mode == "bilinear":
            mode_enum = 0
        elif mode == "nearest":
            mode_enum = 1
        else:  # mode == 'bicubic'
            mode_enum = 2
    
        if padding_mode == "zeros":
            padding_mode_enum = 0
        elif padding_mode == "border":
            padding_mode_enum = 1
        else:  # padding_mode == 'reflection'
            padding_mode_enum = 2
    
        if align_corners is None:
            warnings.warn(
                "Default grid_sample and affine_grid behavior has changed "
                "to align_corners=False since 1.3.0. Please specify "
                "align_corners=True if the old behavior is desired. "
                "See the documentation of grid_sample for details."
            )
            align_corners = False
    
>       return torch.grid_sampler(input, grid, mode_enum, padding_mode_enum, align_corners)
E       RuntimeError: [NOT IMPLEMENTED]: error code= 4(at /home/agent/xpytorch/workspace/8ba19c15-fc11-4377-85f3-84daf8eaab09/XMLIR/build/python/torch_xmlir/csrc/aten_codegen/generated/CUDANativeFunctions.cpp:7637)

/root/miniconda/envs/python310_torch29_cuda/lib/python3.10/site-packages/torch/nn/functional.py:5108: RuntimeError

During handling of the above exception, another exception occurred:

dtype = torch.float32

    @pytest.mark.grid_sample
    @pytest.mark.skipif(
        flag_gems.vendor_name == "tsingmicro", reason="Issue #4131: not working"
    )
    @pytest.mark.parametrize("dtype", consts.FLOAT_DTYPES)
    def test_grid_sample(dtype):
        """Benchmark grid_sample forward operation."""
        bench = GridSampleBenchmark(
            op_name="grid_sample",
            torch_op=torch.nn.functional.grid_sample,
            gems_op=flag_gems.grid_sample,
            dtypes=[dtype],
        )
>       bench.run()

test_grid_sample.py:214: 
_ _ _ _ _ _ _ _ _ _ _ _ _ _ _ _ _ _ _ _ _ _ _ _ _ _ _ _ _ _ _ _ _ _ _ _ _ _ _ _ 

self = <benchmark.test_grid_sample.GridSampleBenchmark object at 0x7f8aec233790>

    def run(self):
        if Config.query:
            self.init_default_config()
            attri = OperationAttribute(
                op_name=self.op_name,
                recommended_core_shapes=self.shapes,
                shape_desc=self.shape_desc,
            )
            print(attri)
            emit_record_logger(attri.to_dict())
            return
    
        self.init_user_config()
        for dtype in self.to_bench_dtypes:
            metrics = []
            input_iter = self.get_input_iter(dtype)
    
            done = False
            while not done:
                try:
                    input = next(input_iter)
                except StopIteration:
                    done = True
                    continue
                except (RuntimeError, Exception) as e:
                    print(
                        f"\033[31mFAILED\033[0m: Operator={self.op_name} "
                        "dtype={dtype} err=<<<{e}>>>"
                    )
                    pytest.fail(str(e))
    
                metric = BenchmarkMetrics()
                try:
                    args, kwargs = self.unpack_to_args_kwargs(input)
                    metric.shape_detail = self.record_shapes(*args, **kwargs)
                    if "latency_base" in self.to_bench_metrics:
                        metric.latency_base = self.get_latency(
                            self.torch_op, *args, **kwargs
                        )
                    if "latency" in self.to_bench_metrics:
                        if self.gems_op:
                            metric.latency = self.get_latency(
                                self.gems_op, *args, **kwargs
                            )
                        else:
                            if self.op_name == "zero_":
                                with flag_gems.use_gems():
                                    metric.latency = self.get_latency(
                                        self.torch_op, *args, **kwargs
                                    )
                            else:
                                # exclude flaggems' zero_ to avoid the overhead of zero_
                                # in do_bench's clear_cache
                                with flag_gems.use_gems(exclude=["zero_"]):
                                    metric.latency = self.get_latency(
                                        self.torch_op, *args, **kwargs
                                    )
                    if "speedup" in self.to_bench_metrics:
                        metric.speedup = metric.latency_base / metric.latency
    
                    if "gbps" in self.to_bench_metrics:
                        metric.gbps_base = self.get_gbps(
                            args, latency=metric.latency_base
                        )
                        metric.gbps = self.get_gbps(args, latency=metric.latency)
    
                    if "tflops" in self.to_bench_metrics:
                        metric.tflops = (
                            self.get_tflops(self.torch_op, *args, **kwargs)
                            / metric.latency
                            / 1e12
                            * 1e3
                        )
                        # utilization = metric.tflops / metric.latency / 1e12 * 1e3
                except (RuntimeError, Exception) as e:
                    metric.error_msg = str(e)
>                   pytest.fail(str(e))  # raise exception again
E                   Failed: [NOT IMPLEMENTED]: error code= 4(at /home/agent/xpytorch/workspace/8ba19c15-fc11-4377-85f3-84daf8eaab09/XMLIR/build/python/torch_xmlir/csrc/aten_codegen/generated/CUDANativeFunctions.cpp:7637)

base.py:480: Failed
----------------------------- Captured stdout call -----------------------------
[XDNN_UNIMPLEMENTED][/home/agent/xpytorch/workspace/8ba19c15-fc11-4377-85f3-84daf8eaab09/XMLIR/xdnn_pytorch/src/xdnn_pytorch_wrapper/grid_sampler_3d.cpp:44]
___________________________ test_grid_sample[dtype2] ___________________________

self = <benchmark.test_grid_sample.GridSampleBenchmark object at 0x7f8aec24add0>

    def run(self):
        if Config.query:
            self.init_default_config()
            attri = OperationAttribute(
                op_name=self.op_name,
                recommended_core_shapes=self.shapes,
                shape_desc=self.shape_desc,
            )
            print(attri)
            emit_record_logger(attri.to_dict())
            return
    
        self.init_user_config()
        for dtype in self.to_bench_dtypes:
            metrics = []
            input_iter = self.get_input_iter(dtype)
    
            done = False
            while not done:
                try:
                    input = next(input_iter)
                except StopIteration:
                    done = True
                    continue
                except (RuntimeError, Exception) as e:
                    print(
                        f"\033[31mFAILED\033[0m: Operator={self.op_name} "
                        "dtype={dtype} err=<<<{e}>>>"
                    )
                    pytest.fail(str(e))
    
                metric = BenchmarkMetrics()
                try:
                    args, kwargs = self.unpack_to_args_kwargs(input)
                    metric.shape_detail = self.record_shapes(*args, **kwargs)
                    if "latency_base" in self.to_bench_metrics:
>                       metric.latency_base = self.get_latency(
                            self.torch_op, *args, **kwargs
                        )

base.py:440: 
_ _ _ _ _ _ _ _ _ _ _ _ _ _ _ _ _ _ _ _ _ _ _ _ _ _ _ _ _ _ _ _ _ _ _ _ _ _ _ _ 
base.py:318: in get_latency
    latency = do_bench(
/root/miniconda/envs/python310_torch29_cuda/lib/python3.10/site-packages/triton/testing.py:103: in do_bench
    fn()
base.py:288: in <lambda>
    fn = lambda: op(*args, **kwargs)
_ _ _ _ _ _ _ _ _ _ _ _ _ _ _ _ _ _ _ _ _ _ _ _ _ _ _ _ _ _ _ _ _ _ _ _ _ _ _ _ 

input = tensor([[[[[ 1.3047e+00,  2.4902e-01,  1.0625e+00,  ...,  9.8047e-01,
             8.8672e-01,  1.1016e+00],
         ...8.9844e-01,  ..., -8.2031e-01,
            -2.4902e-01,  2.8125e-01]]]]], device='cuda:0',
       dtype=torch.bfloat16)
grid = tensor([[[[[ 6.3281e-01,  7.3438e-01,  9.9609e-02],
           [-5.8594e-01, -6.4062e-01, -1.4453e-01],
           [ 8...02,  4.8242e-01],
           [-8.1250e-01, -7.9688e-01, -5.8105e-02]]]]], device='cuda:0',
       dtype=torch.bfloat16)
mode = 'nearest', padding_mode = 'zeros', align_corners = False

    def grid_sample(
        input: Tensor,
        grid: Tensor,
        mode: str = "bilinear",
        padding_mode: str = "zeros",
        align_corners: Optional[bool] = None,
    ) -> Tensor:
        r"""Compute grid sample.
    
        Given an :attr:`input` and a flow-field :attr:`grid`, computes the
        ``output`` using :attr:`input` values and pixel locations from :attr:`grid`.
    
        Currently, only spatial (4-D) and volumetric (5-D) :attr:`input` are
        supported.
    
        In the spatial (4-D) case, for :attr:`input` with shape
        :math:`(N, C, H_\text{in}, W_\text{in})` and :attr:`grid` with shape
        :math:`(N, H_\text{out}, W_\text{out}, 2)`, the output will have shape
        :math:`(N, C, H_\text{out}, W_\text{out})`.
    
        For each output location ``output[n, :, h, w]``, the size-2 vector
        ``grid[n, h, w]`` specifies :attr:`input` pixel locations ``x`` and ``y``,
        which are used to interpolate the output value ``output[n, :, h, w]``.
        In the case of 5D inputs, ``grid[n, d, h, w]`` specifies the
        ``x``, ``y``, ``z`` pixel locations for interpolating
        ``output[n, :, d, h, w]``. :attr:`mode` argument specifies ``nearest`` or
        ``bilinear`` interpolation method to sample the input pixels.
    
        :attr:`grid` specifies the sampling pixel locations normalized by the
        :attr:`input` spatial dimensions. Therefore, it should have most values in
        the range of ``[-1, 1]``. For example, values ``x = -1, y = -1`` is the
        left-top pixel of :attr:`input`, and values  ``x = 1, y = 1`` is the
        right-bottom pixel of :attr:`input`.
    
        If :attr:`grid` has values outside the range of ``[-1, 1]``, the corresponding
        outputs are handled as defined by :attr:`padding_mode`. Options are
    
            * ``padding_mode="zeros"``: use ``0`` for out-of-bound grid locations,
            * ``padding_mode="border"``: use border values for out-of-bound grid locations,
            * ``padding_mode="reflection"``: use values at locations reflected by
              the border for out-of-bound grid locations. For location far away
              from the border, it will keep being reflected until becoming in bound,
              e.g., (normalized) pixel location ``x = -3.5`` reflects by border ``-1``
              and becomes ``x' = 1.5``, then reflects by border ``1`` and becomes
              ``x'' = -0.5``.
    
        Note:
            This function is often used in conjunction with :func:`affine_grid`
            to build `Spatial Transformer Networks`_ .
    
        Note:
            When using the CUDA backend, this operation may induce nondeterministic
            behaviour in its backward pass that is not easily switched off.
            Please see the notes on :doc:`/notes/randomness` for background.
    
        Note:
            NaN values in :attr:`grid` would be interpreted as ``-1``.
    
        Args:
            input (Tensor): input of shape :math:`(N, C, H_\text{in}, W_\text{in})` (4-D case)
                            or :math:`(N, C, D_\text{in}, H_\text{in}, W_\text{in})` (5-D case)
            grid (Tensor): flow-field of shape :math:`(N, H_\text{out}, W_\text{out}, 2)` (4-D case)
                           or :math:`(N, D_\text{out}, H_\text{out}, W_\text{out}, 3)` (5-D case)
            mode (str): interpolation mode to calculate output values
                ``'bilinear'`` | ``'nearest'`` | ``'bicubic'``. Default: ``'bilinear'``
                Note: ``mode='bicubic'`` supports only 4-D input.
                When ``mode='bilinear'`` and the input is 5-D, the interpolation mode
                used internally will actually be trilinear. However, when the input is 4-D,
                the interpolation mode will legitimately be bilinear.
            padding_mode (str): padding mode for outside grid values
                ``'zeros'`` | ``'border'`` | ``'reflection'``. Default: ``'zeros'``
            align_corners (bool, optional): Geometrically, we consider the pixels of the
                input  as squares rather than points.
                If set to ``True``, the extrema (``-1`` and ``1``) are considered as referring
                to the center points of the input's corner pixels. If set to ``False``, they
                are instead considered as referring to the corner points of the input's corner
                pixels, making the sampling more resolution agnostic.
                This option parallels the ``align_corners`` option in
                :func:`interpolate`, and so whichever option is used here
                should also be used there to resize the input image before grid sampling.
                Default: ``False``
    
        Returns:
            output (Tensor): output Tensor
    
        .. _`Spatial Transformer Networks`:
            https://arxiv.org/abs/1506.02025
    
        .. warning::
            When ``align_corners = True``, the grid positions depend on the pixel
            size relative to the input image size, and so the locations sampled by
            :func:`grid_sample` will differ for the same input given at different
            resolutions (that is, after being upsampled or downsampled).
            The default behavior up to version 1.2.0 was ``align_corners = True``.
            Since then, the default behavior has been changed to ``align_corners = False``,
            in order to bring it in line with the default for :func:`interpolate`.
    
        .. note::
            ``mode='bicubic'`` is implemented using the `cubic convolution algorithm`_ with :math:`\alpha=-0.75`.
            The constant :math:`\alpha` might be different from packages to packages.
            For example, `PIL`_ and `OpenCV`_ use -0.5 and -0.75 respectively.
            This algorithm may "overshoot" the range of values it's interpolating.
            For example, it may produce negative values or values greater than 255 when interpolating input in [0, 255].
            Clamp the results with :func:`torch.clamp` to ensure they are within the valid range.
        .. _`cubic convolution algorithm`: https://en.wikipedia.org/wiki/Bicubic_interpolation
        .. _`PIL`: https://github.com/python-pillow/Pillow/blob/4634eafe3c695a014267eefdce830b4a825beed7/src/libImaging/Resample.c#L51
        .. _`OpenCV`: https://github.com/opencv/opencv/blob/f345ed564a06178670750bad59526cfa4033be55/modules/imgproc/src/resize.cpp#L908
        """
        if has_torch_function_variadic(input, grid):
            return handle_torch_function(
                grid_sample,
                (input, grid),
                input,
                grid,
                mode=mode,
                padding_mode=padding_mode,
                align_corners=align_corners,
            )
        if mode != "bilinear" and mode != "nearest" and mode != "bicubic":
            raise ValueError(
                f"nn.functional.grid_sample(): expected mode to be 'bilinear', 'nearest' or 'bicubic', but got: '{mode}'"
            )
        if (
            padding_mode != "zeros"
            and padding_mode != "border"
            and padding_mode != "reflection"
        ):
            raise ValueError(
                "nn.functional.grid_sample(): expected padding_mode "
                "to be 'zeros', 'border', or 'reflection', "
                f"but got: '{padding_mode}'"
            )
    
        if mode == "bilinear":
            mode_enum = 0
        elif mode == "nearest":
            mode_enum = 1
        else:  # mode == 'bicubic'
            mode_enum = 2
    
        if padding_mode == "zeros":
            padding_mode_enum = 0
        elif padding_mode == "border":
            padding_mode_enum = 1
        else:  # padding_mode == 'reflection'
            padding_mode_enum = 2
    
        if align_corners is None:
            warnings.warn(
                "Default grid_sample and affine_grid behavior has changed "
                "to align_corners=False since 1.3.0. Please specify "
                "align_corners=True if the old behavior is desired. "
                "See the documentation of grid_sample for details."
            )
            align_corners = False
    
>       return torch.grid_sampler(input, grid, mode_enum, padding_mode_enum, align_corners)
E       RuntimeError: [NOT IMPLEMENTED]: error code= 4(at /home/agent/xpytorch/workspace/8ba19c15-fc11-4377-85f3-84daf8eaab09/XMLIR/build/python/torch_xmlir/csrc/aten_codegen/generated/CUDANativeFunctions.cpp:7637)

/root/miniconda/envs/python310_torch29_cuda/lib/python3.10/site-packages/torch/nn/functional.py:5108: RuntimeError

During handling of the above exception, another exception occurred:

dtype = torch.bfloat16

    @pytest.mark.grid_sample
    @pytest.mark.skipif(
        flag_gems.vendor_name == "tsingmicro", reason="Issue #4131: not working"
    )
    @pytest.mark.parametrize("dtype", consts.FLOAT_DTYPES)
    def test_grid_sample(dtype):
        """Benchmark grid_sample forward operation."""
        bench = GridSampleBenchmark(
            op_name="grid_sample",
            torch_op=torch.nn.functional.grid_sample,
            gems_op=flag_gems.grid_sample,
            dtypes=[dtype],
        )
>       bench.run()

test_grid_sample.py:214: 
_ _ _ _ _ _ _ _ _ _ _ _ _ _ _ _ _ _ _ _ _ _ _ _ _ _ _ _ _ _ _ _ _ _ _ _ _ _ _ _ 

self = <benchmark.test_grid_sample.GridSampleBenchmark object at 0x7f8aec24add0>

    def run(self):
        if Config.query:
            self.init_default_config()
            attri = OperationAttribute(
                op_name=self.op_name,
                recommended_core_shapes=self.shapes,
                shape_desc=self.shape_desc,
            )
            print(attri)
            emit_record_logger(attri.to_dict())
            return
    
        self.init_user_config()
        for dtype in self.to_bench_dtypes:
            metrics = []
            input_iter = self.get_input_iter(dtype)
    
            done = False
            while not done:
                try:
                    input = next(input_iter)
                except StopIteration:
                    done = True
                    continue
                except (RuntimeError, Exception) as e:
                    print(
                        f"\033[31mFAILED\033[0m: Operator={self.op_name} "
                        "dtype={dtype} err=<<<{e}>>>"
                    )
                    pytest.fail(str(e))
    
                metric = BenchmarkMetrics()
                try:
                    args, kwargs = self.unpack_to_args_kwargs(input)
                    metric.shape_detail = self.record_shapes(*args, **kwargs)
                    if "latency_base" in self.to_bench_metrics:
                        metric.latency_base = self.get_latency(
                            self.torch_op, *args, **kwargs
                        )
                    if "latency" in self.to_bench_metrics:
                        if self.gems_op:
                            metric.latency = self.get_latency(
                                self.gems_op, *args, **kwargs
                            )
                        else:
                            if self.op_name == "zero_":
                                with flag_gems.use_gems():
                                    metric.latency = self.get_latency(
                                        self.torch_op, *args, **kwargs
                                    )
                            else:
                                # exclude flaggems' zero_ to avoid the overhead of zero_
                                # in do_bench's clear_cache
                                with flag_gems.use_gems(exclude=["zero_"]):
                                    metric.latency = self.get_latency(
                                        self.torch_op, *args, **kwargs
                                    )
                    if "speedup" in self.to_bench_metrics:
                        metric.speedup = metric.latency_base / metric.latency
    
                    if "gbps" in self.to_bench_metrics:
                        metric.gbps_base = self.get_gbps(
                            args, latency=metric.latency_base
                        )
                        metric.gbps = self.get_gbps(args, latency=metric.latency)
    
                    if "tflops" in self.to_bench_metrics:
                        metric.tflops = (
                            self.get_tflops(self.torch_op, *args, **kwargs)
                            / metric.latency
                            / 1e12
                            * 1e3
                        )
                        # utilization = metric.tflops / metric.latency / 1e12 * 1e3
                except (RuntimeError, Exception) as e:
                    metric.error_msg = str(e)
>                   pytest.fail(str(e))  # raise exception again
E                   Failed: [NOT IMPLEMENTED]: error code= 4(at /home/agent/xpytorch/workspace/8ba19c15-fc11-4377-85f3-84daf8eaab09/XMLIR/build/python/torch_xmlir/csrc/aten_codegen/generated/CUDANativeFunctions.cpp:7637)

base.py:480: Failed
----------------------------- Captured stdout call -----------------------------
[[31mERROR[0m][XDNN_PYTORCH][/home/agent/xpytorch/workspace/8ba19c15-fc11-4377-85f3-84daf8eaab09/XMLIR/xdnn_pytorch/src/xdnn_pytorch_wrapper/grid_sampler_3d.cpp:63]scalar type of input : kbfloat16 is unsupported in xdnn_pytorch_wrapper !

[XDNN_UNIMPLEMENTED][/home/agent/xpytorch/workspace/8ba19c15-fc11-4377-85f3-84daf8eaab09/XMLIR/xdnn_pytorch/src/xdnn_pytorch_wrapper/grid_sampler_3d.cpp:63]
=========================== short test summary info ============================
FAILED test_grid_sample.py::test_grid_sample[dtype0] - Failed: [NOT IMPLEMENT...
FAILED test_grid_sample.py::test_grid_sample[dtype1] - Failed: [NOT IMPLEMENT...
FAILED test_grid_sample.py::test_grid_sample[dtype2] - Failed: [NOT IMPLEMENT...
====================== 3 failed, 948 deselected in 50.33s ======================
