============================= test session starts ==============================
platform linux -- Python 3.10.18, pytest-9.1.1, pluggy-1.6.0
rootdir: /workspace/FlagGems
configfile: pytest.ini
plugins: anyio-4.9.0, typeguard-4.3.0
collected 951 items / 950 deselected / 1 selected

test_roll.py F                                                           [100%]

=================================== FAILURES ===================================
__________________________________ test_roll ___________________________________

self = <benchmark.base.GenericBenchmark object at 0x7fc6a2293760>

    def run(self):
        if Config.query:
            self.init_default_config()
            attri = OperationAttribute(
                op_name=self.op_name,
                recommended_core_shapes=self.shapes,
                shape_desc=self.shape_desc,
            )
            print(attri)
            emit_record_logger(attri.to_dict())
            return
    
        self.init_user_config()
        for dtype in self.to_bench_dtypes:
            metrics = []
            input_iter = self.get_input_iter(dtype)
    
            done = False
            while not done:
                try:
                    input = next(input_iter)
                except StopIteration:
                    done = True
                    continue
                except (RuntimeError, Exception) as e:
                    print(
                        f"\033[31mFAILED\033[0m: Operator={self.op_name} "
                        "dtype={dtype} err=<<<{e}>>>"
                    )
                    pytest.fail(str(e))
    
                metric = BenchmarkMetrics()
                try:
                    args, kwargs = self.unpack_to_args_kwargs(input)
                    metric.shape_detail = self.record_shapes(*args, **kwargs)
                    if "latency_base" in self.to_bench_metrics:
>                       metric.latency_base = self.get_latency(
                            self.torch_op, *args, **kwargs
                        )

base.py:440: 
_ _ _ _ _ _ _ _ _ _ _ _ _ _ _ _ _ _ _ _ _ _ _ _ _ _ _ _ _ _ _ _ _ _ _ _ _ _ _ _ 
base.py:318: in get_latency
    latency = do_bench(
/root/miniconda/envs/python310_torch29_cuda/lib/python3.10/site-packages/triton/testing.py:103: in do_bench
    fn()
_ _ _ _ _ _ _ _ _ _ _ _ _ _ _ _ _ _ _ _ _ _ _ _ _ _ _ _ _ _ _ _ _ _ _ _ _ _ _ _ 

>   fn = lambda: op(*args, **kwargs)
E   RuntimeError: [NOT IMPLEMENTED]: error code= 4(at /home/agent/xpytorch/workspace/8ba19c15-fc11-4377-85f3-84daf8eaab09/XMLIR/build/python/torch_xmlir/csrc/aten_codegen/generated/CUDANativeFunctions.cpp:11675)

base.py:288: RuntimeError

During handling of the above exception, another exception occurred:

    @pytest.mark.roll
    @pytest.mark.skipif(
        flag_gems.vendor_name == "tsingmicro", reason="Issue #4131: not working"
    )
    def test_roll():
        bench = base.GenericBenchmark(
            op_name="roll",
            input_fn=_input_fn,
            torch_op=torch.roll,
            dtypes=consts.FLOAT_DTYPES + consts.INT_DTYPES,
        )
>       bench.run()

test_roll.py:43: 
_ _ _ _ _ _ _ _ _ _ _ _ _ _ _ _ _ _ _ _ _ _ _ _ _ _ _ _ _ _ _ _ _ _ _ _ _ _ _ _ 

self = <benchmark.base.GenericBenchmark object at 0x7fc6a2293760>

    def run(self):
        if Config.query:
            self.init_default_config()
            attri = OperationAttribute(
                op_name=self.op_name,
                recommended_core_shapes=self.shapes,
                shape_desc=self.shape_desc,
            )
            print(attri)
            emit_record_logger(attri.to_dict())
            return
    
        self.init_user_config()
        for dtype in self.to_bench_dtypes:
            metrics = []
            input_iter = self.get_input_iter(dtype)
    
            done = False
            while not done:
                try:
                    input = next(input_iter)
                except StopIteration:
                    done = True
                    continue
                except (RuntimeError, Exception) as e:
                    print(
                        f"\033[31mFAILED\033[0m: Operator={self.op_name} "
                        "dtype={dtype} err=<<<{e}>>>"
                    )
                    pytest.fail(str(e))
    
                metric = BenchmarkMetrics()
                try:
                    args, kwargs = self.unpack_to_args_kwargs(input)
                    metric.shape_detail = self.record_shapes(*args, **kwargs)
                    if "latency_base" in self.to_bench_metrics:
                        metric.latency_base = self.get_latency(
                            self.torch_op, *args, **kwargs
                        )
                    if "latency" in self.to_bench_metrics:
                        if self.gems_op:
                            metric.latency = self.get_latency(
                                self.gems_op, *args, **kwargs
                            )
                        else:
                            if self.op_name == "zero_":
                                with flag_gems.use_gems():
                                    metric.latency = self.get_latency(
                                        self.torch_op, *args, **kwargs
                                    )
                            else:
                                # exclude flaggems' zero_ to avoid the overhead of zero_
                                # in do_bench's clear_cache
                                with flag_gems.use_gems(exclude=["zero_"]):
                                    metric.latency = self.get_latency(
                                        self.torch_op, *args, **kwargs
                                    )
                    if "speedup" in self.to_bench_metrics:
                        metric.speedup = metric.latency_base / metric.latency
    
                    if "gbps" in self.to_bench_metrics:
                        metric.gbps_base = self.get_gbps(
                            args, latency=metric.latency_base
                        )
                        metric.gbps = self.get_gbps(args, latency=metric.latency)
    
                    if "tflops" in self.to_bench_metrics:
                        metric.tflops = (
                            self.get_tflops(self.torch_op, *args, **kwargs)
                            / metric.latency
                            / 1e12
                            * 1e3
                        )
                        # utilization = metric.tflops / metric.latency / 1e12 * 1e3
                except (RuntimeError, Exception) as e:
                    metric.error_msg = str(e)
>                   pytest.fail(str(e))  # raise exception again
E                   Failed: [NOT IMPLEMENTED]: error code= 4(at /home/agent/xpytorch/workspace/8ba19c15-fc11-4377-85f3-84daf8eaab09/XMLIR/build/python/torch_xmlir/csrc/aten_codegen/generated/CUDANativeFunctions.cpp:11675)

base.py:480: Failed
----------------------------- Captured stdout call -----------------------------

Operator: roll  Performance Test (dtype=torch.float16, mode=kernel,level=core)
Status       Torch Latency (ms)    Gems Latency (ms)         Gems Speedup          Size Detail
-----------------------------------------------------------------------------------------------
SUCCESS               0.005678            0.011427               0.497          ([torch.Size([64, 64])], {'shifts': [1, 2], 'dims': [0, 1]})
SUCCESS               0.071546            8.545849               0.008          ([torch.Size([4096, 4096])], {'shifts': [1, 2], 'dims': [0, 1]})
SUCCESS               0.049517            8.561498               0.006          ([torch.Size([64, 512, 512])], {'shifts': [1, 2], 'dims': [0, 1]})


Operator: roll  Performance Test (dtype=torch.float32, mode=kernel,level=core)
Status       Torch Latency (ms)    Gems Latency (ms)         Gems Speedup          Size Detail
-----------------------------------------------------------------------------------------------
SUCCESS               0.005917            0.011430               0.518          ([torch.Size([64, 64])], {'shifts': [1, 2], 'dims': [0, 1]})
SUCCESS               0.121246            8.882949               0.014          ([torch.Size([4096, 4096])], {'shifts': [1, 2], 'dims': [0, 1]})
SUCCESS               0.070772            8.911215               0.008          ([torch.Size([64, 512, 512])], {'shifts': [1, 2], 'dims': [0, 1]})


Operator: roll  Performance Test (dtype=torch.bfloat16, mode=kernel,level=core)
Status       Torch Latency (ms)    Gems Latency (ms)         Gems Speedup          Size Detail
-----------------------------------------------------------------------------------------------
SUCCESS               0.005933            0.011392               0.521          ([torch.Size([64, 64])], {'shifts': [1, 2], 'dims': [0, 1]})
SUCCESS               0.071626            8.549042               0.008          ([torch.Size([4096, 4096])], {'shifts': [1, 2], 'dims': [0, 1]})
SUCCESS               0.049579            8.563757               0.006          ([torch.Size([64, 512, 512])], {'shifts': [1, 2], 'dims': [0, 1]})

[[31mERROR[0m][XDNN_PYTORCH][/home/agent/xpytorch/workspace/8ba19c15-fc11-4377-85f3-84daf8eaab09/XMLIR/xdnn_pytorch/src/xdnn_pytorch_wrapper/roll.cpp:98]scalar type of ret : kint16 is unsupported in xdnn_pytorch_wrapper !

[XDNN_UNIMPLEMENTED][/home/agent/xpytorch/workspace/8ba19c15-fc11-4377-85f3-84daf8eaab09/XMLIR/xdnn_pytorch/src/xdnn_pytorch_wrapper/roll.cpp:98]
=========================== short test summary info ============================
FAILED test_roll.py::test_roll - Failed: [NOT IMPLEMENTED]: error code= 4(at ...
====================== 1 failed, 950 deselected in 22.68s ======================
