============================= test session starts ==============================
platform linux -- Python 3.10.18, pytest-9.1.1, pluggy-1.6.0
rootdir: /workspace/FlagGems
configfile: pytest.ini
plugins: anyio-4.9.0, typeguard-4.3.0
collected 951 items / 950 deselected / 1 selected

test_concat_and_cache_mla.py F                                           [100%]

=================================== FAILURES ===================================
__________________________ test_concat_and_cache_mla ___________________________

shape = (64, 64), dtype = torch.float16, device = 'cuda'

    def input_kwargs(shape, dtype, device):
>       (
            kv_lora_rank,
            qk_rope_head_dim,
            num_tokens,
            block_size,
            num_blocks,
        ) = shape
E       ValueError: not enough values to unpack (expected 5, got 2)

test_concat_and_cache_mla.py:62: ValueError

During handling of the above exception, another exception occurred:

    @pytest.mark.skipif(flag_gems.vendor_name == "hygon", reason="#2885: RuntimeError")
    @pytest.mark.concat_and_cache_mla
    def test_concat_and_cache_mla():
        def input_kwargs(shape, dtype, device):
            (
                kv_lora_rank,
                qk_rope_head_dim,
                num_tokens,
                block_size,
                num_blocks,
            ) = shape
            total_slots = num_blocks * block_size
            slot_mapping_lst = random.sample(range(total_slots), num_tokens)
            slot_mapping = torch.tensor(slot_mapping_lst, dtype=torch.long, device=device)
    
            kv_c = torch.randn(num_tokens, kv_lora_rank, dtype=dtype, device=device)
            k_pe = torch.randn(num_tokens, qk_rope_head_dim, dtype=dtype, device=device)
            entry_size = kv_lora_rank + qk_rope_head_dim
    
            scale = torch.tensor(0.1, dtype=torch.float32, device=device)
    
            kv_cache = torch.zeros(
                num_blocks,
                block_size,
                entry_size,
                dtype=dtype,
                device=device,
            )
    
            yield (
                kv_c,
                k_pe,
                kv_cache,
                slot_mapping,
                {"kv_cache_dtype": "auto", "scale": scale},
            )
    
        bench = ConcatAndCacheMLABenchmark(
            op_name="concat_and_cache_mla",
            input_fn=input_kwargs,
            torch_op=torch_concat_and_cache_mla_ref,
            gems_ops=flag_gems.concat_and_cache_mla,
            dtypes=consts.FLOAT_DTYPES,
        )
>       bench.run()

test_concat_and_cache_mla.py:102: 
_ _ _ _ _ _ _ _ _ _ _ _ _ _ _ _ _ _ _ _ _ _ _ _ _ _ _ _ _ _ _ _ _ _ _ _ _ _ _ _ 

self = <benchmark.test_concat_and_cache_mla.ConcatAndCacheMLABenchmark object at 0x7f6b46037070>

    def run(self):
        if Config.query:
            self.init_default_config()
            attri = OperationAttribute(
                op_name=self.op_name,
                recommended_core_shapes=self.shapes,
                shape_desc=self.shape_desc,
            )
            print(attri)
            emit_record_logger(attri.to_dict())
            return
    
        self.init_user_config()
        for dtype in self.to_bench_dtypes:
            metrics = []
            input_iter = self.get_input_iter(dtype)
    
            done = False
            while not done:
                try:
                    input = next(input_iter)
                except StopIteration:
                    done = True
                    continue
                except (RuntimeError, Exception) as e:
                    print(
                        f"\033[31mFAILED\033[0m: Operator={self.op_name} "
                        "dtype={dtype} err=<<<{e}>>>"
                    )
>                   pytest.fail(str(e))
E                   Failed: not enough values to unpack (expected 5, got 2)

base.py:433: Failed
----------------------------- Captured stdout call -----------------------------
[31mFAILED[0m: Operator=concat_and_cache_mla dtype={dtype} err=<<<{e}>>>
=========================== short test summary info ============================
FAILED test_concat_and_cache_mla.py::test_concat_and_cache_mla - Failed: not ...
====================== 1 failed, 950 deselected in 7.96s =======================
