[CMD] pytest -m "avg_pool3d" --record json --output accuracy_avg_pool3d.json --ref cpu --continue-on-collection-errors -vs
[CWD] /workspace/FlagGems/tests

XCCL /root/miniconda/envs/python310_torch29_cuda/lib/python3.10/site-packages/torch_xmlir/libbkcl.so loaded
[35mSYMBOL_REWRITE [0m[32mtorch success[0m
loc("/workspace/FlagGems/src/flag_gems/ops/avg_pool3d.py":130:71): error: 'arith.addi' op requires the same type for all operands and results
loc("/workspace/FlagGems/src/flag_gems/ops/avg_pool3d.py":130:71): error: 'arith.addi' op requires the same type for all operands and results
loc("/workspace/FlagGems/src/flag_gems/ops/avg_pool3d.py":130:71): error: 'arith.addi' op requires the same type for all operands and results
loc("/workspace/FlagGems/src/flag_gems/ops/avg_pool3d.py":130:71): error: 'arith.addi' op requires the same type for all operands and results
loc("/workspace/FlagGems/src/flag_gems/ops/avg_pool3d.py":130:71): error: 'arith.addi' op requires the same type for all operands and results
loc("/workspace/FlagGems/src/flag_gems/ops/avg_pool3d.py":130:71): error: 'arith.addi' op requires the same type for all operands and results
loc("/workspace/FlagGems/src/flag_gems/ops/avg_pool3d.py":130:71): error: 'arith.addi' op requires the same type for all operands and results
loc("/workspace/FlagGems/src/flag_gems/ops/avg_pool3d.py":130:71): error: 'arith.addi' op requires the same type for all operands and results
loc("/workspace/FlagGems/src/flag_gems/ops/avg_pool3d.py":130:71): error: 'arith.addi' op requires the same type for all operands and results
loc("/workspace/FlagGems/src/flag_gems/ops/avg_pool3d.py":130:71): error: 'arith.addi' op requires the same type for all operands and results
loc("/workspace/FlagGems/src/flag_gems/ops/avg_pool3d.py":130:71): error: 'arith.addi' op requires the same type for all operands and results
loc("/workspace/FlagGems/src/flag_gems/ops/avg_pool3d.py":130:71): error: 'arith.addi' op requires the same type for all operands and results
loc("/workspace/FlagGems/src/flag_gems/ops/avg_pool3d.py":130:71): error: 'arith.addi' op requires the same type for all operands and results
loc("/workspace/FlagGems/src/flag_gems/ops/avg_pool3d.py":130:71): error: 'arith.addi' op requires the same type for all operands and results
loc("/workspace/FlagGems/src/flag_gems/ops/avg_pool3d.py":130:71): error: 'arith.addi' op requires the same type for all operands and results
loc("/workspace/FlagGems/src/flag_gems/ops/avg_pool3d.py":130:71): error: 'arith.addi' op requires the same type for all operands and results
loc("/workspace/FlagGems/src/flag_gems/ops/avg_pool3d.py":130:71): error: 'arith.addi' op requires the same type for all operands and results
loc("/workspace/FlagGems/src/flag_gems/ops/avg_pool3d.py":130:71): error: 'arith.addi' op requires the same type for all operands and results
loc("/workspace/FlagGems/src/flag_gems/ops/avg_pool3d.py":130:71): error: 'arith.addi' op requires the same type for all operands and results
loc("/workspace/FlagGems/src/flag_gems/ops/avg_pool3d.py":130:71): error: 'arith.addi' op requires the same type for all operands and results
loc("/workspace/FlagGems/src/flag_gems/ops/avg_pool3d.py":130:71): error: 'arith.addi' op requires the same type for all operands and results
loc("/workspace/FlagGems/src/flag_gems/ops/avg_pool3d.py":130:71): error: 'arith.addi' op requires the same type for all operands and results
loc("/workspace/FlagGems/src/flag_gems/ops/avg_pool3d.py":130:71): error: 'arith.addi' op requires the same type for all operands and results
loc("/workspace/FlagGems/src/flag_gems/ops/avg_pool3d.py":130:71): error: 'arith.addi' op requires the same type for all operands and results
loc("/workspace/FlagGems/src/flag_gems/ops/avg_pool3d.py":130:71): error: 'arith.addi' op requires the same type for all operands and results
loc("/workspace/FlagGems/src/flag_gems/ops/avg_pool3d.py":130:71): error: 'arith.addi' op requires the same type for all operands and results
loc("/workspace/FlagGems/src/flag_gems/ops/avg_pool3d.py":130:71): error: 'arith.addi' op requires the same type for all operands and results
loc("/workspace/FlagGems/src/flag_gems/ops/avg_pool3d.py":130:71): error: 'arith.addi' op requires the same type for all operands and results
loc("/workspace/FlagGems/src/flag_gems/ops/avg_pool3d.py":130:71): error: 'arith.addi' op requires the same type for all operands and results
loc("/workspace/FlagGems/src/flag_gems/ops/avg_pool3d.py":130:71): error: 'arith.addi' op requires the same type for all operands and results
loc("/workspace/FlagGems/src/flag_gems/ops/avg_pool3d.py":130:71): error: 'arith.addi' op requires the same type for all operands and results
loc("/workspace/FlagGems/src/flag_gems/ops/avg_pool3d.py":130:71): error: 'arith.addi' op requires the same type for all operands and results
loc("/workspace/FlagGems/src/flag_gems/ops/avg_pool3d.py":130:71): error: 'arith.addi' op requires the same type for all operands and results
loc("/workspace/FlagGems/src/flag_gems/ops/avg_pool3d.py":130:71): error: 'arith.addi' op requires the same type for all operands and results
loc("/workspace/FlagGems/src/flag_gems/ops/avg_pool3d.py":130:71): error: 'arith.addi' op requires the same type for all operands and results
loc("/workspace/FlagGems/src/flag_gems/ops/avg_pool3d.py":130:71): error: 'arith.addi' op requires the same type for all operands and results
loc("/workspace/FlagGems/src/flag_gems/ops/avg_pool3d.py":130:71): error: 'arith.addi' op requires the same type for all operands and results
loc("/workspace/FlagGems/src/flag_gems/ops/avg_pool3d.py":130:71): error: 'arith.addi' op requires the same type for all operands and results
loc("/workspace/FlagGems/src/flag_gems/ops/avg_pool3d.py":130:71): error: 'arith.addi' op requires the same type for all operands and results
loc("/workspace/FlagGems/src/flag_gems/ops/avg_pool3d.py":130:71): error: 'arith.addi' op requires the same type for all operands and results
loc("/workspace/FlagGems/src/flag_gems/ops/avg_pool3d.py":130:71): error: 'arith.addi' op requires the same type for all operands and results
loc("/workspace/FlagGems/src/flag_gems/ops/avg_pool3d.py":130:71): error: 'arith.addi' op requires the same type for all operands and results
loc("/workspace/FlagGems/src/flag_gems/ops/avg_pool3d.py":130:71): error: 'arith.addi' op requires the same type for all operands and results
loc("/workspace/FlagGems/src/flag_gems/ops/avg_pool3d.py":130:71): error: 'arith.addi' op requires the same type for all operands and results
loc("/workspace/FlagGems/src/flag_gems/ops/avg_pool3d.py":130:71): error: 'arith.addi' op requires the same type for all operands and results
loc("/workspace/FlagGems/src/flag_gems/ops/avg_pool3d.py":130:71): error: 'arith.addi' op requires the same type for all operands and results
loc("/workspace/FlagGems/src/flag_gems/ops/avg_pool3d.py":130:71): error: 'arith.addi' op requires the same type for all operands and results
loc("/workspace/FlagGems/src/flag_gems/ops/avg_pool3d.py":130:71): error: 'arith.addi' op requires the same type for all operands and results
loc("/workspace/FlagGems/src/flag_gems/ops/avg_pool3d.py":130:71): error: 'arith.addi' op requires the same type for all operands and results
loc("/workspace/FlagGems/src/flag_gems/ops/avg_pool3d.py":130:71): error: 'arith.addi' op requires the same type for all operands and results
loc("/workspace/FlagGems/src/flag_gems/ops/avg_pool3d.py":130:71): error: 'arith.addi' op requires the same type for all operands and results
loc("/workspace/FlagGems/src/flag_gems/ops/avg_pool3d.py":130:71): error: 'arith.addi' op requires the same type for all operands and results
loc("/workspace/FlagGems/src/flag_gems/ops/avg_pool3d.py":130:71): error: 'arith.addi' op requires the same type for all operands and results
loc("/workspace/FlagGems/src/flag_gems/ops/avg_pool3d.py":130:71): error: 'arith.addi' op requires the same type for all operands and results
loc("/workspace/FlagGems/src/flag_gems/ops/avg_pool3d.py":130:71): error: 'arith.addi' op requires the same type for all operands and results
loc("/workspace/FlagGems/src/flag_gems/ops/avg_pool3d.py":130:71): error: 'arith.addi' op requires the same type for all operands and results
loc("/workspace/FlagGems/src/flag_gems/ops/avg_pool3d.py":130:71): error: 'arith.addi' op requires the same type for all operands and results
loc("/workspace/FlagGems/src/flag_gems/ops/avg_pool3d.py":130:71): error: 'arith.addi' op requires the same type for all operands and results
loc("/workspace/FlagGems/src/flag_gems/ops/avg_pool3d.py":130:71): error: 'arith.addi' op requires the same type for all operands and results
loc("/workspace/FlagGems/src/flag_gems/ops/avg_pool3d.py":130:71): error: 'arith.addi' op requires the same type for all operands and results
loc("/workspace/FlagGems/src/flag_gems/ops/avg_pool3d.py":130:71): error: 'arith.addi' op requires the same type for all operands and results
loc("/workspace/FlagGems/src/flag_gems/ops/avg_pool3d.py":130:71): error: 'arith.addi' op requires the same type for all operands and results
loc("/workspace/FlagGems/src/flag_gems/ops/avg_pool3d.py":130:71): error: 'arith.addi' op requires the same type for all operands and results
loc("/workspace/FlagGems/src/flag_gems/ops/avg_pool3d.py":130:71): error: 'arith.addi' op requires the same type for all operands and results
loc("/workspace/FlagGems/src/flag_gems/ops/avg_pool3d.py":130:71): error: 'arith.addi' op requires the same type for all operands and results
loc("/workspace/FlagGems/src/flag_gems/ops/avg_pool3d.py":130:71): error: 'arith.addi' op requires the same type for all operands and results
loc("/workspace/FlagGems/src/flag_gems/ops/avg_pool3d.py":130:71): error: 'arith.addi' op requires the same type for all operands and results
loc("/workspace/FlagGems/src/flag_gems/ops/avg_pool3d.py":130:71): error: 'arith.addi' op requires the same type for all operands and results
loc("/workspace/FlagGems/src/flag_gems/ops/avg_pool3d.py":130:71): error: 'arith.addi' op requires the same type for all operands and results
loc("/workspace/FlagGems/src/flag_gems/ops/avg_pool3d.py":130:71): error: 'arith.addi' op requires the same type for all operands and results
loc("/workspace/FlagGems/src/flag_gems/ops/avg_pool3d.py":130:71): error: 'arith.addi' op requires the same type for all operands and results
loc("/workspace/FlagGems/src/flag_gems/ops/avg_pool3d.py":130:71): error: 'arith.addi' op requires the same type for all operands and results
loc("/workspace/FlagGems/src/flag_gems/ops/avg_pool3d.py":130:71): error: 'arith.addi' op requires the same type for all operands and results
loc("/workspace/FlagGems/src/flag_gems/ops/avg_pool3d.py":130:71): error: 'arith.addi' op requires the same type for all operands and results
loc("/workspace/FlagGems/src/flag_gems/ops/avg_pool3d.py":130:71): error: 'arith.addi' op requires the same type for all operands and results
loc("/workspace/FlagGems/src/flag_gems/ops/avg_pool3d.py":130:71): error: 'arith.addi' op requires the same type for all operands and results
loc("/workspace/FlagGems/src/flag_gems/ops/avg_pool3d.py":130:71): error: 'arith.addi' op requires the same type for all operands and results
loc("/workspace/FlagGems/src/flag_gems/ops/avg_pool3d.py":130:71): error: 'arith.addi' op requires the same type for all operands and results
loc("/workspace/FlagGems/src/flag_gems/ops/avg_pool3d.py":130:71): error: 'arith.addi' op requires the same type for all operands and results
loc("/workspace/FlagGems/src/flag_gems/ops/avg_pool3d.py":130:71): error: 'arith.addi' op requires the same type for all operands and results
loc("/workspace/FlagGems/src/flag_gems/ops/avg_pool3d.py":130:71): error: 'arith.addi' op requires the same type for all operands and results
loc("/workspace/FlagGems/src/flag_gems/ops/avg_pool3d.py":130:71): error: 'arith.addi' op requires the same type for all operands and results
loc("/workspace/FlagGems/src/flag_gems/ops/avg_pool3d.py":130:71): error: 'arith.addi' op requires the same type for all operands and results
loc("/workspace/FlagGems/src/flag_gems/ops/avg_pool3d.py":130:71): error: 'arith.addi' op requires the same type for all operands and results
loc("/workspace/FlagGems/src/flag_gems/ops/avg_pool3d.py":130:71): error: 'arith.addi' op requires the same type for all operands and results
loc("/workspace/FlagGems/src/flag_gems/ops/avg_pool3d.py":130:71): error: 'arith.addi' op requires the same type for all operands and results
loc("/workspace/FlagGems/src/flag_gems/ops/avg_pool3d.py":130:71): error: 'arith.addi' op requires the same type for all operands and results
loc("/workspace/FlagGems/src/flag_gems/ops/avg_pool3d.py":130:71): error: 'arith.addi' op requires the same type for all operands and results
loc("/workspace/FlagGems/src/flag_gems/ops/avg_pool3d.py":130:71): error: 'arith.addi' op requires the same type for all operands and results
loc("/workspace/FlagGems/src/flag_gems/ops/avg_pool3d.py":130:71): error: 'arith.addi' op requires the same type for all operands and results
loc("/workspace/FlagGems/src/flag_gems/ops/avg_pool3d.py":130:71): error: 'arith.addi' op requires the same type for all operands and results
loc("/workspace/FlagGems/src/flag_gems/ops/avg_pool3d.py":130:71): error: 'arith.addi' op requires the same type for all operands and results
loc("/workspace/FlagGems/src/flag_gems/ops/avg_pool3d.py":130:71): error: 'arith.addi' op requires the same type for all operands and results
loc("/workspace/FlagGems/src/flag_gems/ops/avg_pool3d.py":130:71): error: 'arith.addi' op requires the same type for all operands and results
loc("/workspace/FlagGems/src/flag_gems/ops/avg_pool3d.py":130:71): error: 'arith.addi' op requires the same type for all operands and results
loc("/workspace/FlagGems/src/flag_gems/ops/avg_pool3d.py":130:71): error: 'arith.addi' op requires the same type for all operands and results
loc("/workspace/FlagGems/src/flag_gems/ops/avg_pool3d.py":130:71): error: 'arith.addi' op requires the same type for all operands and results
loc("/workspace/FlagGems/src/flag_gems/ops/avg_pool3d.py":130:71): error: 'arith.addi' op requires the same type for all operands and results
loc("/workspace/FlagGems/src/flag_gems/ops/avg_pool3d.py":130:71): error: 'arith.addi' op requires the same type for all operands and results
loc("/workspace/FlagGems/src/flag_gems/ops/avg_pool3d.py":130:71): error: 'arith.addi' op requires the same type for all operands and results
loc("/workspace/FlagGems/src/flag_gems/ops/avg_pool3d.py":130:71): error: 'arith.addi' op requires the same type for all operands and results
loc("/workspace/FlagGems/src/flag_gems/ops/avg_pool3d.py":130:71): error: 'arith.addi' op requires the same type for all operands and results
loc("/workspace/FlagGems/src/flag_gems/ops/avg_pool3d.py":130:71): error: 'arith.addi' op requires the same type for all operands and results
loc("/workspace/FlagGems/src/flag_gems/ops/avg_pool3d.py":130:71): error: 'arith.addi' op requires the same type for all operands and results
loc("/workspace/FlagGems/src/flag_gems/ops/avg_pool3d.py":130:71): error: 'arith.addi' op requires the same type for all operands and results
loc("/workspace/FlagGems/src/flag_gems/ops/avg_pool3d.py":130:71): error: 'arith.addi' op requires the same type for all operands and results
loc("/workspace/FlagGems/src/flag_gems/ops/avg_pool3d.py":130:71): error: 'arith.addi' op requires the same type for all operands and results
loc("/workspace/FlagGems/src/flag_gems/ops/avg_pool3d.py":130:71): error: 'arith.addi' op requires the same type for all operands and results
loc("/workspace/FlagGems/src/flag_gems/ops/avg_pool3d.py":130:71): error: 'arith.addi' op requires the same type for all operands and results
loc("/workspace/FlagGems/src/flag_gems/ops/avg_pool3d.py":130:71): error: 'arith.addi' op requires the same type for all operands and results
loc("/workspace/FlagGems/src/flag_gems/ops/avg_pool3d.py":130:71): error: 'arith.addi' op requires the same type for all operands and results
loc("/workspace/FlagGems/src/flag_gems/ops/avg_pool3d.py":130:71): error: 'arith.addi' op requires the same type for all operands and results
loc("/workspace/FlagGems/src/flag_gems/ops/avg_pool3d.py":130:71): error: 'arith.addi' op requires the same type for all operands and results
loc("/workspace/FlagGems/src/flag_gems/ops/avg_pool3d.py":130:71): error: 'arith.addi' op requires the same type for all operands and results
loc("/workspace/FlagGems/src/flag_gems/ops/avg_pool3d.py":130:71): error: 'arith.addi' op requires the same type for all operands and results
loc("/workspace/FlagGems/src/flag_gems/ops/avg_pool3d.py":130:71): error: 'arith.addi' op requires the same type for all operands and results
loc("/workspace/FlagGems/src/flag_gems/ops/avg_pool3d.py":130:71): error: 'arith.addi' op requires the same type for all operands and results
loc("/workspace/FlagGems/src/flag_gems/ops/avg_pool3d.py":130:71): error: 'arith.addi' op requires the same type for all operands and results
loc("/workspace/FlagGems/src/flag_gems/ops/avg_pool3d.py":130:71): error: 'arith.addi' op requires the same type for all operands and results
loc("/workspace/FlagGems/src/flag_gems/ops/avg_pool3d.py":130:71): error: 'arith.addi' op requires the same type for all operands and results
loc("/workspace/FlagGems/src/flag_gems/ops/avg_pool3d.py":130:71): error: 'arith.addi' op requires the same type for all operands and results
loc("/workspace/FlagGems/src/flag_gems/ops/avg_pool3d.py":130:71): error: 'arith.addi' op requires the same type for all operands and results
loc("/workspace/FlagGems/src/flag_gems/ops/avg_pool3d.py":130:71): error: 'arith.addi' op requires the same type for all operands and results
loc("/workspace/FlagGems/src/flag_gems/ops/avg_pool3d.py":130:71): error: 'arith.addi' op requires the same type for all operands and results
loc("/workspace/FlagGems/src/flag_gems/ops/avg_pool3d.py":130:71): error: 'arith.addi' op requires the same type for all operands and results
loc("/workspace/FlagGems/src/flag_gems/ops/avg_pool3d.py":130:71): error: 'arith.addi' op requires the same type for all operands and results
loc("/workspace/FlagGems/src/flag_gems/ops/avg_pool3d.py":130:71): error: 'arith.addi' op requires the same type for all operands and results
loc("/workspace/FlagGems/src/flag_gems/ops/avg_pool3d.py":130:71): error: 'arith.addi' op requires the same type for all operands and results
loc("/workspace/FlagGems/src/flag_gems/ops/avg_pool3d.py":130:71): error: 'arith.addi' op requires the same type for all operands and results
loc("/workspace/FlagGems/src/flag_gems/ops/avg_pool3d.py":130:71): error: 'arith.addi' op requires the same type for all operands and results
loc("/workspace/FlagGems/src/flag_gems/ops/avg_pool3d.py":130:71): error: 'arith.addi' op requires the same type for all operands and results
loc("/workspace/FlagGems/src/flag_gems/ops/avg_pool3d.py":130:71): error: 'arith.addi' op requires the same type for all operands and results
loc("/workspace/FlagGems/src/flag_gems/ops/avg_pool3d.py":130:71): error: 'arith.addi' op requires the same type for all operands and results
loc("/workspace/FlagGems/src/flag_gems/ops/avg_pool3d.py":130:71): error: 'arith.addi' op requires the same type for all operands and results
loc("/workspace/FlagGems/src/flag_gems/ops/avg_pool3d.py":130:71): error: 'arith.addi' op requires the same type for all operands and results
loc("/workspace/FlagGems/src/flag_gems/ops/avg_pool3d.py":130:71): error: 'arith.addi' op requires the same type for all operands and results
loc("/workspace/FlagGems/src/flag_gems/ops/avg_pool3d.py":130:71): error: 'arith.addi' op requires the same type for all operands and results
loc("/workspace/FlagGems/src/flag_gems/ops/avg_pool3d.py":130:71): error: 'arith.addi' op requires the same type for all operands and results
loc("/workspace/FlagGems/src/flag_gems/ops/avg_pool3d.py":130:71): error: 'arith.addi' op requires the same type for all operands and results
loc("/workspace/FlagGems/src/flag_gems/ops/avg_pool3d.py":130:71): error: 'arith.addi' op requires the same type for all operands and results
loc("/workspace/FlagGems/src/flag_gems/ops/avg_pool3d.py":130:71): error: 'arith.addi' op requires the same type for all operands and results
loc("/workspace/FlagGems/src/flag_gems/ops/avg_pool3d.py":130:71): error: 'arith.addi' op requires the same type for all operands and results
loc("/workspace/FlagGems/src/flag_gems/ops/avg_pool3d.py":130:71): error: 'arith.addi' op requires the same type for all operands and results
loc("/workspace/FlagGems/src/flag_gems/ops/avg_pool3d.py":130:71): error: 'arith.addi' op requires the same type for all operands and results
loc("/workspace/FlagGems/src/flag_gems/ops/avg_pool3d.py":130:71): error: 'arith.addi' op requires the same type for all operands and results
loc("/workspace/FlagGems/src/flag_gems/ops/avg_pool3d.py":130:71): error: 'arith.addi' op requires the same type for all operands and results
loc("/workspace/FlagGems/src/flag_gems/ops/avg_pool3d.py":130:71): error: 'arith.addi' op requires the same type for all operands and results
loc("/workspace/FlagGems/src/flag_gems/ops/avg_pool3d.py":130:71): error: 'arith.addi' op requires the same type for all operands and results
loc("/workspace/FlagGems/src/flag_gems/ops/avg_pool3d.py":130:71): error: 'arith.addi' op requires the same type for all operands and results
loc("/workspace/FlagGems/src/flag_gems/ops/avg_pool3d.py":130:71): error: 'arith.addi' op requires the same type for all operands and results
loc("/workspace/FlagGems/src/flag_gems/ops/avg_pool3d.py":130:71): error: 'arith.addi' op requires the same type for all operands and results
loc("/workspace/FlagGems/src/flag_gems/ops/avg_pool3d.py":130:71): error: 'arith.addi' op requires the same type for all operands and results
loc("/workspace/FlagGems/src/flag_gems/ops/avg_pool3d.py":130:71): error: 'arith.addi' op requires the same type for all operands and results
loc("/workspace/FlagGems/src/flag_gems/ops/avg_pool3d.py":130:71): error: 'arith.addi' op requires the same type for all operands and results
loc("/workspace/FlagGems/src/flag_gems/ops/avg_pool3d.py":130:71): error: 'arith.addi' op requires the same type for all operands and results
loc("/workspace/FlagGems/src/flag_gems/ops/avg_pool3d.py":130:71): error: 'arith.addi' op requires the same type for all operands and results
loc("/workspace/FlagGems/src/flag_gems/ops/avg_pool3d.py":130:71): error: 'arith.addi' op requires the same type for all operands and results
loc("/workspace/FlagGems/src/flag_gems/ops/avg_pool3d.py":130:71): error: 'arith.addi' op requires the same type for all operands and results
loc("/workspace/FlagGems/src/flag_gems/ops/avg_pool3d.py":130:71): error: 'arith.addi' op requires the same type for all operands and results
loc("/workspace/FlagGems/src/flag_gems/ops/avg_pool3d.py":130:71): error: 'arith.addi' op requires the same type for all operands and results
loc("/workspace/FlagGems/src/flag_gems/ops/avg_pool3d.py":130:71): error: 'arith.addi' op requires the same type for all operands and results
loc("/workspace/FlagGems/src/flag_gems/ops/avg_pool3d.py":130:71): error: 'arith.addi' op requires the same type for all operands and results
loc("/workspace/FlagGems/src/flag_gems/ops/avg_pool3d.py":130:71): error: 'arith.addi' op requires the same type for all operands and results
loc("/workspace/FlagGems/src/flag_gems/ops/avg_pool3d.py":130:71): error: 'arith.addi' op requires the same type for all operands and results
loc("/workspace/FlagGems/src/flag_gems/ops/avg_pool3d.py":130:71): error: 'arith.addi' op requires the same type for all operands and results
loc("/workspace/FlagGems/src/flag_gems/ops/avg_pool3d.py":130:71): error: 'arith.addi' op requires the same type for all operands and results
loc("/workspace/FlagGems/src/flag_gems/ops/avg_pool3d.py":130:71): error: 'arith.addi' op requires the same type for all operands and results
loc("/workspace/FlagGems/src/flag_gems/ops/avg_pool3d.py":130:71): error: 'arith.addi' op requires the same type for all operands and results
loc("/workspace/FlagGems/src/flag_gems/ops/avg_pool3d.py":130:71): error: 'arith.addi' op requires the same type for all operands and results
loc("/workspace/FlagGems/src/flag_gems/ops/avg_pool3d.py":130:71): error: 'arith.addi' op requires the same type for all operands and results
loc("/workspace/FlagGems/src/flag_gems/ops/avg_pool3d.py":130:71): error: 'arith.addi' op requires the same type for all operands and results
loc("/workspace/FlagGems/src/flag_gems/ops/avg_pool3d.py":130:71): error: 'arith.addi' op requires the same type for all operands and results
loc("/workspace/FlagGems/src/flag_gems/ops/avg_pool3d.py":130:71): error: 'arith.addi' op requires the same type for all operands and results
loc("/workspace/FlagGems/src/flag_gems/ops/avg_pool3d.py":130:71): error: 'arith.addi' op requires the same type for all operands and results
loc("/workspace/FlagGems/src/flag_gems/ops/avg_pool3d.py":130:71): error: 'arith.addi' op requires the same type for all operands and results
loc("/workspace/FlagGems/src/flag_gems/ops/avg_pool3d.py":130:71): error: 'arith.addi' op requires the same type for all operands and results
loc("/workspace/FlagGems/src/flag_gems/ops/avg_pool3d.py":130:71): error: 'arith.addi' op requires the same type for all operands and results
loc("/workspace/FlagGems/src/flag_gems/ops/avg_pool3d.py":130:71): error: 'arith.addi' op requires the same type for all operands and results
loc("/workspace/FlagGems/src/flag_gems/ops/avg_pool3d.py":130:71): error: 'arith.addi' op requires the same type for all operands and results
loc("/workspace/FlagGems/src/flag_gems/ops/avg_pool3d.py":130:71): error: 'arith.addi' op requires the same type for all operands and results
loc("/workspace/FlagGems/src/flag_gems/ops/avg_pool3d.py":130:71): error: 'arith.addi' op requires the same type for all operands and results
loc("/workspace/FlagGems/src/flag_gems/ops/avg_pool3d.py":130:71): error: 'arith.addi' op requires the same type for all operands and results
loc("/workspace/FlagGems/src/flag_gems/ops/avg_pool3d.py":130:71): error: 'arith.addi' op requires the same type for all operands and results
loc("/workspace/FlagGems/src/flag_gems/ops/avg_pool3d.py":130:71): error: 'arith.addi' op requires the same type for all operands and results
loc("/workspace/FlagGems/src/flag_gems/ops/avg_pool3d.py":130:71): error: 'arith.addi' op requires the same type for all operands and results
loc("/workspace/FlagGems/src/flag_gems/ops/avg_pool3d.py":130:71): error: 'arith.addi' op requires the same type for all operands and results
loc("/workspace/FlagGems/src/flag_gems/ops/avg_pool3d.py":130:71): error: 'arith.addi' op requires the same type for all operands and results
loc("/workspace/FlagGems/src/flag_gems/ops/avg_pool3d.py":130:71): error: 'arith.addi' op requires the same type for all operands and results
loc("/workspace/FlagGems/src/flag_gems/ops/avg_pool3d.py":130:71): error: 'arith.addi' op requires the same type for all operands and results
loc("/workspace/FlagGems/src/flag_gems/ops/avg_pool3d.py":130:71): error: 'arith.addi' op requires the same type for all operands and results
loc("/workspace/FlagGems/src/flag_gems/ops/avg_pool3d.py":130:71): error: 'arith.addi' op requires the same type for all operands and results
loc("/workspace/FlagGems/src/flag_gems/ops/avg_pool3d.py":130:71): error: 'arith.addi' op requires the same type for all operands and results
loc("/workspace/FlagGems/src/flag_gems/ops/avg_pool3d.py":130:71): error: 'arith.addi' op requires the same type for all operands and results
loc("/workspace/FlagGems/src/flag_gems/ops/avg_pool3d.py":130:71): error: 'arith.addi' op requires the same type for all operands and results
loc("/workspace/FlagGems/src/flag_gems/ops/avg_pool3d.py":130:71): error: 'arith.addi' op requires the same type for all operands and results
loc("/workspace/FlagGems/src/flag_gems/ops/avg_pool3d.py":130:71): error: 'arith.addi' op requires the same type for all operands and results
loc("/workspace/FlagGems/src/flag_gems/ops/avg_pool3d.py":130:71): error: 'arith.addi' op requires the same type for all operands and results
loc("/workspace/FlagGems/src/flag_gems/ops/avg_pool3d.py":130:71): error: 'arith.addi' op requires the same type for all operands and results
loc("/workspace/FlagGems/src/flag_gems/ops/avg_pool3d.py":130:71): error: 'arith.addi' op requires the same type for all operands and results
loc("/workspace/FlagGems/src/flag_gems/ops/avg_pool3d.py":130:71): error: 'arith.addi' op requires the same type for all operands and results
loc("/workspace/FlagGems/src/flag_gems/ops/avg_pool3d.py":130:71): error: 'arith.addi' op requires the same type for all operands and results
loc("/workspace/FlagGems/src/flag_gems/ops/avg_pool3d.py":130:71): error: 'arith.addi' op requires the same type for all operands and results
loc("/workspace/FlagGems/src/flag_gems/ops/avg_pool3d.py":130:71): error: 'arith.addi' op requires the same type for all operands and results
loc("/workspace/FlagGems/src/flag_gems/ops/avg_pool3d.py":130:71): error: 'arith.addi' op requires the same type for all operands and results
loc("/workspace/FlagGems/src/flag_gems/ops/avg_pool3d.py":130:71): error: 'arith.addi' op requires the same type for all operands and results
loc("/workspace/FlagGems/src/flag_gems/ops/avg_pool3d.py":130:71): error: 'arith.addi' op requires the same type for all operands and results
loc("/workspace/FlagGems/src/flag_gems/ops/avg_pool3d.py":130:71): error: 'arith.addi' op requires the same type for all operands and results
loc("/workspace/FlagGems/src/flag_gems/ops/avg_pool3d.py":130:71): error: 'arith.addi' op requires the same type for all operands and results
loc("/workspace/FlagGems/src/flag_gems/ops/avg_pool3d.py":130:71): error: 'arith.addi' op requires the same type for all operands and results
loc("/workspace/FlagGems/src/flag_gems/ops/avg_pool3d.py":130:71): error: 'arith.addi' op requires the same type for all operands and results
loc("/workspace/FlagGems/src/flag_gems/ops/avg_pool3d.py":130:71): error: 'arith.addi' op requires the same type for all operands and results
loc("/workspace/FlagGems/src/flag_gems/ops/avg_pool3d.py":130:71): error: 'arith.addi' op requires the same type for all operands and results
loc("/workspace/FlagGems/src/flag_gems/ops/avg_pool3d.py":130:71): error: 'arith.addi' op requires the same type for all operands and results
loc("/workspace/FlagGems/src/flag_gems/ops/avg_pool3d.py":130:71): error: 'arith.addi' op requires the same type for all operands and results
loc("/workspace/FlagGems/src/flag_gems/ops/avg_pool3d.py":130:71): error: 'arith.addi' op requires the same type for all operands and results
loc("/workspace/FlagGems/src/flag_gems/ops/avg_pool3d.py":130:71): error: 'arith.addi' op requires the same type for all operands and results
loc("/workspace/FlagGems/src/flag_gems/ops/avg_pool3d.py":130:71): error: 'arith.addi' op requires the same type for all operands and results
loc("/workspace/FlagGems/src/flag_gems/ops/avg_pool3d.py":130:71): error: 'arith.addi' op requires the same type for all operands and results
loc("/workspace/FlagGems/src/flag_gems/ops/avg_pool3d.py":130:71): error: 'arith.addi' op requires the same type for all operands and results
