============================= test session starts ==============================
platform linux -- Python 3.10.18, pytest-9.1.1, pluggy-1.6.0
rootdir: /workspace/FlagGems
configfile: pytest.ini
plugins: anyio-4.9.0, typeguard-4.3.0
collected 951 items / 950 deselected / 1 selected

test_sparse_mla_fwd_interface.py F                                       [100%]

=================================== FAILURES ===================================
________________________ test_sparse_mla_fwd_interface _________________________

self = <benchmark.test_sparse_mla_fwd_interface.SparseMlaFwdBenchmark object at 0x7f9456e070d0>

    def run(self):
        if Config.query:
            self.init_default_config()
            attri = OperationAttribute(
                op_name=self.op_name,
                recommended_core_shapes=self.shapes,
                shape_desc=self.shape_desc,
            )
            print(attri)
            emit_record_logger(attri.to_dict())
            return
    
        self.init_user_config()
        for dtype in self.to_bench_dtypes:
            metrics = []
            input_iter = self.get_input_iter(dtype)
    
            done = False
            while not done:
                try:
                    input = next(input_iter)
                except StopIteration:
                    done = True
                    continue
                except (RuntimeError, Exception) as e:
                    print(
                        f"\033[31mFAILED\033[0m: Operator={self.op_name} "
                        "dtype={dtype} err=<<<{e}>>>"
                    )
                    pytest.fail(str(e))
    
                metric = BenchmarkMetrics()
                try:
                    args, kwargs = self.unpack_to_args_kwargs(input)
                    metric.shape_detail = self.record_shapes(*args, **kwargs)
                    if "latency_base" in self.to_bench_metrics:
>                       metric.latency_base = self.get_latency(
                            self.torch_op, *args, **kwargs
                        )

base.py:440: 
_ _ _ _ _ _ _ _ _ _ _ _ _ _ _ _ _ _ _ _ _ _ _ _ _ _ _ _ _ _ _ _ _ _ _ _ _ _ _ _ 
base.py:318: in get_latency
    latency = do_bench(
/root/miniconda/envs/python310_torch29_cuda/lib/python3.10/site-packages/triton/testing.py:103: in do_bench
    fn()
base.py:288: in <lambda>
    fn = lambda: op(*args, **kwargs)
../src/flag_gems/fused/DSA/sparse_mla.py:375: in triton_sparse_mla_fwd_interface
    triton_sparse_mla_fwd[grid](*kernel_args)
/root/miniconda/envs/python310_torch29_cuda/lib/python3.10/site-packages/triton/runtime/jit.py:364: in <lambda>
    return lambda *args, **kwargs: self.run(grid=grid, warmup=False, *args, **kwargs)
/root/miniconda/envs/python310_torch29_cuda/lib/python3.10/site-packages/triton/runtime/autotuner.py:171: in run
    timings = {config: self._bench(*args, config=config, **kwargs) for config in pruned_configs}
/root/miniconda/envs/python310_torch29_cuda/lib/python3.10/site-packages/triton/runtime/autotuner.py:171: in <dictcomp>
    timings = {config: self._bench(*args, config=config, **kwargs) for config in pruned_configs}
/root/miniconda/envs/python310_torch29_cuda/lib/python3.10/site-packages/triton/runtime/autotuner.py:145: in _bench
    return do_bench(kernel_call, warmup=self.num_warmups, rep=self.num_reps, quantiles=(0.5, 0.2, 0.8))
/root/miniconda/envs/python310_torch29_cuda/lib/python3.10/site-packages/triton/testing.py:103: in do_bench
    fn()
/root/miniconda/envs/python310_torch29_cuda/lib/python3.10/site-packages/triton/runtime/autotuner.py:126: in kernel_call
    self.fn.run(
/root/miniconda/envs/python310_torch29_cuda/lib/python3.10/site-packages/triton/runtime/jit.py:795: in run
    kernel = self.default_run(*args, **kwargs)
/root/miniconda/envs/python310_torch29_cuda/lib/python3.10/site-packages/triton/runtime/jit.py:686: in default_run
    kernel = self.compile(
/root/miniconda/envs/python310_torch29_cuda/lib/python3.10/site-packages/triton/compiler/compiler.py:285: in compile
    module = src.make_ir(options, codegen_fns, context)
_ _ _ _ _ _ _ _ _ _ _ _ _ _ _ _ _ _ _ _ _ _ _ _ _ _ _ _ _ _ _ _ _ _ _ _ _ _ _ _ 

self = <triton.compiler.compiler.ASTSource object at 0x7f9457f75810>
options = XPUOptions(arch=3, grid=(1, 64, 2), debug=None, cluster_num=12, core_num=64, buffer_size_limit=512, groups_per_cluster...owed_dot_input_precisions=('ieee', 'tf32'), exp_range=':0', num_warps=8, num_ctas=1, num_stages=2, use_int4_w4a8=False)
codegen_fns = {}
context = <triton._C.libtriton.ir.context object at 0x7f9456d08a70>

    def make_ir(self, options, codegen_fns, context):
>       return ast_to_ttir(self.fn, self, context=context, options=options, codegen_fns=codegen_fns)
E       triton.compiler.errors.CompilationError: at 85:8:
E           # max_col = max(0, i_sq + SKV - SQ) if is_causal else SKV-1
E           max_col = i_sq if is_causal else SQ - 1
E       
E           NK = tl.cdiv(K, BK)
E           for ck in range(NK):
E               t_ptr = (BK * ck + offs_t) * stride_tt
E               t_msk = t_ptr < K
E               t_ptr += t_base
E               kv_ids = tl.load(t_ptr, t_msk, other=-1)
E               mask_ids = (kv_ids <= max_col) & (kv_ids >= 0)
E       
E               if tl.max(mask_ids, axis=0) > 0:
E               ^
E       AssertionError('initial value for `qk` is of type <[64, 32], fp16>, but the then block redefines it as <[64, 32], fp32>')

/root/miniconda/envs/python310_torch29_cuda/lib/python3.10/site-packages/triton/compiler/compiler.py:122: CompilationError

During handling of the above exception, another exception occurred:

    @pytest.mark.sparse_mla_fwd_interface
    @pytest.mark.skipif(
        flag_gems.vendor_name == "tsingmicro", reason="Issue #4131: not working"
    )
    def test_sparse_mla_fwd_interface():
        bench = SparseMlaFwdBenchmark(
            op_name="sparse_mla_fwd_interface",
            torch_op=triton_sparse_mla_fwd_interface,
            input_fn=sparse_mla_input_fn,
            dtypes=[torch.bfloat16],
        )
>       bench.run()

test_sparse_mla_fwd_interface.py:105: 
_ _ _ _ _ _ _ _ _ _ _ _ _ _ _ _ _ _ _ _ _ _ _ _ _ _ _ _ _ _ _ _ _ _ _ _ _ _ _ _ 

self = <benchmark.test_sparse_mla_fwd_interface.SparseMlaFwdBenchmark object at 0x7f9456e070d0>

    def run(self):
        if Config.query:
            self.init_default_config()
            attri = OperationAttribute(
                op_name=self.op_name,
                recommended_core_shapes=self.shapes,
                shape_desc=self.shape_desc,
            )
            print(attri)
            emit_record_logger(attri.to_dict())
            return
    
        self.init_user_config()
        for dtype in self.to_bench_dtypes:
            metrics = []
            input_iter = self.get_input_iter(dtype)
    
            done = False
            while not done:
                try:
                    input = next(input_iter)
                except StopIteration:
                    done = True
                    continue
                except (RuntimeError, Exception) as e:
                    print(
                        f"\033[31mFAILED\033[0m: Operator={self.op_name} "
                        "dtype={dtype} err=<<<{e}>>>"
                    )
                    pytest.fail(str(e))
    
                metric = BenchmarkMetrics()
                try:
                    args, kwargs = self.unpack_to_args_kwargs(input)
                    metric.shape_detail = self.record_shapes(*args, **kwargs)
                    if "latency_base" in self.to_bench_metrics:
                        metric.latency_base = self.get_latency(
                            self.torch_op, *args, **kwargs
                        )
                    if "latency" in self.to_bench_metrics:
                        if self.gems_op:
                            metric.latency = self.get_latency(
                                self.gems_op, *args, **kwargs
                            )
                        else:
                            if self.op_name == "zero_":
                                with flag_gems.use_gems():
                                    metric.latency = self.get_latency(
                                        self.torch_op, *args, **kwargs
                                    )
                            else:
                                # exclude flaggems' zero_ to avoid the overhead of zero_
                                # in do_bench's clear_cache
                                with flag_gems.use_gems(exclude=["zero_"]):
                                    metric.latency = self.get_latency(
                                        self.torch_op, *args, **kwargs
                                    )
                    if "speedup" in self.to_bench_metrics:
                        metric.speedup = metric.latency_base / metric.latency
    
                    if "gbps" in self.to_bench_metrics:
                        metric.gbps_base = self.get_gbps(
                            args, latency=metric.latency_base
                        )
                        metric.gbps = self.get_gbps(args, latency=metric.latency)
    
                    if "tflops" in self.to_bench_metrics:
                        metric.tflops = (
                            self.get_tflops(self.torch_op, *args, **kwargs)
                            / metric.latency
                            / 1e12
                            * 1e3
                        )
                        # utilization = metric.tflops / metric.latency / 1e12 * 1e3
                except (RuntimeError, Exception) as e:
                    metric.error_msg = str(e)
>                   pytest.fail(str(e))  # raise exception again
E                   Failed: at 85:8:
E                       # max_col = max(0, i_sq + SKV - SQ) if is_causal else SKV-1
E                       max_col = i_sq if is_causal else SQ - 1
E                   
E                       NK = tl.cdiv(K, BK)
E                       for ck in range(NK):
E                           t_ptr = (BK * ck + offs_t) * stride_tt
E                           t_msk = t_ptr < K
E                           t_ptr += t_base
E                           kv_ids = tl.load(t_ptr, t_msk, other=-1)
E                           mask_ids = (kv_ids <= max_col) & (kv_ids >= 0)
E                   
E                           if tl.max(mask_ids, axis=0) > 0:
E                           ^
E                   AssertionError('initial value for `qk` is of type <[64, 32], fp16>, but the then block redefines it as <[64, 32], fp32>')

base.py:480: Failed
=========================== short test summary info ============================
FAILED test_sparse_mla_fwd_interface.py::test_sparse_mla_fwd_interface - Fail...
====================== 1 failed, 950 deselected in 8.95s =======================
