============================= test session starts ==============================
platform linux -- Python 3.10.18, pytest-9.1.1, pluggy-1.6.0
rootdir: /workspace/FlagGems
configfile: pytest.ini
plugins: anyio-4.9.0, typeguard-4.3.0
collected 951 items / 950 deselected / 1 selected

test_col2im.py F                                                         [100%]

=================================== FAILURES ===================================
_________________________________ test_col2im __________________________________

self = <benchmark.test_col2im.Col2ImBenchmark object at 0x7f2cd6576200>

    def run(self):
        if Config.query:
            self.init_default_config()
            attri = OperationAttribute(
                op_name=self.op_name,
                recommended_core_shapes=self.shapes,
                shape_desc=self.shape_desc,
            )
            print(attri)
            emit_record_logger(attri.to_dict())
            return
    
        self.init_user_config()
        for dtype in self.to_bench_dtypes:
            metrics = []
            input_iter = self.get_input_iter(dtype)
    
            done = False
            while not done:
                try:
                    input = next(input_iter)
                except StopIteration:
                    done = True
                    continue
                except (RuntimeError, Exception) as e:
                    print(
                        f"\033[31mFAILED\033[0m: Operator={self.op_name} "
                        "dtype={dtype} err=<<<{e}>>>"
                    )
                    pytest.fail(str(e))
    
                metric = BenchmarkMetrics()
                try:
                    args, kwargs = self.unpack_to_args_kwargs(input)
                    metric.shape_detail = self.record_shapes(*args, **kwargs)
                    if "latency_base" in self.to_bench_metrics:
>                       metric.latency_base = self.get_latency(
                            self.torch_op, *args, **kwargs
                        )

base.py:440: 
_ _ _ _ _ _ _ _ _ _ _ _ _ _ _ _ _ _ _ _ _ _ _ _ _ _ _ _ _ _ _ _ _ _ _ _ _ _ _ _ 
base.py:318: in get_latency
    latency = do_bench(
/root/miniconda/envs/python310_torch29_cuda/lib/python3.10/site-packages/triton/testing.py:103: in do_bench
    fn()
base.py:288: in <lambda>
    fn = lambda: op(*args, **kwargs)
_ _ _ _ _ _ _ _ _ _ _ _ _ _ _ _ _ _ _ _ _ _ _ _ _ _ _ _ _ _ _ _ _ _ _ _ _ _ _ _ 

self = <OpOverloadPacket(op='aten.col2im')>
args = (tensor([[[ 0.1260,  0.5195,  0.2715, -1.8594,  0.0576, -0.7188,  1.3516,
           0.1777,  0.6328,  0.8438, -1.2734...9,  0.4316,  2.0938,  0.5938]]], device='cuda:0',
       dtype=torch.bfloat16), (4, 5), (2, 2), (1, 1), (0, 0), (1, 1))
kwargs = {}

    def __call__(self, /, *args: _P.args, **kwargs: _P.kwargs) -> _T:
        # overloading __call__ to ensure torch.ops.foo.bar()
        # is still callable from JIT
        # We save the function ptr as the `op` attribute on
        # OpOverloadPacket to access it here.
    
        # Directly calling OverloadPacket goes into C++, which will check
        # the schema and cause an error for torchbind op when inputs consist of FakeScriptObject so we
        # intercept it here and call TorchBindOpverload instead.
        if self._has_torchbind_op_overload and _must_dispatch_in_python(args, kwargs):
            return _call_overload_packet_from_python(self, *args, **kwargs)
>       return self._op(*args, **kwargs)
E       ValueError: [NOT IMPLEMENTED]: error code= 4(at /home/agent/xpytorch/workspace/8ba19c15-fc11-4377-85f3-84daf8eaab09/XMLIR/build/python/torch_xmlir/csrc/aten_codegen/generated/CUDANativeFunctions.cpp:5441)

/root/miniconda/envs/python310_torch29_cuda/lib/python3.10/site-packages/torch/_ops.py:1255: ValueError

During handling of the above exception, another exception occurred:

    @pytest.mark.col2im
    @pytest.mark.skipif(
        flag_gems.vendor_name == "tsingmicro", reason="Issue #4131: not working"
    )
    def test_col2im():
        bench = Col2ImBenchmark(
            op_name="col2im",
            torch_op=torch.ops.aten.col2im,
            dtypes=consts.FLOAT_DTYPES,
        )
>       bench.run()

test_col2im.py:83: 
_ _ _ _ _ _ _ _ _ _ _ _ _ _ _ _ _ _ _ _ _ _ _ _ _ _ _ _ _ _ _ _ _ _ _ _ _ _ _ _ 

self = <benchmark.test_col2im.Col2ImBenchmark object at 0x7f2cd6576200>

    def run(self):
        if Config.query:
            self.init_default_config()
            attri = OperationAttribute(
                op_name=self.op_name,
                recommended_core_shapes=self.shapes,
                shape_desc=self.shape_desc,
            )
            print(attri)
            emit_record_logger(attri.to_dict())
            return
    
        self.init_user_config()
        for dtype in self.to_bench_dtypes:
            metrics = []
            input_iter = self.get_input_iter(dtype)
    
            done = False
            while not done:
                try:
                    input = next(input_iter)
                except StopIteration:
                    done = True
                    continue
                except (RuntimeError, Exception) as e:
                    print(
                        f"\033[31mFAILED\033[0m: Operator={self.op_name} "
                        "dtype={dtype} err=<<<{e}>>>"
                    )
                    pytest.fail(str(e))
    
                metric = BenchmarkMetrics()
                try:
                    args, kwargs = self.unpack_to_args_kwargs(input)
                    metric.shape_detail = self.record_shapes(*args, **kwargs)
                    if "latency_base" in self.to_bench_metrics:
                        metric.latency_base = self.get_latency(
                            self.torch_op, *args, **kwargs
                        )
                    if "latency" in self.to_bench_metrics:
                        if self.gems_op:
                            metric.latency = self.get_latency(
                                self.gems_op, *args, **kwargs
                            )
                        else:
                            if self.op_name == "zero_":
                                with flag_gems.use_gems():
                                    metric.latency = self.get_latency(
                                        self.torch_op, *args, **kwargs
                                    )
                            else:
                                # exclude flaggems' zero_ to avoid the overhead of zero_
                                # in do_bench's clear_cache
                                with flag_gems.use_gems(exclude=["zero_"]):
                                    metric.latency = self.get_latency(
                                        self.torch_op, *args, **kwargs
                                    )
                    if "speedup" in self.to_bench_metrics:
                        metric.speedup = metric.latency_base / metric.latency
    
                    if "gbps" in self.to_bench_metrics:
                        metric.gbps_base = self.get_gbps(
                            args, latency=metric.latency_base
                        )
                        metric.gbps = self.get_gbps(args, latency=metric.latency)
    
                    if "tflops" in self.to_bench_metrics:
                        metric.tflops = (
                            self.get_tflops(self.torch_op, *args, **kwargs)
                            / metric.latency
                            / 1e12
                            * 1e3
                        )
                        # utilization = metric.tflops / metric.latency / 1e12 * 1e3
                except (RuntimeError, Exception) as e:
                    metric.error_msg = str(e)
>                   pytest.fail(str(e))  # raise exception again
E                   Failed: [NOT IMPLEMENTED]: error code= 4(at /home/agent/xpytorch/workspace/8ba19c15-fc11-4377-85f3-84daf8eaab09/XMLIR/build/python/torch_xmlir/csrc/aten_codegen/generated/CUDANativeFunctions.cpp:5441)

base.py:480: Failed
----------------------------- Captured stdout call -----------------------------

Operator: col2im  Performance Test (dtype=torch.float16, mode=kernel,level=core)
Status       Torch Latency (ms)    Gems Latency (ms)         Gems Speedup          Size Detail
-----------------------------------------------------------------------------------------------
SUCCESS               0.022034            0.016062               1.372          [torch.Size([2, 12, 12]), [4, 5], [2, 2], [1, 1], [0, 0], [1, 1]]
SUCCESS               0.018157            0.190151               0.095          [torch.Size([2, 144, 196]), [16, 16], [3, 3], [1, 1], [0, 0], [1, 1]]
SUCCESS               0.061904            2.027172               0.031          [torch.Size([4, 288, 1024]), [32, 32], [3, 3], [1, 1], [1, 1], [1, 1]]
SUCCESS               0.071961            4.705090               0.015          [torch.Size([2, 576, 1024]), [64, 64], [3, 3], [1, 1], [1, 1], [2, 2]]
SUCCESS               0.375997           18.542698               0.020          [torch.Size([1, 1152, 16384]), [128, 128], [3, 3], [1, 1], [1, 1], [1, 1]]
SUCCESS               0.107319            9.905338               0.011          [torch.Size([2, 1600, 1024]), [64, 64], [5, 5], [1, 1], [2, 2], [2, 2]]
SUCCESS               0.296884           14.527307               0.020          [torch.Size([4, 288, 3969]), [128, 128], [3, 3], [2, 2], [1, 1], [2, 2]]


Operator: col2im  Performance Test (dtype=torch.float32, mode=kernel,level=core)
Status       Torch Latency (ms)    Gems Latency (ms)         Gems Speedup          Size Detail
-----------------------------------------------------------------------------------------------
SUCCESS               0.022743            0.010286               2.211          [torch.Size([2, 12, 12]), [4, 5], [2, 2], [1, 1], [0, 0], [1, 1]]
SUCCESS               0.019223            0.188967               0.102          [torch.Size([2, 144, 196]), [16, 16], [3, 3], [1, 1], [0, 0], [1, 1]]
SUCCESS               0.049767            1.901617               0.026          [torch.Size([4, 288, 1024]), [32, 32], [3, 3], [1, 1], [1, 1], [1, 1]]
SUCCESS               0.065529            4.623621               0.014          [torch.Size([2, 576, 1024]), [64, 64], [3, 3], [1, 1], [1, 1], [2, 2]]
SUCCESS               0.770735           17.613264               0.044          [torch.Size([1, 1152, 16384]), [128, 128], [3, 3], [1, 1], [1, 1], [1, 1]]
SUCCESS               0.124165            9.531768               0.013          [torch.Size([2, 1600, 1024]), [64, 64], [5, 5], [1, 1], [2, 2], [2, 2]]
SUCCESS               0.227422           14.237911               0.016          [torch.Size([4, 288, 3969]), [128, 128], [3, 3], [2, 2], [1, 1], [2, 2]]

[[31mERROR[0m][XDNN_PYTORCH][/home/agent/xpytorch/workspace/8ba19c15-fc11-4377-85f3-84daf8eaab09/XMLIR/xdnn_pytorch/src/xdnn_pytorch_wrapper/col2im.cpp:54]scalar type of self : kbfloat16 is unsupported in xdnn_pytorch_wrapper !

[XDNN_UNIMPLEMENTED][/home/agent/xpytorch/workspace/8ba19c15-fc11-4377-85f3-84daf8eaab09/XMLIR/xdnn_pytorch/src/xdnn_pytorch_wrapper/col2im.cpp:54]
=========================== short test summary info ============================
FAILED test_col2im.py::test_col2im - Failed: [NOT IMPLEMENTED]: error code= 4...
================= 1 failed, 950 deselected in 89.51s (0:01:29) =================
