============================= test session starts ==============================
platform linux -- Python 3.10.18, pytest-9.1.1, pluggy-1.6.0
rootdir: /workspace/FlagGems
configfile: pytest.ini
plugins: anyio-4.9.0, typeguard-4.3.0
collected 951 items / 950 deselected / 1 selected

test_count_nonzero.py F                                                  [100%]

=================================== FAILURES ===================================
______________________________ test_count_nonzero ______________________________

self = <benchmark.base.GenericBenchmark2DOnly object at 0x7f3662f0e200>

    def run(self):
        if Config.query:
            self.init_default_config()
            attri = OperationAttribute(
                op_name=self.op_name,
                recommended_core_shapes=self.shapes,
                shape_desc=self.shape_desc,
            )
            print(attri)
            emit_record_logger(attri.to_dict())
            return
    
        self.init_user_config()
        for dtype in self.to_bench_dtypes:
            metrics = []
            input_iter = self.get_input_iter(dtype)
    
            done = False
            while not done:
                try:
                    input = next(input_iter)
                except StopIteration:
                    done = True
                    continue
                except (RuntimeError, Exception) as e:
                    print(
                        f"\033[31mFAILED\033[0m: Operator={self.op_name} "
                        "dtype={dtype} err=<<<{e}>>>"
                    )
                    pytest.fail(str(e))
    
                metric = BenchmarkMetrics()
                try:
                    args, kwargs = self.unpack_to_args_kwargs(input)
                    metric.shape_detail = self.record_shapes(*args, **kwargs)
                    if "latency_base" in self.to_bench_metrics:
                        metric.latency_base = self.get_latency(
                            self.torch_op, *args, **kwargs
                        )
                    if "latency" in self.to_bench_metrics:
                        if self.gems_op:
                            metric.latency = self.get_latency(
                                self.gems_op, *args, **kwargs
                            )
                        else:
                            if self.op_name == "zero_":
                                with flag_gems.use_gems():
                                    metric.latency = self.get_latency(
                                        self.torch_op, *args, **kwargs
                                    )
                            else:
                                # exclude flaggems' zero_ to avoid the overhead of zero_
                                # in do_bench's clear_cache
                                with flag_gems.use_gems(exclude=["zero_"]):
>                                   metric.latency = self.get_latency(
                                        self.torch_op, *args, **kwargs
                                    )

base.py:458: 
_ _ _ _ _ _ _ _ _ _ _ _ _ _ _ _ _ _ _ _ _ _ _ _ _ _ _ _ _ _ _ _ _ _ _ _ _ _ _ _ 
base.py:318: in get_latency
    latency = do_bench(
/root/miniconda/envs/python310_torch29_cuda/lib/python3.10/site-packages/triton/testing.py:103: in do_bench
    fn()
base.py:288: in <lambda>
    fn = lambda: op(*args, **kwargs)
../src/flag_gems/runtime/backend/_kunlunxin/ops/count_nonzero.py:128: in count_nonzero
    x = dim_compress(x, dim)
../src/flag_gems/utils/shape_utils.py:223: in dim_compress
    return inp.permute(order).contiguous()
../src/flag_gems/runtime/backend/_kunlunxin/ops/copy.py:120: in copy_
    return torch.ops.aten.copy_.default.redispatch(
_ _ _ _ _ _ _ _ _ _ _ _ _ _ _ _ _ _ _ _ _ _ _ _ _ _ _ _ _ _ _ _ _ _ _ _ _ _ _ _ 

self = <OpOverload(op='aten.copy_', overload='default')>
keyset = DispatchKeySet()
args = (tensor([[0., 0., 0.,  ..., 0., 0., 0.],
        [0., 0., 0.,  ..., 0., 0., 0.],
        [0., 0., 0.,  ..., 0., 0., 0....-01,  9.1736e-02,  ..., -2.1313e-01,
         -9.6045e-01, -9.1162e-01]], device='cuda:0', dtype=torch.float16), False)
kwargs = {}

    def redispatch(
        self, /, keyset: torch._C.DispatchKeySet, *args: _P.args, **kwargs: _P.kwargs
    ) -> _T:
>       return self._handle.redispatch_boxed(keyset, *args, **kwargs)  # type: ignore[return-value]
E       torch.AcceleratorError: CUDA error: invalid device function
E       Search for `cudaErrorInvalidDeviceFunction' in https://docs.nvidia.com/cuda/cuda-runtime-api/group__CUDART__TYPES.html for more information.
E       CUDA kernel errors might be asynchronously reported at some other API call, so the stacktrace below might be incorrect.
E       For debugging consider passing CUDA_LAUNCH_BLOCKING=1
E       Compile with `TORCH_USE_CUDA_DSA` to enable device-side assertions.

/root/miniconda/envs/python310_torch29_cuda/lib/python3.10/site-packages/torch/_ops.py:848: AcceleratorError

During handling of the above exception, another exception occurred:

    @pytest.mark.count_nonzero
    def test_count_nonzero():
        def count_nonzero_input_fn(shape, dtype, device):
            inp = torch.randn(shape, dtype=dtype, device=device)
            dim = random.choice([None, 0, 1])
    
            yield inp, dim
    
        bench = base.GenericBenchmark2DOnly(
            input_fn=count_nonzero_input_fn,
            op_name="count_nonzero",
            torch_op=torch.count_nonzero,
            dtypes=consts.FLOAT_DTYPES,
        )
>       bench.run()

test_count_nonzero.py:37: 
_ _ _ _ _ _ _ _ _ _ _ _ _ _ _ _ _ _ _ _ _ _ _ _ _ _ _ _ _ _ _ _ _ _ _ _ _ _ _ _ 

self = <benchmark.base.GenericBenchmark2DOnly object at 0x7f3662f0e200>

    def run(self):
        if Config.query:
            self.init_default_config()
            attri = OperationAttribute(
                op_name=self.op_name,
                recommended_core_shapes=self.shapes,
                shape_desc=self.shape_desc,
            )
            print(attri)
            emit_record_logger(attri.to_dict())
            return
    
        self.init_user_config()
        for dtype in self.to_bench_dtypes:
            metrics = []
            input_iter = self.get_input_iter(dtype)
    
            done = False
            while not done:
                try:
                    input = next(input_iter)
                except StopIteration:
                    done = True
                    continue
                except (RuntimeError, Exception) as e:
                    print(
                        f"\033[31mFAILED\033[0m: Operator={self.op_name} "
                        "dtype={dtype} err=<<<{e}>>>"
                    )
                    pytest.fail(str(e))
    
                metric = BenchmarkMetrics()
                try:
                    args, kwargs = self.unpack_to_args_kwargs(input)
                    metric.shape_detail = self.record_shapes(*args, **kwargs)
                    if "latency_base" in self.to_bench_metrics:
                        metric.latency_base = self.get_latency(
                            self.torch_op, *args, **kwargs
                        )
                    if "latency" in self.to_bench_metrics:
                        if self.gems_op:
                            metric.latency = self.get_latency(
                                self.gems_op, *args, **kwargs
                            )
                        else:
                            if self.op_name == "zero_":
                                with flag_gems.use_gems():
                                    metric.latency = self.get_latency(
                                        self.torch_op, *args, **kwargs
                                    )
                            else:
                                # exclude flaggems' zero_ to avoid the overhead of zero_
                                # in do_bench's clear_cache
                                with flag_gems.use_gems(exclude=["zero_"]):
                                    metric.latency = self.get_latency(
                                        self.torch_op, *args, **kwargs
                                    )
                    if "speedup" in self.to_bench_metrics:
                        metric.speedup = metric.latency_base / metric.latency
    
                    if "gbps" in self.to_bench_metrics:
                        metric.gbps_base = self.get_gbps(
                            args, latency=metric.latency_base
                        )
                        metric.gbps = self.get_gbps(args, latency=metric.latency)
    
                    if "tflops" in self.to_bench_metrics:
                        metric.tflops = (
                            self.get_tflops(self.torch_op, *args, **kwargs)
                            / metric.latency
                            / 1e12
                            * 1e3
                        )
                        # utilization = metric.tflops / metric.latency / 1e12 * 1e3
                except (RuntimeError, Exception) as e:
                    metric.error_msg = str(e)
>                   pytest.fail(str(e))  # raise exception again
E                   Failed: CUDA error: invalid device function
E                   Search for `cudaErrorInvalidDeviceFunction' in https://docs.nvidia.com/cuda/cuda-runtime-api/group__CUDART__TYPES.html for more information.
E                   CUDA kernel errors might be asynchronously reported at some other API call, so the stacktrace below might be incorrect.
E                   For debugging consider passing CUDA_LAUNCH_BLOCKING=1
E                   Compile with `TORCH_USE_CUDA_DSA` to enable device-side assertions.

base.py:480: Failed
=========================== short test summary info ============================
FAILED test_count_nonzero.py::test_count_nonzero - Failed: CUDA error: invali...
====================== 1 failed, 950 deselected in 15.58s ======================
