[CMD] pytest -m "hc_split_sinkhorn_forward" --record json --output accuracy_hc_split_sinkhorn_forward.json --ref cpu --continue-on-collection-errors -vs
[CWD] /workspace/FlagGems/tests

XCCL /root/miniconda/envs/python310_torch29_cuda/lib/python3.10/site-packages/torch_xmlir/libbkcl.so loaded
[35mSYMBOL_REWRITE [0m[32mtorch success[0m
XX: (pid 1516669,tid 139668600072000)cuda/src/cui/hal/kl3/kl3_gpfifo.cc:183:kl3ChannelCheckErrors kl3ChannelCheckErrors failed, error set to 721, status= 299
XX: (pid 1516669,tid 139668600072000)cuda/src/cui/hal/kl3/kl3_gpfifo.cc:184:kl3ChannelCheckErrors A kernel exception has occurred, please check dmesg for details.
XX: (pid 1516669,tid 139668600072000)cuda/src/cui/hal/kl3/kl3_gpfifo.cc:183:kl3ChannelCheckErrors kl3ChannelCheckErrors failed, error set to 721, status= 299
XX: (pid 1516669,tid 139668600072000)cuda/src/cui/hal/kl3/kl3_gpfifo.cc:184:kl3ChannelCheckErrors A kernel exception has occurred, please check dmesg for details.
XX: (pid 1516669,tid 139668600072000)cuda/src/cui/cuistream.cc:1067:cuiStreamSynchronize cuiStreamSynchronize() failed in ctxMarkerWait, Failed to ctxMarkerWait, status= 299
XX: (pid 1516669,tid 139668600072000)cuda/src/api/apilaunch.cc:964:cuapi_xpu_wait cuapi_xpu_wait() failed in cuiStreamUserSync, status= 299
XX: (pid 1516669,tid 139668600072000)cuda/src/api/apilaunch.cc:819:cuapi_xpu_launch_async cuapi_xpu_launch_async() failed in cuiInitCheckEx, status= 299
XX: (pid 1516669,tid 139668600072000)cuda/src/api/apilaunch.cc:819:cuapi_xpu_launch_async cuapi_xpu_launch_async() failed in cuiInitCheckEx, status= 299
XX: (pid 1516669,tid 139668600072000)cuda/src/api/apilaunch.cc:819:cuapi_xpu_launch_async cuapi_xpu_launch_async() failed in cuiInitCheckEx, status= 299
XX: (pid 1516669,tid 139668600072000)cuda/src/api/apilaunch.cc:819:cuapi_xpu_launch_async cuapi_xpu_launch_async() failed in cuiInitCheckEx, status= 299
XX: (pid 1516669,tid 139668600072000)cuda/src/api/apilaunch.cc:819:cuapi_xpu_launch_async cuapi_xpu_launch_async() failed in cuiInitCheckEx, status= 299
XX: (pid 1516669,tid 139668600072000)cuda/src/api/apilaunch.cc:819:cuapi_xpu_launch_async cuapi_xpu_launch_async() failed in cuiInitCheckEx, status= 299
XX: (pid 1516669,tid 139668600072000)cuda/src/api/apimem.cc:302:cuapiMemFree_common cuapiMemFree() failed in cuiInitCheckCtx, Incompatible context or Context error, status= 299
Exception ignored in atexit callback: <function _prepare_to_exit at 0x7f047315ecb0>
Traceback (most recent call last):
  File "/root/miniconda/envs/python310_torch29_cuda/lib/python3.10/site-packages/torch_xmlir/__init__.py", line 144, in _prepare_to_exit
    _XMLIRC._prepare_to_exit()
torch.AcceleratorError: CUDA error: wait for noc idle timeout
Search for `cudaErrorNocIdleTimeout' in https://docs.nvidia.com/cuda/cuda-runtime-api/group__CUDART__TYPES.html for more information.
CUDA kernel errors might be asynchronously reported at some other API call, so the stacktrace below might be incorrect.
For debugging consider passing CUDA_LAUNCH_BLOCKING=1
Compile with `TORCH_USE_CUDA_DSA` to enable device-side assertions.

XX: (pid 1516669,tid 139668600072000)cuda/src/api/apilaunch.cc:952:cuapi_xpu_wait cuapi_xpu_wait() failed in cuiInitCheckEx, status= 299
XX: (pid 1516669,tid 139668600072000)cuda/src/api/apimem.cc:302:cuapiMemFree_common cuapiMemFree() failed in cuiInitCheckCtx, Incompatible context or Context error, status= 299
