[CMD] pytest -m "softmax_out" --record json --output accuracy_softmax_out.json --ref cpu --continue-on-collection-errors -vs
[CWD] /workspace/FlagGems/tests

XCCL /root/miniconda/envs/python310_torch29_cuda/lib/python3.10/site-packages/torch_xmlir/libbkcl.so loaded
[35mSYMBOL_REWRITE [0m[32mtorch success[0m
loc("/workspace/FlagGems/src/flag_gems/ops/softmax.py":50:43): error: 'triton_xpu.convert_layout' op requires the same shape for all operands and results
error: 'triton_xpu.reduce' op inferred type(s) 'tensor<128xf32, #triton_gpu.slice<{dim = 0, parent = #triton_xpu.cluster<{sizePerCore = [1, 2], coresPerGroup = [1, 64], groupsPerCluster = [1, 1], order = [0, 1]}>}>}>>' are incompatible with return type(s) of operation 'tensor<1024xf32, #triton_gpu.slice<{dim = 0, parent = #triton_xpu.cluster<{sizePerCore = [1, 2], coresPerGroup = [1, 64], groupsPerCluster = [1, 1], order = [0, 1]}>}>}>>'
error: 'triton_xpu.reduce' op failed to infer returned types
loc("/workspace/FlagGems/src/flag_gems/ops/softmax.py":50:43): error: 'triton_xpu.convert_layout' op requires the same shape for all operands and results
error: 'triton_xpu.reduce' op inferred type(s) 'tensor<128xf32, #triton_gpu.slice<{dim = 0, parent = #triton_xpu.cluster<{sizePerCore = [1, 2], coresPerGroup = [1, 64], groupsPerCluster = [1, 1], order = [0, 1]}>}>}>>' are incompatible with return type(s) of operation 'tensor<1024xf32, #triton_gpu.slice<{dim = 0, parent = #triton_xpu.cluster<{sizePerCore = [1, 2], coresPerGroup = [1, 64], groupsPerCluster = [1, 1], order = [0, 1]}>}>}>>'
error: 'triton_xpu.reduce' op failed to infer returned types
loc("/workspace/FlagGems/src/flag_gems/ops/softmax.py":50:43): error: 'triton_xpu.convert_layout' op requires the same shape for all operands and results
error: 'triton_xpu.reduce' op inferred type(s) 'tensor<128xf32, #triton_gpu.slice<{dim = 0, parent = #triton_xpu.cluster<{sizePerCore = [1, 2], coresPerGroup = [1, 64], groupsPerCluster = [1, 1], order = [0, 1]}>}>}>>' are incompatible with return type(s) of operation 'tensor<1024xf32, #triton_gpu.slice<{dim = 0, parent = #triton_xpu.cluster<{sizePerCore = [1, 2], coresPerGroup = [1, 64], groupsPerCluster = [1, 1], order = [0, 1]}>}>}>>'
error: 'triton_xpu.reduce' op failed to infer returned types
loc("/workspace/FlagGems/src/flag_gems/ops/softmax.py":50:43): error: 'triton_xpu.convert_layout' op requires the same shape for all operands and results
loc("/workspace/FlagGems/src/flag_gems/ops/softmax.py":50:43): error: 'triton_xpu.convert_layout' op requires the same shape for all operands and results
loc("/workspace/FlagGems/src/flag_gems/ops/softmax.py":50:43): error: 'triton_xpu.convert_layout' op requires the same shape for all operands and results
loc("/workspace/FlagGems/src/flag_gems/ops/softmax.py":50:43): error: 'triton_xpu.convert_layout' op requires the same shape for all operands and results
error: 'triton_xpu.reduce' op inferred type(s) 'tensor<128xf32, #triton_gpu.slice<{dim = 0, parent = #triton_xpu.cluster<{sizePerCore = [1, 2], coresPerGroup = [1, 64], groupsPerCluster = [1, 1], order = [0, 1]}>}>}>>' are incompatible with return type(s) of operation 'tensor<1024xf32, #triton_gpu.slice<{dim = 0, parent = #triton_xpu.cluster<{sizePerCore = [1, 2], coresPerGroup = [1, 64], groupsPerCluster = [1, 1], order = [0, 1]}>}>}>>'
error: 'triton_xpu.reduce' op failed to infer returned types
loc("/workspace/FlagGems/src/flag_gems/ops/softmax.py":50:43): error: 'triton_xpu.convert_layout' op requires the same shape for all operands and results
error: 'triton_xpu.reduce' op inferred type(s) 'tensor<128xf32, #triton_gpu.slice<{dim = 0, parent = #triton_xpu.cluster<{sizePerCore = [1, 2], coresPerGroup = [1, 64], groupsPerCluster = [1, 1], order = [0, 1]}>}>}>>' are incompatible with return type(s) of operation 'tensor<1024xf32, #triton_gpu.slice<{dim = 0, parent = #triton_xpu.cluster<{sizePerCore = [1, 2], coresPerGroup = [1, 64], groupsPerCluster = [1, 1], order = [0, 1]}>}>}>>'
error: 'triton_xpu.reduce' op failed to infer returned types
loc("/workspace/FlagGems/src/flag_gems/ops/softmax.py":50:43): error: 'triton_xpu.convert_layout' op requires the same shape for all operands and results
error: 'triton_xpu.reduce' op inferred type(s) 'tensor<128xf32, #triton_gpu.slice<{dim = 0, parent = #triton_xpu.cluster<{sizePerCore = [1, 2], coresPerGroup = [1, 64], groupsPerCluster = [1, 1], order = [0, 1]}>}>}>>' are incompatible with return type(s) of operation 'tensor<1024xf32, #triton_gpu.slice<{dim = 0, parent = #triton_xpu.cluster<{sizePerCore = [1, 2], coresPerGroup = [1, 64], groupsPerCluster = [1, 1], order = [0, 1]}>}>}>>'
error: 'triton_xpu.reduce' op failed to infer returned types
loc("/workspace/FlagGems/src/flag_gems/ops/softmax.py":50:43): error: 'triton_xpu.convert_layout' op requires the same shape for all operands and results
loc("/workspace/FlagGems/src/flag_gems/ops/softmax.py":50:43): error: 'triton_xpu.convert_layout' op requires the same shape for all operands and results
loc("/workspace/FlagGems/src/flag_gems/ops/softmax.py":50:43): error: 'triton_xpu.convert_layout' op requires the same shape for all operands and results
