============================= test session starts ==============================
platform linux -- Python 3.10.18, pytest-9.1.1, pluggy-1.6.0
rootdir: /workspace/FlagGems
configfile: pytest.ini
plugins: anyio-4.9.0, typeguard-4.3.0
collected 951 items / 950 deselected / 1 selected

test_embedding_dense_backward.py F                                       [100%]

=================================== FAILURES ===================================
________________________ test_embedding_dense_backward _________________________

self = <benchmark.test_embedding_dense_backward.EmbeddingDenseBackwardBenchmark object at 0x7f6c27100190>

    def run(self):
        if Config.query:
            self.init_default_config()
            attri = OperationAttribute(
                op_name=self.op_name,
                recommended_core_shapes=self.shapes,
                shape_desc=self.shape_desc,
            )
            print(attri)
            emit_record_logger(attri.to_dict())
            return
    
        self.init_user_config()
        for dtype in self.to_bench_dtypes:
            metrics = []
            input_iter = self.get_input_iter(dtype)
    
            done = False
            while not done:
                try:
                    input = next(input_iter)
                except StopIteration:
                    done = True
                    continue
                except (RuntimeError, Exception) as e:
                    print(
                        f"\033[31mFAILED\033[0m: Operator={self.op_name} "
                        "dtype={dtype} err=<<<{e}>>>"
                    )
                    pytest.fail(str(e))
    
                metric = BenchmarkMetrics()
                try:
                    args, kwargs = self.unpack_to_args_kwargs(input)
                    metric.shape_detail = self.record_shapes(*args, **kwargs)
                    if "latency_base" in self.to_bench_metrics:
>                       metric.latency_base = self.get_latency(
                            self.torch_op, *args, **kwargs
                        )

base.py:440: 
_ _ _ _ _ _ _ _ _ _ _ _ _ _ _ _ _ _ _ _ _ _ _ _ _ _ _ _ _ _ _ _ _ _ _ _ _ _ _ _ 
base.py:318: in get_latency
    latency = do_bench(
/root/miniconda/envs/python310_torch29_cuda/lib/python3.10/site-packages/triton/testing.py:103: in do_bench
    fn()
base.py:288: in <lambda>
    fn = lambda: op(*args, **kwargs)
_ _ _ _ _ _ _ _ _ _ _ _ _ _ _ _ _ _ _ _ _ _ _ _ _ _ _ _ _ _ _ _ _ _ _ _ _ _ _ _ 

self = <OpOverloadPacket(op='aten.embedding_dense_backward')>
args = (tensor([[[ 0.6812,  0.2354, -0.3860,  ..., -1.2646,  0.5483, -0.5259],
         [-2.1445,  0.3525,  0.9243,  ..., -0....0,    0,  ...,  632, 1633, 3156],
        [7648, 1912, 6850,  ..., 7229, 4025, 6065]], device='cuda:0'), 8192, 0, True)
kwargs = {}

    def __call__(self, /, *args: _P.args, **kwargs: _P.kwargs) -> _T:
        # overloading __call__ to ensure torch.ops.foo.bar()
        # is still callable from JIT
        # We save the function ptr as the `op` attribute on
        # OpOverloadPacket to access it here.
    
        # Directly calling OverloadPacket goes into C++, which will check
        # the schema and cause an error for torchbind op when inputs consist of FakeScriptObject so we
        # intercept it here and call TorchBindOpverload instead.
        if self._has_torchbind_op_overload and _must_dispatch_in_python(args, kwargs):
            return _call_overload_packet_from_python(self, *args, **kwargs)
>       return self._op(*args, **kwargs)
E       ValueError: Check scale_grad_by_freq == false failed, left operand=1, scale_grad_by_freq = true for embedding_dense_backward is unimplemented.

/root/miniconda/envs/python310_torch29_cuda/lib/python3.10/site-packages/torch/_ops.py:1255: ValueError

During handling of the above exception, another exception occurred:

    @pytest.mark.skipif(
        (not torch.cuda.is_available()) or (flag_gems.device != "cuda"),
        reason="CUDA backend is not available for this benchmark.",
    )
    @pytest.mark.embedding_dense_backward
    def test_embedding_dense_backward():
        bench = EmbeddingDenseBackwardBenchmark(
            input_fn=_input_fn,
            op_name="embedding_dense_backward",
            torch_op=torch.ops.aten.embedding_dense_backward,
            dtypes=consts.FLOAT_DTYPES,
        )
>       bench.run()

test_embedding_dense_backward.py:62: 
_ _ _ _ _ _ _ _ _ _ _ _ _ _ _ _ _ _ _ _ _ _ _ _ _ _ _ _ _ _ _ _ _ _ _ _ _ _ _ _ 

self = <benchmark.test_embedding_dense_backward.EmbeddingDenseBackwardBenchmark object at 0x7f6c27100190>

    def run(self):
        if Config.query:
            self.init_default_config()
            attri = OperationAttribute(
                op_name=self.op_name,
                recommended_core_shapes=self.shapes,
                shape_desc=self.shape_desc,
            )
            print(attri)
            emit_record_logger(attri.to_dict())
            return
    
        self.init_user_config()
        for dtype in self.to_bench_dtypes:
            metrics = []
            input_iter = self.get_input_iter(dtype)
    
            done = False
            while not done:
                try:
                    input = next(input_iter)
                except StopIteration:
                    done = True
                    continue
                except (RuntimeError, Exception) as e:
                    print(
                        f"\033[31mFAILED\033[0m: Operator={self.op_name} "
                        "dtype={dtype} err=<<<{e}>>>"
                    )
                    pytest.fail(str(e))
    
                metric = BenchmarkMetrics()
                try:
                    args, kwargs = self.unpack_to_args_kwargs(input)
                    metric.shape_detail = self.record_shapes(*args, **kwargs)
                    if "latency_base" in self.to_bench_metrics:
                        metric.latency_base = self.get_latency(
                            self.torch_op, *args, **kwargs
                        )
                    if "latency" in self.to_bench_metrics:
                        if self.gems_op:
                            metric.latency = self.get_latency(
                                self.gems_op, *args, **kwargs
                            )
                        else:
                            if self.op_name == "zero_":
                                with flag_gems.use_gems():
                                    metric.latency = self.get_latency(
                                        self.torch_op, *args, **kwargs
                                    )
                            else:
                                # exclude flaggems' zero_ to avoid the overhead of zero_
                                # in do_bench's clear_cache
                                with flag_gems.use_gems(exclude=["zero_"]):
                                    metric.latency = self.get_latency(
                                        self.torch_op, *args, **kwargs
                                    )
                    if "speedup" in self.to_bench_metrics:
                        metric.speedup = metric.latency_base / metric.latency
    
                    if "gbps" in self.to_bench_metrics:
                        metric.gbps_base = self.get_gbps(
                            args, latency=metric.latency_base
                        )
                        metric.gbps = self.get_gbps(args, latency=metric.latency)
    
                    if "tflops" in self.to_bench_metrics:
                        metric.tflops = (
                            self.get_tflops(self.torch_op, *args, **kwargs)
                            / metric.latency
                            / 1e12
                            * 1e3
                        )
                        # utilization = metric.tflops / metric.latency / 1e12 * 1e3
                except (RuntimeError, Exception) as e:
                    metric.error_msg = str(e)
>                   pytest.fail(str(e))  # raise exception again
E                   Failed: Check scale_grad_by_freq == false failed, left operand=1, scale_grad_by_freq = true for embedding_dense_backward is unimplemented.

base.py:480: Failed
=========================== short test summary info ============================
FAILED test_embedding_dense_backward.py::test_embedding_dense_backward - Fail...
====================== 1 failed, 950 deselected in 18.23s ======================
