============================= test session starts ==============================
platform linux -- Python 3.10.18, pytest-9.1.1, pluggy-1.6.0
rootdir: /workspace/FlagGems
configfile: pytest.ini
plugins: anyio-4.9.0, typeguard-4.3.0
collected 951 items / 950 deselected / 1 selected

test_addmm.py F                                                          [100%]

=================================== FAILURES ===================================
_____________________________ test_addmm_dtype_out _____________________________

bias = tensor([[ 1.3509, -1.3529,  0.6338,  ..., -0.8387,  0.4904, -0.3914],
        [-0.3951,  1.3678, -0.8134,  ..., -1.205...4838,  0.8112,  0.2737],
        [ 1.0289, -0.7278, -1.0636,  ...,  0.2026, -2.0030, -0.3247]],
       device='cuda:0')
mat1 = tensor([[-0.2471,  1.9775,  1.0020,  ...,  0.5044, -0.2805, -0.3342],
        [ 1.0195, -0.7363, -0.6177,  ..., -1.549...2],
        [ 0.7881,  0.9004, -0.3582,  ..., -0.4746, -1.7617, -1.0479]],
       device='cuda:0', dtype=torch.float16)
mat2 = tensor([[ 2.3730,  0.1046, -2.3203,  ..., -1.4873,  0.9785, -0.0114],
        [-0.8032, -0.3411, -1.3623,  ...,  0.559...1],
        [-1.1348,  1.2080,  0.0363,  ..., -1.1436, -0.8086, -0.9595]],
       device='cuda:0', dtype=torch.float16)
out_dtype = torch.float32
out = tensor([[ 5.1305e+02, -3.2191e+01, -2.5751e+02,  ..., -1.6095e+01,
         -1.2876e+02, -8.0156e+00],
        [-1.603...       [-1.0449e+00,  8.4081e-01, -6.6504e-01,  ...,  1.1230e+00,
         -1.4433e+00,  1.4746e+00]], device='cuda:0')

>       torch_op=lambda bias, mat1, mat2, out_dtype, out: torch.ops.aten.addmm.dtype_out(
            bias, mat1, mat2, out_dtype, beta=1.0, alpha=1.0, out=out
        ),
        dtypes=consts.FP16_BF16_DTYPES,
    )

test_addmm.py:92: 
_ _ _ _ _ _ _ _ _ _ _ _ _ _ _ _ _ _ _ _ _ _ _ _ _ _ _ _ _ _ _ _ _ _ _ _ _ _ _ _ 

self = <OpOverload(op='aten.addmm', overload='dtype_out')>
args = (tensor([[ 1.3509, -1.3529,  0.6338,  ..., -0.8387,  0.4904, -0.3914],
        [-0.3951,  1.3678, -0.8134,  ..., -1.20...1348,  1.2080,  0.0363,  ..., -1.1436, -0.8086, -0.9595]],
       device='cuda:0', dtype=torch.float16), torch.float32)
kwargs = {'beta': 1.0, 'alpha': 1.0, 'out': tensor([[ 5.1305e+02, -3.2191e+01, -2.5751e+02,  ..., -1.6095e+01,
         -1.2876...      [-1.0449e+00,  8.4081e-01, -6.6504e-01,  ...,  1.1230e+00,
         -1.4433e+00,  1.4746e+00]], device='cuda:0')}

    def __call__(self, /, *args: _P.args, **kwargs: _P.kwargs) -> _T:
>       return self._op(*args, **kwargs)
E       NotImplementedError: Could not run 'aten::addmm.dtype_out' with arguments from the 'CPU' backend. This could be because the operator doesn't exist for this backend, or was omitted during the selective/custom build process (if using custom build). If you are a Facebook employee using PyTorch on mobile, please visit https://fburl.com/ptmfixes for possible resolutions. 'aten::addmm.dtype_out' is only available for these backends: [CUDA, XLA, XPU, Meta, BackendSelect, Python, FuncTorchDynamicLayerBackMode, Functionalize, Named, Conjugate, Negative, ZeroTensor, ADInplaceOrView, AutogradOther, AutogradCPU, AutogradCUDA, AutogradHIP, AutogradXLA, AutogradMPS, AutogradIPU, AutogradXPU, AutogradHPU, AutogradVE, AutogradLazy, AutogradMTIA, AutogradMAIA, AutogradPrivateUse1, AutogradPrivateUse2, AutogradPrivateUse3, AutogradMeta, AutogradNestedTensor, Tracer, AutocastCPU, AutocastMTIA, AutocastMAIA, AutocastXPU, AutocastMPS, AutocastCUDA, FuncTorchBatched, BatchedNestedTensor, FuncTorchVmapMode, Batched, VmapMode, FuncTorchGradWrapper, PythonTLSSnapshot, FuncTorchDynamicLayerFrontMode, PreDispatch, PythonDispatcher].
E       
E       CUDA: registered at /home/agent/xpytorch/workspace/8ba19c15-fc11-4377-85f3-84daf8eaab09/XMLIR/python/torch_xmlir/csrc/lazy_tensor/ts_backend/ts_eager_fallback.cpp:375 [backend fallback]
E       XLA: registered at /home/agent/xpytorch/workspace/8ba19c15-fc11-4377-85f3-84daf8eaab09/XMLIR/python/torch_xmlir/csrc/lazy_tensor/ts_backend/ts_eager_fallback.cpp:364 [backend fallback]
E       XPU: registered at /home/agent/xpytorch/workspace/8ba19c15-fc11-4377-85f3-84daf8eaab09/XMLIR/python/torch_xmlir/csrc/lazy_tensor/ts_backend/ts_eager_fallback.cpp:371 [backend fallback]
E       Meta: registered at /root/miniconda/envs/python310_torch29_cuda/lib/python3.10/site-packages/torch/_meta_registrations.py:50 [kernel]
E       BackendSelect: fallthrough registered at /pytorch/aten/src/ATen/core/BackendSelectFallbackKernel.cpp:3 [backend fallback]
E       Python: registered at /pytorch/aten/src/ATen/core/PythonFallbackKernel.cpp:194 [backend fallback]
E       FuncTorchDynamicLayerBackMode: registered at /pytorch/aten/src/ATen/functorch/DynamicLayer.cpp:479 [backend fallback]
E       Functionalize: registered at /pytorch/build/aten/src/ATen/RegisterFunctionalization_2.cpp:23864 [kernel]
E       Named: registered at /pytorch/aten/src/ATen/core/NamedRegistrations.cpp:7 [backend fallback]
E       Conjugate: registered at /pytorch/aten/src/ATen/ConjugateFallback.cpp:17 [backend fallback]
E       Negative: registered at /pytorch/aten/src/ATen/native/NegateFallback.cpp:18 [backend fallback]
E       ZeroTensor: registered at /pytorch/aten/src/ATen/ZeroTensorFallback.cpp:115 [backend fallback]
E       ADInplaceOrView: registered at /pytorch/torch/csrc/autograd/generated/ADInplaceOrViewType_0.cpp:4978 [kernel]
E       AutogradOther: registered at /pytorch/torch/csrc/autograd/generated/VariableType_2.cpp:20142 [autograd kernel]
E       AutogradCPU: registered at /pytorch/torch/csrc/autograd/generated/VariableType_2.cpp:20142 [autograd kernel]
E       AutogradCUDA: registered at /pytorch/torch/csrc/autograd/generated/VariableType_2.cpp:20142 [autograd kernel]
E       AutogradHIP: registered at /pytorch/torch/csrc/autograd/generated/VariableType_2.cpp:20142 [autograd kernel]
E       AutogradXLA: registered at /pytorch/torch/csrc/autograd/generated/VariableType_2.cpp:20142 [autograd kernel]
E       AutogradMPS: registered at /pytorch/torch/csrc/autograd/generated/VariableType_2.cpp:20142 [autograd kernel]
E       AutogradIPU: registered at /pytorch/torch/csrc/autograd/generated/VariableType_2.cpp:20142 [autograd kernel]
E       AutogradXPU: registered at /pytorch/torch/csrc/autograd/generated/VariableType_2.cpp:20142 [autograd kernel]
E       AutogradHPU: registered at /pytorch/torch/csrc/autograd/generated/VariableType_2.cpp:20142 [autograd kernel]
E       AutogradVE: registered at /pytorch/torch/csrc/autograd/generated/VariableType_2.cpp:20142 [autograd kernel]
E       AutogradLazy: registered at /pytorch/torch/csrc/autograd/generated/VariableType_2.cpp:20142 [autograd kernel]
E       AutogradMTIA: registered at /pytorch/torch/csrc/autograd/generated/VariableType_2.cpp:20142 [autograd kernel]
E       AutogradMAIA: registered at /pytorch/torch/csrc/autograd/generated/VariableType_2.cpp:20142 [autograd kernel]
E       AutogradPrivateUse1: registered at /pytorch/torch/csrc/autograd/generated/VariableType_2.cpp:20142 [autograd kernel]
E       AutogradPrivateUse2: registered at /pytorch/torch/csrc/autograd/generated/VariableType_2.cpp:20142 [autograd kernel]
E       AutogradPrivateUse3: registered at /pytorch/torch/csrc/autograd/generated/VariableType_2.cpp:20142 [autograd kernel]
E       AutogradMeta: registered at /pytorch/torch/csrc/autograd/generated/VariableType_2.cpp:20142 [autograd kernel]
E       AutogradNestedTensor: registered at /pytorch/torch/csrc/autograd/generated/VariableType_2.cpp:20142 [autograd kernel]
E       Tracer: registered at /pytorch/torch/csrc/autograd/generated/TraceType_0.cpp:17237 [kernel]
E       AutocastCPU: fallthrough registered at /pytorch/aten/src/ATen/autocast_mode.cpp:324 [backend fallback]
E       AutocastMTIA: fallthrough registered at /pytorch/aten/src/ATen/autocast_mode.cpp:468 [backend fallback]
E       AutocastMAIA: fallthrough registered at /pytorch/aten/src/ATen/autocast_mode.cpp:506 [backend fallback]
E       AutocastXPU: fallthrough registered at /pytorch/aten/src/ATen/autocast_mode.cpp:544 [backend fallback]
E       AutocastMPS: fallthrough registered at /pytorch/aten/src/ATen/autocast_mode.cpp:209 [backend fallback]
E       AutocastCUDA: fallthrough registered at /pytorch/aten/src/ATen/autocast_mode.cpp:165 [backend fallback]
E       FuncTorchBatched: registered at /pytorch/aten/src/ATen/functorch/LegacyBatchingRegistrations.cpp:731 [backend fallback]
E       BatchedNestedTensor: registered at /pytorch/aten/src/ATen/functorch/LegacyBatchingRegistrations.cpp:758 [backend fallback]
E       FuncTorchVmapMode: fallthrough registered at /pytorch/aten/src/ATen/functorch/VmapModeRegistrations.cpp:27 [backend fallback]
E       Batched: registered at /pytorch/aten/src/ATen/LegacyBatchingRegistrations.cpp:1075 [backend fallback]
E       VmapMode: fallthrough registered at /pytorch/aten/src/ATen/VmapModeRegistrations.cpp:33 [backend fallback]
E       FuncTorchGradWrapper: registered at /pytorch/aten/src/ATen/functorch/TensorWrapper.cpp:210 [backend fallback]
E       PythonTLSSnapshot: registered at /pytorch/aten/src/ATen/core/PythonFallbackKernel.cpp:202 [backend fallback]
E       FuncTorchDynamicLayerFrontMode: registered at /pytorch/aten/src/ATen/functorch/DynamicLayer.cpp:475 [backend fallback]
E       PreDispatch: registered at /pytorch/aten/src/ATen/core/PythonFallbackKernel.cpp:206 [backend fallback]
E       PythonDispatcher: registered at /pytorch/aten/src/ATen/core/PythonFallbackKernel.cpp:198 [backend fallback]

/root/miniconda/envs/python310_torch29_cuda/lib/python3.10/site-packages/torch/_ops.py:841: NotImplementedError

During handling of the above exception, another exception occurred:

monkeypatch = <_pytest.monkeypatch.MonkeyPatch object at 0x7f4a5f811e40>

    @pytest.mark.addmm_dtype_out
    @pytest.mark.skipif(
        utils.SkipVersion("torch", "<2.8"),
        reason="The operator addmm.dtype_out was added starting from 2.8.0",
    )
    def test_addmm_dtype_out(monkeypatch):
        bench = base.BlasBenchmark(
            op_name="addmm_dtype_out",
            input_fn=_input_fn_dtype_out,
            torch_op=lambda bias, mat1, mat2, out_dtype, out: torch.ops.aten.addmm.dtype_out(
                bias, mat1, mat2, out_dtype, beta=1.0, alpha=1.0, out=out
            ),
            dtypes=consts.FP16_BF16_DTYPES,
        )
    
>       bench.run()

test_addmm.py:98: 
_ _ _ _ _ _ _ _ _ _ _ _ _ _ _ _ _ _ _ _ _ _ _ _ _ _ _ _ _ _ _ _ _ _ _ _ _ _ _ _ 

self = <benchmark.base.BlasBenchmark object at 0x7f4a5f66b310>

    def run(self):
        if Config.query:
            self.init_default_config()
            attri = OperationAttribute(
                op_name=self.op_name,
                recommended_core_shapes=self.shapes,
                shape_desc=self.shape_desc,
            )
            print(attri)
            emit_record_logger(attri.to_dict())
            return
    
        self.init_user_config()
        for dtype in self.to_bench_dtypes:
            metrics = []
            input_iter = self.get_input_iter(dtype)
    
            done = False
            while not done:
                try:
                    input = next(input_iter)
                except StopIteration:
                    done = True
                    continue
                except (RuntimeError, Exception) as e:
                    print(
                        f"\033[31mFAILED\033[0m: Operator={self.op_name} "
                        "dtype={dtype} err=<<<{e}>>>"
                    )
                    pytest.fail(str(e))
    
                metric = BenchmarkMetrics()
                try:
                    args, kwargs = self.unpack_to_args_kwargs(input)
                    metric.shape_detail = self.record_shapes(*args, **kwargs)
                    if "latency_base" in self.to_bench_metrics:
                        metric.latency_base = self.get_latency(
                            self.torch_op, *args, **kwargs
                        )
                    if "latency" in self.to_bench_metrics:
                        if self.gems_op:
                            metric.latency = self.get_latency(
                                self.gems_op, *args, **kwargs
                            )
                        else:
                            if self.op_name == "zero_":
                                with flag_gems.use_gems():
                                    metric.latency = self.get_latency(
                                        self.torch_op, *args, **kwargs
                                    )
                            else:
                                # exclude flaggems' zero_ to avoid the overhead of zero_
                                # in do_bench's clear_cache
                                with flag_gems.use_gems(exclude=["zero_"]):
                                    metric.latency = self.get_latency(
                                        self.torch_op, *args, **kwargs
                                    )
                    if "speedup" in self.to_bench_metrics:
                        metric.speedup = metric.latency_base / metric.latency
    
                    if "gbps" in self.to_bench_metrics:
                        metric.gbps_base = self.get_gbps(
                            args, latency=metric.latency_base
                        )
                        metric.gbps = self.get_gbps(args, latency=metric.latency)
    
                    if "tflops" in self.to_bench_metrics:
                        metric.tflops = (
                            self.get_tflops(self.torch_op, *args, **kwargs)
                            / metric.latency
                            / 1e12
                            * 1e3
                        )
                        # utilization = metric.tflops / metric.latency / 1e12 * 1e3
                except (RuntimeError, Exception) as e:
                    metric.error_msg = str(e)
>                   pytest.fail(str(e))  # raise exception again
E                   Failed: Could not run 'aten::addmm.dtype_out' with arguments from the 'CPU' backend. This could be because the operator doesn't exist for this backend, or was omitted during the selective/custom build process (if using custom build). If you are a Facebook employee using PyTorch on mobile, please visit https://fburl.com/ptmfixes for possible resolutions. 'aten::addmm.dtype_out' is only available for these backends: [CUDA, XLA, XPU, Meta, BackendSelect, Python, FuncTorchDynamicLayerBackMode, Functionalize, Named, Conjugate, Negative, ZeroTensor, ADInplaceOrView, AutogradOther, AutogradCPU, AutogradCUDA, AutogradHIP, AutogradXLA, AutogradMPS, AutogradIPU, AutogradXPU, AutogradHPU, AutogradVE, AutogradLazy, AutogradMTIA, AutogradMAIA, AutogradPrivateUse1, AutogradPrivateUse2, AutogradPrivateUse3, AutogradMeta, AutogradNestedTensor, Tracer, AutocastCPU, AutocastMTIA, AutocastMAIA, AutocastXPU, AutocastMPS, AutocastCUDA, FuncTorchBatched, BatchedNestedTensor, FuncTorchVmapMode, Batched, VmapMode, FuncTorchGradWrapper, PythonTLSSnapshot, FuncTorchDynamicLayerFrontMode, PreDispatch, PythonDispatcher].
E                   
E                   CUDA: registered at /home/agent/xpytorch/workspace/8ba19c15-fc11-4377-85f3-84daf8eaab09/XMLIR/python/torch_xmlir/csrc/lazy_tensor/ts_backend/ts_eager_fallback.cpp:375 [backend fallback]
E                   XLA: registered at /home/agent/xpytorch/workspace/8ba19c15-fc11-4377-85f3-84daf8eaab09/XMLIR/python/torch_xmlir/csrc/lazy_tensor/ts_backend/ts_eager_fallback.cpp:364 [backend fallback]
E                   XPU: registered at /home/agent/xpytorch/workspace/8ba19c15-fc11-4377-85f3-84daf8eaab09/XMLIR/python/torch_xmlir/csrc/lazy_tensor/ts_backend/ts_eager_fallback.cpp:371 [backend fallback]
E                   Meta: registered at /root/miniconda/envs/python310_torch29_cuda/lib/python3.10/site-packages/torch/_meta_registrations.py:50 [kernel]
E                   BackendSelect: fallthrough registered at /pytorch/aten/src/ATen/core/BackendSelectFallbackKernel.cpp:3 [backend fallback]
E                   Python: registered at /pytorch/aten/src/ATen/core/PythonFallbackKernel.cpp:194 [backend fallback]
E                   FuncTorchDynamicLayerBackMode: registered at /pytorch/aten/src/ATen/functorch/DynamicLayer.cpp:479 [backend fallback]
E                   Functionalize: registered at /pytorch/build/aten/src/ATen/RegisterFunctionalization_2.cpp:23864 [kernel]
E                   Named: registered at /pytorch/aten/src/ATen/core/NamedRegistrations.cpp:7 [backend fallback]
E                   Conjugate: registered at /pytorch/aten/src/ATen/ConjugateFallback.cpp:17 [backend fallback]
E                   Negative: registered at /pytorch/aten/src/ATen/native/NegateFallback.cpp:18 [backend fallback]
E                   ZeroTensor: registered at /pytorch/aten/src/ATen/ZeroTensorFallback.cpp:115 [backend fallback]
E                   ADInplaceOrView: registered at /pytorch/torch/csrc/autograd/generated/ADInplaceOrViewType_0.cpp:4978 [kernel]
E                   AutogradOther: registered at /pytorch/torch/csrc/autograd/generated/VariableType_2.cpp:20142 [autograd kernel]
E                   AutogradCPU: registered at /pytorch/torch/csrc/autograd/generated/VariableType_2.cpp:20142 [autograd kernel]
E                   AutogradCUDA: registered at /pytorch/torch/csrc/autograd/generated/VariableType_2.cpp:20142 [autograd kernel]
E                   AutogradHIP: registered at /pytorch/torch/csrc/autograd/generated/VariableType_2.cpp:20142 [autograd kernel]
E                   AutogradXLA: registered at /pytorch/torch/csrc/autograd/generated/VariableType_2.cpp:20142 [autograd kernel]
E                   AutogradMPS: registered at /pytorch/torch/csrc/autograd/generated/VariableType_2.cpp:20142 [autograd kernel]
E                   AutogradIPU: registered at /pytorch/torch/csrc/autograd/generated/VariableType_2.cpp:20142 [autograd kernel]
E                   AutogradXPU: registered at /pytorch/torch/csrc/autograd/generated/VariableType_2.cpp:20142 [autograd kernel]
E                   AutogradHPU: registered at /pytorch/torch/csrc/autograd/generated/VariableType_2.cpp:20142 [autograd kernel]
E                   AutogradVE: registered at /pytorch/torch/csrc/autograd/generated/VariableType_2.cpp:20142 [autograd kernel]
E                   AutogradLazy: registered at /pytorch/torch/csrc/autograd/generated/VariableType_2.cpp:20142 [autograd kernel]
E                   AutogradMTIA: registered at /pytorch/torch/csrc/autograd/generated/VariableType_2.cpp:20142 [autograd kernel]
E                   AutogradMAIA: registered at /pytorch/torch/csrc/autograd/generated/VariableType_2.cpp:20142 [autograd kernel]
E                   AutogradPrivateUse1: registered at /pytorch/torch/csrc/autograd/generated/VariableType_2.cpp:20142 [autograd kernel]
E                   AutogradPrivateUse2: registered at /pytorch/torch/csrc/autograd/generated/VariableType_2.cpp:20142 [autograd kernel]
E                   AutogradPrivateUse3: registered at /pytorch/torch/csrc/autograd/generated/VariableType_2.cpp:20142 [autograd kernel]
E                   AutogradMeta: registered at /pytorch/torch/csrc/autograd/generated/VariableType_2.cpp:20142 [autograd kernel]
E                   AutogradNestedTensor: registered at /pytorch/torch/csrc/autograd/generated/VariableType_2.cpp:20142 [autograd kernel]
E                   Tracer: registered at /pytorch/torch/csrc/autograd/generated/TraceType_0.cpp:17237 [kernel]
E                   AutocastCPU: fallthrough registered at /pytorch/aten/src/ATen/autocast_mode.cpp:324 [backend fallback]
E                   AutocastMTIA: fallthrough registered at /pytorch/aten/src/ATen/autocast_mode.cpp:468 [backend fallback]
E                   AutocastMAIA: fallthrough registered at /pytorch/aten/src/ATen/autocast_mode.cpp:506 [backend fallback]
E                   AutocastXPU: fallthrough registered at /pytorch/aten/src/ATen/autocast_mode.cpp:544 [backend fallback]
E                   AutocastMPS: fallthrough registered at /pytorch/aten/src/ATen/autocast_mode.cpp:209 [backend fallback]
E                   AutocastCUDA: fallthrough registered at /pytorch/aten/src/ATen/autocast_mode.cpp:165 [backend fallback]
E                   FuncTorchBatched: registered at /pytorch/aten/src/ATen/functorch/LegacyBatchingRegistrations.cpp:731 [backend fallback]
E                   BatchedNestedTensor: registered at /pytorch/aten/src/ATen/functorch/LegacyBatchingRegistrations.cpp:758 [backend fallback]
E                   FuncTorchVmapMode: fallthrough registered at /pytorch/aten/src/ATen/functorch/VmapModeRegistrations.cpp:27 [backend fallback]
E                   Batched: registered at /pytorch/aten/src/ATen/LegacyBatchingRegistrations.cpp:1075 [backend fallback]
E                   VmapMode: fallthrough registered at /pytorch/aten/src/ATen/VmapModeRegistrations.cpp:33 [backend fallback]
E                   FuncTorchGradWrapper: registered at /pytorch/aten/src/ATen/functorch/TensorWrapper.cpp:210 [backend fallback]
E                   PythonTLSSnapshot: registered at /pytorch/aten/src/ATen/core/PythonFallbackKernel.cpp:202 [backend fallback]
E                   FuncTorchDynamicLayerFrontMode: registered at /pytorch/aten/src/ATen/functorch/DynamicLayer.cpp:475 [backend fallback]
E                   PreDispatch: registered at /pytorch/aten/src/ATen/core/PythonFallbackKernel.cpp:206 [backend fallback]
E                   PythonDispatcher: registered at /pytorch/aten/src/ATen/core/PythonFallbackKernel.cpp:198 [backend fallback]

base.py:480: Failed
=========================== short test summary info ============================
FAILED test_addmm.py::test_addmm_dtype_out - Failed: Could not run 'aten::add...
====================== 1 failed, 950 deselected in 8.28s =======================
