[CMD] pytest -m "adaptive_avg_pool2d" --record json --output accuracy_adaptive_avg_pool2d.json --ref cpu --continue-on-collection-errors -vs
[CWD] /workspace/FlagGems/tests

XCCL /root/miniconda/envs/python310_torch29_cuda/lib/python3.10/site-packages/torch_xmlir/libbkcl.so loaded
[35mSYMBOL_REWRITE [0m[32mtorch success[0m
Processing function: adaptive_avg_pool2d_kernel
Removed 63 operations, kept essential structure
Processing function: adaptive_avg_pool2d_kernel
Removed 64 operations, kept essential structure
Processing function: adaptive_avg_pool2d_kernel
Removed 64 operations, kept essential structure
Processing function: adaptive_avg_pool2d_kernel
Removed 63 operations, kept essential structure
Processing function: adaptive_avg_pool2d_kernel
Removed 63 operations, kept essential structure
Processing function: adaptive_avg_pool2d_kernel
Removed 63 operations, kept essential structure
Processing function: adaptive_avg_pool2d_kernel
Removed 64 operations, kept essential structure
Processing function: adaptive_avg_pool2d_kernel
Removed 91 operations, kept essential structure
Processing function: adaptive_avg_pool2d_kernel
Removed 93 operations, kept essential structure
Processing function: adaptive_avg_pool2d_kernel
Removed 93 operations, kept essential structure
Processing function: adaptive_avg_pool2d_kernel
Removed 91 operations, kept essential structure
Processing function: adaptive_avg_pool2d_kernel
Removed 91 operations, kept essential structure
Processing function: adaptive_avg_pool2d_kernel
Removed 92 operations, kept essential structure
Processing function: adaptive_avg_pool2d_kernel
Removed 92 operations, kept essential structure
Processing function: adaptive_avg_pool2d_kernel
Removed 91 operations, kept essential structure
Processing function: adaptive_avg_pool2d_kernel
Removed 93 operations, kept essential structure
Processing function: adaptive_avg_pool2d_kernel
Removed 93 operations, kept essential structure
Processing function: adaptive_avg_pool2d_kernel
Removed 91 operations, kept essential structure
Processing function: adaptive_avg_pool2d_kernel
Removed 91 operations, kept essential structure
Processing function: adaptive_avg_pool2d_kernel
Removed 92 operations, kept essential structure
Processing function: adaptive_avg_pool2d_kernel
Removed 92 operations, kept essential structure
Processing function: adaptive_avg_pool2d_kernel
Removed 91 operations, kept essential structure
Processing function: adaptive_avg_pool2d_kernel
Removed 93 operations, kept essential structure
Processing function: adaptive_avg_pool2d_kernel
Removed 93 operations, kept essential structure
Processing function: adaptive_avg_pool2d_kernel
Removed 91 operations, kept essential structure
Processing function: adaptive_avg_pool2d_kernel
Removed 91 operations, kept essential structure
Processing function: adaptive_avg_pool2d_kernel
Removed 92 operations, kept essential structure
Processing function: adaptive_avg_pool2d_kernel
Removed 92 operations, kept essential structure
Processing function: adaptive_avg_pool2d_kernel
Removed 91 operations, kept essential structure
Processing function: adaptive_avg_pool2d_kernel
Removed 93 operations, kept essential structure
Processing function: adaptive_avg_pool2d_kernel
Removed 93 operations, kept essential structure
Processing function: adaptive_avg_pool2d_kernel
Removed 91 operations, kept essential structure
Processing function: adaptive_avg_pool2d_kernel
Removed 91 operations, kept essential structure
Processing function: adaptive_avg_pool2d_kernel
Removed 92 operations, kept essential structure
Processing function: adaptive_avg_pool2d_kernel
Removed 92 operations, kept essential structure
Processing function: adaptive_avg_pool2d_kernel
Removed 91 operations, kept essential structure
Processing function: adaptive_avg_pool2d_kernel
Removed 93 operations, kept essential structure
Processing function: adaptive_avg_pool2d_kernel
Removed 93 operations, kept essential structure
Processing function: adaptive_avg_pool2d_kernel
Removed 91 operations, kept essential structure
Processing function: adaptive_avg_pool2d_kernel
Removed 91 operations, kept essential structure
Processing function: adaptive_avg_pool2d_kernel
Removed 92 operations, kept essential structure
Processing function: adaptive_avg_pool2d_kernel
Removed 92 operations, kept essential structure
Processing function: adaptive_avg_pool2d_kernel
Removed 82 operations, kept essential structure
Processing function: adaptive_avg_pool2d_kernel
Removed 84 operations, kept essential structure
Processing function: adaptive_avg_pool2d_kernel
Removed 84 operations, kept essential structure
Processing function: adaptive_avg_pool2d_kernel
Removed 82 operations, kept essential structure
Processing function: adaptive_avg_pool2d_kernel
Removed 82 operations, kept essential structure
Processing function: adaptive_avg_pool2d_kernel
Removed 83 operations, kept essential structure
Processing function: adaptive_avg_pool2d_kernel
Removed 83 operations, kept essential structure
Processing function: adaptive_avg_pool2d_kernel
Removed 91 operations, kept essential structure
Processing function: adaptive_avg_pool2d_kernel
Removed 93 operations, kept essential structure
Processing function: adaptive_avg_pool2d_kernel
Removed 93 operations, kept essential structure
Processing function: adaptive_avg_pool2d_kernel
Removed 91 operations, kept essential structure
Processing function: adaptive_avg_pool2d_kernel
Removed 91 operations, kept essential structure
Processing function: adaptive_avg_pool2d_kernel
Removed 92 operations, kept essential structure
Processing function: adaptive_avg_pool2d_kernel
Removed 92 operations, kept essential structure
Processing function: adaptive_avg_pool2d_kernel
Removed 61 operations, kept essential structure
Processing function: adaptive_avg_pool2d_kernel
Removed 62 operations, kept essential structure
Processing function: adaptive_avg_pool2d_kernel
Removed 62 operations, kept essential structure
Processing function: adaptive_avg_pool2d_kernel
Removed 61 operations, kept essential structure
Processing function: adaptive_avg_pool2d_kernel
Removed 61 operations, kept essential structure
Processing function: adaptive_avg_pool2d_kernel
Removed 61 operations, kept essential structure
Processing function: adaptive_avg_pool2d_kernel
Removed 62 operations, kept essential structure
Processing function: adaptive_avg_pool2d_kernel
Removed 89 operations, kept essential structure
Processing function: adaptive_avg_pool2d_kernel
Removed 91 operations, kept essential structure
Processing function: adaptive_avg_pool2d_kernel
Removed 91 operations, kept essential structure
Processing function: adaptive_avg_pool2d_kernel
Removed 89 operations, kept essential structure
Processing function: adaptive_avg_pool2d_kernel
Removed 89 operations, kept essential structure
Processing function: adaptive_avg_pool2d_kernel
Removed 90 operations, kept essential structure
Processing function: adaptive_avg_pool2d_kernel
Removed 90 operations, kept essential structure
Processing function: adaptive_avg_pool2d_kernel
Removed 89 operations, kept essential structure
Processing function: adaptive_avg_pool2d_kernel
Removed 91 operations, kept essential structure
Processing function: adaptive_avg_pool2d_kernel
Removed 91 operations, kept essential structure
Processing function: adaptive_avg_pool2d_kernel
Removed 89 operations, kept essential structure
Processing function: adaptive_avg_pool2d_kernel
Removed 89 operations, kept essential structure
Processing function: adaptive_avg_pool2d_kernel
Removed 90 operations, kept essential structure
Processing function: adaptive_avg_pool2d_kernel
Removed 90 operations, kept essential structure
Processing function: adaptive_avg_pool2d_kernel
Removed 89 operations, kept essential structure
Processing function: adaptive_avg_pool2d_kernel
Removed 91 operations, kept essential structure
Processing function: adaptive_avg_pool2d_kernel
Removed 91 operations, kept essential structure
Processing function: adaptive_avg_pool2d_kernel
Removed 89 operations, kept essential structure
Processing function: adaptive_avg_pool2d_kernel
Removed 89 operations, kept essential structure
Processing function: adaptive_avg_pool2d_kernel
Removed 90 operations, kept essential structure
Processing function: adaptive_avg_pool2d_kernel
Removed 90 operations, kept essential structure
Processing function: adaptive_avg_pool2d_kernel
Removed 89 operations, kept essential structure
Processing function: adaptive_avg_pool2d_kernel
Removed 91 operations, kept essential structure
Processing function: adaptive_avg_pool2d_kernel
Removed 91 operations, kept essential structure
Processing function: adaptive_avg_pool2d_kernel
Removed 89 operations, kept essential structure
Processing function: adaptive_avg_pool2d_kernel
Removed 89 operations, kept essential structure
Processing function: adaptive_avg_pool2d_kernel
Removed 90 operations, kept essential structure
Processing function: adaptive_avg_pool2d_kernel
Removed 90 operations, kept essential structure
Processing function: adaptive_avg_pool2d_kernel
Removed 89 operations, kept essential structure
Processing function: adaptive_avg_pool2d_kernel
Removed 91 operations, kept essential structure
Processing function: adaptive_avg_pool2d_kernel
Removed 91 operations, kept essential structure
Processing function: adaptive_avg_pool2d_kernel
Removed 89 operations, kept essential structure
Processing function: adaptive_avg_pool2d_kernel
Removed 89 operations, kept essential structure
Processing function: adaptive_avg_pool2d_kernel
Removed 90 operations, kept essential structure
Processing function: adaptive_avg_pool2d_kernel
Removed 90 operations, kept essential structure
Processing function: adaptive_avg_pool2d_kernel
Removed 80 operations, kept essential structure
Processing function: adaptive_avg_pool2d_kernel
Removed 82 operations, kept essential structure
Processing function: adaptive_avg_pool2d_kernel
Removed 82 operations, kept essential structure
Processing function: adaptive_avg_pool2d_kernel
Removed 80 operations, kept essential structure
Processing function: adaptive_avg_pool2d_kernel
Removed 80 operations, kept essential structure
Processing function: adaptive_avg_pool2d_kernel
Removed 81 operations, kept essential structure
Processing function: adaptive_avg_pool2d_kernel
Removed 81 operations, kept essential structure
Processing function: adaptive_avg_pool2d_kernel
Removed 89 operations, kept essential structure
Processing function: adaptive_avg_pool2d_kernel
Removed 91 operations, kept essential structure
Processing function: adaptive_avg_pool2d_kernel
Removed 91 operations, kept essential structure
Processing function: adaptive_avg_pool2d_kernel
Removed 89 operations, kept essential structure
Processing function: adaptive_avg_pool2d_kernel
Removed 89 operations, kept essential structure
Processing function: adaptive_avg_pool2d_kernel
Removed 90 operations, kept essential structure
Processing function: adaptive_avg_pool2d_kernel
Removed 90 operations, kept essential structure
Processing function: adaptive_avg_pool2d_kernel
Removed 63 operations, kept essential structure
Processing function: adaptive_avg_pool2d_kernel
Removed 64 operations, kept essential structure
Processing function: adaptive_avg_pool2d_kernel
Removed 64 operations, kept essential structure
Processing function: adaptive_avg_pool2d_kernel
Removed 63 operations, kept essential structure
Processing function: adaptive_avg_pool2d_kernel
Removed 63 operations, kept essential structure
Processing function: adaptive_avg_pool2d_kernel
Removed 63 operations, kept essential structure
Processing function: adaptive_avg_pool2d_kernel
Removed 64 operations, kept essential structure
Processing function: adaptive_avg_pool2d_kernel
Removed 91 operations, kept essential structure
Processing function: adaptive_avg_pool2d_kernel
Removed 93 operations, kept essential structure
Processing function: adaptive_avg_pool2d_kernel
Removed 93 operations, kept essential structure
Processing function: adaptive_avg_pool2d_kernel
Removed 91 operations, kept essential structure
Processing function: adaptive_avg_pool2d_kernel
Removed 91 operations, kept essential structure
Processing function: adaptive_avg_pool2d_kernel
Removed 92 operations, kept essential structure
Processing function: adaptive_avg_pool2d_kernel
Removed 92 operations, kept essential structure
Processing function: adaptive_avg_pool2d_kernel
Removed 91 operations, kept essential structure
Processing function: adaptive_avg_pool2d_kernel
Removed 93 operations, kept essential structure
Processing function: adaptive_avg_pool2d_kernel
Removed 93 operations, kept essential structure
Processing function: adaptive_avg_pool2d_kernel
Removed 91 operations, kept essential structure
Processing function: adaptive_avg_pool2d_kernel
Removed 91 operations, kept essential structure
Processing function: adaptive_avg_pool2d_kernel
Removed 92 operations, kept essential structure
Processing function: adaptive_avg_pool2d_kernel
Removed 92 operations, kept essential structure
Processing function: adaptive_avg_pool2d_kernel
Removed 91 operations, kept essential structure
Processing function: adaptive_avg_pool2d_kernel
Removed 93 operations, kept essential structure
Processing function: adaptive_avg_pool2d_kernel
Removed 93 operations, kept essential structure
Processing function: adaptive_avg_pool2d_kernel
Removed 91 operations, kept essential structure
Processing function: adaptive_avg_pool2d_kernel
Removed 91 operations, kept essential structure
Processing function: adaptive_avg_pool2d_kernel
Removed 92 operations, kept essential structure
Processing function: adaptive_avg_pool2d_kernel
Removed 92 operations, kept essential structure
Processing function: adaptive_avg_pool2d_kernel
Removed 91 operations, kept essential structure
Processing function: adaptive_avg_pool2d_kernel
Removed 93 operations, kept essential structure
Processing function: adaptive_avg_pool2d_kernel
Removed 93 operations, kept essential structure
Processing function: adaptive_avg_pool2d_kernel
Removed 91 operations, kept essential structure
Processing function: adaptive_avg_pool2d_kernel
Removed 91 operations, kept essential structure
Processing function: adaptive_avg_pool2d_kernel
Removed 92 operations, kept essential structure
Processing function: adaptive_avg_pool2d_kernel
Removed 92 operations, kept essential structure
Processing function: adaptive_avg_pool2d_kernel
Removed 91 operations, kept essential structure
Processing function: adaptive_avg_pool2d_kernel
Removed 93 operations, kept essential structure
Processing function: adaptive_avg_pool2d_kernel
Removed 93 operations, kept essential structure
Processing function: adaptive_avg_pool2d_kernel
Removed 91 operations, kept essential structure
Processing function: adaptive_avg_pool2d_kernel
Removed 91 operations, kept essential structure
Processing function: adaptive_avg_pool2d_kernel
Removed 92 operations, kept essential structure
Processing function: adaptive_avg_pool2d_kernel
Removed 92 operations, kept essential structure
Processing function: adaptive_avg_pool2d_kernel
Removed 82 operations, kept essential structure
Processing function: adaptive_avg_pool2d_kernel
Removed 84 operations, kept essential structure
Processing function: adaptive_avg_pool2d_kernel
Removed 84 operations, kept essential structure
Processing function: adaptive_avg_pool2d_kernel
Removed 82 operations, kept essential structure
Processing function: adaptive_avg_pool2d_kernel
Removed 82 operations, kept essential structure
Processing function: adaptive_avg_pool2d_kernel
Removed 83 operations, kept essential structure
Processing function: adaptive_avg_pool2d_kernel
Removed 83 operations, kept essential structure
Processing function: adaptive_avg_pool2d_kernel
Removed 91 operations, kept essential structure
Processing function: adaptive_avg_pool2d_kernel
Removed 93 operations, kept essential structure
Processing function: adaptive_avg_pool2d_kernel
Removed 93 operations, kept essential structure
Processing function: adaptive_avg_pool2d_kernel
Removed 91 operations, kept essential structure
Processing function: adaptive_avg_pool2d_kernel
Removed 91 operations, kept essential structure
Processing function: adaptive_avg_pool2d_kernel
Removed 92 operations, kept essential structure
Processing function: adaptive_avg_pool2d_kernel
Removed 92 operations, kept essential structure
