[CMD] pytest -m "avg_pool3d_backward" --record json --output accuracy_avg_pool3d_backward.json --ref cpu --continue-on-collection-errors -vs
[CWD] /workspace/FlagGems/tests

XCCL /root/miniconda/envs/python310_torch29_cuda/lib/python3.10/site-packages/torch_xmlir/libbkcl.so loaded
[35mSYMBOL_REWRITE [0m[32mtorch success[0m
loc("/workspace/FlagGems/src/flag_gems/ops/avg_pool3d.py":273:64): error: 'arith.subi' op requires the same type for all operands and results
loc("/workspace/FlagGems/src/flag_gems/ops/avg_pool3d.py":273:64): error: 'arith.subi' op requires the same type for all operands and results
loc("/workspace/FlagGems/src/flag_gems/ops/avg_pool3d.py":273:64): error: 'arith.subi' op requires the same type for all operands and results
loc("/workspace/FlagGems/src/flag_gems/ops/avg_pool3d.py":273:64): error: 'arith.subi' op requires the same type for all operands and results
loc("/workspace/FlagGems/src/flag_gems/ops/avg_pool3d.py":273:64): error: 'arith.subi' op requires the same type for all operands and results
loc("/workspace/FlagGems/src/flag_gems/ops/avg_pool3d.py":273:64): error: 'arith.subi' op requires the same type for all operands and results
loc("/workspace/FlagGems/src/flag_gems/ops/avg_pool3d.py":273:64): error: 'arith.subi' op requires the same type for all operands and results
loc("/workspace/FlagGems/src/flag_gems/ops/avg_pool3d.py":273:64): error: 'arith.subi' op requires the same type for all operands and results
loc("/workspace/FlagGems/src/flag_gems/ops/avg_pool3d.py":273:64): error: 'arith.subi' op requires the same type for all operands and results
loc("/workspace/FlagGems/src/flag_gems/ops/avg_pool3d.py":273:64): error: 'arith.subi' op requires the same type for all operands and results
loc("/workspace/FlagGems/src/flag_gems/ops/avg_pool3d.py":273:64): error: 'arith.subi' op requires the same type for all operands and results
loc("/workspace/FlagGems/src/flag_gems/ops/avg_pool3d.py":273:64): error: 'arith.subi' op requires the same type for all operands and results
loc("/workspace/FlagGems/src/flag_gems/ops/avg_pool3d.py":273:64): error: 'arith.subi' op requires the same type for all operands and results
loc("/workspace/FlagGems/src/flag_gems/ops/avg_pool3d.py":273:64): error: 'arith.subi' op requires the same type for all operands and results
loc("/workspace/FlagGems/src/flag_gems/ops/avg_pool3d.py":273:64): error: 'arith.subi' op requires the same type for all operands and results
loc("/workspace/FlagGems/src/flag_gems/ops/avg_pool3d.py":273:64): error: 'arith.subi' op requires the same type for all operands and results
loc("/workspace/FlagGems/src/flag_gems/ops/avg_pool3d.py":273:64): error: 'arith.subi' op requires the same type for all operands and results
loc("/workspace/FlagGems/src/flag_gems/ops/avg_pool3d.py":273:64): error: 'arith.subi' op requires the same type for all operands and results
loc("/workspace/FlagGems/src/flag_gems/ops/avg_pool3d.py":273:64): error: 'arith.subi' op requires the same type for all operands and results
loc("/workspace/FlagGems/src/flag_gems/ops/avg_pool3d.py":273:64): error: 'arith.subi' op requires the same type for all operands and results
loc("/workspace/FlagGems/src/flag_gems/ops/avg_pool3d.py":273:64): error: 'arith.subi' op requires the same type for all operands and results
loc("/workspace/FlagGems/src/flag_gems/ops/avg_pool3d.py":273:64): error: 'arith.subi' op requires the same type for all operands and results
loc("/workspace/FlagGems/src/flag_gems/ops/avg_pool3d.py":273:64): error: 'arith.subi' op requires the same type for all operands and results
loc("/workspace/FlagGems/src/flag_gems/ops/avg_pool3d.py":273:64): error: 'arith.subi' op requires the same type for all operands and results
loc("/workspace/FlagGems/src/flag_gems/ops/avg_pool3d.py":273:64): error: 'arith.subi' op requires the same type for all operands and results
loc("/workspace/FlagGems/src/flag_gems/ops/avg_pool3d.py":273:64): error: 'arith.subi' op requires the same type for all operands and results
loc("/workspace/FlagGems/src/flag_gems/ops/avg_pool3d.py":273:64): error: 'arith.subi' op requires the same type for all operands and results
loc("/workspace/FlagGems/src/flag_gems/ops/avg_pool3d.py":273:64): error: 'arith.subi' op requires the same type for all operands and results
loc("/workspace/FlagGems/src/flag_gems/ops/avg_pool3d.py":273:64): error: 'arith.subi' op requires the same type for all operands and results
loc("/workspace/FlagGems/src/flag_gems/ops/avg_pool3d.py":273:64): error: 'arith.subi' op requires the same type for all operands and results
loc("/workspace/FlagGems/src/flag_gems/ops/avg_pool3d.py":273:64): error: 'arith.subi' op requires the same type for all operands and results
loc("/workspace/FlagGems/src/flag_gems/ops/avg_pool3d.py":273:64): error: 'arith.subi' op requires the same type for all operands and results
loc("/workspace/FlagGems/src/flag_gems/ops/avg_pool3d.py":273:64): error: 'arith.subi' op requires the same type for all operands and results
loc("/workspace/FlagGems/src/flag_gems/ops/avg_pool3d.py":273:64): error: 'arith.subi' op requires the same type for all operands and results
loc("/workspace/FlagGems/src/flag_gems/ops/avg_pool3d.py":273:64): error: 'arith.subi' op requires the same type for all operands and results
loc("/workspace/FlagGems/src/flag_gems/ops/avg_pool3d.py":273:64): error: 'arith.subi' op requires the same type for all operands and results
loc("/workspace/FlagGems/src/flag_gems/ops/avg_pool3d.py":273:64): error: 'arith.subi' op requires the same type for all operands and results
loc("/workspace/FlagGems/src/flag_gems/ops/avg_pool3d.py":273:64): error: 'arith.subi' op requires the same type for all operands and results
loc("/workspace/FlagGems/src/flag_gems/ops/avg_pool3d.py":273:64): error: 'arith.subi' op requires the same type for all operands and results
loc("/workspace/FlagGems/src/flag_gems/ops/avg_pool3d.py":273:64): error: 'arith.subi' op requires the same type for all operands and results
loc("/workspace/FlagGems/src/flag_gems/ops/avg_pool3d.py":273:64): error: 'arith.subi' op requires the same type for all operands and results
loc("/workspace/FlagGems/src/flag_gems/ops/avg_pool3d.py":273:64): error: 'arith.subi' op requires the same type for all operands and results
loc("/workspace/FlagGems/src/flag_gems/ops/avg_pool3d.py":273:64): error: 'arith.subi' op requires the same type for all operands and results
loc("/workspace/FlagGems/src/flag_gems/ops/avg_pool3d.py":273:64): error: 'arith.subi' op requires the same type for all operands and results
loc("/workspace/FlagGems/src/flag_gems/ops/avg_pool3d.py":273:64): error: 'arith.subi' op requires the same type for all operands and results
loc("/workspace/FlagGems/src/flag_gems/ops/avg_pool3d.py":273:64): error: 'arith.subi' op requires the same type for all operands and results
loc("/workspace/FlagGems/src/flag_gems/ops/avg_pool3d.py":273:64): error: 'arith.subi' op requires the same type for all operands and results
loc("/workspace/FlagGems/src/flag_gems/ops/avg_pool3d.py":273:64): error: 'arith.subi' op requires the same type for all operands and results
loc("/workspace/FlagGems/src/flag_gems/ops/avg_pool3d.py":273:64): error: 'arith.subi' op requires the same type for all operands and results
loc("/workspace/FlagGems/src/flag_gems/ops/avg_pool3d.py":273:64): error: 'arith.subi' op requires the same type for all operands and results
loc("/workspace/FlagGems/src/flag_gems/ops/avg_pool3d.py":273:64): error: 'arith.subi' op requires the same type for all operands and results
loc("/workspace/FlagGems/src/flag_gems/ops/avg_pool3d.py":273:64): error: 'arith.subi' op requires the same type for all operands and results
loc("/workspace/FlagGems/src/flag_gems/ops/avg_pool3d.py":273:64): error: 'arith.subi' op requires the same type for all operands and results
loc("/workspace/FlagGems/src/flag_gems/ops/avg_pool3d.py":273:64): error: 'arith.subi' op requires the same type for all operands and results
loc("/workspace/FlagGems/src/flag_gems/ops/avg_pool3d.py":273:64): error: 'arith.subi' op requires the same type for all operands and results
loc("/workspace/FlagGems/src/flag_gems/ops/avg_pool3d.py":273:64): error: 'arith.subi' op requires the same type for all operands and results
loc("/workspace/FlagGems/src/flag_gems/ops/avg_pool3d.py":273:64): error: 'arith.subi' op requires the same type for all operands and results
loc("/workspace/FlagGems/src/flag_gems/ops/avg_pool3d.py":273:64): error: 'arith.subi' op requires the same type for all operands and results
loc("/workspace/FlagGems/src/flag_gems/ops/avg_pool3d.py":273:64): error: 'arith.subi' op requires the same type for all operands and results
loc("/workspace/FlagGems/src/flag_gems/ops/avg_pool3d.py":273:64): error: 'arith.subi' op requires the same type for all operands and results
loc("/workspace/FlagGems/src/flag_gems/ops/avg_pool3d.py":273:64): error: 'arith.subi' op requires the same type for all operands and results
loc("/workspace/FlagGems/src/flag_gems/ops/avg_pool3d.py":273:64): error: 'arith.subi' op requires the same type for all operands and results
loc("/workspace/FlagGems/src/flag_gems/ops/avg_pool3d.py":273:64): error: 'arith.subi' op requires the same type for all operands and results
loc("/workspace/FlagGems/src/flag_gems/ops/avg_pool3d.py":273:64): error: 'arith.subi' op requires the same type for all operands and results
loc("/workspace/FlagGems/src/flag_gems/ops/avg_pool3d.py":273:64): error: 'arith.subi' op requires the same type for all operands and results
loc("/workspace/FlagGems/src/flag_gems/ops/avg_pool3d.py":273:64): error: 'arith.subi' op requires the same type for all operands and results
loc("/workspace/FlagGems/src/flag_gems/ops/avg_pool3d.py":273:64): error: 'arith.subi' op requires the same type for all operands and results
loc("/workspace/FlagGems/src/flag_gems/ops/avg_pool3d.py":273:64): error: 'arith.subi' op requires the same type for all operands and results
loc("/workspace/FlagGems/src/flag_gems/ops/avg_pool3d.py":273:64): error: 'arith.subi' op requires the same type for all operands and results
loc("/workspace/FlagGems/src/flag_gems/ops/avg_pool3d.py":273:64): error: 'arith.subi' op requires the same type for all operands and results
loc("/workspace/FlagGems/src/flag_gems/ops/avg_pool3d.py":273:64): error: 'arith.subi' op requires the same type for all operands and results
loc("/workspace/FlagGems/src/flag_gems/ops/avg_pool3d.py":273:64): error: 'arith.subi' op requires the same type for all operands and results
loc("/workspace/FlagGems/src/flag_gems/ops/avg_pool3d.py":273:64): error: 'arith.subi' op requires the same type for all operands and results
loc("/workspace/FlagGems/src/flag_gems/ops/avg_pool3d.py":273:64): error: 'arith.subi' op requires the same type for all operands and results
loc("/workspace/FlagGems/src/flag_gems/ops/avg_pool3d.py":273:64): error: 'arith.subi' op requires the same type for all operands and results
loc("/workspace/FlagGems/src/flag_gems/ops/avg_pool3d.py":273:64): error: 'arith.subi' op requires the same type for all operands and results
loc("/workspace/FlagGems/src/flag_gems/ops/avg_pool3d.py":273:64): error: 'arith.subi' op requires the same type for all operands and results
loc("/workspace/FlagGems/src/flag_gems/ops/avg_pool3d.py":273:64): error: 'arith.subi' op requires the same type for all operands and results
loc("/workspace/FlagGems/src/flag_gems/ops/avg_pool3d.py":273:64): error: 'arith.subi' op requires the same type for all operands and results
loc("/workspace/FlagGems/src/flag_gems/ops/avg_pool3d.py":273:64): error: 'arith.subi' op requires the same type for all operands and results
loc("/workspace/FlagGems/src/flag_gems/ops/avg_pool3d.py":273:64): error: 'arith.subi' op requires the same type for all operands and results
loc("/workspace/FlagGems/src/flag_gems/ops/avg_pool3d.py":273:64): error: 'arith.subi' op requires the same type for all operands and results
loc("/workspace/FlagGems/src/flag_gems/ops/avg_pool3d.py":273:64): error: 'arith.subi' op requires the same type for all operands and results
loc("/workspace/FlagGems/src/flag_gems/ops/avg_pool3d.py":273:64): error: 'arith.subi' op requires the same type for all operands and results
loc("/workspace/FlagGems/src/flag_gems/ops/avg_pool3d.py":273:64): error: 'arith.subi' op requires the same type for all operands and results
loc("/workspace/FlagGems/src/flag_gems/ops/avg_pool3d.py":273:64): error: 'arith.subi' op requires the same type for all operands and results
loc("/workspace/FlagGems/src/flag_gems/ops/avg_pool3d.py":273:64): error: 'arith.subi' op requires the same type for all operands and results
loc("/workspace/FlagGems/src/flag_gems/ops/avg_pool3d.py":273:64): error: 'arith.subi' op requires the same type for all operands and results
loc("/workspace/FlagGems/src/flag_gems/ops/avg_pool3d.py":273:64): error: 'arith.subi' op requires the same type for all operands and results
loc("/workspace/FlagGems/src/flag_gems/ops/avg_pool3d.py":273:64): error: 'arith.subi' op requires the same type for all operands and results
loc("/workspace/FlagGems/src/flag_gems/ops/avg_pool3d.py":273:64): error: 'arith.subi' op requires the same type for all operands and results
loc("/workspace/FlagGems/src/flag_gems/ops/avg_pool3d.py":273:64): error: 'arith.subi' op requires the same type for all operands and results
loc("/workspace/FlagGems/src/flag_gems/ops/avg_pool3d.py":273:64): error: 'arith.subi' op requires the same type for all operands and results
loc("/workspace/FlagGems/src/flag_gems/ops/avg_pool3d.py":273:64): error: 'arith.subi' op requires the same type for all operands and results
loc("/workspace/FlagGems/src/flag_gems/ops/avg_pool3d.py":273:64): error: 'arith.subi' op requires the same type for all operands and results
loc("/workspace/FlagGems/src/flag_gems/ops/avg_pool3d.py":273:64): error: 'arith.subi' op requires the same type for all operands and results
loc("/workspace/FlagGems/src/flag_gems/ops/avg_pool3d.py":273:64): error: 'arith.subi' op requires the same type for all operands and results
loc("/workspace/FlagGems/src/flag_gems/ops/avg_pool3d.py":273:64): error: 'arith.subi' op requires the same type for all operands and results
loc("/workspace/FlagGems/src/flag_gems/ops/avg_pool3d.py":273:64): error: 'arith.subi' op requires the same type for all operands and results
loc("/workspace/FlagGems/src/flag_gems/ops/avg_pool3d.py":273:64): error: 'arith.subi' op requires the same type for all operands and results
loc("/workspace/FlagGems/src/flag_gems/ops/avg_pool3d.py":273:64): error: 'arith.subi' op requires the same type for all operands and results
loc("/workspace/FlagGems/src/flag_gems/ops/avg_pool3d.py":273:64): error: 'arith.subi' op requires the same type for all operands and results
loc("/workspace/FlagGems/src/flag_gems/ops/avg_pool3d.py":273:64): error: 'arith.subi' op requires the same type for all operands and results
loc("/workspace/FlagGems/src/flag_gems/ops/avg_pool3d.py":273:64): error: 'arith.subi' op requires the same type for all operands and results
loc("/workspace/FlagGems/src/flag_gems/ops/avg_pool3d.py":273:64): error: 'arith.subi' op requires the same type for all operands and results
loc("/workspace/FlagGems/src/flag_gems/ops/avg_pool3d.py":273:64): error: 'arith.subi' op requires the same type for all operands and results
loc("/workspace/FlagGems/src/flag_gems/ops/avg_pool3d.py":273:64): error: 'arith.subi' op requires the same type for all operands and results
loc("/workspace/FlagGems/src/flag_gems/ops/avg_pool3d.py":273:64): error: 'arith.subi' op requires the same type for all operands and results
loc("/workspace/FlagGems/src/flag_gems/ops/avg_pool3d.py":273:64): error: 'arith.subi' op requires the same type for all operands and results
loc("/workspace/FlagGems/src/flag_gems/ops/avg_pool3d.py":273:64): error: 'arith.subi' op requires the same type for all operands and results
loc("/workspace/FlagGems/src/flag_gems/ops/avg_pool3d.py":273:64): error: 'arith.subi' op requires the same type for all operands and results
loc("/workspace/FlagGems/src/flag_gems/ops/avg_pool3d.py":273:64): error: 'arith.subi' op requires the same type for all operands and results
loc("/workspace/FlagGems/src/flag_gems/ops/avg_pool3d.py":273:64): error: 'arith.subi' op requires the same type for all operands and results
loc("/workspace/FlagGems/src/flag_gems/ops/avg_pool3d.py":273:64): error: 'arith.subi' op requires the same type for all operands and results
loc("/workspace/FlagGems/src/flag_gems/ops/avg_pool3d.py":273:64): error: 'arith.subi' op requires the same type for all operands and results
loc("/workspace/FlagGems/src/flag_gems/ops/avg_pool3d.py":273:64): error: 'arith.subi' op requires the same type for all operands and results
loc("/workspace/FlagGems/src/flag_gems/ops/avg_pool3d.py":273:64): error: 'arith.subi' op requires the same type for all operands and results
loc("/workspace/FlagGems/src/flag_gems/ops/avg_pool3d.py":273:64): error: 'arith.subi' op requires the same type for all operands and results
loc("/workspace/FlagGems/src/flag_gems/ops/avg_pool3d.py":273:64): error: 'arith.subi' op requires the same type for all operands and results
loc("/workspace/FlagGems/src/flag_gems/ops/avg_pool3d.py":273:64): error: 'arith.subi' op requires the same type for all operands and results
loc("/workspace/FlagGems/src/flag_gems/ops/avg_pool3d.py":273:64): error: 'arith.subi' op requires the same type for all operands and results
loc("/workspace/FlagGems/src/flag_gems/ops/avg_pool3d.py":273:64): error: 'arith.subi' op requires the same type for all operands and results
loc("/workspace/FlagGems/src/flag_gems/ops/avg_pool3d.py":273:64): error: 'arith.subi' op requires the same type for all operands and results
loc("/workspace/FlagGems/src/flag_gems/ops/avg_pool3d.py":273:64): error: 'arith.subi' op requires the same type for all operands and results
loc("/workspace/FlagGems/src/flag_gems/ops/avg_pool3d.py":273:64): error: 'arith.subi' op requires the same type for all operands and results
loc("/workspace/FlagGems/src/flag_gems/ops/avg_pool3d.py":273:64): error: 'arith.subi' op requires the same type for all operands and results
loc("/workspace/FlagGems/src/flag_gems/ops/avg_pool3d.py":273:64): error: 'arith.subi' op requires the same type for all operands and results
loc("/workspace/FlagGems/src/flag_gems/ops/avg_pool3d.py":273:64): error: 'arith.subi' op requires the same type for all operands and results
loc("/workspace/FlagGems/src/flag_gems/ops/avg_pool3d.py":273:64): error: 'arith.subi' op requires the same type for all operands and results
loc("/workspace/FlagGems/src/flag_gems/ops/avg_pool3d.py":273:64): error: 'arith.subi' op requires the same type for all operands and results
loc("/workspace/FlagGems/src/flag_gems/ops/avg_pool3d.py":273:64): error: 'arith.subi' op requires the same type for all operands and results
loc("/workspace/FlagGems/src/flag_gems/ops/avg_pool3d.py":273:64): error: 'arith.subi' op requires the same type for all operands and results
loc("/workspace/FlagGems/src/flag_gems/ops/avg_pool3d.py":273:64): error: 'arith.subi' op requires the same type for all operands and results
loc("/workspace/FlagGems/src/flag_gems/ops/avg_pool3d.py":273:64): error: 'arith.subi' op requires the same type for all operands and results
loc("/workspace/FlagGems/src/flag_gems/ops/avg_pool3d.py":273:64): error: 'arith.subi' op requires the same type for all operands and results
loc("/workspace/FlagGems/src/flag_gems/ops/avg_pool3d.py":273:64): error: 'arith.subi' op requires the same type for all operands and results
loc("/workspace/FlagGems/src/flag_gems/ops/avg_pool3d.py":273:64): error: 'arith.subi' op requires the same type for all operands and results
loc("/workspace/FlagGems/src/flag_gems/ops/avg_pool3d.py":273:64): error: 'arith.subi' op requires the same type for all operands and results
loc("/workspace/FlagGems/src/flag_gems/ops/avg_pool3d.py":273:64): error: 'arith.subi' op requires the same type for all operands and results
loc("/workspace/FlagGems/src/flag_gems/ops/avg_pool3d.py":273:64): error: 'arith.subi' op requires the same type for all operands and results
loc("/workspace/FlagGems/src/flag_gems/ops/avg_pool3d.py":273:64): error: 'arith.subi' op requires the same type for all operands and results
loc("/workspace/FlagGems/src/flag_gems/ops/avg_pool3d.py":273:64): error: 'arith.subi' op requires the same type for all operands and results
loc("/workspace/FlagGems/src/flag_gems/ops/avg_pool3d.py":273:64): error: 'arith.subi' op requires the same type for all operands and results
loc("/workspace/FlagGems/src/flag_gems/ops/avg_pool3d.py":273:64): error: 'arith.subi' op requires the same type for all operands and results
loc("/workspace/FlagGems/src/flag_gems/ops/avg_pool3d.py":273:64): error: 'arith.subi' op requires the same type for all operands and results
loc("/workspace/FlagGems/src/flag_gems/ops/avg_pool3d.py":273:64): error: 'arith.subi' op requires the same type for all operands and results
loc("/workspace/FlagGems/src/flag_gems/ops/avg_pool3d.py":273:64): error: 'arith.subi' op requires the same type for all operands and results
loc("/workspace/FlagGems/src/flag_gems/ops/avg_pool3d.py":273:64): error: 'arith.subi' op requires the same type for all operands and results
loc("/workspace/FlagGems/src/flag_gems/ops/avg_pool3d.py":273:64): error: 'arith.subi' op requires the same type for all operands and results
loc("/workspace/FlagGems/src/flag_gems/ops/avg_pool3d.py":273:64): error: 'arith.subi' op requires the same type for all operands and results
loc("/workspace/FlagGems/src/flag_gems/ops/avg_pool3d.py":273:64): error: 'arith.subi' op requires the same type for all operands and results
loc("/workspace/FlagGems/src/flag_gems/ops/avg_pool3d.py":273:64): error: 'arith.subi' op requires the same type for all operands and results
loc("/workspace/FlagGems/src/flag_gems/ops/avg_pool3d.py":273:64): error: 'arith.subi' op requires the same type for all operands and results
loc("/workspace/FlagGems/src/flag_gems/ops/avg_pool3d.py":273:64): error: 'arith.subi' op requires the same type for all operands and results
loc("/workspace/FlagGems/src/flag_gems/ops/avg_pool3d.py":273:64): error: 'arith.subi' op requires the same type for all operands and results
loc("/workspace/FlagGems/src/flag_gems/ops/avg_pool3d.py":273:64): error: 'arith.subi' op requires the same type for all operands and results
loc("/workspace/FlagGems/src/flag_gems/ops/avg_pool3d.py":273:64): error: 'arith.subi' op requires the same type for all operands and results
loc("/workspace/FlagGems/src/flag_gems/ops/avg_pool3d.py":273:64): error: 'arith.subi' op requires the same type for all operands and results
loc("/workspace/FlagGems/src/flag_gems/ops/avg_pool3d.py":273:64): error: 'arith.subi' op requires the same type for all operands and results
loc("/workspace/FlagGems/src/flag_gems/ops/avg_pool3d.py":273:64): error: 'arith.subi' op requires the same type for all operands and results
loc("/workspace/FlagGems/src/flag_gems/ops/avg_pool3d.py":273:64): error: 'arith.subi' op requires the same type for all operands and results
loc("/workspace/FlagGems/src/flag_gems/ops/avg_pool3d.py":273:64): error: 'arith.subi' op requires the same type for all operands and results
loc("/workspace/FlagGems/src/flag_gems/ops/avg_pool3d.py":273:64): error: 'arith.subi' op requires the same type for all operands and results
loc("/workspace/FlagGems/src/flag_gems/ops/avg_pool3d.py":273:64): error: 'arith.subi' op requires the same type for all operands and results
loc("/workspace/FlagGems/src/flag_gems/ops/avg_pool3d.py":273:64): error: 'arith.subi' op requires the same type for all operands and results
loc("/workspace/FlagGems/src/flag_gems/ops/avg_pool3d.py":273:64): error: 'arith.subi' op requires the same type for all operands and results
loc("/workspace/FlagGems/src/flag_gems/ops/avg_pool3d.py":273:64): error: 'arith.subi' op requires the same type for all operands and results
loc("/workspace/FlagGems/src/flag_gems/ops/avg_pool3d.py":273:64): error: 'arith.subi' op requires the same type for all operands and results
loc("/workspace/FlagGems/src/flag_gems/ops/avg_pool3d.py":273:64): error: 'arith.subi' op requires the same type for all operands and results
loc("/workspace/FlagGems/src/flag_gems/ops/avg_pool3d.py":273:64): error: 'arith.subi' op requires the same type for all operands and results
loc("/workspace/FlagGems/src/flag_gems/ops/avg_pool3d.py":273:64): error: 'arith.subi' op requires the same type for all operands and results
loc("/workspace/FlagGems/src/flag_gems/ops/avg_pool3d.py":273:64): error: 'arith.subi' op requires the same type for all operands and results
loc("/workspace/FlagGems/src/flag_gems/ops/avg_pool3d.py":273:64): error: 'arith.subi' op requires the same type for all operands and results
loc("/workspace/FlagGems/src/flag_gems/ops/avg_pool3d.py":273:64): error: 'arith.subi' op requires the same type for all operands and results
loc("/workspace/FlagGems/src/flag_gems/ops/avg_pool3d.py":273:64): error: 'arith.subi' op requires the same type for all operands and results
loc("/workspace/FlagGems/src/flag_gems/ops/avg_pool3d.py":273:64): error: 'arith.subi' op requires the same type for all operands and results
loc("/workspace/FlagGems/src/flag_gems/ops/avg_pool3d.py":273:64): error: 'arith.subi' op requires the same type for all operands and results
loc("/workspace/FlagGems/src/flag_gems/ops/avg_pool3d.py":273:64): error: 'arith.subi' op requires the same type for all operands and results
loc("/workspace/FlagGems/src/flag_gems/ops/avg_pool3d.py":273:64): error: 'arith.subi' op requires the same type for all operands and results
loc("/workspace/FlagGems/src/flag_gems/ops/avg_pool3d.py":273:64): error: 'arith.subi' op requires the same type for all operands and results
loc("/workspace/FlagGems/src/flag_gems/ops/avg_pool3d.py":273:64): error: 'arith.subi' op requires the same type for all operands and results
loc("/workspace/FlagGems/src/flag_gems/ops/avg_pool3d.py":273:64): error: 'arith.subi' op requires the same type for all operands and results
loc("/workspace/FlagGems/src/flag_gems/ops/avg_pool3d.py":273:64): error: 'arith.subi' op requires the same type for all operands and results
loc("/workspace/FlagGems/src/flag_gems/ops/avg_pool3d.py":273:64): error: 'arith.subi' op requires the same type for all operands and results
loc("/workspace/FlagGems/src/flag_gems/ops/avg_pool3d.py":273:64): error: 'arith.subi' op requires the same type for all operands and results
loc("/workspace/FlagGems/src/flag_gems/ops/avg_pool3d.py":273:64): error: 'arith.subi' op requires the same type for all operands and results
loc("/workspace/FlagGems/src/flag_gems/ops/avg_pool3d.py":273:64): error: 'arith.subi' op requires the same type for all operands and results
loc("/workspace/FlagGems/src/flag_gems/ops/avg_pool3d.py":273:64): error: 'arith.subi' op requires the same type for all operands and results
loc("/workspace/FlagGems/src/flag_gems/ops/avg_pool3d.py":273:64): error: 'arith.subi' op requires the same type for all operands and results
loc("/workspace/FlagGems/src/flag_gems/ops/avg_pool3d.py":273:64): error: 'arith.subi' op requires the same type for all operands and results
loc("/workspace/FlagGems/src/flag_gems/ops/avg_pool3d.py":273:64): error: 'arith.subi' op requires the same type for all operands and results
loc("/workspace/FlagGems/src/flag_gems/ops/avg_pool3d.py":273:64): error: 'arith.subi' op requires the same type for all operands and results
