============================= test session starts ==============================
platform linux -- Python 3.10.18, pytest-9.1.1, pluggy-1.6.0
rootdir: /workspace/FlagGems
configfile: pytest.ini
plugins: anyio-4.9.0, typeguard-4.3.0
collected 951 items / 949 deselected / 2 selected

test_unique_dim.py FF                                                    [100%]

=================================== FAILURES ===================================
_____________________________ test_unique_dim_dim0 _____________________________

self = <benchmark.base.GenericBenchmark2DOnly object at 0x7f92f27f3df0>

    def run(self):
        if Config.query:
            self.init_default_config()
            attri = OperationAttribute(
                op_name=self.op_name,
                recommended_core_shapes=self.shapes,
                shape_desc=self.shape_desc,
            )
            print(attri)
            emit_record_logger(attri.to_dict())
            return
    
        self.init_user_config()
        for dtype in self.to_bench_dtypes:
            metrics = []
            input_iter = self.get_input_iter(dtype)
    
            done = False
            while not done:
                try:
                    input = next(input_iter)
                except StopIteration:
                    done = True
                    continue
                except (RuntimeError, Exception) as e:
                    print(
                        f"\033[31mFAILED\033[0m: Operator={self.op_name} "
                        "dtype={dtype} err=<<<{e}>>>"
                    )
                    pytest.fail(str(e))
    
                metric = BenchmarkMetrics()
                try:
                    args, kwargs = self.unpack_to_args_kwargs(input)
                    metric.shape_detail = self.record_shapes(*args, **kwargs)
                    if "latency_base" in self.to_bench_metrics:
>                       metric.latency_base = self.get_latency(
                            self.torch_op, *args, **kwargs
                        )

base.py:440: 
_ _ _ _ _ _ _ _ _ _ _ _ _ _ _ _ _ _ _ _ _ _ _ _ _ _ _ _ _ _ _ _ _ _ _ _ _ _ _ _ 
base.py:318: in get_latency
    latency = do_bench(
/root/miniconda/envs/python310_torch29_cuda/lib/python3.10/site-packages/triton/testing.py:103: in do_bench
    fn()
base.py:288: in <lambda>
    fn = lambda: op(*args, **kwargs)
/root/miniconda/envs/python310_torch29_cuda/lib/python3.10/site-packages/torch/_jit_internal.py:625: in fn
    return if_true(*args, **kwargs)
/root/miniconda/envs/python310_torch29_cuda/lib/python3.10/site-packages/torch/_jit_internal.py:627: in fn
    return if_false(*args, **kwargs)
/root/miniconda/envs/python310_torch29_cuda/lib/python3.10/site-packages/torch/functional.py:1069: in _return_inverse
    output, inverse_indices, _ = _unique_impl(
_ _ _ _ _ _ _ _ _ _ _ _ _ _ _ _ _ _ _ _ _ _ _ _ _ _ _ _ _ _ _ _ _ _ _ _ _ _ _ _ 

input = tensor([[ 24922, -11333, -11303,  ...,  18526, -18218, -18781],
        [  -914, -22195,  30383,  ...,  30803,   5252,...3,  21737],
        [ 31093,  30832,   3486,  ...,  29864, -25536,  10217]],
       device='cuda:0', dtype=torch.int16)
sorted = True, return_inverse = True, return_counts = False, dim = 0

    def _unique_impl(
        input: Tensor,
        sorted: bool = True,
        return_inverse: bool = False,
        return_counts: bool = False,
        dim: Optional[int] = None,
    ) -> _unique_impl_out:
        r"""unique(input, sorted=True, return_inverse=False, return_counts=False, dim=None) -> tuple[Tensor, Tensor, Tensor]
    
        Returns the unique elements of the input tensor.
    
        .. note:: This function is different from :func:`torch.unique_consecutive` in the sense that
            this function also eliminates non-consecutive duplicate values.
    
        .. note:: Currently in the CUDA implementation and the CPU implementation,
            `torch.unique` always sort the tensor at the beginning regardless of the `sort` argument.
            Sorting could be slow, so if your input tensor is already sorted, it is recommended to use
            :func:`torch.unique_consecutive` which avoids the sorting.
    
        Args:
            input (Tensor): the input tensor
            sorted (bool): Whether to sort the unique elements in ascending order
                before returning as output.
            return_inverse (bool): Whether to also return the indices for where
                elements in the original input ended up in the returned unique list.
            return_counts (bool): Whether to also return the counts for each unique
                element.
            dim (int, optional): the dimension to operate upon. If ``None``, the
                unique of the flattened input is returned. Otherwise, each of the
                tensors indexed by the given dimension is treated as one of the
                elements to apply the unique operation upon. See examples for more
                details. Default: ``None``
    
        Returns:
            (Tensor, Tensor (optional), Tensor (optional)): A tensor or a tuple of tensors containing
    
                - **output** (*Tensor*): the output list of unique scalar elements.
                - **inverse_indices** (*Tensor*): (optional) if
                  :attr:`return_inverse` is True, there will be an additional
                  returned tensor (same shape as input) representing the indices
                  for where elements in the original input map to in the output;
                  otherwise, this function will only return a single tensor.
                - **counts** (*Tensor*): (optional) if
                  :attr:`return_counts` is True, there will be an additional
                  returned tensor (same shape as output or output.size(dim),
                  if dim was specified) representing the number of occurrences
                  for each unique value or tensor.
    
        Example::
    
            >>> output = torch.unique(torch.tensor([1, 3, 2, 3], dtype=torch.long))
            >>> output
            tensor([1, 2, 3])
    
            >>> output, inverse_indices = torch.unique(
            ...     torch.tensor([1, 3, 2, 3], dtype=torch.long), sorted=True, return_inverse=True)
            >>> output
            tensor([1, 2, 3])
            >>> inverse_indices
            tensor([0, 2, 1, 2])
    
            >>> output, inverse_indices = torch.unique(
            ...     torch.tensor([[1, 3], [2, 3]], dtype=torch.long), sorted=True, return_inverse=True)
            >>> output
            tensor([1, 2, 3])
            >>> inverse_indices
            tensor([[0, 2],
                    [1, 2]])
    
            >>> a = torch.tensor([
            ...     [
            ...         [1, 1, 0, 0],
            ...         [1, 1, 0, 0],
            ...         [0, 0, 1, 1],
            ...     ],
            ...     [
            ...         [0, 0, 1, 1],
            ...         [0, 0, 1, 1],
            ...         [1, 1, 1, 1],
            ...     ],
            ...     [
            ...         [1, 1, 0, 0],
            ...         [1, 1, 0, 0],
            ...         [0, 0, 1, 1],
            ...     ],
            ... ])
    
            >>> # If we call `torch.unique(a, dim=0)`, each of the tensors `a[idx, :, :]`
            >>> # will be compared. We can see that `a[0, :, :]` and `a[2, :, :]` match
            >>> # each other, so one of them will be removed.
            >>> (a[0, :, :] == a[2, :, :]).all()
            tensor(True)
            >>> a_unique_dim0 = torch.unique(a, dim=0)
            >>> a_unique_dim0
            tensor([[[0, 0, 1, 1],
                     [0, 0, 1, 1],
                     [1, 1, 1, 1]],
                    [[1, 1, 0, 0],
                     [1, 1, 0, 0],
                     [0, 0, 1, 1]]])
    
            >>> # Notice which sub-tensors from `a` match with the sub-tensors from
            >>> # `a_unique_dim0`:
            >>> (a_unique_dim0[0, :, :] == a[1, :, :]).all()
            tensor(True)
            >>> (a_unique_dim0[1, :, :] == a[0, :, :]).all()
            tensor(True)
    
            >>> # For `torch.unique(a, dim=1)`, each of the tensors `a[:, idx, :]` are
            >>> # compared. `a[:, 0, :]` and `a[:, 1, :]` match each other, so one of
            >>> # them will be removed.
            >>> (a[:, 0, :] == a[:, 1, :]).all()
            tensor(True)
            >>> torch.unique(a, dim=1)
            tensor([[[0, 0, 1, 1],
                     [1, 1, 0, 0]],
                    [[1, 1, 1, 1],
                     [0, 0, 1, 1]],
                    [[0, 0, 1, 1],
                     [1, 1, 0, 0]]])
    
            >>> # For `torch.unique(a, dim=2)`, the tensors `a[:, :, idx]` are compared.
            >>> # `a[:, :, 0]` and `a[:, :, 1]` match each other. Also, `a[:, :, 2]` and
            >>> # `a[:, :, 3]` match each other as well. So in this case, two of the
            >>> # sub-tensors will be removed.
            >>> (a[:, :, 0] == a[:, :, 1]).all()
            tensor(True)
            >>> (a[:, :, 2] == a[:, :, 3]).all()
            tensor(True)
            >>> torch.unique(a, dim=2)
            tensor([[[0, 1],
                     [0, 1],
                     [1, 0]],
                    [[1, 0],
                     [1, 0],
                     [1, 1]],
                    [[0, 1],
                     [0, 1],
                     [1, 0]]])
        """
        if has_torch_function_unary(input):
            return handle_torch_function(
                unique,
                (input,),
                input,
                sorted=sorted,
                return_inverse=return_inverse,
                return_counts=return_counts,
                dim=dim,
            )
    
        if dim is not None:
>           output, inverse_indices, counts = _VF.unique_dim(
                input,
                dim,
                sorted=sorted,
                return_inverse=return_inverse,
                return_counts=return_counts,
            )
E           RuntimeError: [NOT IMPLEMENTED]: error code= 4(at /home/agent/xpytorch/workspace/8ba19c15-fc11-4377-85f3-84daf8eaab09/XMLIR/python/torch_xmlir/csrc/aten_capture/eager_customized/unique_dim.cpp:149)

/root/miniconda/envs/python310_torch29_cuda/lib/python3.10/site-packages/torch/functional.py:938: RuntimeError

During handling of the above exception, another exception occurred:

    @pytest.mark.unique_dim
    def test_unique_dim_dim0():
        bench = base.GenericBenchmark2DOnly(
            input_fn=_input_fn_dim0,
            op_name="unique_dim",
            torch_op=torch.unique,
            dtypes=consts.INT_DTYPES,
        )
>       bench.run()

test_unique_dim.py:49: 
_ _ _ _ _ _ _ _ _ _ _ _ _ _ _ _ _ _ _ _ _ _ _ _ _ _ _ _ _ _ _ _ _ _ _ _ _ _ _ _ 

self = <benchmark.base.GenericBenchmark2DOnly object at 0x7f92f27f3df0>

    def run(self):
        if Config.query:
            self.init_default_config()
            attri = OperationAttribute(
                op_name=self.op_name,
                recommended_core_shapes=self.shapes,
                shape_desc=self.shape_desc,
            )
            print(attri)
            emit_record_logger(attri.to_dict())
            return
    
        self.init_user_config()
        for dtype in self.to_bench_dtypes:
            metrics = []
            input_iter = self.get_input_iter(dtype)
    
            done = False
            while not done:
                try:
                    input = next(input_iter)
                except StopIteration:
                    done = True
                    continue
                except (RuntimeError, Exception) as e:
                    print(
                        f"\033[31mFAILED\033[0m: Operator={self.op_name} "
                        "dtype={dtype} err=<<<{e}>>>"
                    )
                    pytest.fail(str(e))
    
                metric = BenchmarkMetrics()
                try:
                    args, kwargs = self.unpack_to_args_kwargs(input)
                    metric.shape_detail = self.record_shapes(*args, **kwargs)
                    if "latency_base" in self.to_bench_metrics:
                        metric.latency_base = self.get_latency(
                            self.torch_op, *args, **kwargs
                        )
                    if "latency" in self.to_bench_metrics:
                        if self.gems_op:
                            metric.latency = self.get_latency(
                                self.gems_op, *args, **kwargs
                            )
                        else:
                            if self.op_name == "zero_":
                                with flag_gems.use_gems():
                                    metric.latency = self.get_latency(
                                        self.torch_op, *args, **kwargs
                                    )
                            else:
                                # exclude flaggems' zero_ to avoid the overhead of zero_
                                # in do_bench's clear_cache
                                with flag_gems.use_gems(exclude=["zero_"]):
                                    metric.latency = self.get_latency(
                                        self.torch_op, *args, **kwargs
                                    )
                    if "speedup" in self.to_bench_metrics:
                        metric.speedup = metric.latency_base / metric.latency
    
                    if "gbps" in self.to_bench_metrics:
                        metric.gbps_base = self.get_gbps(
                            args, latency=metric.latency_base
                        )
                        metric.gbps = self.get_gbps(args, latency=metric.latency)
    
                    if "tflops" in self.to_bench_metrics:
                        metric.tflops = (
                            self.get_tflops(self.torch_op, *args, **kwargs)
                            / metric.latency
                            / 1e12
                            * 1e3
                        )
                        # utilization = metric.tflops / metric.latency / 1e12 * 1e3
                except (RuntimeError, Exception) as e:
                    metric.error_msg = str(e)
>                   pytest.fail(str(e))  # raise exception again
E                   Failed: [NOT IMPLEMENTED]: error code= 4(at /home/agent/xpytorch/workspace/8ba19c15-fc11-4377-85f3-84daf8eaab09/XMLIR/python/torch_xmlir/csrc/aten_capture/eager_customized/unique_dim.cpp:149)

base.py:480: Failed
----------------------------- Captured stdout call -----------------------------
[[31mERROR[0m][XDNN_PYTORCH][/home/agent/xpytorch/workspace/8ba19c15-fc11-4377-85f3-84daf8eaab09/XMLIR/xdnn_pytorch/src/xdnn_pytorch_wrapper/unique_dim.cpp:258]scalar type of ret0 : kint16 is unsupported in xdnn_pytorch_wrapper !

[XDNN_UNIMPLEMENTED][/home/agent/xpytorch/workspace/8ba19c15-fc11-4377-85f3-84daf8eaab09/XMLIR/xdnn_pytorch/src/xdnn_pytorch_wrapper/unique_dim.cpp:258]
_____________________________ test_unique_dim_dim1 _____________________________

self = <benchmark.base.GenericBenchmark2DOnly object at 0x7f92e1fc5600>

    def run(self):
        if Config.query:
            self.init_default_config()
            attri = OperationAttribute(
                op_name=self.op_name,
                recommended_core_shapes=self.shapes,
                shape_desc=self.shape_desc,
            )
            print(attri)
            emit_record_logger(attri.to_dict())
            return
    
        self.init_user_config()
        for dtype in self.to_bench_dtypes:
            metrics = []
            input_iter = self.get_input_iter(dtype)
    
            done = False
            while not done:
                try:
                    input = next(input_iter)
                except StopIteration:
                    done = True
                    continue
                except (RuntimeError, Exception) as e:
                    print(
                        f"\033[31mFAILED\033[0m: Operator={self.op_name} "
                        "dtype={dtype} err=<<<{e}>>>"
                    )
                    pytest.fail(str(e))
    
                metric = BenchmarkMetrics()
                try:
                    args, kwargs = self.unpack_to_args_kwargs(input)
                    metric.shape_detail = self.record_shapes(*args, **kwargs)
                    if "latency_base" in self.to_bench_metrics:
>                       metric.latency_base = self.get_latency(
                            self.torch_op, *args, **kwargs
                        )

base.py:440: 
_ _ _ _ _ _ _ _ _ _ _ _ _ _ _ _ _ _ _ _ _ _ _ _ _ _ _ _ _ _ _ _ _ _ _ _ _ _ _ _ 
base.py:318: in get_latency
    latency = do_bench(
/root/miniconda/envs/python310_torch29_cuda/lib/python3.10/site-packages/triton/testing.py:103: in do_bench
    fn()
base.py:288: in <lambda>
    fn = lambda: op(*args, **kwargs)
/root/miniconda/envs/python310_torch29_cuda/lib/python3.10/site-packages/torch/_jit_internal.py:625: in fn
    return if_true(*args, **kwargs)
/root/miniconda/envs/python310_torch29_cuda/lib/python3.10/site-packages/torch/_jit_internal.py:627: in fn
    return if_false(*args, **kwargs)
/root/miniconda/envs/python310_torch29_cuda/lib/python3.10/site-packages/torch/functional.py:1069: in _return_inverse
    output, inverse_indices, _ = _unique_impl(
_ _ _ _ _ _ _ _ _ _ _ _ _ _ _ _ _ _ _ _ _ _ _ _ _ _ _ _ _ _ _ _ _ _ _ _ _ _ _ _ 

input = tensor([[-10750,  14707,  13358,  ...,   1294,  23098,  29032],
        [-11357,  28229,  22653,  ...,  19723,  10355,...3,  13561],
        [ 20319,  13566,  26304,  ...,   6377,  18373, -26951]],
       device='cuda:0', dtype=torch.int16)
sorted = True, return_inverse = True, return_counts = False, dim = 1

    def _unique_impl(
        input: Tensor,
        sorted: bool = True,
        return_inverse: bool = False,
        return_counts: bool = False,
        dim: Optional[int] = None,
    ) -> _unique_impl_out:
        r"""unique(input, sorted=True, return_inverse=False, return_counts=False, dim=None) -> tuple[Tensor, Tensor, Tensor]
    
        Returns the unique elements of the input tensor.
    
        .. note:: This function is different from :func:`torch.unique_consecutive` in the sense that
            this function also eliminates non-consecutive duplicate values.
    
        .. note:: Currently in the CUDA implementation and the CPU implementation,
            `torch.unique` always sort the tensor at the beginning regardless of the `sort` argument.
            Sorting could be slow, so if your input tensor is already sorted, it is recommended to use
            :func:`torch.unique_consecutive` which avoids the sorting.
    
        Args:
            input (Tensor): the input tensor
            sorted (bool): Whether to sort the unique elements in ascending order
                before returning as output.
            return_inverse (bool): Whether to also return the indices for where
                elements in the original input ended up in the returned unique list.
            return_counts (bool): Whether to also return the counts for each unique
                element.
            dim (int, optional): the dimension to operate upon. If ``None``, the
                unique of the flattened input is returned. Otherwise, each of the
                tensors indexed by the given dimension is treated as one of the
                elements to apply the unique operation upon. See examples for more
                details. Default: ``None``
    
        Returns:
            (Tensor, Tensor (optional), Tensor (optional)): A tensor or a tuple of tensors containing
    
                - **output** (*Tensor*): the output list of unique scalar elements.
                - **inverse_indices** (*Tensor*): (optional) if
                  :attr:`return_inverse` is True, there will be an additional
                  returned tensor (same shape as input) representing the indices
                  for where elements in the original input map to in the output;
                  otherwise, this function will only return a single tensor.
                - **counts** (*Tensor*): (optional) if
                  :attr:`return_counts` is True, there will be an additional
                  returned tensor (same shape as output or output.size(dim),
                  if dim was specified) representing the number of occurrences
                  for each unique value or tensor.
    
        Example::
    
            >>> output = torch.unique(torch.tensor([1, 3, 2, 3], dtype=torch.long))
            >>> output
            tensor([1, 2, 3])
    
            >>> output, inverse_indices = torch.unique(
            ...     torch.tensor([1, 3, 2, 3], dtype=torch.long), sorted=True, return_inverse=True)
            >>> output
            tensor([1, 2, 3])
            >>> inverse_indices
            tensor([0, 2, 1, 2])
    
            >>> output, inverse_indices = torch.unique(
            ...     torch.tensor([[1, 3], [2, 3]], dtype=torch.long), sorted=True, return_inverse=True)
            >>> output
            tensor([1, 2, 3])
            >>> inverse_indices
            tensor([[0, 2],
                    [1, 2]])
    
            >>> a = torch.tensor([
            ...     [
            ...         [1, 1, 0, 0],
            ...         [1, 1, 0, 0],
            ...         [0, 0, 1, 1],
            ...     ],
            ...     [
            ...         [0, 0, 1, 1],
            ...         [0, 0, 1, 1],
            ...         [1, 1, 1, 1],
            ...     ],
            ...     [
            ...         [1, 1, 0, 0],
            ...         [1, 1, 0, 0],
            ...         [0, 0, 1, 1],
            ...     ],
            ... ])
    
            >>> # If we call `torch.unique(a, dim=0)`, each of the tensors `a[idx, :, :]`
            >>> # will be compared. We can see that `a[0, :, :]` and `a[2, :, :]` match
            >>> # each other, so one of them will be removed.
            >>> (a[0, :, :] == a[2, :, :]).all()
            tensor(True)
            >>> a_unique_dim0 = torch.unique(a, dim=0)
            >>> a_unique_dim0
            tensor([[[0, 0, 1, 1],
                     [0, 0, 1, 1],
                     [1, 1, 1, 1]],
                    [[1, 1, 0, 0],
                     [1, 1, 0, 0],
                     [0, 0, 1, 1]]])
    
            >>> # Notice which sub-tensors from `a` match with the sub-tensors from
            >>> # `a_unique_dim0`:
            >>> (a_unique_dim0[0, :, :] == a[1, :, :]).all()
            tensor(True)
            >>> (a_unique_dim0[1, :, :] == a[0, :, :]).all()
            tensor(True)
    
            >>> # For `torch.unique(a, dim=1)`, each of the tensors `a[:, idx, :]` are
            >>> # compared. `a[:, 0, :]` and `a[:, 1, :]` match each other, so one of
            >>> # them will be removed.
            >>> (a[:, 0, :] == a[:, 1, :]).all()
            tensor(True)
            >>> torch.unique(a, dim=1)
            tensor([[[0, 0, 1, 1],
                     [1, 1, 0, 0]],
                    [[1, 1, 1, 1],
                     [0, 0, 1, 1]],
                    [[0, 0, 1, 1],
                     [1, 1, 0, 0]]])
    
            >>> # For `torch.unique(a, dim=2)`, the tensors `a[:, :, idx]` are compared.
            >>> # `a[:, :, 0]` and `a[:, :, 1]` match each other. Also, `a[:, :, 2]` and
            >>> # `a[:, :, 3]` match each other as well. So in this case, two of the
            >>> # sub-tensors will be removed.
            >>> (a[:, :, 0] == a[:, :, 1]).all()
            tensor(True)
            >>> (a[:, :, 2] == a[:, :, 3]).all()
            tensor(True)
            >>> torch.unique(a, dim=2)
            tensor([[[0, 1],
                     [0, 1],
                     [1, 0]],
                    [[1, 0],
                     [1, 0],
                     [1, 1]],
                    [[0, 1],
                     [0, 1],
                     [1, 0]]])
        """
        if has_torch_function_unary(input):
            return handle_torch_function(
                unique,
                (input,),
                input,
                sorted=sorted,
                return_inverse=return_inverse,
                return_counts=return_counts,
                dim=dim,
            )
    
        if dim is not None:
>           output, inverse_indices, counts = _VF.unique_dim(
                input,
                dim,
                sorted=sorted,
                return_inverse=return_inverse,
                return_counts=return_counts,
            )
E           RuntimeError: [NOT IMPLEMENTED]: error code= 4(at /home/agent/xpytorch/workspace/8ba19c15-fc11-4377-85f3-84daf8eaab09/XMLIR/python/torch_xmlir/csrc/aten_capture/eager_customized/unique_dim.cpp:149)

/root/miniconda/envs/python310_torch29_cuda/lib/python3.10/site-packages/torch/functional.py:938: RuntimeError

During handling of the above exception, another exception occurred:

    @pytest.mark.unique_dim
    def test_unique_dim_dim1():
        bench = base.GenericBenchmark2DOnly(
            input_fn=_input_fn_dim1,
            op_name="unique_dim",
            torch_op=torch.unique,
            dtypes=consts.INT_DTYPES,
        )
>       bench.run()

test_unique_dim.py:60: 
_ _ _ _ _ _ _ _ _ _ _ _ _ _ _ _ _ _ _ _ _ _ _ _ _ _ _ _ _ _ _ _ _ _ _ _ _ _ _ _ 

self = <benchmark.base.GenericBenchmark2DOnly object at 0x7f92e1fc5600>

    def run(self):
        if Config.query:
            self.init_default_config()
            attri = OperationAttribute(
                op_name=self.op_name,
                recommended_core_shapes=self.shapes,
                shape_desc=self.shape_desc,
            )
            print(attri)
            emit_record_logger(attri.to_dict())
            return
    
        self.init_user_config()
        for dtype in self.to_bench_dtypes:
            metrics = []
            input_iter = self.get_input_iter(dtype)
    
            done = False
            while not done:
                try:
                    input = next(input_iter)
                except StopIteration:
                    done = True
                    continue
                except (RuntimeError, Exception) as e:
                    print(
                        f"\033[31mFAILED\033[0m: Operator={self.op_name} "
                        "dtype={dtype} err=<<<{e}>>>"
                    )
                    pytest.fail(str(e))
    
                metric = BenchmarkMetrics()
                try:
                    args, kwargs = self.unpack_to_args_kwargs(input)
                    metric.shape_detail = self.record_shapes(*args, **kwargs)
                    if "latency_base" in self.to_bench_metrics:
                        metric.latency_base = self.get_latency(
                            self.torch_op, *args, **kwargs
                        )
                    if "latency" in self.to_bench_metrics:
                        if self.gems_op:
                            metric.latency = self.get_latency(
                                self.gems_op, *args, **kwargs
                            )
                        else:
                            if self.op_name == "zero_":
                                with flag_gems.use_gems():
                                    metric.latency = self.get_latency(
                                        self.torch_op, *args, **kwargs
                                    )
                            else:
                                # exclude flaggems' zero_ to avoid the overhead of zero_
                                # in do_bench's clear_cache
                                with flag_gems.use_gems(exclude=["zero_"]):
                                    metric.latency = self.get_latency(
                                        self.torch_op, *args, **kwargs
                                    )
                    if "speedup" in self.to_bench_metrics:
                        metric.speedup = metric.latency_base / metric.latency
    
                    if "gbps" in self.to_bench_metrics:
                        metric.gbps_base = self.get_gbps(
                            args, latency=metric.latency_base
                        )
                        metric.gbps = self.get_gbps(args, latency=metric.latency)
    
                    if "tflops" in self.to_bench_metrics:
                        metric.tflops = (
                            self.get_tflops(self.torch_op, *args, **kwargs)
                            / metric.latency
                            / 1e12
                            * 1e3
                        )
                        # utilization = metric.tflops / metric.latency / 1e12 * 1e3
                except (RuntimeError, Exception) as e:
                    metric.error_msg = str(e)
>                   pytest.fail(str(e))  # raise exception again
E                   Failed: [NOT IMPLEMENTED]: error code= 4(at /home/agent/xpytorch/workspace/8ba19c15-fc11-4377-85f3-84daf8eaab09/XMLIR/python/torch_xmlir/csrc/aten_capture/eager_customized/unique_dim.cpp:149)

base.py:480: Failed
----------------------------- Captured stdout call -----------------------------
[[31mERROR[0m][XDNN_PYTORCH][/home/agent/xpytorch/workspace/8ba19c15-fc11-4377-85f3-84daf8eaab09/XMLIR/xdnn_pytorch/src/xdnn_pytorch_wrapper/unique_dim.cpp:258]scalar type of ret0 : kint16 is unsupported in xdnn_pytorch_wrapper !

[XDNN_UNIMPLEMENTED][/home/agent/xpytorch/workspace/8ba19c15-fc11-4377-85f3-84daf8eaab09/XMLIR/xdnn_pytorch/src/xdnn_pytorch_wrapper/unique_dim.cpp:258]
=========================== short test summary info ============================
FAILED test_unique_dim.py::test_unique_dim_dim0 - Failed: [NOT IMPLEMENTED]: ...
FAILED test_unique_dim.py::test_unique_dim_dim1 - Failed: [NOT IMPLEMENTED]: ...
====================== 2 failed, 949 deselected in 8.09s =======================
