[CMD] pytest -m "batch_norm_no_update" --record json --output accuracy_batch_norm_no_update.json --ref cpu --continue-on-collection-errors -vs
[CWD] /workspace/FlagGems/tests

XCCL /root/miniconda/envs/python310_torch29_cuda/lib/python3.10/site-packages/torch_xmlir/libbkcl.so loaded
[35mSYMBOL_REWRITE [0m[32mtorch success[0m
loc("/workspace/FlagGems/src/flag_gems/ops/_batch_norm_no_update.py":106:18): error: 'tt.addptr' op failed to verify that result type matches ptr type
loc("/workspace/FlagGems/src/flag_gems/ops/_batch_norm_no_update.py":106:18): error: 'tt.addptr' op failed to verify that result type matches ptr type
loc("/workspace/FlagGems/src/flag_gems/ops/_batch_norm_no_update.py":106:18): error: 'tt.addptr' op failed to verify that result type matches ptr type
loc("/workspace/FlagGems/src/flag_gems/ops/_batch_norm_no_update.py":106:18): error: 'tt.addptr' op failed to verify that result type matches ptr type
loc("/workspace/FlagGems/src/flag_gems/ops/_batch_norm_no_update.py":106:18): error: 'tt.addptr' op failed to verify that result type matches ptr type
loc("/workspace/FlagGems/src/flag_gems/ops/_batch_norm_no_update.py":106:18): error: 'tt.addptr' op failed to verify that result type matches ptr type
loc("/workspace/FlagGems/src/flag_gems/ops/_batch_norm_no_update.py":106:18): error: 'tt.addptr' op failed to verify that result type matches ptr type
loc("/workspace/FlagGems/src/flag_gems/ops/_batch_norm_no_update.py":106:18): error: 'tt.addptr' op failed to verify that result type matches ptr type
loc("/workspace/FlagGems/src/flag_gems/ops/_batch_norm_no_update.py":106:18): error: 'tt.addptr' op failed to verify that result type matches ptr type
loc("/workspace/FlagGems/src/flag_gems/ops/_batch_norm_no_update.py":106:18): error: 'tt.addptr' op failed to verify that result type matches ptr type
loc("/workspace/FlagGems/src/flag_gems/ops/_batch_norm_no_update.py":106:18): error: 'tt.addptr' op failed to verify that result type matches ptr type
loc("/workspace/FlagGems/src/flag_gems/ops/_batch_norm_no_update.py":106:18): error: 'tt.addptr' op failed to verify that result type matches ptr type
loc("/workspace/FlagGems/src/flag_gems/ops/_batch_norm_no_update.py":106:18): error: 'tt.addptr' op failed to verify that result type matches ptr type
loc("/workspace/FlagGems/src/flag_gems/ops/_batch_norm_no_update.py":106:18): error: 'tt.addptr' op failed to verify that result type matches ptr type
loc("/workspace/FlagGems/src/flag_gems/ops/_batch_norm_no_update.py":106:18): error: 'tt.addptr' op failed to verify that result type matches ptr type
loc("/workspace/FlagGems/src/flag_gems/ops/_batch_norm_no_update.py":106:18): error: 'tt.addptr' op failed to verify that result type matches ptr type
loc("/workspace/FlagGems/src/flag_gems/ops/_batch_norm_no_update.py":106:18): error: 'tt.addptr' op failed to verify that result type matches ptr type
loc("/workspace/FlagGems/src/flag_gems/ops/_batch_norm_no_update.py":106:18): error: 'tt.addptr' op failed to verify that result type matches ptr type
loc("/workspace/FlagGems/src/flag_gems/ops/_batch_norm_no_update.py":106:18): error: 'tt.addptr' op failed to verify that result type matches ptr type
loc("/workspace/FlagGems/src/flag_gems/ops/_batch_norm_no_update.py":106:18): error: 'tt.addptr' op failed to verify that result type matches ptr type
loc("/workspace/FlagGems/src/flag_gems/ops/_batch_norm_no_update.py":106:18): error: 'tt.addptr' op failed to verify that result type matches ptr type
loc("/workspace/FlagGems/src/flag_gems/ops/_batch_norm_no_update.py":106:18): error: 'tt.addptr' op failed to verify that result type matches ptr type
loc("/workspace/FlagGems/src/flag_gems/ops/_batch_norm_no_update.py":106:18): error: 'tt.addptr' op failed to verify that result type matches ptr type
loc("/workspace/FlagGems/src/flag_gems/ops/_batch_norm_no_update.py":106:18): error: 'tt.addptr' op failed to verify that result type matches ptr type
loc("/workspace/FlagGems/src/flag_gems/ops/_batch_norm_no_update.py":106:18): error: 'tt.addptr' op failed to verify that result type matches ptr type
loc("/workspace/FlagGems/src/flag_gems/ops/_batch_norm_no_update.py":106:18): error: 'tt.addptr' op failed to verify that result type matches ptr type
loc("/workspace/FlagGems/src/flag_gems/ops/_batch_norm_no_update.py":106:18): error: 'tt.addptr' op failed to verify that result type matches ptr type
loc("/workspace/FlagGems/src/flag_gems/ops/_batch_norm_no_update.py":106:18): error: 'tt.addptr' op failed to verify that result type matches ptr type
loc("/workspace/FlagGems/src/flag_gems/ops/_batch_norm_no_update.py":106:18): error: 'tt.addptr' op failed to verify that result type matches ptr type
loc("/workspace/FlagGems/src/flag_gems/ops/_batch_norm_no_update.py":106:18): error: 'tt.addptr' op failed to verify that result type matches ptr type
loc("/workspace/FlagGems/src/flag_gems/ops/_batch_norm_no_update.py":106:18): error: 'tt.addptr' op failed to verify that result type matches ptr type
loc("/workspace/FlagGems/src/flag_gems/ops/_batch_norm_no_update.py":106:18): error: 'tt.addptr' op failed to verify that result type matches ptr type
loc("/workspace/FlagGems/src/flag_gems/ops/_batch_norm_no_update.py":106:18): error: 'tt.addptr' op failed to verify that result type matches ptr type
loc("/workspace/FlagGems/src/flag_gems/ops/_batch_norm_no_update.py":106:18): error: 'tt.addptr' op failed to verify that result type matches ptr type
loc("/workspace/FlagGems/src/flag_gems/ops/_batch_norm_no_update.py":106:18): error: 'tt.addptr' op failed to verify that result type matches ptr type
loc("/workspace/FlagGems/src/flag_gems/ops/_batch_norm_no_update.py":106:18): error: 'tt.addptr' op failed to verify that result type matches ptr type
loc("/workspace/FlagGems/src/flag_gems/ops/_batch_norm_no_update.py":106:18): error: 'tt.addptr' op failed to verify that result type matches ptr type
loc("/workspace/FlagGems/src/flag_gems/ops/_batch_norm_no_update.py":106:18): error: 'tt.addptr' op failed to verify that result type matches ptr type
loc("/workspace/FlagGems/src/flag_gems/ops/_batch_norm_no_update.py":106:18): error: 'tt.addptr' op failed to verify that result type matches ptr type
loc("/workspace/FlagGems/src/flag_gems/ops/_batch_norm_no_update.py":106:18): error: 'tt.addptr' op failed to verify that result type matches ptr type
loc("/workspace/FlagGems/src/flag_gems/ops/_batch_norm_no_update.py":106:18): error: 'tt.addptr' op failed to verify that result type matches ptr type
loc("/workspace/FlagGems/src/flag_gems/ops/_batch_norm_no_update.py":106:18): error: 'tt.addptr' op failed to verify that result type matches ptr type
loc("/workspace/FlagGems/src/flag_gems/ops/_batch_norm_no_update.py":106:18): error: 'tt.addptr' op failed to verify that result type matches ptr type
loc("/workspace/FlagGems/src/flag_gems/ops/_batch_norm_no_update.py":106:18): error: 'tt.addptr' op failed to verify that result type matches ptr type
loc("/workspace/FlagGems/src/flag_gems/ops/_batch_norm_no_update.py":106:18): error: 'tt.addptr' op failed to verify that result type matches ptr type
loc("/workspace/FlagGems/src/flag_gems/ops/_batch_norm_no_update.py":106:18): error: 'tt.addptr' op failed to verify that result type matches ptr type
loc("/workspace/FlagGems/src/flag_gems/ops/_batch_norm_no_update.py":106:18): error: 'tt.addptr' op failed to verify that result type matches ptr type
loc("/workspace/FlagGems/src/flag_gems/ops/_batch_norm_no_update.py":106:18): error: 'tt.addptr' op failed to verify that result type matches ptr type
loc("/workspace/FlagGems/src/flag_gems/ops/_batch_norm_no_update.py":106:18): error: 'tt.addptr' op failed to verify that result type matches ptr type
loc("/workspace/FlagGems/src/flag_gems/ops/_batch_norm_no_update.py":106:18): error: 'tt.addptr' op failed to verify that result type matches ptr type
loc("/workspace/FlagGems/src/flag_gems/ops/_batch_norm_no_update.py":106:18): error: 'tt.addptr' op failed to verify that result type matches ptr type
loc("/workspace/FlagGems/src/flag_gems/ops/_batch_norm_no_update.py":106:18): error: 'tt.addptr' op failed to verify that result type matches ptr type
loc("/workspace/FlagGems/src/flag_gems/ops/_batch_norm_no_update.py":106:18): error: 'tt.addptr' op failed to verify that result type matches ptr type
loc("/workspace/FlagGems/src/flag_gems/ops/_batch_norm_no_update.py":106:18): error: 'tt.addptr' op failed to verify that result type matches ptr type
loc("/workspace/FlagGems/src/flag_gems/ops/_batch_norm_no_update.py":106:18): error: 'tt.addptr' op failed to verify that result type matches ptr type
loc("/workspace/FlagGems/src/flag_gems/ops/_batch_norm_no_update.py":106:18): error: 'tt.addptr' op failed to verify that result type matches ptr type
loc("/workspace/FlagGems/src/flag_gems/ops/_batch_norm_no_update.py":106:18): error: 'tt.addptr' op failed to verify that result type matches ptr type
loc("/workspace/FlagGems/src/flag_gems/ops/_batch_norm_no_update.py":106:18): error: 'tt.addptr' op failed to verify that result type matches ptr type
loc("/workspace/FlagGems/src/flag_gems/ops/_batch_norm_no_update.py":106:18): error: 'tt.addptr' op failed to verify that result type matches ptr type
loc("/workspace/FlagGems/src/flag_gems/ops/_batch_norm_no_update.py":106:18): error: 'tt.addptr' op failed to verify that result type matches ptr type
loc("/workspace/FlagGems/src/flag_gems/ops/_batch_norm_no_update.py":106:18): error: 'tt.addptr' op failed to verify that result type matches ptr type
loc("/workspace/FlagGems/src/flag_gems/ops/_batch_norm_no_update.py":106:18): error: 'tt.addptr' op failed to verify that result type matches ptr type
loc("/workspace/FlagGems/src/flag_gems/ops/_batch_norm_no_update.py":106:18): error: 'tt.addptr' op failed to verify that result type matches ptr type
loc("/workspace/FlagGems/src/flag_gems/ops/_batch_norm_no_update.py":106:18): error: 'tt.addptr' op failed to verify that result type matches ptr type
loc("/workspace/FlagGems/src/flag_gems/ops/_batch_norm_no_update.py":106:18): error: 'tt.addptr' op failed to verify that result type matches ptr type
loc("/workspace/FlagGems/src/flag_gems/ops/_batch_norm_no_update.py":106:18): error: 'tt.addptr' op failed to verify that result type matches ptr type
loc("/workspace/FlagGems/src/flag_gems/ops/_batch_norm_no_update.py":106:18): error: 'tt.addptr' op failed to verify that result type matches ptr type
loc("/workspace/FlagGems/src/flag_gems/ops/_batch_norm_no_update.py":106:18): error: 'tt.addptr' op failed to verify that result type matches ptr type
loc("/workspace/FlagGems/src/flag_gems/ops/_batch_norm_no_update.py":106:18): error: 'tt.addptr' op failed to verify that result type matches ptr type
loc("/workspace/FlagGems/src/flag_gems/ops/_batch_norm_no_update.py":106:18): error: 'tt.addptr' op failed to verify that result type matches ptr type
loc("/workspace/FlagGems/src/flag_gems/ops/_batch_norm_no_update.py":106:18): error: 'tt.addptr' op failed to verify that result type matches ptr type
loc("/workspace/FlagGems/src/flag_gems/ops/_batch_norm_no_update.py":106:18): error: 'tt.addptr' op failed to verify that result type matches ptr type
loc("/workspace/FlagGems/src/flag_gems/ops/_batch_norm_no_update.py":106:18): error: 'tt.addptr' op failed to verify that result type matches ptr type
loc("/workspace/FlagGems/src/flag_gems/ops/_batch_norm_no_update.py":106:18): error: 'tt.addptr' op failed to verify that result type matches ptr type
loc("/workspace/FlagGems/src/flag_gems/ops/_batch_norm_no_update.py":106:18): error: 'tt.addptr' op failed to verify that result type matches ptr type
loc("/workspace/FlagGems/src/flag_gems/ops/_batch_norm_no_update.py":106:18): error: 'tt.addptr' op failed to verify that result type matches ptr type
loc("/workspace/FlagGems/src/flag_gems/ops/_batch_norm_no_update.py":106:18): error: 'tt.addptr' op failed to verify that result type matches ptr type
loc("/workspace/FlagGems/src/flag_gems/ops/_batch_norm_no_update.py":106:18): error: 'tt.addptr' op failed to verify that result type matches ptr type
loc("/workspace/FlagGems/src/flag_gems/ops/_batch_norm_no_update.py":106:18): error: 'tt.addptr' op failed to verify that result type matches ptr type
loc("/workspace/FlagGems/src/flag_gems/ops/_batch_norm_no_update.py":106:18): error: 'tt.addptr' op failed to verify that result type matches ptr type
loc("/workspace/FlagGems/src/flag_gems/ops/_batch_norm_no_update.py":106:18): error: 'tt.addptr' op failed to verify that result type matches ptr type
loc("/workspace/FlagGems/src/flag_gems/ops/_batch_norm_no_update.py":106:18): error: 'tt.addptr' op failed to verify that result type matches ptr type
loc("/workspace/FlagGems/src/flag_gems/ops/_batch_norm_no_update.py":106:18): error: 'tt.addptr' op failed to verify that result type matches ptr type
loc("/workspace/FlagGems/src/flag_gems/ops/_batch_norm_no_update.py":106:18): error: 'tt.addptr' op failed to verify that result type matches ptr type
loc("/workspace/FlagGems/src/flag_gems/ops/_batch_norm_no_update.py":106:18): error: 'tt.addptr' op failed to verify that result type matches ptr type
loc("/workspace/FlagGems/src/flag_gems/ops/_batch_norm_no_update.py":106:18): error: 'tt.addptr' op failed to verify that result type matches ptr type
loc("/workspace/FlagGems/src/flag_gems/ops/_batch_norm_no_update.py":106:18): error: 'tt.addptr' op failed to verify that result type matches ptr type
loc("/workspace/FlagGems/src/flag_gems/ops/_batch_norm_no_update.py":106:18): error: 'tt.addptr' op failed to verify that result type matches ptr type
loc("/workspace/FlagGems/src/flag_gems/ops/_batch_norm_no_update.py":106:18): error: 'tt.addptr' op failed to verify that result type matches ptr type
loc("/workspace/FlagGems/src/flag_gems/ops/_batch_norm_no_update.py":106:18): error: 'tt.addptr' op failed to verify that result type matches ptr type
loc("/workspace/FlagGems/src/flag_gems/ops/_batch_norm_no_update.py":106:18): error: 'tt.addptr' op failed to verify that result type matches ptr type
loc("/workspace/FlagGems/src/flag_gems/ops/_batch_norm_no_update.py":106:18): error: 'tt.addptr' op failed to verify that result type matches ptr type
loc("/workspace/FlagGems/src/flag_gems/ops/_batch_norm_no_update.py":106:18): error: 'tt.addptr' op failed to verify that result type matches ptr type
loc("/workspace/FlagGems/src/flag_gems/ops/_batch_norm_no_update.py":106:18): error: 'tt.addptr' op failed to verify that result type matches ptr type
loc("/workspace/FlagGems/src/flag_gems/ops/_batch_norm_no_update.py":106:18): error: 'tt.addptr' op failed to verify that result type matches ptr type
loc("/workspace/FlagGems/src/flag_gems/ops/_batch_norm_no_update.py":106:18): error: 'tt.addptr' op failed to verify that result type matches ptr type
loc("/workspace/FlagGems/src/flag_gems/ops/_batch_norm_no_update.py":106:18): error: 'tt.addptr' op failed to verify that result type matches ptr type
loc("/workspace/FlagGems/src/flag_gems/ops/_batch_norm_no_update.py":106:18): error: 'tt.addptr' op failed to verify that result type matches ptr type
loc("/workspace/FlagGems/src/flag_gems/ops/_batch_norm_no_update.py":106:18): error: 'tt.addptr' op failed to verify that result type matches ptr type
loc("/workspace/FlagGems/src/flag_gems/ops/_batch_norm_no_update.py":106:18): error: 'tt.addptr' op failed to verify that result type matches ptr type
loc("/workspace/FlagGems/src/flag_gems/ops/_batch_norm_no_update.py":106:18): error: 'tt.addptr' op failed to verify that result type matches ptr type
loc("/workspace/FlagGems/src/flag_gems/ops/_batch_norm_no_update.py":106:18): error: 'tt.addptr' op failed to verify that result type matches ptr type
loc("/workspace/FlagGems/src/flag_gems/ops/_batch_norm_no_update.py":106:18): error: 'tt.addptr' op failed to verify that result type matches ptr type
loc("/workspace/FlagGems/src/flag_gems/ops/_batch_norm_no_update.py":106:18): error: 'tt.addptr' op failed to verify that result type matches ptr type
loc("/workspace/FlagGems/src/flag_gems/ops/_batch_norm_no_update.py":106:18): error: 'tt.addptr' op failed to verify that result type matches ptr type
loc("/workspace/FlagGems/src/flag_gems/ops/_batch_norm_no_update.py":106:18): error: 'tt.addptr' op failed to verify that result type matches ptr type
loc("/workspace/FlagGems/src/flag_gems/ops/_batch_norm_no_update.py":106:18): error: 'tt.addptr' op failed to verify that result type matches ptr type
loc("/workspace/FlagGems/src/flag_gems/ops/_batch_norm_no_update.py":106:18): error: 'tt.addptr' op failed to verify that result type matches ptr type
loc("/workspace/FlagGems/src/flag_gems/ops/_batch_norm_no_update.py":106:18): error: 'tt.addptr' op failed to verify that result type matches ptr type
loc("/workspace/FlagGems/src/flag_gems/ops/_batch_norm_no_update.py":106:18): error: 'tt.addptr' op failed to verify that result type matches ptr type
loc("/workspace/FlagGems/src/flag_gems/ops/_batch_norm_no_update.py":106:18): error: 'tt.addptr' op failed to verify that result type matches ptr type
loc("/workspace/FlagGems/src/flag_gems/ops/_batch_norm_no_update.py":106:18): error: 'tt.addptr' op failed to verify that result type matches ptr type
loc("/workspace/FlagGems/src/flag_gems/ops/_batch_norm_no_update.py":106:18): error: 'tt.addptr' op failed to verify that result type matches ptr type
loc("/workspace/FlagGems/src/flag_gems/ops/_batch_norm_no_update.py":106:18): error: 'tt.addptr' op failed to verify that result type matches ptr type
loc("/workspace/FlagGems/src/flag_gems/ops/_batch_norm_no_update.py":106:18): error: 'tt.addptr' op failed to verify that result type matches ptr type
loc("/workspace/FlagGems/src/flag_gems/ops/_batch_norm_no_update.py":106:18): error: 'tt.addptr' op failed to verify that result type matches ptr type
loc("/workspace/FlagGems/src/flag_gems/ops/_batch_norm_no_update.py":106:18): error: 'tt.addptr' op failed to verify that result type matches ptr type
loc("/workspace/FlagGems/src/flag_gems/ops/_batch_norm_no_update.py":106:18): error: 'tt.addptr' op failed to verify that result type matches ptr type
loc("/workspace/FlagGems/src/flag_gems/ops/_batch_norm_no_update.py":106:18): error: 'tt.addptr' op failed to verify that result type matches ptr type
loc("/workspace/FlagGems/src/flag_gems/ops/_batch_norm_no_update.py":106:18): error: 'tt.addptr' op failed to verify that result type matches ptr type
loc("/workspace/FlagGems/src/flag_gems/ops/_batch_norm_no_update.py":106:18): error: 'tt.addptr' op failed to verify that result type matches ptr type
loc("/workspace/FlagGems/src/flag_gems/ops/_batch_norm_no_update.py":106:18): error: 'tt.addptr' op failed to verify that result type matches ptr type
loc("/workspace/FlagGems/src/flag_gems/ops/_batch_norm_no_update.py":106:18): error: 'tt.addptr' op failed to verify that result type matches ptr type
loc("/workspace/FlagGems/src/flag_gems/ops/_batch_norm_no_update.py":106:18): error: 'tt.addptr' op failed to verify that result type matches ptr type
loc("/workspace/FlagGems/src/flag_gems/ops/_batch_norm_no_update.py":106:18): error: 'tt.addptr' op failed to verify that result type matches ptr type
loc("/workspace/FlagGems/src/flag_gems/ops/_batch_norm_no_update.py":106:18): error: 'tt.addptr' op failed to verify that result type matches ptr type
loc("/workspace/FlagGems/src/flag_gems/ops/_batch_norm_no_update.py":106:18): error: 'tt.addptr' op failed to verify that result type matches ptr type
loc("/workspace/FlagGems/src/flag_gems/ops/_batch_norm_no_update.py":106:18): error: 'tt.addptr' op failed to verify that result type matches ptr type
loc("/workspace/FlagGems/src/flag_gems/ops/_batch_norm_no_update.py":106:18): error: 'tt.addptr' op failed to verify that result type matches ptr type
loc("/workspace/FlagGems/src/flag_gems/ops/_batch_norm_no_update.py":106:18): error: 'tt.addptr' op failed to verify that result type matches ptr type
loc("/workspace/FlagGems/src/flag_gems/ops/_batch_norm_no_update.py":106:18): error: 'tt.addptr' op failed to verify that result type matches ptr type
loc("/workspace/FlagGems/src/flag_gems/ops/_batch_norm_no_update.py":106:18): error: 'tt.addptr' op failed to verify that result type matches ptr type
loc("/workspace/FlagGems/src/flag_gems/ops/_batch_norm_no_update.py":106:18): error: 'tt.addptr' op failed to verify that result type matches ptr type
loc("/workspace/FlagGems/src/flag_gems/ops/_batch_norm_no_update.py":106:18): error: 'tt.addptr' op failed to verify that result type matches ptr type
loc("/workspace/FlagGems/src/flag_gems/ops/_batch_norm_no_update.py":106:18): error: 'tt.addptr' op failed to verify that result type matches ptr type
loc("/workspace/FlagGems/src/flag_gems/ops/_batch_norm_no_update.py":106:18): error: 'tt.addptr' op failed to verify that result type matches ptr type
loc("/workspace/FlagGems/src/flag_gems/ops/_batch_norm_no_update.py":106:18): error: 'tt.addptr' op failed to verify that result type matches ptr type
loc("/workspace/FlagGems/src/flag_gems/ops/_batch_norm_no_update.py":106:18): error: 'tt.addptr' op failed to verify that result type matches ptr type
loc("/workspace/FlagGems/src/flag_gems/ops/_batch_norm_no_update.py":106:18): error: 'tt.addptr' op failed to verify that result type matches ptr type
loc("/workspace/FlagGems/src/flag_gems/ops/_batch_norm_no_update.py":106:18): error: 'tt.addptr' op failed to verify that result type matches ptr type
loc("/workspace/FlagGems/src/flag_gems/ops/_batch_norm_no_update.py":106:18): error: 'tt.addptr' op failed to verify that result type matches ptr type
loc("/workspace/FlagGems/src/flag_gems/ops/_batch_norm_no_update.py":106:18): error: 'tt.addptr' op failed to verify that result type matches ptr type
loc("/workspace/FlagGems/src/flag_gems/ops/_batch_norm_no_update.py":106:18): error: 'tt.addptr' op failed to verify that result type matches ptr type
loc("/workspace/FlagGems/src/flag_gems/ops/_batch_norm_no_update.py":106:18): error: 'tt.addptr' op failed to verify that result type matches ptr type
loc("/workspace/FlagGems/src/flag_gems/ops/_batch_norm_no_update.py":106:18): error: 'tt.addptr' op failed to verify that result type matches ptr type
loc("/workspace/FlagGems/src/flag_gems/ops/_batch_norm_no_update.py":106:18): error: 'tt.addptr' op failed to verify that result type matches ptr type
loc("/workspace/FlagGems/src/flag_gems/ops/_batch_norm_no_update.py":106:18): error: 'tt.addptr' op failed to verify that result type matches ptr type
loc("/workspace/FlagGems/src/flag_gems/ops/_batch_norm_no_update.py":106:18): error: 'tt.addptr' op failed to verify that result type matches ptr type
loc("/workspace/FlagGems/src/flag_gems/ops/_batch_norm_no_update.py":106:18): error: 'tt.addptr' op failed to verify that result type matches ptr type
loc("/workspace/FlagGems/src/flag_gems/ops/_batch_norm_no_update.py":106:18): error: 'tt.addptr' op failed to verify that result type matches ptr type
loc("/workspace/FlagGems/src/flag_gems/ops/_batch_norm_no_update.py":106:18): error: 'tt.addptr' op failed to verify that result type matches ptr type
loc("/workspace/FlagGems/src/flag_gems/ops/_batch_norm_no_update.py":106:18): error: 'tt.addptr' op failed to verify that result type matches ptr type
loc("/workspace/FlagGems/src/flag_gems/ops/_batch_norm_no_update.py":106:18): error: 'tt.addptr' op failed to verify that result type matches ptr type
loc("/workspace/FlagGems/src/flag_gems/ops/_batch_norm_no_update.py":106:18): error: 'tt.addptr' op failed to verify that result type matches ptr type
loc("/workspace/FlagGems/src/flag_gems/ops/_batch_norm_no_update.py":106:18): error: 'tt.addptr' op failed to verify that result type matches ptr type
loc("/workspace/FlagGems/src/flag_gems/ops/_batch_norm_no_update.py":106:18): error: 'tt.addptr' op failed to verify that result type matches ptr type
loc("/workspace/FlagGems/src/flag_gems/ops/_batch_norm_no_update.py":106:18): error: 'tt.addptr' op failed to verify that result type matches ptr type
loc("/workspace/FlagGems/src/flag_gems/ops/_batch_norm_no_update.py":106:18): error: 'tt.addptr' op failed to verify that result type matches ptr type
loc("/workspace/FlagGems/src/flag_gems/ops/_batch_norm_no_update.py":106:18): error: 'tt.addptr' op failed to verify that result type matches ptr type
loc("/workspace/FlagGems/src/flag_gems/ops/_batch_norm_no_update.py":106:18): error: 'tt.addptr' op failed to verify that result type matches ptr type
loc("/workspace/FlagGems/src/flag_gems/ops/_batch_norm_no_update.py":106:18): error: 'tt.addptr' op failed to verify that result type matches ptr type
loc("/workspace/FlagGems/src/flag_gems/ops/_batch_norm_no_update.py":106:18): error: 'tt.addptr' op failed to verify that result type matches ptr type
loc("/workspace/FlagGems/src/flag_gems/ops/_batch_norm_no_update.py":106:18): error: 'tt.addptr' op failed to verify that result type matches ptr type
loc("/workspace/FlagGems/src/flag_gems/ops/_batch_norm_no_update.py":106:18): error: 'tt.addptr' op failed to verify that result type matches ptr type
loc("/workspace/FlagGems/src/flag_gems/ops/_batch_norm_no_update.py":106:18): error: 'tt.addptr' op failed to verify that result type matches ptr type
loc("/workspace/FlagGems/src/flag_gems/ops/_batch_norm_no_update.py":106:18): error: 'tt.addptr' op failed to verify that result type matches ptr type
loc("/workspace/FlagGems/src/flag_gems/ops/_batch_norm_no_update.py":106:18): error: 'tt.addptr' op failed to verify that result type matches ptr type
loc("/workspace/FlagGems/src/flag_gems/ops/_batch_norm_no_update.py":106:18): error: 'tt.addptr' op failed to verify that result type matches ptr type
