============================= test session starts ==============================
platform linux -- Python 3.10.18, pytest-9.1.1, pluggy-1.6.0
rootdir: /workspace/FlagGems
configfile: pytest.ini
plugins: anyio-4.9.0, typeguard-4.3.0
collected 951 items / 950 deselected / 1 selected

test_batch_norm_no_update.py F                                           [100%]

=================================== FAILURES ===================================
__________________________ test_batch_norm_no_update ___________________________

inp = tensor([[[[-7.1094e-01, -9.8779e-01,  5.3369e-01,  5.2979e-01],
          [ 3.3911e-01,  2.2095e-01,  8.9258e-01,  1.0...0e-01],
          [-1.7148e+00, -2.7515e-01, -1.1211e+00,  3.0664e-01]]]],
       device='cuda:0', dtype=torch.float16)
weight = tensor([ 2.0371,  0.2410, -1.5303,  0.7900,  0.9956,  0.3057, -0.6011, -1.0957,
         0.5293, -1.3525, -0.8584, -0.4326,  1.1914, -1.5830, -0.2661,  2.2188],
       device='cuda:0', dtype=torch.float16)
bias = tensor([ 0.1577, -0.1467,  1.1309, -1.4609, -1.2070,  0.8501, -0.0627,  1.5889,
        -0.8472, -1.3047,  1.3984, -0.5566, -1.1504, -2.0977,  1.0430, -0.0367],
       device='cuda:0', dtype=torch.float16)
running_mean = tensor([-0.0972, -0.6787,  0.4507, -0.3313,  1.3838, -1.6729,  1.5137, -0.5610,
         0.2864,  0.8066, -0.2974, -0.2491,  0.8076,  1.1221, -0.1587, -1.1699],
       device='cuda:0', dtype=torch.float16)
running_var = tensor([1.5615, 1.3789, 1.7734, 0.1255, 0.9819, 0.7637, 0.4124, 1.4590, 1.9375,
        1.0508, 0.8501, 0.7280, 1.5674, 1.4512, 1.3770, 1.2188],
       device='cuda:0', dtype=torch.float16)
momentum = 0.1, eps = 1e-05

    def torch_batch_norm_no_update(
        inp, weight, bias, running_mean, running_var, momentum, eps
    ):
>       return F.batch_norm(
            inp, running_mean, running_var, weight, bias, training=False, eps=eps
        )

test_batch_norm_no_update.py:50: 
_ _ _ _ _ _ _ _ _ _ _ _ _ _ _ _ _ _ _ _ _ _ _ _ _ _ _ _ _ _ _ _ _ _ _ _ _ _ _ _ 
/root/miniconda/envs/python310_torch29_cuda/lib/python3.10/site-packages/torch/nn/functional.py:2813: in batch_norm
    return torch.batch_norm(
../src/flag_gems/runtime/backend/_kunlunxin/ops/batch_norm.py:544: in batch_norm
    return _batch_norm_fused_infer(
../src/flag_gems/runtime/backend/_kunlunxin/ops/batch_norm.py:488: in _batch_norm_fused_infer
    input_3d_f = input_3d_i.permute(0, 2, 1).reshape(-1, n)
../src/flag_gems/runtime/backend/_kunlunxin/ops/copy.py:120: in copy_
    return torch.ops.aten.copy_.default.redispatch(
_ _ _ _ _ _ _ _ _ _ _ _ _ _ _ _ _ _ _ _ _ _ _ _ _ _ _ _ _ _ _ _ _ _ _ _ _ _ _ _ 

self = <OpOverload(op='aten.copy_', overload='default')>
keyset = DispatchKeySet()
args = (tensor([[[-0.8428, -1.2939,  1.1865,  ...,  1.4492,  3.7422, -2.7930],
         [-0.7983, -1.5576,  2.1895,  ..., -0....0,  4.9634e-01,  ...,  1.7163e-01,
          -1.3428e+00,  3.0664e-01]]], device='cuda:0', dtype=torch.float16), False)
kwargs = {}

    def redispatch(
        self, /, keyset: torch._C.DispatchKeySet, *args: _P.args, **kwargs: _P.kwargs
    ) -> _T:
>       return self._handle.redispatch_boxed(keyset, *args, **kwargs)  # type: ignore[return-value]
E       torch.AcceleratorError: CUDA error: invalid device function
E       Search for `cudaErrorInvalidDeviceFunction' in https://docs.nvidia.com/cuda/cuda-runtime-api/group__CUDART__TYPES.html for more information.
E       CUDA kernel errors might be asynchronously reported at some other API call, so the stacktrace below might be incorrect.
E       For debugging consider passing CUDA_LAUNCH_BLOCKING=1
E       Compile with `TORCH_USE_CUDA_DSA` to enable device-side assertions.

/root/miniconda/envs/python310_torch29_cuda/lib/python3.10/site-packages/torch/_ops.py:848: AcceleratorError

During handling of the above exception, another exception occurred:

    @pytest.mark.batch_norm_no_update
    def test_batch_norm_no_update():
        bench = NormBenchmark(
            input_fn=batch_norm_no_update_input_fn,
            op_name="batch_norm_no_update",
            torch_op=torch_batch_norm_no_update,
            dtypes=consts.FLOAT_DTYPES,
        )
>       bench.run()

test_batch_norm_no_update.py:63: 
_ _ _ _ _ _ _ _ _ _ _ _ _ _ _ _ _ _ _ _ _ _ _ _ _ _ _ _ _ _ _ _ _ _ _ _ _ _ _ _ 

self = <benchmark.test_batch_norm_no_update.NormBenchmark object at 0x7f361b61a500>

    def run(self):
        if Config.query:
            self.init_default_config()
            attri = OperationAttribute(
                op_name=self.op_name,
                recommended_core_shapes=self.shapes,
                shape_desc=self.shape_desc,
            )
            print(attri)
            emit_record_logger(attri.to_dict())
            return
    
        self.init_user_config()
        for dtype in self.to_bench_dtypes:
            metrics = []
            input_iter = self.get_input_iter(dtype)
    
            done = False
            while not done:
                try:
                    input = next(input_iter)
                except StopIteration:
                    done = True
                    continue
                except (RuntimeError, Exception) as e:
                    print(
                        f"\033[31mFAILED\033[0m: Operator={self.op_name} "
                        "dtype={dtype} err=<<<{e}>>>"
                    )
                    pytest.fail(str(e))
    
                metric = BenchmarkMetrics()
                try:
                    args, kwargs = self.unpack_to_args_kwargs(input)
                    metric.shape_detail = self.record_shapes(*args, **kwargs)
                    if "latency_base" in self.to_bench_metrics:
                        metric.latency_base = self.get_latency(
                            self.torch_op, *args, **kwargs
                        )
                    if "latency" in self.to_bench_metrics:
                        if self.gems_op:
                            metric.latency = self.get_latency(
                                self.gems_op, *args, **kwargs
                            )
                        else:
                            if self.op_name == "zero_":
                                with flag_gems.use_gems():
                                    metric.latency = self.get_latency(
                                        self.torch_op, *args, **kwargs
                                    )
                            else:
                                # exclude flaggems' zero_ to avoid the overhead of zero_
                                # in do_bench's clear_cache
                                with flag_gems.use_gems(exclude=["zero_"]):
                                    metric.latency = self.get_latency(
                                        self.torch_op, *args, **kwargs
                                    )
                    if "speedup" in self.to_bench_metrics:
                        metric.speedup = metric.latency_base / metric.latency
    
                    if "gbps" in self.to_bench_metrics:
                        metric.gbps_base = self.get_gbps(
                            args, latency=metric.latency_base
                        )
                        metric.gbps = self.get_gbps(args, latency=metric.latency)
    
                    if "tflops" in self.to_bench_metrics:
                        metric.tflops = (
                            self.get_tflops(self.torch_op, *args, **kwargs)
                            / metric.latency
                            / 1e12
                            * 1e3
                        )
                        # utilization = metric.tflops / metric.latency / 1e12 * 1e3
                except (RuntimeError, Exception) as e:
                    metric.error_msg = str(e)
>                   pytest.fail(str(e))  # raise exception again
E                   Failed: CUDA error: invalid device function
E                   Search for `cudaErrorInvalidDeviceFunction' in https://docs.nvidia.com/cuda/cuda-runtime-api/group__CUDART__TYPES.html for more information.
E                   CUDA kernel errors might be asynchronously reported at some other API call, so the stacktrace below might be incorrect.
E                   For debugging consider passing CUDA_LAUNCH_BLOCKING=1
E                   Compile with `TORCH_USE_CUDA_DSA` to enable device-side assertions.

base.py:480: Failed
=========================== short test summary info ============================
FAILED test_batch_norm_no_update.py::test_batch_norm_no_update - Failed: CUDA...
====================== 1 failed, 950 deselected in 8.61s =======================
