[CMD] pytest -m "conv2d" --record json --output accuracy_conv2d.json --ref cpu --continue-on-collection-errors -vs
[CWD] /workspace/FlagGems/tests

XCCL /root/miniconda/envs/python310_torch29_cuda/lib/python3.10/site-packages/torch_xmlir/libbkcl.so loaded
[35mSYMBOL_REWRITE [0m[32mtorch success[0m
Processing function: conv2d_forward_kernel
Removed 117 operations, kept essential structure
Processing function: conv2d_forward_kernel
Removed 122 operations, kept essential structure
Processing function: conv2d_backward_kernel_weight
Removed 105 operations, kept essential structure
Processing function: conv2d_forward_kernel
Removed 118 operations, kept essential structure
Processing function: conv2d_forward_kernel
Removed 123 operations, kept essential structure
Processing function: conv2d_backward_kernel_weight
Removed 94 operations, kept essential structure
Processing function: conv2d_forward_kernel
Removed 122 operations, kept essential structure
Processing function: conv2d_forward_kernel
Removed 123 operations, kept essential structure
Processing function: conv2d_backward_kernel_weight
Removed 97 operations, kept essential structure
Processing function: conv2d_forward_kernel
Removed 119 operations, kept essential structure
Processing function: conv2d_backward_kernel_weight
Removed 105 operations, kept essential structure
Processing function: conv2d_forward_kernel
Removed 121 operations, kept essential structure
Processing function: conv2d_backward_kernel_weight
Removed 94 operations, kept essential structure
Processing function: conv2d_forward_kernel
Removed 125 operations, kept essential structure
Processing function: conv2d_backward_kernel_weight
Removed 97 operations, kept essential structure
Processing function: conv2d_forward_kernel
Removed 117 operations, kept essential structure
Processing function: conv2d_forward_kernel
Removed 121 operations, kept essential structure
Processing function: conv2d_backward_kernel_weight
Removed 103 operations, kept essential structure
Processing function: conv2d_forward_kernel
Removed 118 operations, kept essential structure
Processing function: conv2d_forward_kernel
Removed 122 operations, kept essential structure
Processing function: conv2d_backward_kernel_weight
Removed 92 operations, kept essential structure
Processing function: conv2d_forward_kernel
Removed 122 operations, kept essential structure
Processing function: conv2d_forward_kernel
Removed 123 operations, kept essential structure
Processing function: conv2d_backward_kernel_weight
Removed 96 operations, kept essential structure
Processing function: conv2d_forward_kernel
Removed 119 operations, kept essential structure
Processing function: conv2d_backward_kernel_weight
Removed 103 operations, kept essential structure
Processing function: conv2d_forward_kernel
Removed 121 operations, kept essential structure
Processing function: conv2d_backward_kernel_weight
Removed 92 operations, kept essential structure
Processing function: conv2d_forward_kernel
Removed 125 operations, kept essential structure
Processing function: conv2d_backward_kernel_weight
Removed 96 operations, kept essential structure
