============================= test session starts ==============================
platform linux -- Python 3.10.18, pytest-9.1.1, pluggy-1.6.0
rootdir: /workspace/FlagGems
configfile: pytest.ini
plugins: anyio-4.9.0, typeguard-4.3.0
collected 951 items / 949 deselected / 2 selected

test_median.py FF                                                        [100%]

=================================== FAILURES ===================================
_________________________________ test_median __________________________________

args = (<triton.language.core.tensor object at 0x7ef997052710>, triton.language.uint16)
kwargs = {'_builder': <triton._C.libtriton.ir.builder object at 0x7ef99728ee80>, 'bitcast': constexpr[True]}

    @wraps(fn)
    def wrapper(*args, **kwargs):
        if "_builder" not in kwargs or kwargs["_builder"] is None:
            raise ValueError("Did you forget to add @triton.jit ? "
                             "(`_builder` argument must be provided outside of JIT functions.)")
>       return fn(*args, **kwargs)

/root/miniconda/envs/python310_torch29_cuda/lib/python3.10/site-packages/triton/language/core.py:38: 
_ _ _ _ _ _ _ _ _ _ _ _ _ _ _ _ _ _ _ _ _ _ _ _ _ _ _ _ _ _ _ _ _ _ _ _ _ _ _ _ 
/root/miniconda/envs/python310_torch29_cuda/lib/python3.10/site-packages/triton/language/core.py:995: in to
    return semantic.bitcast(self, dtype, _builder)
_ _ _ _ _ _ _ _ _ _ _ _ _ _ _ _ _ _ _ _ _ _ _ _ _ _ _ _ _ _ _ _ _ _ _ _ _ _ _ _ 

input = <triton.language.core.tensor object at 0x7ef997052710>
dst_ty = <[4096], uint16>
builder = <triton._C.libtriton.ir.builder object at 0x7ef99728ee80>

    def bitcast(input: tl.tensor, dst_ty: tl.dtype, builder: ir.builder) -> tl.tensor:
        src_ty = input.type
        if src_ty.is_block():
            dst_ty = tl.block_type(dst_ty.scalar, input.type.get_block_shapes())
        if src_ty == dst_ty:
            return input
        src_sca_ty = src_ty.scalar
        dst_sca_ty = dst_ty.scalar
        if src_sca_ty.is_ptr() or dst_sca_ty.is_ptr():
            return cast(input, dst_ty, builder)
        # Bitcast
        src_bits = src_sca_ty.primitive_bitwidth
        dst_bits = dst_sca_ty.primitive_bitwidth
        if src_bits != dst_bits:
>           raise ValueError("Cannot bitcast data-type of size " + str(src_bits) + " to "
                             "data-type of size " + str(dst_bits))
E           ValueError: Cannot bitcast data-type of size 32 to data-type of size 16

/root/miniconda/envs/python310_torch29_cuda/lib/python3.10/site-packages/triton/language/semantic.py:741: ValueError

The above exception was the direct cause of the following exception:
Traceback (most recent call last):
  File "/root/miniconda/envs/python310_torch29_cuda/lib/python3.10/site-packages/triton/language/core.py", line 38, in wrapper
    return fn(*args, **kwargs)
  File "/root/miniconda/envs/python310_torch29_cuda/lib/python3.10/site-packages/triton/language/core.py", line 995, in to
    return semantic.bitcast(self, dtype, _builder)
  File "/root/miniconda/envs/python310_torch29_cuda/lib/python3.10/site-packages/triton/language/semantic.py", line 741, in bitcast
    raise ValueError("Cannot bitcast data-type of size " + str(src_bits) + " to "
ValueError: Cannot bitcast data-type of size 32 to data-type of size 16

The above exception was the direct cause of the following exception:

triton.compiler.errors.CompilationError: at 6:23:
def _f16_order_key(x):
    bits = x.to(tl.uint16, bitcast=True)
    signed = x.to(tl.int16, bitcast=True)
    sign = signed >> 15
    sign_mask = tl.full((), 0x8000, dtype=tl.uint16)
    mask = sign_mask | sign.to(tl.uint16, bitcast=True)
                       ^

The above exception was the direct cause of the following exception:

self = <benchmark.test_median.MedianNoDimBenchmark object at 0x7ef997105480>

    def run(self):
        if Config.query:
            self.init_default_config()
            attri = OperationAttribute(
                op_name=self.op_name,
                recommended_core_shapes=self.shapes,
                shape_desc=self.shape_desc,
            )
            print(attri)
            emit_record_logger(attri.to_dict())
            return
    
        self.init_user_config()
        for dtype in self.to_bench_dtypes:
            metrics = []
            input_iter = self.get_input_iter(dtype)
    
            done = False
            while not done:
                try:
                    input = next(input_iter)
                except StopIteration:
                    done = True
                    continue
                except (RuntimeError, Exception) as e:
                    print(
                        f"\033[31mFAILED\033[0m: Operator={self.op_name} "
                        "dtype={dtype} err=<<<{e}>>>"
                    )
                    pytest.fail(str(e))
    
                metric = BenchmarkMetrics()
                try:
                    args, kwargs = self.unpack_to_args_kwargs(input)
                    metric.shape_detail = self.record_shapes(*args, **kwargs)
                    if "latency_base" in self.to_bench_metrics:
                        metric.latency_base = self.get_latency(
                            self.torch_op, *args, **kwargs
                        )
                    if "latency" in self.to_bench_metrics:
                        if self.gems_op:
                            metric.latency = self.get_latency(
                                self.gems_op, *args, **kwargs
                            )
                        else:
                            if self.op_name == "zero_":
                                with flag_gems.use_gems():
                                    metric.latency = self.get_latency(
                                        self.torch_op, *args, **kwargs
                                    )
                            else:
                                # exclude flaggems' zero_ to avoid the overhead of zero_
                                # in do_bench's clear_cache
                                with flag_gems.use_gems(exclude=["zero_"]):
>                                   metric.latency = self.get_latency(
                                        self.torch_op, *args, **kwargs
                                    )

base.py:458: 
_ _ _ _ _ _ _ _ _ _ _ _ _ _ _ _ _ _ _ _ _ _ _ _ _ _ _ _ _ _ _ _ _ _ _ _ _ _ _ _ 
base.py:318: in get_latency
    latency = do_bench(
/root/miniconda/envs/python310_torch29_cuda/lib/python3.10/site-packages/triton/testing.py:103: in do_bench
    fn()
base.py:288: in <lambda>
    fn = lambda: op(*args, **kwargs)
../src/flag_gems/ops/median.py:1247: in median
    values, _ = _median_float_key_select_rows(row_data, ())
../src/flag_gems/ops/median.py:1041: in _median_float_key_select_rows
    return _median_f16_key_select(row_data, output_shape)
../src/flag_gems/ops/median.py:1094: in _median_f16_key_select
    median_f16_key_select_kernel[(rows,)](
/root/miniconda/envs/python310_torch29_cuda/lib/python3.10/site-packages/triton/runtime/jit.py:364: in <lambda>
    return lambda *args, **kwargs: self.run(grid=grid, warmup=False, *args, **kwargs)
../src/flag_gems/utils/libentry.py:889: in run
    kernel = self.fn.run(*args, **kwargs)
/root/miniconda/envs/python310_torch29_cuda/lib/python3.10/site-packages/triton/runtime/jit.py:795: in run
    kernel = self.default_run(*args, **kwargs)
/root/miniconda/envs/python310_torch29_cuda/lib/python3.10/site-packages/triton/runtime/jit.py:686: in default_run
    kernel = self.compile(
/root/miniconda/envs/python310_torch29_cuda/lib/python3.10/site-packages/triton/compiler/compiler.py:285: in compile
    module = src.make_ir(options, codegen_fns, context)
_ _ _ _ _ _ _ _ _ _ _ _ _ _ _ _ _ _ _ _ _ _ _ _ _ _ _ _ _ _ _ _ _ _ _ _ _ _ _ _ 

self = <triton.compiler.compiler.ASTSource object at 0x7ef9985a0760>
options = XPUOptions(arch=3, grid=(1,), debug=None, cluster_num=12, core_num=64, buffer_size_limit=512, groups_per_cluster=1, un...wed_dot_input_precisions=('ieee', 'tf32'), exp_range=':0', num_warps=4, num_ctas=-1, num_stages=1, use_int4_w4a8=False)
codegen_fns = {}
context = <triton._C.libtriton.ir.context object at 0x7ef9988bc6f0>

    def make_ir(self, options, codegen_fns, context):
>       return ast_to_ttir(self.fn, self, context=context, options=options, codegen_fns=codegen_fns)
E       triton.compiler.errors.CompilationError: at 32:11:
E           neg_inf_mask = finite & (data == -float("inf"))
E           pos_inf_mask = finite & (data == float("inf"))
E           real_finite = finite & ~(neg_inf_mask | pos_inf_mask)
E           neg_inf_count = tl.sum(neg_inf_mask.to(tl.int32), axis=0)
E           real_finite_count = tl.sum(real_finite.to(tl.int32), axis=0)
E       
E           rank = (WIDTH - 1) // 2
E           search_rank = rank - neg_inf_count
E           take_neg_inf = rank < neg_inf_count
E           take_pos_inf = search_rank >= real_finite_count
E       
E           keys = _f16_order_key(data).to(tl.uint32)
E                  ^

/root/miniconda/envs/python310_torch29_cuda/lib/python3.10/site-packages/triton/compiler/compiler.py:122: CompilationError

During handling of the above exception, another exception occurred:

    @pytest.mark.median
    def test_median():
        bench = MedianNoDimBenchmark(
            op_name="median",
            torch_op=torch.median,
            dtypes=consts.FLOAT_DTYPES + consts.INT_DTYPES,
        )
>       bench.run()

test_median.py:62: 
_ _ _ _ _ _ _ _ _ _ _ _ _ _ _ _ _ _ _ _ _ _ _ _ _ _ _ _ _ _ _ _ _ _ _ _ _ _ _ _ 

self = <benchmark.test_median.MedianNoDimBenchmark object at 0x7ef997105480>

    def run(self):
        if Config.query:
            self.init_default_config()
            attri = OperationAttribute(
                op_name=self.op_name,
                recommended_core_shapes=self.shapes,
                shape_desc=self.shape_desc,
            )
            print(attri)
            emit_record_logger(attri.to_dict())
            return
    
        self.init_user_config()
        for dtype in self.to_bench_dtypes:
            metrics = []
            input_iter = self.get_input_iter(dtype)
    
            done = False
            while not done:
                try:
                    input = next(input_iter)
                except StopIteration:
                    done = True
                    continue
                except (RuntimeError, Exception) as e:
                    print(
                        f"\033[31mFAILED\033[0m: Operator={self.op_name} "
                        "dtype={dtype} err=<<<{e}>>>"
                    )
                    pytest.fail(str(e))
    
                metric = BenchmarkMetrics()
                try:
                    args, kwargs = self.unpack_to_args_kwargs(input)
                    metric.shape_detail = self.record_shapes(*args, **kwargs)
                    if "latency_base" in self.to_bench_metrics:
                        metric.latency_base = self.get_latency(
                            self.torch_op, *args, **kwargs
                        )
                    if "latency" in self.to_bench_metrics:
                        if self.gems_op:
                            metric.latency = self.get_latency(
                                self.gems_op, *args, **kwargs
                            )
                        else:
                            if self.op_name == "zero_":
                                with flag_gems.use_gems():
                                    metric.latency = self.get_latency(
                                        self.torch_op, *args, **kwargs
                                    )
                            else:
                                # exclude flaggems' zero_ to avoid the overhead of zero_
                                # in do_bench's clear_cache
                                with flag_gems.use_gems(exclude=["zero_"]):
                                    metric.latency = self.get_latency(
                                        self.torch_op, *args, **kwargs
                                    )
                    if "speedup" in self.to_bench_metrics:
                        metric.speedup = metric.latency_base / metric.latency
    
                    if "gbps" in self.to_bench_metrics:
                        metric.gbps_base = self.get_gbps(
                            args, latency=metric.latency_base
                        )
                        metric.gbps = self.get_gbps(args, latency=metric.latency)
    
                    if "tflops" in self.to_bench_metrics:
                        metric.tflops = (
                            self.get_tflops(self.torch_op, *args, **kwargs)
                            / metric.latency
                            / 1e12
                            * 1e3
                        )
                        # utilization = metric.tflops / metric.latency / 1e12 * 1e3
                except (RuntimeError, Exception) as e:
                    metric.error_msg = str(e)
>                   pytest.fail(str(e))  # raise exception again
E                   Failed: at 32:11:
E                       neg_inf_mask = finite & (data == -float("inf"))
E                       pos_inf_mask = finite & (data == float("inf"))
E                       real_finite = finite & ~(neg_inf_mask | pos_inf_mask)
E                       neg_inf_count = tl.sum(neg_inf_mask.to(tl.int32), axis=0)
E                       real_finite_count = tl.sum(real_finite.to(tl.int32), axis=0)
E                   
E                       rank = (WIDTH - 1) // 2
E                       search_rank = rank - neg_inf_count
E                       take_neg_inf = rank < neg_inf_count
E                       take_pos_inf = search_rank >= real_finite_count
E                   
E                       keys = _f16_order_key(data).to(tl.uint32)
E                              ^

base.py:480: Failed
_______________________________ test_median_dim ________________________________

args = (<triton.language.core.tensor object at 0x7ef98e7dc9a0>, triton.language.uint16)
kwargs = {'_builder': <triton._C.libtriton.ir.builder object at 0x7ef997294d10>, 'bitcast': constexpr[True]}

    @wraps(fn)
    def wrapper(*args, **kwargs):
        if "_builder" not in kwargs or kwargs["_builder"] is None:
            raise ValueError("Did you forget to add @triton.jit ? "
                             "(`_builder` argument must be provided outside of JIT functions.)")
>       return fn(*args, **kwargs)

/root/miniconda/envs/python310_torch29_cuda/lib/python3.10/site-packages/triton/language/core.py:38: 
_ _ _ _ _ _ _ _ _ _ _ _ _ _ _ _ _ _ _ _ _ _ _ _ _ _ _ _ _ _ _ _ _ _ _ _ _ _ _ _ 
/root/miniconda/envs/python310_torch29_cuda/lib/python3.10/site-packages/triton/language/core.py:995: in to
    return semantic.bitcast(self, dtype, _builder)
_ _ _ _ _ _ _ _ _ _ _ _ _ _ _ _ _ _ _ _ _ _ _ _ _ _ _ _ _ _ _ _ _ _ _ _ _ _ _ _ 

input = <triton.language.core.tensor object at 0x7ef98e7dc9a0>
dst_ty = <[64], uint16>
builder = <triton._C.libtriton.ir.builder object at 0x7ef997294d10>

    def bitcast(input: tl.tensor, dst_ty: tl.dtype, builder: ir.builder) -> tl.tensor:
        src_ty = input.type
        if src_ty.is_block():
            dst_ty = tl.block_type(dst_ty.scalar, input.type.get_block_shapes())
        if src_ty == dst_ty:
            return input
        src_sca_ty = src_ty.scalar
        dst_sca_ty = dst_ty.scalar
        if src_sca_ty.is_ptr() or dst_sca_ty.is_ptr():
            return cast(input, dst_ty, builder)
        # Bitcast
        src_bits = src_sca_ty.primitive_bitwidth
        dst_bits = dst_sca_ty.primitive_bitwidth
        if src_bits != dst_bits:
>           raise ValueError("Cannot bitcast data-type of size " + str(src_bits) + " to "
                             "data-type of size " + str(dst_bits))
E           ValueError: Cannot bitcast data-type of size 32 to data-type of size 16

/root/miniconda/envs/python310_torch29_cuda/lib/python3.10/site-packages/triton/language/semantic.py:741: ValueError

The above exception was the direct cause of the following exception:
Traceback (most recent call last):
  File "/root/miniconda/envs/python310_torch29_cuda/lib/python3.10/site-packages/triton/language/core.py", line 38, in wrapper
    return fn(*args, **kwargs)
  File "/root/miniconda/envs/python310_torch29_cuda/lib/python3.10/site-packages/triton/language/core.py", line 995, in to
    return semantic.bitcast(self, dtype, _builder)
  File "/root/miniconda/envs/python310_torch29_cuda/lib/python3.10/site-packages/triton/language/semantic.py", line 741, in bitcast
    raise ValueError("Cannot bitcast data-type of size " + str(src_bits) + " to "
ValueError: Cannot bitcast data-type of size 32 to data-type of size 16

The above exception was the direct cause of the following exception:

triton.compiler.errors.CompilationError: at 6:23:
def _f16_order_key(x):
    bits = x.to(tl.uint16, bitcast=True)
    signed = x.to(tl.int16, bitcast=True)
    sign = signed >> 15
    sign_mask = tl.full((), 0x8000, dtype=tl.uint16)
    mask = sign_mask | sign.to(tl.uint16, bitcast=True)
                       ^

The above exception was the direct cause of the following exception:

self = <benchmark.test_median.MedianReductionBenchmark object at 0x7ef98e71f3a0>

    def run(self):
        if Config.query:
            self.init_default_config()
            attri = OperationAttribute(
                op_name=self.op_name,
                recommended_core_shapes=self.shapes,
                shape_desc=self.shape_desc,
            )
            print(attri)
            emit_record_logger(attri.to_dict())
            return
    
        self.init_user_config()
        for dtype in self.to_bench_dtypes:
            metrics = []
            input_iter = self.get_input_iter(dtype)
    
            done = False
            while not done:
                try:
                    input = next(input_iter)
                except StopIteration:
                    done = True
                    continue
                except (RuntimeError, Exception) as e:
                    print(
                        f"\033[31mFAILED\033[0m: Operator={self.op_name} "
                        "dtype={dtype} err=<<<{e}>>>"
                    )
                    pytest.fail(str(e))
    
                metric = BenchmarkMetrics()
                try:
                    args, kwargs = self.unpack_to_args_kwargs(input)
                    metric.shape_detail = self.record_shapes(*args, **kwargs)
                    if "latency_base" in self.to_bench_metrics:
                        metric.latency_base = self.get_latency(
                            self.torch_op, *args, **kwargs
                        )
                    if "latency" in self.to_bench_metrics:
                        if self.gems_op:
                            metric.latency = self.get_latency(
                                self.gems_op, *args, **kwargs
                            )
                        else:
                            if self.op_name == "zero_":
                                with flag_gems.use_gems():
                                    metric.latency = self.get_latency(
                                        self.torch_op, *args, **kwargs
                                    )
                            else:
                                # exclude flaggems' zero_ to avoid the overhead of zero_
                                # in do_bench's clear_cache
                                with flag_gems.use_gems(exclude=["zero_"]):
>                                   metric.latency = self.get_latency(
                                        self.torch_op, *args, **kwargs
                                    )

base.py:458: 
_ _ _ _ _ _ _ _ _ _ _ _ _ _ _ _ _ _ _ _ _ _ _ _ _ _ _ _ _ _ _ _ _ _ _ _ _ _ _ _ 
base.py:318: in get_latency
    latency = do_bench(
/root/miniconda/envs/python310_torch29_cuda/lib/python3.10/site-packages/triton/testing.py:103: in do_bench
    fn()
base.py:288: in <lambda>
    fn = lambda: op(*args, **kwargs)
../src/flag_gems/ops/median.py:1313: in median_dim
    values, indices = _median_float_key_select_dim(
../src/flag_gems/ops/median.py:1049: in _median_float_key_select_dim
    return _median_float_key_select_rows(work.contiguous(), output_shape)
../src/flag_gems/ops/median.py:1041: in _median_float_key_select_rows
    return _median_f16_key_select(row_data, output_shape)
../src/flag_gems/ops/median.py:1094: in _median_f16_key_select
    median_f16_key_select_kernel[(rows,)](
/root/miniconda/envs/python310_torch29_cuda/lib/python3.10/site-packages/triton/runtime/jit.py:364: in <lambda>
    return lambda *args, **kwargs: self.run(grid=grid, warmup=False, *args, **kwargs)
../src/flag_gems/utils/libentry.py:889: in run
    kernel = self.fn.run(*args, **kwargs)
/root/miniconda/envs/python310_torch29_cuda/lib/python3.10/site-packages/triton/runtime/jit.py:795: in run
    kernel = self.default_run(*args, **kwargs)
/root/miniconda/envs/python310_torch29_cuda/lib/python3.10/site-packages/triton/runtime/jit.py:686: in default_run
    kernel = self.compile(
/root/miniconda/envs/python310_torch29_cuda/lib/python3.10/site-packages/triton/compiler/compiler.py:285: in compile
    module = src.make_ir(options, codegen_fns, context)
_ _ _ _ _ _ _ _ _ _ _ _ _ _ _ _ _ _ _ _ _ _ _ _ _ _ _ _ _ _ _ _ _ _ _ _ _ _ _ _ 

self = <triton.compiler.compiler.ASTSource object at 0x7ef98e841ed0>
options = XPUOptions(arch=3, grid=(64,), debug=None, cluster_num=12, core_num=64, buffer_size_limit=512, groups_per_cluster=1, u...wed_dot_input_precisions=('ieee', 'tf32'), exp_range=':0', num_warps=1, num_ctas=-1, num_stages=1, use_int4_w4a8=False)
codegen_fns = {}
context = <triton._C.libtriton.ir.context object at 0x7ef997043bf0>

    def make_ir(self, options, codegen_fns, context):
>       return ast_to_ttir(self.fn, self, context=context, options=options, codegen_fns=codegen_fns)
E       triton.compiler.errors.CompilationError: at 32:11:
E           neg_inf_mask = finite & (data == -float("inf"))
E           pos_inf_mask = finite & (data == float("inf"))
E           real_finite = finite & ~(neg_inf_mask | pos_inf_mask)
E           neg_inf_count = tl.sum(neg_inf_mask.to(tl.int32), axis=0)
E           real_finite_count = tl.sum(real_finite.to(tl.int32), axis=0)
E       
E           rank = (WIDTH - 1) // 2
E           search_rank = rank - neg_inf_count
E           take_neg_inf = rank < neg_inf_count
E           take_pos_inf = search_rank >= real_finite_count
E       
E           keys = _f16_order_key(data).to(tl.uint32)
E                  ^

/root/miniconda/envs/python310_torch29_cuda/lib/python3.10/site-packages/triton/compiler/compiler.py:122: CompilationError

During handling of the above exception, another exception occurred:

    @pytest.mark.median
    def test_median_dim():
        bench = MedianReductionBenchmark(
            op_name="median_dim",
            torch_op=torch.median,
            dtypes=consts.FLOAT_DTYPES + consts.INT_DTYPES,
        )
>       bench.run()

test_median.py:72: 
_ _ _ _ _ _ _ _ _ _ _ _ _ _ _ _ _ _ _ _ _ _ _ _ _ _ _ _ _ _ _ _ _ _ _ _ _ _ _ _ 

self = <benchmark.test_median.MedianReductionBenchmark object at 0x7ef98e71f3a0>

    def run(self):
        if Config.query:
            self.init_default_config()
            attri = OperationAttribute(
                op_name=self.op_name,
                recommended_core_shapes=self.shapes,
                shape_desc=self.shape_desc,
            )
            print(attri)
            emit_record_logger(attri.to_dict())
            return
    
        self.init_user_config()
        for dtype in self.to_bench_dtypes:
            metrics = []
            input_iter = self.get_input_iter(dtype)
    
            done = False
            while not done:
                try:
                    input = next(input_iter)
                except StopIteration:
                    done = True
                    continue
                except (RuntimeError, Exception) as e:
                    print(
                        f"\033[31mFAILED\033[0m: Operator={self.op_name} "
                        "dtype={dtype} err=<<<{e}>>>"
                    )
                    pytest.fail(str(e))
    
                metric = BenchmarkMetrics()
                try:
                    args, kwargs = self.unpack_to_args_kwargs(input)
                    metric.shape_detail = self.record_shapes(*args, **kwargs)
                    if "latency_base" in self.to_bench_metrics:
                        metric.latency_base = self.get_latency(
                            self.torch_op, *args, **kwargs
                        )
                    if "latency" in self.to_bench_metrics:
                        if self.gems_op:
                            metric.latency = self.get_latency(
                                self.gems_op, *args, **kwargs
                            )
                        else:
                            if self.op_name == "zero_":
                                with flag_gems.use_gems():
                                    metric.latency = self.get_latency(
                                        self.torch_op, *args, **kwargs
                                    )
                            else:
                                # exclude flaggems' zero_ to avoid the overhead of zero_
                                # in do_bench's clear_cache
                                with flag_gems.use_gems(exclude=["zero_"]):
                                    metric.latency = self.get_latency(
                                        self.torch_op, *args, **kwargs
                                    )
                    if "speedup" in self.to_bench_metrics:
                        metric.speedup = metric.latency_base / metric.latency
    
                    if "gbps" in self.to_bench_metrics:
                        metric.gbps_base = self.get_gbps(
                            args, latency=metric.latency_base
                        )
                        metric.gbps = self.get_gbps(args, latency=metric.latency)
    
                    if "tflops" in self.to_bench_metrics:
                        metric.tflops = (
                            self.get_tflops(self.torch_op, *args, **kwargs)
                            / metric.latency
                            / 1e12
                            * 1e3
                        )
                        # utilization = metric.tflops / metric.latency / 1e12 * 1e3
                except (RuntimeError, Exception) as e:
                    metric.error_msg = str(e)
>                   pytest.fail(str(e))  # raise exception again
E                   Failed: at 32:11:
E                       neg_inf_mask = finite & (data == -float("inf"))
E                       pos_inf_mask = finite & (data == float("inf"))
E                       real_finite = finite & ~(neg_inf_mask | pos_inf_mask)
E                       neg_inf_count = tl.sum(neg_inf_mask.to(tl.int32), axis=0)
E                       real_finite_count = tl.sum(real_finite.to(tl.int32), axis=0)
E                   
E                       rank = (WIDTH - 1) // 2
E                       search_rank = rank - neg_inf_count
E                       take_neg_inf = rank < neg_inf_count
E                       take_pos_inf = search_rank >= real_finite_count
E                   
E                       keys = _f16_order_key(data).to(tl.uint32)
E                              ^

base.py:480: Failed
=========================== short test summary info ============================
FAILED test_median.py::test_median - Failed: at 32:11:
FAILED test_median.py::test_median_dim - Failed: at 32:11:
====================== 2 failed, 949 deselected in 9.91s =======================
