============================= test session starts ==============================
platform linux -- Python 3.10.18, pytest-9.1.1, pluggy-1.6.0
rootdir: /workspace/FlagGems
configfile: pytest.ini
plugins: anyio-4.9.0, typeguard-4.3.0
collected 951 items / 950 deselected / 1 selected

test_add.py F                                                            [100%]

=================================== FAILURES ===================================
___________________________________ test_add ___________________________________

self = <benchmark.base.BinaryPointwiseBenchmark object at 0x7f69d3fbf9d0>

    def run(self):
        if Config.query:
            self.init_default_config()
            attri = OperationAttribute(
                op_name=self.op_name,
                recommended_core_shapes=self.shapes,
                shape_desc=self.shape_desc,
            )
            print(attri)
            emit_record_logger(attri.to_dict())
            return
    
        self.init_user_config()
        for dtype in self.to_bench_dtypes:
            metrics = []
            input_iter = self.get_input_iter(dtype)
    
            done = False
            while not done:
                try:
                    input = next(input_iter)
                except StopIteration:
                    done = True
                    continue
                except (RuntimeError, Exception) as e:
                    print(
                        f"\033[31mFAILED\033[0m: Operator={self.op_name} "
                        "dtype={dtype} err=<<<{e}>>>"
                    )
                    pytest.fail(str(e))
    
                metric = BenchmarkMetrics()
                try:
                    args, kwargs = self.unpack_to_args_kwargs(input)
                    metric.shape_detail = self.record_shapes(*args, **kwargs)
                    if "latency_base" in self.to_bench_metrics:
>                       metric.latency_base = self.get_latency(
                            self.torch_op, *args, **kwargs
                        )

base.py:440: 
_ _ _ _ _ _ _ _ _ _ _ _ _ _ _ _ _ _ _ _ _ _ _ _ _ _ _ _ _ _ _ _ _ _ _ _ _ _ _ _ 
base.py:318: in get_latency
    latency = do_bench(
/root/miniconda/envs/python310_torch29_cuda/lib/python3.10/site-packages/triton/testing.py:103: in do_bench
    fn()
_ _ _ _ _ _ _ _ _ _ _ _ _ _ _ _ _ _ _ _ _ _ _ _ _ _ _ _ _ _ _ _ _ _ _ _ _ _ _ _ 

>   fn = lambda: op(*args, **kwargs)
E   RuntimeError: [NOT IMPLEMENTED]: error code= 4(at /home/agent/xpytorch/workspace/8ba19c15-fc11-4377-85f3-84daf8eaab09/XMLIR/python/torch_xmlir/csrc/aten_capture/eager_customized/add.cpp:56)

base.py:288: RuntimeError

During handling of the above exception, another exception occurred:

    @pytest.mark.add
    @pytest.mark.skipif(
        flag_gems.vendor_name == "tsingmicro", reason="Issue #4131: not working"
    )
    def test_add():
        bench = base.BinaryPointwiseBenchmark(
            op_name="add",
            torch_op=torch.add,
            dtypes=consts.FLOAT_DTYPES + consts.COMPLEX_DTYPES,
        )
>       bench.run()

test_add.py:33: 
_ _ _ _ _ _ _ _ _ _ _ _ _ _ _ _ _ _ _ _ _ _ _ _ _ _ _ _ _ _ _ _ _ _ _ _ _ _ _ _ 

self = <benchmark.base.BinaryPointwiseBenchmark object at 0x7f69d3fbf9d0>

    def run(self):
        if Config.query:
            self.init_default_config()
            attri = OperationAttribute(
                op_name=self.op_name,
                recommended_core_shapes=self.shapes,
                shape_desc=self.shape_desc,
            )
            print(attri)
            emit_record_logger(attri.to_dict())
            return
    
        self.init_user_config()
        for dtype in self.to_bench_dtypes:
            metrics = []
            input_iter = self.get_input_iter(dtype)
    
            done = False
            while not done:
                try:
                    input = next(input_iter)
                except StopIteration:
                    done = True
                    continue
                except (RuntimeError, Exception) as e:
                    print(
                        f"\033[31mFAILED\033[0m: Operator={self.op_name} "
                        "dtype={dtype} err=<<<{e}>>>"
                    )
                    pytest.fail(str(e))
    
                metric = BenchmarkMetrics()
                try:
                    args, kwargs = self.unpack_to_args_kwargs(input)
                    metric.shape_detail = self.record_shapes(*args, **kwargs)
                    if "latency_base" in self.to_bench_metrics:
                        metric.latency_base = self.get_latency(
                            self.torch_op, *args, **kwargs
                        )
                    if "latency" in self.to_bench_metrics:
                        if self.gems_op:
                            metric.latency = self.get_latency(
                                self.gems_op, *args, **kwargs
                            )
                        else:
                            if self.op_name == "zero_":
                                with flag_gems.use_gems():
                                    metric.latency = self.get_latency(
                                        self.torch_op, *args, **kwargs
                                    )
                            else:
                                # exclude flaggems' zero_ to avoid the overhead of zero_
                                # in do_bench's clear_cache
                                with flag_gems.use_gems(exclude=["zero_"]):
                                    metric.latency = self.get_latency(
                                        self.torch_op, *args, **kwargs
                                    )
                    if "speedup" in self.to_bench_metrics:
                        metric.speedup = metric.latency_base / metric.latency
    
                    if "gbps" in self.to_bench_metrics:
                        metric.gbps_base = self.get_gbps(
                            args, latency=metric.latency_base
                        )
                        metric.gbps = self.get_gbps(args, latency=metric.latency)
    
                    if "tflops" in self.to_bench_metrics:
                        metric.tflops = (
                            self.get_tflops(self.torch_op, *args, **kwargs)
                            / metric.latency
                            / 1e12
                            * 1e3
                        )
                        # utilization = metric.tflops / metric.latency / 1e12 * 1e3
                except (RuntimeError, Exception) as e:
                    metric.error_msg = str(e)
>                   pytest.fail(str(e))  # raise exception again
E                   Failed: [NOT IMPLEMENTED]: error code= 4(at /home/agent/xpytorch/workspace/8ba19c15-fc11-4377-85f3-84daf8eaab09/XMLIR/python/torch_xmlir/csrc/aten_capture/eager_customized/add.cpp:56)

base.py:480: Failed
----------------------------- Captured stdout call -----------------------------

Operator: add  Performance Test (dtype=torch.float16, mode=kernel,level=core)
Status       Torch Latency (ms)    Gems Latency (ms)         Gems Speedup               TFLOPS          Size Detail
--------------------------------------------------------------------------------------------------------------------
SUCCESS               0.005214            0.006830               0.763               0.001          [torch.Size([64, 64]), torch.Size([64, 64])]
SUCCESS               0.053978            0.059218               0.912               0.567          [torch.Size([4096, 4096]), torch.Size([4096, 4096])]
SUCCESS               0.053844            0.059218               0.909               0.567          [torch.Size([64, 512, 512]), torch.Size([64, 512, 512])]


Operator: add  Performance Test (dtype=torch.float32, mode=kernel,level=core)
Status       Torch Latency (ms)    Gems Latency (ms)         Gems Speedup               TFLOPS          Size Detail
--------------------------------------------------------------------------------------------------------------------
SUCCESS               0.005395            0.005758               0.937               0.001          [torch.Size([64, 64]), torch.Size([64, 64])]
SUCCESS               0.101474            0.108562               0.935               0.309          [torch.Size([4096, 4096]), torch.Size([4096, 4096])]
SUCCESS               0.100728            0.108405               0.929               0.310          [torch.Size([64, 512, 512]), torch.Size([64, 512, 512])]


Operator: add  Performance Test (dtype=torch.bfloat16, mode=kernel,level=core)
Status       Torch Latency (ms)    Gems Latency (ms)         Gems Speedup               TFLOPS          Size Detail
--------------------------------------------------------------------------------------------------------------------
SUCCESS               0.005554            0.006813               0.815               0.001          [torch.Size([64, 64]), torch.Size([64, 64])]
SUCCESS               0.055357            0.082750               0.669               0.405          [torch.Size([4096, 4096]), torch.Size([4096, 4096])]
SUCCESS               0.055463            0.082938               0.669               0.405          [torch.Size([64, 512, 512]), torch.Size([64, 512, 512])]

[[31mERROR[0m][XDNN_PYTORCH][/home/agent/xpytorch/workspace/8ba19c15-fc11-4377-85f3-84daf8eaab09/XMLIR/xdnn_pytorch/src/xdnn_pytorch_wrapper/add.cpp:151]scalar type of ret : kcomplex64 is unsupported in xdnn_pytorch_wrapper !

[XDNN_UNIMPLEMENTED][/home/agent/xpytorch/workspace/8ba19c15-fc11-4377-85f3-84daf8eaab09/XMLIR/xdnn_pytorch/src/xdnn_pytorch_wrapper/add.cpp:151]
=========================== short test summary info ============================
FAILED test_add.py::test_add - Failed: [NOT IMPLEMENTED]: error code= 4(at /h...
====================== 1 failed, 950 deselected in 18.09s ======================
