============================= test session starts ==============================
platform linux -- Python 3.10.18, pytest-9.1.1, pluggy-1.6.0
rootdir: /workspace/FlagGems
configfile: pytest.ini
plugins: anyio-4.9.0, typeguard-4.3.0
collected 951 items / 950 deselected / 1 selected

test_masked_select.py FE                                                 [100%]

==================================== ERRORS ====================================
___________________ ERROR at teardown of test_masked_select ____________________
  + Exception Group Traceback (most recent call last):
  |   File "/root/miniconda/envs/python310_torch29_cuda/lib/python3.10/site-packages/_pytest/runner.py", line 361, in from_call
  |     result: TResult | None = func()
  |   File "/root/miniconda/envs/python310_torch29_cuda/lib/python3.10/site-packages/_pytest/runner.py", line 250, in <lambda>
  |     lambda: runtest_hook(item=item, **kwds),
  |   File "/root/miniconda/envs/python310_torch29_cuda/lib/python3.10/site-packages/pluggy/_hooks.py", line 512, in __call__
  |     return self._hookexec(self.name, self._hookimpls.copy(), kwargs, firstresult)
  |   File "/root/miniconda/envs/python310_torch29_cuda/lib/python3.10/site-packages/pluggy/_manager.py", line 120, in _hookexec
  |     return self._inner_hookexec(hook_name, methods, kwargs, firstresult)
  |   File "/root/miniconda/envs/python310_torch29_cuda/lib/python3.10/site-packages/pluggy/_callers.py", line 167, in _multicall
  |     raise exception
  |   File "/root/miniconda/envs/python310_torch29_cuda/lib/python3.10/site-packages/pluggy/_callers.py", line 139, in _multicall
  |     teardown.throw(exception)
  |   File "/root/miniconda/envs/python310_torch29_cuda/lib/python3.10/site-packages/_pytest/logging.py", line 873, in pytest_runtest_teardown
  |     yield
  |   File "/root/miniconda/envs/python310_torch29_cuda/lib/python3.10/site-packages/pluggy/_callers.py", line 139, in _multicall
  |     teardown.throw(exception)
  |   File "/root/miniconda/envs/python310_torch29_cuda/lib/python3.10/site-packages/_pytest/capture.py", line 905, in pytest_runtest_teardown
  |     return (yield)
  |   File "/root/miniconda/envs/python310_torch29_cuda/lib/python3.10/site-packages/pluggy/_callers.py", line 121, in _multicall
  |     res = hook_impl.function(*args)
  |   File "/root/miniconda/envs/python310_torch29_cuda/lib/python3.10/site-packages/_pytest/runner.py", line 199, in pytest_runtest_teardown
  |     item.session._setupstate.teardown_exact(nextitem)
  |   File "/root/miniconda/envs/python310_torch29_cuda/lib/python3.10/site-packages/_pytest/runner.py", line 581, in teardown_exact
  |     raise BaseExceptionGroup("errors during test teardown", exceptions[::-1])
  | exceptiongroup.ExceptionGroup: errors during test teardown (2 sub-exceptions)
  +-+---------------- 1 ----------------
    | Traceback (most recent call last):
    |   File "/root/miniconda/envs/python310_torch29_cuda/lib/python3.10/site-packages/_pytest/runner.py", line 568, in teardown_exact
    |     fin()
    |   File "/root/miniconda/envs/python310_torch29_cuda/lib/python3.10/site-packages/_pytest/fixtures.py", line 1166, in finish
    |     raise exceptions[0]
    |   File "/root/miniconda/envs/python310_torch29_cuda/lib/python3.10/site-packages/_pytest/fixtures.py", line 1156, in finish
    |     fin()
    |   File "/root/miniconda/envs/python310_torch29_cuda/lib/python3.10/site-packages/_pytest/fixtures.py", line 1014, in _teardown_yield_fixture
    |     next(it)
    |   File "/workspace/FlagGems/benchmark/conftest.py", line 305, in clear_module_cache
    |     torch_device_fn.empty_cache()
    |   File "/root/miniconda/envs/python310_torch29_cuda/lib/python3.10/site-packages/torch/cuda/memory.py", line 224, in empty_cache
    |     torch._C._cuda_emptyCache()
    | torch.AcceleratorError: CUDA error: unspecified launch failure
    | Search for `cudaErrorLaunchFailure' in https://docs.nvidia.com/cuda/cuda-runtime-api/group__CUDART__TYPES.html for more information.
    | CUDA kernel errors might be asynchronously reported at some other API call, so the stacktrace below might be incorrect.
    | For debugging consider passing CUDA_LAUNCH_BLOCKING=1
    | Compile with `TORCH_USE_CUDA_DSA` to enable device-side assertions.
    | 
    +---------------- 2 ----------------
    | Traceback (most recent call last):
    |   File "/root/miniconda/envs/python310_torch29_cuda/lib/python3.10/site-packages/_pytest/runner.py", line 568, in teardown_exact
    |     fin()
    |   File "/root/miniconda/envs/python310_torch29_cuda/lib/python3.10/site-packages/_pytest/fixtures.py", line 1166, in finish
    |     raise exceptions[0]
    |   File "/root/miniconda/envs/python310_torch29_cuda/lib/python3.10/site-packages/_pytest/fixtures.py", line 1156, in finish
    |     fin()
    |   File "/root/miniconda/envs/python310_torch29_cuda/lib/python3.10/site-packages/_pytest/fixtures.py", line 1014, in _teardown_yield_fixture
    |     next(it)
    |   File "/workspace/FlagGems/benchmark/conftest.py", line 299, in clear_function_cache
    |     torch_device_fn.empty_cache()
    |   File "/root/miniconda/envs/python310_torch29_cuda/lib/python3.10/site-packages/torch/cuda/memory.py", line 224, in empty_cache
    |     torch._C._cuda_emptyCache()
    | torch.AcceleratorError: CUDA error: unspecified launch failure
    | Search for `cudaErrorLaunchFailure' in https://docs.nvidia.com/cuda/cuda-runtime-api/group__CUDART__TYPES.html for more information.
    | CUDA kernel errors might be asynchronously reported at some other API call, so the stacktrace below might be incorrect.
    | For debugging consider passing CUDA_LAUNCH_BLOCKING=1
    | Compile with `TORCH_USE_CUDA_DSA` to enable device-side assertions.
    | 
    +------------------------------------
----------------------------- Captured stderr call -----------------------------
XX: (pid 1778717,tid 140473757046592)cuda/src/cui/hal/kl3/kl3_gpfifo.cc:183:kl3ChannelCheckErrors kl3ChannelCheckErrors failed, error set to 2097866, status= 719
XX: (pid 1778717,tid 140473757046592)cuda/src/cui/hal/kl3/kl3_gpfifo.cc:184:kl3ChannelCheckErrors A kernel exception has occurred, please check dmesg for details.
XX: (pid 1778717,tid 140473757046592)cuda/src/api/apilaunch.cc:829:cuapi_xpu_launch_async cuapi_xpu_launch_async() failed in cuiKlFuncMakeCache, status= 719
--------------------------- Captured stderr teardown ---------------------------
XX: (pid 1778717,tid 140473757046592)cuda/src/api/apimem.cc:302:cuapiMemFree_common cuapiMemFree() failed in cuiInitCheckCtx, Incompatible context or Context error, status= 719
XX: (pid 1778717,tid 140473757046592)cuda/src/api/apimem.cc:302:cuapiMemFree_common cuapiMemFree() failed in cuiInitCheckCtx, Incompatible context or Context error, status= 719
=================================== FAILURES ===================================
______________________________ test_masked_select ______________________________

self = <benchmark.test_masked_select.TensorSelectBenchmark object at 0x7fbd7f14beb0>

    def run(self):
        if Config.query:
            self.init_default_config()
            attri = OperationAttribute(
                op_name=self.op_name,
                recommended_core_shapes=self.shapes,
                shape_desc=self.shape_desc,
            )
            print(attri)
            emit_record_logger(attri.to_dict())
            return
    
        self.init_user_config()
        for dtype in self.to_bench_dtypes:
            metrics = []
            input_iter = self.get_input_iter(dtype)
    
            done = False
            while not done:
                try:
                    input = next(input_iter)
                except StopIteration:
                    done = True
                    continue
                except (RuntimeError, Exception) as e:
                    print(
                        f"\033[31mFAILED\033[0m: Operator={self.op_name} "
                        "dtype={dtype} err=<<<{e}>>>"
                    )
                    pytest.fail(str(e))
    
                metric = BenchmarkMetrics()
                try:
                    args, kwargs = self.unpack_to_args_kwargs(input)
                    metric.shape_detail = self.record_shapes(*args, **kwargs)
                    if "latency_base" in self.to_bench_metrics:
                        metric.latency_base = self.get_latency(
                            self.torch_op, *args, **kwargs
                        )
                    if "latency" in self.to_bench_metrics:
                        if self.gems_op:
                            metric.latency = self.get_latency(
                                self.gems_op, *args, **kwargs
                            )
                        else:
                            if self.op_name == "zero_":
                                with flag_gems.use_gems():
                                    metric.latency = self.get_latency(
                                        self.torch_op, *args, **kwargs
                                    )
                            else:
                                # exclude flaggems' zero_ to avoid the overhead of zero_
                                # in do_bench's clear_cache
                                with flag_gems.use_gems(exclude=["zero_"]):
>                                   metric.latency = self.get_latency(
                                        self.torch_op, *args, **kwargs
                                    )

base.py:458: 
_ _ _ _ _ _ _ _ _ _ _ _ _ _ _ _ _ _ _ _ _ _ _ _ _ _ _ _ _ _ _ _ _ _ _ _ _ _ _ _ 
base.py:318: in get_latency
    latency = do_bench(
/root/miniconda/envs/python310_torch29_cuda/lib/python3.10/site-packages/triton/testing.py:103: in do_bench
    fn()
base.py:288: in <lambda>
    fn = lambda: op(*args, **kwargs)
../src/flag_gems/runtime/backend/_kunlunxin/ops/masked_select.py:87: in masked_select
    masked_select_gather_kernel[grid](
/root/miniconda/envs/python310_torch29_cuda/lib/python3.10/site-packages/triton/runtime/jit.py:364: in <lambda>
    return lambda *args, **kwargs: self.run(grid=grid, warmup=False, *args, **kwargs)
../src/flag_gems/utils/libentry.py:889: in run
    kernel = self.fn.run(*args, **kwargs)
/root/miniconda/envs/python310_torch29_cuda/lib/python3.10/site-packages/triton/runtime/jit.py:795: in run
    kernel = self.default_run(*args, **kwargs)
/root/miniconda/envs/python310_torch29_cuda/lib/python3.10/site-packages/triton/runtime/jit.py:716: in default_run
    kernel.run(grid_0, grid_1, grid_2, stream, kernel.function, kernel.packed_metadata, launch_metadata,
_ _ _ _ _ _ _ _ _ _ _ _ _ _ _ _ _ _ _ _ _ _ _ _ _ _ _ _ _ _ _ _ _ _ _ _ _ _ _ _ 

self = <.XPULauncher object at 0x7fbd80a6ad40>
args = (1, 1, 1, 0, 93952072924384, (1, 1, 1), ...)

    def __call__(self, *args):
>       self.launch(*args)
E       RuntimeError: /tmp/tmprwvukn1m/main.c:71: xpuLaunchKernel("masked_select_gather_kernel", function, gridX, gridY, gridZ, nclusters, ncores, stream, (void **)&kernel_params[0][0], (void **)&kernel_consts[0][0], &extra_data[0]) -> Exception in kernel execution(err_code: -714)

/root/miniconda/envs/python310_torch29_cuda/lib/python3.10/site-packages/triton/backends/xpu/driver.py:454: RuntimeError

During handling of the above exception, another exception occurred:

    @pytest.mark.masked_select
    @pytest.mark.skipif(
        flag_gems.vendor_name == "tsingmicro", reason="Issue #4131: not working"
    )
    def test_masked_select():
        bench = TensorSelectBenchmark(
            op_name="masked_select",
            input_fn=_input_fn,
            torch_op=torch.masked_select,
            dtypes=consts.FLOAT_DTYPES,
            get_gbps=_get_gbps,
        )
    
>       bench.run()

test_masked_select.py:70: 
_ _ _ _ _ _ _ _ _ _ _ _ _ _ _ _ _ _ _ _ _ _ _ _ _ _ _ _ _ _ _ _ _ _ _ _ _ _ _ _ 

self = <benchmark.test_masked_select.TensorSelectBenchmark object at 0x7fbd7f14beb0>

    def run(self):
        if Config.query:
            self.init_default_config()
            attri = OperationAttribute(
                op_name=self.op_name,
                recommended_core_shapes=self.shapes,
                shape_desc=self.shape_desc,
            )
            print(attri)
            emit_record_logger(attri.to_dict())
            return
    
        self.init_user_config()
        for dtype in self.to_bench_dtypes:
            metrics = []
            input_iter = self.get_input_iter(dtype)
    
            done = False
            while not done:
                try:
                    input = next(input_iter)
                except StopIteration:
                    done = True
                    continue
                except (RuntimeError, Exception) as e:
                    print(
                        f"\033[31mFAILED\033[0m: Operator={self.op_name} "
                        "dtype={dtype} err=<<<{e}>>>"
                    )
                    pytest.fail(str(e))
    
                metric = BenchmarkMetrics()
                try:
                    args, kwargs = self.unpack_to_args_kwargs(input)
                    metric.shape_detail = self.record_shapes(*args, **kwargs)
                    if "latency_base" in self.to_bench_metrics:
                        metric.latency_base = self.get_latency(
                            self.torch_op, *args, **kwargs
                        )
                    if "latency" in self.to_bench_metrics:
                        if self.gems_op:
                            metric.latency = self.get_latency(
                                self.gems_op, *args, **kwargs
                            )
                        else:
                            if self.op_name == "zero_":
                                with flag_gems.use_gems():
                                    metric.latency = self.get_latency(
                                        self.torch_op, *args, **kwargs
                                    )
                            else:
                                # exclude flaggems' zero_ to avoid the overhead of zero_
                                # in do_bench's clear_cache
                                with flag_gems.use_gems(exclude=["zero_"]):
                                    metric.latency = self.get_latency(
                                        self.torch_op, *args, **kwargs
                                    )
                    if "speedup" in self.to_bench_metrics:
                        metric.speedup = metric.latency_base / metric.latency
    
                    if "gbps" in self.to_bench_metrics:
                        metric.gbps_base = self.get_gbps(
                            args, latency=metric.latency_base
                        )
                        metric.gbps = self.get_gbps(args, latency=metric.latency)
    
                    if "tflops" in self.to_bench_metrics:
                        metric.tflops = (
                            self.get_tflops(self.torch_op, *args, **kwargs)
                            / metric.latency
                            / 1e12
                            * 1e3
                        )
                        # utilization = metric.tflops / metric.latency / 1e12 * 1e3
                except (RuntimeError, Exception) as e:
                    metric.error_msg = str(e)
>                   pytest.fail(str(e))  # raise exception again
E                   Failed: /tmp/tmprwvukn1m/main.c:71: xpuLaunchKernel("masked_select_gather_kernel", function, gridX, gridY, gridZ, nclusters, ncores, stream, (void **)&kernel_params[0][0], (void **)&kernel_consts[0][0], &extra_data[0]) -> Exception in kernel execution(err_code: -714)

base.py:480: Failed
----------------------------- Captured stderr call -----------------------------
XX: (pid 1778717,tid 140473757046592)cuda/src/cui/hal/kl3/kl3_gpfifo.cc:183:kl3ChannelCheckErrors kl3ChannelCheckErrors failed, error set to 2097866, status= 719
XX: (pid 1778717,tid 140473757046592)cuda/src/cui/hal/kl3/kl3_gpfifo.cc:184:kl3ChannelCheckErrors A kernel exception has occurred, please check dmesg for details.
XX: (pid 1778717,tid 140473757046592)cuda/src/api/apilaunch.cc:829:cuapi_xpu_launch_async cuapi_xpu_launch_async() failed in cuiKlFuncMakeCache, status= 719
=============================== warnings summary ===============================
benchmark/test_masked_select.py::test_masked_select
  /root/miniconda/envs/python310_torch29_cuda/lib/python3.10/site-packages/triton/backends/xpu/compiler.py:222: UserWarning: XRE Version Must Be More than 5.0.21.37 (After 2025.07.22). And echo 1 > /proc/kunlun/dev4/dma_excp_mask
    warnings.warn(

-- Docs: https://docs.pytest.org/en/stable/how-to/capture-warnings.html
=========================== short test summary info ============================
FAILED test_masked_select.py::test_masked_select - Failed: /tmp/tmprwvukn1m/m...
ERROR test_masked_select.py::test_masked_select - exceptiongroup.ExceptionGro...
============ 1 failed, 950 deselected, 1 warning, 1 error in 12.13s ============
